--------------- Build Started: 05/19/2017 07:35:20 Project: bootloader, Configuration: DP8051 Keil 9.51 Debug ---------------
cydsfit.exe -.appdatapath "C:\Users\Ron\AppData\Local\Cypress Semiconductor\PSoC Creator\4.0" -.fdsnotice -.fdswarpdepfile=warp_dependencies.txt -.fdselabdepfile=elab_dependencies.txt -.fdsbldfile=generated_files.txt -.fdsreffile=referenced_files.txt -p "C:\Ham Radio\ominaSDR\Hardware\Proficio\firmware\bootloader\bootloader.cydsn\bootloader.cyprj" -d CY8C3246PVI-147 -s "C:\Ham Radio\ominaSDR\Hardware\Proficio\firmware\bootloader\bootloader.cydsn\Generated_Source\PSoC3" -- -yv2 -q10 -ygs -o2 -v3 -.fftcfgtype=BE
Elaborating Design...
HDL Generation...
Synthesis...
Tech Mapping...
Analog Placement...
Analog Routing...
Analog Code Generation...
Digital Placement...
Digital Routing...
Bitstream Generation...
Bitstream Verification...
Static timing analysis...
API Generation...
Dependency Generation...
Cleanup...
c51.exe main.c NOIV LARGE MODDP2 OMF2 VB(1) NOIP "INCDIR(., Generated_Source\PSoC3)" FF(3) DB DF(DEBUG) WL(2) PR(.\DP8051\DP8051_Keil_951\Debug/main.lst) CD OT(5 ,Size) OJ(.\DP8051\DP8051_Keil_951\Debug\main.obj)
c51.exe Generated_Source\PSoC3\Bootloader.c NOIV LARGE MODDP2 OMF2 VB(1) NOIP "INCDIR(., Generated_Source\PSoC3)" FF(3) DB DF(DEBUG) WL(2) PR(.\DP8051\DP8051_Keil_951\Debug/Bootloader.lst) CD OT(5 ,Size) OJ(.\DP8051\DP8051_Keil_951\Debug\Bootloader.obj)
LIBX51.exe TRANSFER '.\DP8051\DP8051_Keil_951\Debug\cyfitter_cfg.obj', '.\DP8051\DP8051_Keil_951\Debug\USBFS.obj', '.\DP8051\DP8051_Keil_951\Debug\USBFS_audio.obj', '.\DP8051\DP8051_Keil_951\Debug\USBFS_boot.obj', '.\DP8051\DP8051_Keil_951\Debug\USBFS_cdc.obj', '.\DP8051\DP8051_Keil_951\Debug\USBFS_cls.obj', '.\DP8051\DP8051_Keil_951\Debug\USBFS_descr.obj', '.\DP8051\DP8051_Keil_951\Debug\USBFS_drv.obj', '.\DP8051\DP8051_Keil_951\Debug\USBFS_episr.obj', '.\DP8051\DP8051_Keil_951\Debug\USBFS_hid.obj', '.\DP8051\DP8051_Keil_951\Debug\USBFS_pm.obj', '.\DP8051\DP8051_Keil_951\Debug\USBFS_std.obj', '.\DP8051\DP8051_Keil_951\Debug\USBFS_vnd.obj', '.\DP8051\DP8051_Keil_951\Debug\USBFS_midi.obj', '.\DP8051\DP8051_Keil_951\Debug\USBFS_msc.obj', '.\DP8051\DP8051_Keil_951\Debug\Bootloader.obj', '.\DP8051\DP8051_Keil_951\Debug\BOOT.obj', '.\DP8051\DP8051_Keil_951\Debug\Control.obj', '.\DP8051\DP8051_Keil_951\Debug\Control_PM.obj', '.\DP8051\DP8051_Keil_951\Debug\Status.obj', '.\DP8051\DP8051_Keil_951\Debug\morse_isr.obj', '.\DP8051\DP8051_Keil_951\Debug\Morse_Counter.obj', '.\DP8051\DP8051_Keil_951\Debug\Morse_Counter_PM.obj', '.\DP8051\DP8051_Keil_951\Debug\USBFS_Dm.obj', '.\DP8051\DP8051_Keil_951\Debug\USBFS_Dp.obj', '.\DP8051\DP8051_Keil_951\Debug\CyDmac.obj', '.\DP8051\DP8051_Keil_951\Debug\CyFlash.obj', '.\DP8051\DP8051_Keil_951\Debug\CyLib.obj', '.\DP8051\DP8051_Keil_951\Debug\cyPm.obj', '.\DP8051\DP8051_Keil_951\Debug\CySpc.obj', '.\DP8051\DP8051_Keil_951\Debug\cyutils.obj', '.\DP8051\DP8051_Keil_951\Debug\BS0.obj', '.\DP8051\DP8051_Keil_951\Debug\BS2.obj', '.\DP8051\DP8051_Keil_951\Debug\BS1.obj', '.\DP8051\DP8051_Keil_951\Debug\RX.obj', '.\DP8051\DP8051_Keil_951\Debug\Bootloader_psoc3.obj', '.\DP8051\DP8051_Keil_951\Debug\CyBootAsmKeil.obj', '.\DP8051\DP8051_Keil_951\Debug\cymem.obj', '.\DP8051\DP8051_Keil_951\Debug\KeilStart.obj' TO '.\DP8051\DP8051_Keil_951\Debug\bootloader.lib'
LX51.exe '.\DP8051\DP8051_Keil_951\Debug\main.obj', '.\DP8051\DP8051_Keil_951\Debug\bootloader.lib', 'K:\Cypress\PSoC Creator\4.0\PSoC Creator\psoc\content\cycomponentlibrary\CyComponentLibrary.cylib\DP8051\DP8051_Keil_951\Debug\CyComponentLibrary.lib' TO '.\DP8051\DP8051_Keil_951\Debug\bootloader.omf' CODE RU RC(10) DW(16) WL(2) PR(.\DP8051\DP8051_Keil_951\Debug/bootloader.map) IX CL(XDATA(X:0x0000-X:0x1FFF)) CL(CODE(C:0x0000-C:0xFFBF)) CL(CONST(C:0x0000-C:0xFFBF))
Program Size: data=66.2 xdata=1023 const=644 code=15739
OHx51.exe bootloader.omf HEXFILE(bootloader.ihx)
c8051-elf-omf2elf.exe bootloader.omf bootloader.elf
cysymboladdressfinder.exe -f .\DP8051\DP8051_Keil_951\Debug\bootloader.elf -s Bootloader_Checksum -p .\DP8051\DP8051_Keil_951\Debug\cksmaddress.txt -l FF0000
cysymboladdressfinder.exe -f .\DP8051\DP8051_Keil_951\Debug\bootloader.elf -s Bootloader_SizeBytes -p .\DP8051\DP8051_Keil_951\Debug\sizeaddress.txt -l FF0000
cyhextool -o .\DP8051\DP8051_Keil_951\Debug\bootloader.hex -f .\DP8051\DP8051_Keil_951\Debug\bootloader.ihx -prot Generated_Source\PSoC3\protect.hex -id 1E093069 -a EEPROM=90200000:800,PROGRAM=00000000:10000,CONFIG=80000000:2000,PROTECT=90400000:40 -meta 0301 -cunv 0800C005 -wonv BC90ACAF -ecc OFF -blver 000001010100000000000000 -blcks .\DP8051\DP8051_Keil_951\Debug\cksmaddress.txt -blsize .\DP8051\DP8051_Keil_951\Debug\sizeaddress.txt -flsLine 256 -endian b
Flash used: 16575 of 65536 bytes (25.3 %). Application: 16319 bytes. Metadata: 256 bytes.
SRAM used: 1023 of 8192 bytes (12.5 %).
--------------- Build Succeeded: 05/19/2017 07:35:38 ---------------
