C51 COMPILER V9.51   SETTINGS01                                                            09/03/2026 15:33:28 PAGE 1   


C51 COMPILER V9.51, COMPILATION OF MODULE SETTINGS01
OBJECT MODULE PLACED IN .\DP8051\DP8051_Keil_951\Debug\settings01.obj
COMPILER INVOKED BY: C:\Program Files (x86)\Cypress\PSoC Creator\4.4\PSoC Creator\import\keil\pk51\9.51\C51\BIN\c51.exe 
                    -settings01.c NOIV LARGE MODDP2 OMF2 VB(1) NOIP INCDIR(.,Generated_Source\PSoC3) FF(3) DB WL(2) PR(.\DP8051\DP8051_Keil_9
                    -51\Debug/settings01.lst) CD OT(5,SPEED) OA OJ(.\DP8051\DP8051_Keil_951\Debug\settings01.obj)

line level    source

   1          // Copyright 2013 David Turnbull AE9RB
   2          //
   3          // Licensed under the Apache License, Version 2.0 (the "License");
   4          // you may not use this file except in compliance with the License.
   5          // You may obtain a copy of the License at
   6          //
   7          //     http://www.apache.org/licenses/LICENSE-2.0
   8          //
   9          // Unless required by applicable law or agreed to in writing, software
  10          // distributed under the License is distributed on an "AS IS" BASIS,
  11          // WITHOUT WARRANTIES OR CONDITIONS OF ANY KIND, either express or implied.
  12          // See the License for the specific language governing permissions and
  13          // limitations under the License.
  14          // 10/01/2016 Added support for Proficio
  15          // 02/18/2017 Added support for native CW
  16          // Copyright © 2015-2017 Omnia SDR
  17          
  18          // Variable naming conventions:     E_<variable> -> Externally defined global
  19          //                                  ff_<variable> -> Externally defined global stored in flash memory
  20          //                                  ee_<variable> -> Externally defined global to be stored in EEPROM memo
             -ry
  21          //                                  l_<variable> -> locally defined variable
  22          //                                  All UPPERCASE -> Define
  23          
  24          
  25          #include <basic-plus.h>
  26          #include "si5351a.h"
  27          
  28          #define XTAL_MIN (114.285 - 2)
  29          #define XTAL_MAX (114.285 + 2)
  30          
  31          uint8 buffer[CYDEV_EEPROM_ROW_SIZE];
  32          
  33          
  34          #define XTAL_DATA(mem) (*(reg32*)(mem+0))
  35          #define REVERSE_DATA(mem) (*(reg8*)(mem+4))
  36          
  37          #define PPM_INT 0
  38          #define PPM_DEC 1
  39          #define PPM_RECEIVED 0x03
  40          #define AUDIO_CHANNELS 2
  41          #define CALIBRATION_TEMPERATURE 3
  42          #define DELAY_LIMIT 200
  43          #define PPM_INT_SIGN 3
  44          #define PPM_DEC_SIGN 4
  45          
  46          
  47          
  48          void Settings_Init(){
  49   1          reg8  *RegPointer;
  50   1          int8_t int_sign = 0;
  51   1          int8_t dec_sign = 0;
  52   1          
C51 COMPILER V9.51   SETTINGS01                                                            09/03/2026 15:33:28 PAGE 2   

  53   1          EEPROM_Start();
  54   1          CyDelay(100);
  55   1          RegPointer = (reg8 *) (CYDEV_EE_BASE + 0u);
  56   1          ee_ppm_int = RegPointer[PPM_INT];
  57   1          ee_ppm_dec = RegPointer[PPM_DEC];
  58   1          int_sign = RegPointer[PPM_INT_SIGN];
  59   1          dec_sign = RegPointer[PPM_DEC_SIGN];
  60   1          
  61   1          if(int_sign == 1){
  62   2              ee_ppm_int = ee_ppm_int * -1;
  63   2          }
  64   1          if(dec_sign == 1){
  65   2              ee_ppm_dec = ee_ppm_dec * -1;
  66   2          }
  67   1        
  68   1          Audio_IQ_Channels = RegPointer[AUDIO_CHANNELS];
  69   1          Audio_IQ_Channels = 0;
  70   1      }
  71          
  72          int Set_PPM(void ) {
  73   1          volatile cystatus status = 0;
  74   1          reg8 *RegPointer;
  75   1          uint8_t i = 0;
  76   1          uint8_t freq_status =0;
  77   1                
  78   1          RegPointer = (reg8 *) (CYDEV_EE_BASE + 0u);
  79   1          status = EEPROM_QueryWrite();
  80   1          if(status != CYRET_STARTED){
  81   2            for (i=5; i < CYDEV_EEPROM_ROW_SIZE; i++) {
  82   3                  buffer[i] = 0;
  83   3              }
  84   2              if(ee_ppm_int < 0){
  85   3                  buffer[PPM_INT] = (ee_ppm_int * -1);
  86   3                  buffer[PPM_INT_SIGN] = 1;
  87   3              }else{
  88   3                  buffer[PPM_INT] = ee_ppm_int;
  89   3                  buffer[PPM_INT_SIGN] = 0;
  90   3              }
  91   2              if(ee_ppm_dec < 0){
  92   3                  buffer[PPM_DEC] = (ee_ppm_dec * -1);
  93   3                  buffer[PPM_DEC_SIGN] = 1;
  94   3              }else{
  95   3                  buffer[PPM_DEC] = ee_ppm_dec;
  96   3                  buffer[PPM_DEC_SIGN] = 0;
  97   3              }
  98   2              buffer[AUDIO_CHANNELS] = Audio_IQ_Channels;
  99   2              EEPROM_StartWrite(buffer, 0);
 100   2              E_PPM_needs_updated = 0;
 101   2              E_PPM_needs_set = E_PPM_NEEDS_SET_STEP_1;
 102   2          }
 103   1          return status;
 104   1        }
 105          
 106          
 107          
 108          void Settings_Main(){
 109   1          //volatile uint8 l_audio_channels;
 110   1          reg8 *RegPointer;
 111   1          cystatus  error = 0;
 112   1          //uint8 critical_section;
 113   1          volatile int8 l_calibration_int = 0;
 114   1          volatile int8 l_calibration_dec = 0;
C51 COMPILER V9.51   SETTINGS01                                                            09/03/2026 15:33:28 PAGE 3   

 115   1          
 116   1          
 117   1          RegPointer = (reg8 *) (CYDEV_EE_BASE + 0u);
 118   1          l_calibration_int = ee_ppm_int;
 119   1          l_calibration_dec = ee_ppm_dec;
 120   1          if(E_PPM_needs_updated == PPM_RECEIVED){
 121   2              l_calibration_int = (E_calibration_int);
 122   2              l_calibration_dec = (E_calibration_dec);
 123   2              ee_ppm_int = (l_calibration_int);   
 124   2              ee_ppm_dec = (l_calibration_dec);
 125   2              Set_PPM();
 126   2          }
 127   1              
 128   1          /*l_audio_channels = RegPointer[AUDIO_CHANNELS];
 129   1          if(l_audio_channels != Audio_IQ_Channels){
 130   1              critical_section = CyEnterCriticalSection();
 131   1              error = EEPROM_ByteWritePos(Audio_IQ_Channels,0u,AUDIO_CHANNELS);
 132   1              CyExitCriticalSection(critical_section);
 133   1          }*/
 134   1      }    
 135          
 136          /*void Settings_Init(void) {
 137              float crystal_freq;
 138              EEPROM_Start();
 139              
 140              crystal_freq = ((float)swap32(*(reg32*)CYDEV_EE_BASE) / 0x01000000);
 141              
 142              if (
 143                  crystal_freq < XTAL_MIN || crystal_freq > XTAL_MAX ||
 144                  REVERSE_DATA(CYDEV_EE_BASE) > 3
 145              ) {
 146                  // New radio! Si570_Start() will compute xtal
 147                  // and it will immediately be stored in eeprom.
 148                  Si570_Xtal = 0;
 149                  Audio_IQ_Channels = 0;
 150              } else {
 151                  Si570_Xtal = XTAL_DATA(CYDEV_EE_BASE);
 152                  Audio_IQ_Channels = REVERSE_DATA(CYDEV_EE_BASE);
 153              }
 154              
 155          }
 156          
 157          void Settings_Main(void) {
 158              uint8 i;
 159              
 160              if (
 161                  XTAL_DATA(CYDEV_EE_BASE) != Si570_Xtal ||
 162                  REVERSE_DATA(CYDEV_EE_BASE) != Audio_IQ_Channels
 163              ) {
 164                  if (EEPROM_QueryWrite() != CYRET_STARTED) {
 165                      for (i=4; i < CYDEV_EEPROM_ROW_SIZE; i++) buffer[i] = 0;
 166                      XTAL_DATA(buffer) = Si570_Xtal;
 167                      REVERSE_DATA(buffer) = Audio_IQ_Channels;
 168                      CySetTemp();
 169                      EEPROM_StartWrite(buffer, 0);
 170                  }
 171              }
 172          
 173          }*/
C51 COMPILER V9.51   SETTINGS01                                                            09/03/2026 15:33:28 PAGE 4   

ASSEMBLY LISTING OF GENERATED OBJECT CODE


             ; FUNCTION Settings_Init (BEGIN)
                                           ; SOURCE LINE # 48
                                           ; SOURCE LINE # 50
                       CLR     A
                 R     MOV     DPTR,#int_sign
                       MOVX    @DPTR,A
                                           ; SOURCE LINE # 51
                       INC     DPTR
                       MOVX    @DPTR,A
                                           ; SOURCE LINE # 53
                 E     CALL    EEPROM_Start
                                           ; SOURCE LINE # 54
                       CLR     A
                       MOV     R7,#064H
                       MOV     R6,A
                       MOV     R5,A
                       MOV     R4,A
                 E     CALL    _?CyDelay
                                           ; SOURCE LINE # 55
;---- Variable 'RegPointer' assigned to Register 'R2/R3' ----
                       MOV     R3,#00H
                       MOV     R2,#080H
                                           ; SOURCE LINE # 56
                       MOV     DPL,R3
                       MOV     DPH,R2
                       MOVX    A,@DPTR
                 E     MOV     DPTR,#ee_ppm_int
                       MOVX    @DPTR,A
                                           ; SOURCE LINE # 57
                       MOV     DPL,R3
                       MOV     DPH,R2
                       INC     DPTR
                       MOVX    A,@DPTR
                 E     MOV     DPTR,#ee_ppm_dec
                       MOVX    @DPTR,A
                                           ; SOURCE LINE # 58
                       MOV     DPL,R3
                       MOV     DPH,R2
                       INC     DPTR
                       INC     DPTR
                       INC     DPTR
                       MOVX    A,@DPTR
                 R     MOV     DPTR,#int_sign
                       MOVX    @DPTR,A
                                           ; SOURCE LINE # 59
                       MOV     A,R3
                       ADD     A,#04H
                       MOV     DPL,A
                       CLR     A
                       ADDC    A,R2
                       MOV     DPH,A
                       MOVX    A,@DPTR
                 R     MOV     DPTR,#dec_sign
                       MOVX    @DPTR,A
                                           ; SOURCE LINE # 61
                 R     MOV     DPTR,#int_sign
                       MOVX    A,@DPTR
                 R     xJNE    A,#01H,?C0001
                                           ; SOURCE LINE # 62
C51 COMPILER V9.51   SETTINGS01                                                            09/03/2026 15:33:28 PAGE 5   

                 E     MOV     DPTR,#ee_ppm_int
                       MOVX    A,@DPTR
                       MOV     R7,A
                       RLC     A
                       SUBB    A,ACC
                       MOV     R6,A
                       MOV     R4,#0FFH
                       MOV     R5,#0FFH
                 E     CALL    ?C?IMUL
                       MOV     A,R7
                       MOVX    @DPTR,A
                                           ; SOURCE LINE # 63
             ?C0001:
                                           ; SOURCE LINE # 64
                 R     MOV     DPTR,#dec_sign
                       MOVX    A,@DPTR
                 R     xJNE    A,#01H,?C0002
                                           ; SOURCE LINE # 65
                 E     MOV     DPTR,#ee_ppm_dec
                       MOVX    A,@DPTR
                       MOV     R7,A
                       RLC     A
                       SUBB    A,ACC
                       MOV     R6,A
                       MOV     R4,#0FFH
                       MOV     R5,#0FFH
                 E     CALL    ?C?IMUL
                       MOV     A,R7
                       MOVX    @DPTR,A
                                           ; SOURCE LINE # 66
             ?C0002:
                                           ; SOURCE LINE # 68
                       MOV     R6,AR2
                       MOV     R7,AR3
                       MOV     DPL,R7
                       MOV     DPH,R6
                       INC     DPTR
                       INC     DPTR
                       MOVX    A,@DPTR
                 E     MOV     DPTR,#Audio_IQ_Channels
                       MOVX    @DPTR,A
                                           ; SOURCE LINE # 69
                       CLR     A
                       MOVX    @DPTR,A
                                           ; SOURCE LINE # 70
                       RET     
             ; FUNCTION Settings_Init (END)

             ; FUNCTION Set_PPM (BEGIN)
                                           ; SOURCE LINE # 72
                                           ; SOURCE LINE # 73
                       CLR     A
                 R     MOV     DPTR,#status
                       MOVX    @DPTR,A
                                           ; SOURCE LINE # 75
                 R     MOV     DPTR,#i
                       MOVX    @DPTR,A
                                           ; SOURCE LINE # 76
                       INC     DPTR
                       MOVX    @DPTR,A
                                           ; SOURCE LINE # 78
                 R     MOV     DPTR,#RegPointer
C51 COMPILER V9.51   SETTINGS01                                                            09/03/2026 15:33:28 PAGE 6   

                       MOV     A,#080H
                       MOVX    @DPTR,A
                       INC     DPTR
                       CLR     A
                       MOVX    @DPTR,A
                                           ; SOURCE LINE # 79
                 E     CALL    EEPROM_Query
                 R     MOV     DPTR,#status
                       MOV     A,R7
                       MOVX    @DPTR,A
                                           ; SOURCE LINE # 80
                       MOVX    A,@DPTR
                       XRL     A,#07H
                 R     xJZ     ?C0004
                                           ; SOURCE LINE # 81
                 R     MOV     DPTR,#i
                       MOV     A,#05H
                       MOVX    @DPTR,A
             ?C0005:
                 R     MOV     DPTR,#i
                       MOVX    A,@DPTR
                       MOV     R7,A
                       CLR     C
                       SUBB    A,#010H
                 R     xJGE    ?C0006
                                           ; SOURCE LINE # 82
                 R     MOV     A,#LOW buffer
                       ADD     A,R7
                       MOV     DPL,A
                       CLR     A
                 R     ADDC    A,#HIGH buffer
                       MOV     DPH,A
                       CLR     A
                       MOVX    @DPTR,A
                                           ; SOURCE LINE # 83
                 R     MOV     DPTR,#i
                       MOVX    A,@DPTR
                       INC     A
                       MOVX    @DPTR,A
                 R     xJMP    ?C0005
             ?C0006:
                                           ; SOURCE LINE # 84
                 E     MOV     DPTR,#ee_ppm_int
                       MOVX    A,@DPTR
                       CLR     C
                       XRL     A,#080H
                       SUBB    A,#080H
                 R     xJGE    ?C0008
                                           ; SOURCE LINE # 85
                       MOVX    A,@DPTR
                       MOV     R7,A
                       RLC     A
                       SUBB    A,ACC
                       MOV     R6,A
                       MOV     R4,#0FFH
                       MOV     R5,#0FFH
                 E     CALL    ?C?IMUL
                 R     MOV     DPTR,#buffer
                       MOV     A,R7
                       MOVX    @DPTR,A
                                           ; SOURCE LINE # 86
                 R     MOV     DPTR,#buffer+03H
C51 COMPILER V9.51   SETTINGS01                                                            09/03/2026 15:33:28 PAGE 7   

                       MOV     A,#01H
                       MOVX    @DPTR,A
                                           ; SOURCE LINE # 87
                 R     xJMP    ?C0009
             ?C0008:
                                           ; SOURCE LINE # 88
                 E     MOV     DPTR,#ee_ppm_int
                       MOVX    A,@DPTR
                 R     MOV     DPTR,#buffer
                       MOVX    @DPTR,A
                                           ; SOURCE LINE # 89
                       CLR     A
                 R     MOV     DPTR,#buffer+03H
                       MOVX    @DPTR,A
                                           ; SOURCE LINE # 90
             ?C0009:
                                           ; SOURCE LINE # 91
                 E     MOV     DPTR,#ee_ppm_dec
                       MOVX    A,@DPTR
                       CLR     C
                       XRL     A,#080H
                       SUBB    A,#080H
                 R     xJGE    ?C0010
                                           ; SOURCE LINE # 92
                       MOVX    A,@DPTR
                       MOV     R7,A
                       RLC     A
                       SUBB    A,ACC
                       MOV     R6,A
                       MOV     R4,#0FFH
                       MOV     R5,#0FFH
                 E     CALL    ?C?IMUL
                 R     MOV     DPTR,#buffer+01H
                       MOV     A,R7
                       MOVX    @DPTR,A
                                           ; SOURCE LINE # 93
                 R     MOV     DPTR,#buffer+04H
                       MOV     A,#01H
                       MOVX    @DPTR,A
                                           ; SOURCE LINE # 94
                 R     xJMP    ?C0011
             ?C0010:
                                           ; SOURCE LINE # 95
                 E     MOV     DPTR,#ee_ppm_dec
                       MOVX    A,@DPTR
                 R     MOV     DPTR,#buffer+01H
                       MOVX    @DPTR,A
                                           ; SOURCE LINE # 96
                       CLR     A
                 R     MOV     DPTR,#buffer+04H
                       MOVX    @DPTR,A
                                           ; SOURCE LINE # 97
             ?C0011:
                                           ; SOURCE LINE # 98
                 E     MOV     DPTR,#Audio_IQ_Channels
                       MOVX    A,@DPTR
                 R     MOV     DPTR,#buffer+02H
                       MOVX    @DPTR,A
                                           ; SOURCE LINE # 99
                       MOV     R3,#01H
                 R     MOV     R2,#HIGH buffer
                 R     MOV     R1,#LOW buffer
C51 COMPILER V9.51   SETTINGS01                                                            09/03/2026 15:33:28 PAGE 8   

                       CLR     A
                       MOV     R5,A
                 E     CALL    _EEPROM_StartWrite
                                           ; SOURCE LINE # 100
                       CLR     A
                 E     MOV     DPTR,#E_PPM_needs_updated
                       MOVX    @DPTR,A
                                           ; SOURCE LINE # 101
                 E     MOV     DPTR,#E_PPM_needs_set
                       MOV     A,#02H
                       MOVX    @DPTR,A
                                           ; SOURCE LINE # 102
             ?C0004:
                                           ; SOURCE LINE # 103
                 R     MOV     DPTR,#status
                       MOVX    A,@DPTR
                       MOV     R7,A
                       MOV     R6,#00H
                                           ; SOURCE LINE # 104
             ?C0012:
                       RET     
             ; FUNCTION Set_PPM (END)

             ; FUNCTION Settings_Main (BEGIN)
                                           ; SOURCE LINE # 108
                                           ; SOURCE LINE # 111
                       CLR     A
                 R     MOV     DPTR,#error
                       MOVX    @DPTR,A
                                           ; SOURCE LINE # 113
                       INC     DPTR
                       MOVX    @DPTR,A
                                           ; SOURCE LINE # 114
                       INC     DPTR
                       MOVX    @DPTR,A
                                           ; SOURCE LINE # 117
                 R     MOV     DPTR,#RegPointer
                       MOV     A,#080H
                       MOVX    @DPTR,A
                       INC     DPTR
                       CLR     A
                       MOVX    @DPTR,A
                                           ; SOURCE LINE # 118
                 E     MOV     DPTR,#ee_ppm_int
                       MOVX    A,@DPTR
                 R     MOV     DPTR,#l_calibration_int
                       MOVX    @DPTR,A
                                           ; SOURCE LINE # 119
                 E     MOV     DPTR,#ee_ppm_dec
                       MOVX    A,@DPTR
                 R     MOV     DPTR,#l_calibration_dec
                       MOVX    @DPTR,A
                                           ; SOURCE LINE # 120
                 E     MOV     DPTR,#E_PPM_needs_updated
                       MOVX    A,@DPTR
                 R     xJNE    A,#03H,?C0014
                                           ; SOURCE LINE # 121
                 E     MOV     DPTR,#E_calibration_int
                       MOVX    A,@DPTR
                 R     MOV     DPTR,#l_calibration_int
                       MOVX    @DPTR,A
                                           ; SOURCE LINE # 122
C51 COMPILER V9.51   SETTINGS01                                                            09/03/2026 15:33:28 PAGE 9   

                 E     MOV     DPTR,#E_calibration_dec
                       MOVX    A,@DPTR
                 R     MOV     DPTR,#l_calibration_dec
                       MOVX    @DPTR,A
                                           ; SOURCE LINE # 123
                 R     MOV     DPTR,#l_calibration_int
                       MOVX    A,@DPTR
                 E     MOV     DPTR,#ee_ppm_int
                       MOVX    @DPTR,A
                                           ; SOURCE LINE # 124
                 R     MOV     DPTR,#l_calibration_dec
                       MOVX    A,@DPTR
                 E     MOV     DPTR,#ee_ppm_dec
                       MOVX    @DPTR,A
                                           ; SOURCE LINE # 125
                 R     CALL    Set_PPM
                                           ; SOURCE LINE # 126
                                           ; SOURCE LINE # 134
             ?C0014:
                       RET     
             ; FUNCTION Settings_Main (END)



MODULE INFORMATION:   STATIC OVERLAYABLE
   CODE SIZE        =    450    ----
   CONSTANT SIZE    =   ----    ----
   XDATA SIZE       =     16      12
   PDATA SIZE       =   ----    ----
   DATA SIZE        =   ----    ----
   IDATA SIZE       =   ----    ----
   BIT SIZE         =   ----    ----
   EDATA SIZE       =   ----    ----
   HDATA SIZE       =   ----    ----
   XDATA CONST SIZE =   ----    ----
   FAR CONST SIZE   =   ----    ----
END OF MODULE INFORMATION.


C51 COMPILATION COMPLETE.  0 WARNING(S),  0 ERROR(S)
