C51 COMPILER V9.51   USBFS_VND                                                             12/15/2017 11:38:00 PAGE 1   


C51 COMPILER V9.51, COMPILATION OF MODULE USBFS_VND
OBJECT MODULE PLACED IN .\DP8051\DP8051_Keil_951\Debug\USBFS_vnd.obj
COMPILER INVOKED BY: C:\Program Files (x86)\Cypress\PSoC Creator\4.1\PSoC Creator\import\keil\pk51\9.51\C51\BIN\c51.exe 
                    -Generated_Source\PSoC3\USBFS_vnd.c NOIV LARGE MODDP2 OMF2 VB(1) NOIP INCDIR(.,Generated_Source\PSoC3) FF(3) DB DF(DEBUG)
                    - WL(2) PR(.\DP8051\DP8051_Keil_951\Debug/USBFS_vnd.lst) CD OT(5,SIZE) OA OJ(.\DP8051\DP8051_Keil_951\Debug\USBFS_vnd.obj
                    -)

line level    source

   1          /***************************************************************************//**
   2          * \file USBFS_vnd.c
   3          * \version 3.20
   4          *
   5          * \brief
   6          *  This file contains the  USB vendor request handler.
   7          *
   8          ********************************************************************************
   9          * \copyright
  10          * Copyright 2008-2016, Cypress Semiconductor Corporation.  All rights reserved.
  11          * You may use this file only in accordance with the license, terms, conditions,
  12          * disclaimers, and limitations in the end user license agreement accompanying
  13          * the software package with which this file was provided.
  14          *******************************************************************************/
  15          
  16          #include "USBFS_pvt.h"
  17          
  18          
  19          #if(USBFS_EXTERN_VND == USBFS_FALSE)
  20          
  21          /***************************************
  22          * Vendor Specific Declarations
  23          ***************************************/
  24          
  25          /* `#START VENDOR_SPECIFIC_DECLARATIONS` Place your declaration here */
  26          
  27          /* `#END` */
  28          
  29          
  30          /*******************************************************************************
  31          * Function Name: USBFS_HandleVendorRqst
  32          ****************************************************************************//**
  33          *
  34          *  This routine provide users with a method to implement vendor specific
  35          *  requests.
  36          *
  37          *  To implement vendor specific requests, add your code in this function to
  38          *  decode and disposition the request.  If the request is handled, your code
  39          *  must set the variable "requestHandled" to TRUE, indicating that the
  40          *  request has been handled.
  41          *
  42          * \return
  43          *  requestHandled.
  44          *
  45          * \reentrant
  46          *  No.
  47          *
  48          *******************************************************************************/
  49          uint8 USBFS_HandleVendorRqst(void) 
  50          {
  51   1          uint8 requestHandled = USBFS_FALSE;
  52   1      
C51 COMPILER V9.51   USBFS_VND                                                             12/15/2017 11:38:00 PAGE 2   

  53   1          /* Check request direction: D2H or H2D. */
  54   1          if (0u != (USBFS_bmRequestTypeReg & USBFS_RQST_DIR_D2H))
  55   1          {
  56   2              /* Handle direction from device to host. */
  57   2              
  58   2              switch (USBFS_bRequestReg)
  59   2              {
  60   3                  case USBFS_GET_EXTENDED_CONFIG_DESCRIPTOR:
  61   3                  #if defined(USBFS_ENABLE_MSOS_STRING)
                              USBFS_currentTD.pData = (volatile uint8 *) &USBFS_MSOS_CONFIGURATION_DESCR[0u];
                              USBFS_currentTD.count = USBFS_MSOS_CONFIGURATION_DESCR[0u];
                              requestHandled  = USBFS_InitControlRead();
                          #endif /* (USBFS_ENABLE_MSOS_STRING) */
  66   3                      break;
  67   3                  
  68   3                  default:
  69   3                      break;
  70   3              }
  71   2          }
  72   1      
  73   1          /* `#START VENDOR_SPECIFIC_CODE` Place your vendor specific request here */
  74   1      
  75   1          /* `#END` */
  76   1      
  77   1      #ifdef USBFS_HANDLE_VENDOR_RQST_CALLBACK
                  if (USBFS_FALSE == requestHandled)
                  {
                      requestHandled = USBFS_HandleVendorRqst_Callback();
                  }
              #endif /* (USBFS_HANDLE_VENDOR_RQST_CALLBACK) */
  83   1      
  84   1          return (requestHandled);
  85   1      }
  86          
  87          
  88          /*******************************************************************************
  89          * Additional user functions supporting Vendor Specific Requests
  90          ********************************************************************************/
  91          
  92          /* `#START VENDOR_SPECIFIC_FUNCTIONS` Place any additional functions here */
  93          
  94          /* `#END` */
  95          
  96          
  97          #endif /* USBFS_EXTERN_VND */
  98          
  99          
 100          /* [] END OF FILE */
C51 COMPILER V9.51   USBFS_VND                                                             12/15/2017 11:38:00 PAGE 3   

ASSEMBLY LISTING OF GENERATED OBJECT CODE


             ; FUNCTION USBFS_HandleVendorRqst (BEGIN)
                                           ; SOURCE LINE # 49
                                           ; SOURCE LINE # 50
                                           ; SOURCE LINE # 51
;---- Variable 'requestHandled' assigned to Register 'R7' ----
                       CLR     A
                       MOV     R7,A
                                           ; SOURCE LINE # 54
                       MOV     DPTR,#06000H
                       MOVX    A,@DPTR
                       ANL     A,#080H
                 R     xJZ     ?C0001
                                           ; SOURCE LINE # 55
                                           ; SOURCE LINE # 58
                       INC     DPTR
                       MOVX    A,@DPTR
                       MOV     R6,A
                 R     xJMP    ?C0001
                                           ; SOURCE LINE # 59
                                           ; SOURCE LINE # 60
                                           ; SOURCE LINE # 66
                                           ; SOURCE LINE # 68
                                           ; SOURCE LINE # 69
                                           ; SOURCE LINE # 70
                                           ; SOURCE LINE # 71
             ?C0001:
                                           ; SOURCE LINE # 84
                                           ; SOURCE LINE # 85
             ?C0005:
                       RET     
             ; FUNCTION USBFS_HandleVendorRqst (END)



MODULE INFORMATION:   STATIC OVERLAYABLE
   CODE SIZE        =     20    ----
   CONSTANT SIZE    =   ----    ----
   XDATA SIZE       =   ----    ----
   PDATA SIZE       =   ----    ----
   DATA SIZE        =   ----    ----
   IDATA SIZE       =   ----    ----
   BIT SIZE         =   ----    ----
   EDATA SIZE       =   ----    ----
   HDATA SIZE       =   ----    ----
   XDATA CONST SIZE =   ----    ----
   FAR CONST SIZE   =   ----    ----
END OF MODULE INFORMATION.


C51 COMPILATION COMPLETE.  0 WARNING(S),  0 ERROR(S)
