C51 COMPILER V9.51   MAIN                                                                  11/29/2024 11:36:23 PAGE 1   


C51 COMPILER V9.51, COMPILATION OF MODULE MAIN
OBJECT MODULE PLACED IN .\DP8051\DP8051_Keil_951\Debug\main.obj
COMPILER INVOKED BY: C:\Program Files (x86)\Cypress\PSoC Creator\4.2\PSoC Creator\import\keil\pk51\9.51\C51\BIN\c51.exe 
                    -main.c NOIV LARGE MODDP2 OMF2 VB(1) NOIP INCDIR(.,Generated_Source\PSoC3) FF(3) DB WL(2) PR(.\DP8051\DP8051_Keil_951\Deb
                    -ug/main.lst) CD OT(5,SPEED) OA OJ(.\DP8051\DP8051_Keil_951\Debug\main.obj)

line level    source

   1          // Copyright 2013 David Turnbull AE9RB
   2          //
   3          // Licensed under the Apache License, Version 2.0 (the "License");
   4          // you may not use this file except in compliance with the License.
   5          // You may obtain a copy of the License at
   6          //
   7          //     http://www.apache.org/licenses/LICENSE-2.0
   8          //
   9          // Unless required by applicable law or agreed to in writing, software
  10          // distributed under the License is distributed on an "AS IS" BASIS,
  11          // WITHOUT WARRANTIES OR CONDITIONS OF ANY KIND, either express or implied.
  12          // See the License for the specific language governing permissions and
  13          // limitations under the License.
  14          // 10/01/2016 Added support for Proficio
  15          // 02/18/2017 Added support for native CW
  16          // Copyright © 2015-2017 Omnia SDR
  17          
  18          // Variable naming conventions:     E_<variable> -> Externally defined global
  19          //                                  ff_<variable> -> Externally defined global stored in flash memory
  20          //                                  ee_<variable> -> Externally defined global to be stored in EEPROM memo
             -ry
  21          //                                  l_<variable> -> locally defined variable
  22          //                                  All UPPERCASE -> Define
  23          
  24          #include <basic-plus.h>
  25          #include <si5351.h>
  26          #include <si5351a.h>
  27          #include <iambino.h>
  28          
  29          uint8 E_host_mode = 'U';
  30          uint8_t E_TX_Hold = CW_DEFAULT_HOLD_TIME;
  31          uint8 E_key_0;
  32          uint8 E_key_1;
  33          uint8 E_key_down = 0;
  34          uint8 E_cw_hold = FALSE;
  35          uint8_t E_keyer_mode = 1;
  36          uint8_t E_wpm = 18;
  37          uint8_t E_spacing = 0;
  38          uint8_t E_weight = 50;
  39          uint8_t E_side_tone = 0;
  40          uint8_t E_paddle = 0;
  41          uint8_t E_keyer_installed = TRUE;
  42          //uint8_t E_side_tone = 0;
  43          
  44          uint32 E_current_rit_freq = 0;
  45          uint8 E_transverter = 0;
  46          uint8 E_pcb_version = 2;
  47          
  48          uint8 E_PPM_needs_updated = FALSE;
  49          
  50          uint8 E_PPM_needs_set = FALSE;
  51          uint8_t E_band;
  52          
C51 COMPILER V9.51   MAIN                                                                  11/29/2024 11:36:23 PAGE 2   

  53          uint8 E_si5351_status = 0;
  54          uint8_t E_Amplifier = FALSE;
  55          uint8_t E_QSK = FALSE;
  56          volatile uint8_t E_PTT = FALSE;
  57          
  58          
  59          void main_init() {
  60   1          uint8 si_err, pcm_err;
  61   1          uint8_t status = 0;
  62   1          uint8_t display_err = 0;
  63   1          uint8_t potentia_err = 0;
  64   1          uint8_t power_err = 0;
  65   1          uint8_t bias_err = 0;
  66   1          
  67   1          CyDelay(100);
  68   1          CyGlobalIntEnable;
  69   1          Sync_Start();
  70   1          I2C_DISPLAY_Start();
  71   1          CW_Hold_Timer_Start();
  72   1          CW_isr_StartEx(CW_interrupt);
  73   1             
  74   1          Settings_Init();
  75   1          si_err = si5351_init(SI5351_CRYSTAL_LOAD_10PF,0);
  76   1          //si_err = si5351_init(SI5351_CRYSTAL_LOAD_12PF,0);
  77   1          if (!si_err) {
  78   2              I2C_DISPLAY_Stop();
  79   2              I2C_DISPLAY_Start();
  80   2              I2C_DISPLAY_MasterClearStatus();
  81   2          }
  82   1            
  83   1          pcm_err = PCM3060_Init();
  84   1          if (!si_err && pcm_err) ERROR("E  ");
  85   1          if (pcm_err) ERROR("P  ");
  86   1          if (!si_err) ERROR("S  ");
  87   1          
  88   1          //Band_Control_Write(CONTROL_BAND_20_30);
  89   1          E_current_LO_freq = 14000000;
  90   1          E_smooth = FALSE;
  91   1          while((si5351aSetFrequency(E_current_LO_freq) != 0));
  92   1          CyDelay(1500); //Wait for Keyer MCU to boot
  93   1          Control_Write(Control_Read() & ~CONTROL_LED);
  94   1          CyDelay(5); //Let things settle down;
  95   1      }
  96          
  97          // A compliant USB device is required to monitor
  98          // vbus voltage and shut down if it disappears.
  99          void main_usb_vbus(void) {
 100   1          if (USBFS_VBusPresent()) {
 101   2              if(!USBFS_initVar) {
 102   3                  USBFS_Start(0, USBFS_DWR_VDDD_OPERATION);
 103   3                  Audio_Start();
 104   3                  PCM3060_Start();
 105   3              }
 106   2          } else {
 107   2              if(USBFS_initVar) {
 108   3                  TX_Request = 0;
 109   3                  PCM3060_Stop();
 110   3                  USBFS_Stop();
 111   3              }
 112   2          }
 113   1      }
 114          
C51 COMPILER V9.51   MAIN                                                                  11/29/2024 11:36:23 PAGE 3   

 115          int main()
 116          {
 117   1          uint8 i, beat, beater = 0;
 118   1          uint8_t previous_host_mode = 0;
 119   1          uint8_t ptt = 0;
 120   1          uint16 timer = 0;
 121   1          uint8_t control_status = 0;
 122   1          static uint8_t previous_TX_hold_time = 0;
 123   1          uint8_t ptt_section = 0;
 124   1          uint8_t ptt_delay_count = 10;
 125   1                 
 126   1          main_init();
 127   1          for(;;) {
 128   2              // USB Audio is very high priority
 129   2              Audio_Main();
 130   2              Sync_Main();
 131   2              if(E_host_mode == 'C') {
 132   3                  if(previous_host_mode != E_host_mode){
 133   4                      previous_host_mode = E_host_mode;
 134   4                  }
 135   3                  Manage_Paddles_Port();
 136   3              }
 137   2              // Everything else runs twice per millisecond
 138   2              // Keep T1 first for timing accuracy
 139   2              i = Status_Read() & STATUS_BEAT;
 140   2              if (beat != i) {
 141   3                  switch(beater++) {
 142   4                  case 0:
 143   4                      if(--ptt_delay_count == 0){
 144   5                          ptt_section = CyEnterCriticalSection();
 145   5                          ptt = Status_Read();
 146   5                          CyExitCriticalSection(ptt_section);  
 147   5                          if (ptt & STATUS_PTT)  E_PTT = TRUE; else E_PTT = FALSE;
 148   5                          ptt_delay_count = 10;
 149   5                      }
 150   4                      //T1_Main();
 151   4                      break;
 152   4                  case 1:
 153   4                      if(E_host_mode != 'C'){
 154   5                          if(previous_host_mode != E_host_mode){
 155   6                              Control_Write(Control_Read() & ~CONTROL_LED);   //Restore LED operation to normal
 156   6                              Control_Write(Control_Read() | CONTROL_RX);     //Turn OFF PA - Negative logic lev
             -el
 157   6                              control_status = Control_Read();
 158   6                              control_status = control_status | CONTROL_AMP;  //Turn OFF the AMP port - Negative
             - logic level
 159   6                              control_status = control_status | CONTROL_DOUT; //Turn ON output from PCM3060
 160   6                              Control_Write(control_status);
 161   6                              TX_Request = 0;
 162   6                              previous_host_mode = E_host_mode;
 163   6                          }
 164   5                          TX_Main();
 165   5                      }
 166   4                      break;
 167   4                  case 2:
 168   4                      Settings_Main();
 169   4                      if (previous_TX_hold_time != E_TX_Hold){
 170   5                          previous_TX_hold_time = E_TX_Hold;
 171   5                          CW_Hold_Timer_WritePeriod((previous_TX_hold_time * 100)); //Configure the CW hold time
             -r
 172   5                      }
 173   4                     if(E_keyer_installed == TRUE){
C51 COMPILER V9.51   MAIN                                                                  11/29/2024 11:36:23 PAGE 4   

 174   5                          Configure_CW();
 175   5                     }
 176   4                      break;
 177   4                  case 3:
 178   4                      si5351_main();
 179   4                      break;
 180   4                  case 4:
 181   4                      if(E_si5351_status == 0){
 182   5                          Band_Main();
 183   5                      }
 184   4                      break;
 185   4                  case 5:
 186   4                      Check_temperature();
 187   4                      if (CyXTAL_ReadStatus()) ERROR("C  ");
 188   4                      break;
 189   4                  case 6:
 190   4                      if(E_host_mode != 'C'){//If mode is CW, frequency setting is managed in cw.c
 191   5                          E_si5351_status = si5351aSetFrequency(E_current_LO_freq);
 192   5                      }
 193   4                      if (!(Status_Read() & STATUS_BOOT)) Bootloadable_Load();
 194   4                      break;
 195   4                  default:
 196   4                      main_usb_vbus();
 197   4                      beater = 0;
 198   4                      beat = i;
 199   4                  }
 200   3              }
 201   2                  
 202   2          }
 203   1      }
 204          
 205          uint32 swap32(uint32 original) CYREENTRANT {
 206   1          uint8 *r, *o;
 207   1          uint32 ret;
 208   1          r = (void*)&ret;
 209   1          o = (void*)&original;
 210   1          r[0] = o[3];
 211   1          r[1] = o[2];
 212   1          r[2] = o[1];
 213   1          r[3] = o[0];
 214   1          return ret;
 215   1      }
 216          
 217          uint16 swap16(uint16 original) CYREENTRANT {
 218   1          uint8 *r, *o;
 219   1          uint16 ret;
 220   1          r = (void*)&ret;
 221   1          o = (void*)&original;
 222   1          r[0] = o[1];
 223   1          r[1] = o[0];
 224   1          return ret;
 225   1      }
 226          void ERROR(char* msg) {
 227   1          uint8 i, beat;
 228   1          uint16 timer = 0;
 229   1          
 230   1          if(USBFS_initVar) USBFS_Stop();
 231   1          Control_Write(Control_Read() & CONTROL_LED | CONTROL_AMP | CONTROL_RX);
 232   1          Morse_Main(msg);
 233   1          
 234   1          for(;;) {
 235   2              i = Status_Read() & STATUS_BEAT;
C51 COMPILER V9.51   MAIN                                                                  11/29/2024 11:36:23 PAGE 5   

 236   2              if (beat != i) {
 237   3                  beat = i;
 238   3                  if (!timer--) {
 239   4                      timer = 480; // 5 WPM
 240   4                      Morse_Main(0);
 241   4                  }
 242   3              }    
 243   2          }
 244   1      }
C51 COMPILER V9.51   MAIN                                                                  11/29/2024 11:36:23 PAGE 6   

ASSEMBLY LISTING OF GENERATED OBJECT CODE


             ; FUNCTION main_init (BEGIN)
                                           ; SOURCE LINE # 59
                                           ; SOURCE LINE # 61
                       CLR     A
                 R     MOV     DPTR,#status
                       MOVX    @DPTR,A
                                           ; SOURCE LINE # 62
                       INC     DPTR
                       MOVX    @DPTR,A
                                           ; SOURCE LINE # 63
                       INC     DPTR
                       MOVX    @DPTR,A
                                           ; SOURCE LINE # 64
                       INC     DPTR
                       MOVX    @DPTR,A
                                           ; SOURCE LINE # 65
                       INC     DPTR
                       MOVX    @DPTR,A
                                           ; SOURCE LINE # 67
                       MOV     R7,#064H
                       MOV     R6,A
                       MOV     R5,A
                       MOV     R4,A
                 E     CALL    _?CyDelay
                                           ; SOURCE LINE # 68
                       SETB    EA
                       MOV     DPTR,#044F4H
                       MOV     A,#0FDH
                       MOVX    @DPTR,A
                                           ; SOURCE LINE # 69
                 E     CALL    Sync_Start
                                           ; SOURCE LINE # 70
                 E     CALL    I2C_DISPLAY_Start
                                           ; SOURCE LINE # 71
                 E     CALL    CW_Hold_Timer_Start
                                           ; SOURCE LINE # 72
                 E     MOV     R6,#HIGH CW_interrupt
                 E     MOV     R7,#LOW CW_interrupt
                 E     CALL    _CW_isr_StartEx
                                           ; SOURCE LINE # 74
                 E     CALL    Settings_Init
                                           ; SOURCE LINE # 75
                       CLR     A
                       MOV     R7,A
                       MOV     R6,A
                       MOV     R5,A
                       MOV     R4,A
                 E     MOV     DPTR,#?_si5351_init?BYTE+01H
                 E     CALL    ?C?LSTXDATA
                       MOV     R7,#0C0H
                 E     CALL    _si5351_init
                 R     MOV     DPTR,#si_err
                       MOV     A,R7
                       MOVX    @DPTR,A
                                           ; SOURCE LINE # 77
                 R     xJNZ    ?C0001
                                           ; SOURCE LINE # 78
                 E     CALL    I2C_DISPLAY_Stop
                                           ; SOURCE LINE # 79
C51 COMPILER V9.51   MAIN                                                                  11/29/2024 11:36:23 PAGE 7   

                 E     CALL    I2C_DISPLAY_Start
                                           ; SOURCE LINE # 80
                 E     CALL    I2C_DISPLAY_MasterClearStatus
                                           ; SOURCE LINE # 81
             ?C0001:
                                           ; SOURCE LINE # 83
                 E     CALL    PCM3060_Init
                 R     MOV     DPTR,#pcm_err
                       MOV     A,R7
                       MOVX    @DPTR,A
                                           ; SOURCE LINE # 84
                 R     MOV     DPTR,#si_err
                       MOVX    A,@DPTR
                 R     xJNZ    ?C0002
                       INC     DPTR
                       MOVX    A,@DPTR
                 R     xJZ     ?C0002
                       MOV     R3,#0FFH
                 R     MOV     R2,#HIGH ?SC_0
                 R     MOV     R1,#LOW ?SC_0
                 R     CALL    _ERROR
             ?C0002:
                                           ; SOURCE LINE # 85
                 R     MOV     DPTR,#pcm_err
                       MOVX    A,@DPTR
                 R     xJZ     ?C0003
                       MOV     R3,#0FFH
                 R     MOV     R2,#HIGH ?SC_4
                 R     MOV     R1,#LOW ?SC_4
                 R     CALL    _ERROR
             ?C0003:
                                           ; SOURCE LINE # 86
                 R     MOV     DPTR,#si_err
                       MOVX    A,@DPTR
                 R     xJNZ    ?C0004
                       MOV     R3,#0FFH
                 R     MOV     R2,#HIGH ?SC_8
                 R     MOV     R1,#LOW ?SC_8
                 R     CALL    _ERROR
             ?C0004:
                                           ; SOURCE LINE # 89
                       MOV     R7,#080H
                       MOV     R6,#09FH
                       MOV     R5,#0D5H
                       MOV     R4,#00H
                 E     MOV     DPTR,#E_current_LO_freq
                 E     CALL    ?C?LSTXDATA
                                           ; SOURCE LINE # 90
                       CLR     A
                 E     MOV     DPTR,#E_smooth
                       MOVX    @DPTR,A
             ?C0005:
                                           ; SOURCE LINE # 91
                 E     MOV     DPTR,#E_current_LO_freq
                       MOVX    A,@DPTR
                       MOV     R4,A
                       INC     DPTR
                       MOVX    A,@DPTR
                       MOV     R5,A
                       INC     DPTR
                       MOVX    A,@DPTR
                       MOV     R6,A
C51 COMPILER V9.51   MAIN                                                                  11/29/2024 11:36:23 PAGE 8   

                       INC     DPTR
                       MOVX    A,@DPTR
                       MOV     R7,A
                 E     CALL    _si5351aSetFrequency
                       MOV     A,R7
                 R     xJNZ    ?C0005
             ?C0006:
                                           ; SOURCE LINE # 92
                       CLR     A
                       MOV     R7,#0DCH
                       MOV     R6,#05H
                       MOV     R5,A
                       MOV     R4,A
                 E     CALL    _?CyDelay
                                           ; SOURCE LINE # 93
                 E     CALL    Control_Read
                       MOV     A,R7
                       ANL     A,#0FEH
                       MOV     R7,A
                 E     CALL    _Control_Write
                                           ; SOURCE LINE # 94
                       CLR     A
                       MOV     R7,#05H
                       MOV     R6,A
                       MOV     R5,A
                       MOV     R4,A
                 E     CALL    _?CyDelay
                                           ; SOURCE LINE # 95
                       RET     
             ; FUNCTION main_init (END)

             ; FUNCTION main_usb_vbus (BEGIN)
                                           ; SOURCE LINE # 99
                                           ; SOURCE LINE # 100
                 E     CALL    USBFS_VBusPresent
                       MOV     A,R7
                 R     xJZ     ?C0008
                                           ; SOURCE LINE # 101
                 E     MOV     DPTR,#USBFS_initVar
                       MOVX    A,@DPTR
                 R     xJNZ    ?C0012
                                           ; SOURCE LINE # 102
                       MOV     R5,#02H
                       MOV     R7,A
                 E     CALL    _USBFS_Start
                                           ; SOURCE LINE # 103
                 E     CALL    Audio_Start
                                           ; SOURCE LINE # 104
                 E     CALL    PCM3060_Start
                                           ; SOURCE LINE # 105
                                           ; SOURCE LINE # 106
                       RET     
             ?C0008:
                                           ; SOURCE LINE # 107
                 E     MOV     DPTR,#USBFS_initVar
                       MOVX    A,@DPTR
                 R     xJZ     ?C0012
                                           ; SOURCE LINE # 108
                       CLR     A
                 E     MOV     DPTR,#TX_Request
                       MOVX    @DPTR,A
                                           ; SOURCE LINE # 109
C51 COMPILER V9.51   MAIN                                                                  11/29/2024 11:36:23 PAGE 9   

                 E     CALL    PCM3060_Stop
                                           ; SOURCE LINE # 110
                 E     CALL    USBFS_Stop
                                           ; SOURCE LINE # 111
                                           ; SOURCE LINE # 112
                                           ; SOURCE LINE # 113
             ?C0012:
                       RET     
             ; FUNCTION main_usb_vbus (END)

             ; FUNCTION main (BEGIN)
                                           ; SOURCE LINE # 115
                                           ; SOURCE LINE # 116
                                           ; SOURCE LINE # 117
                       CLR     A
                 R     MOV     DPTR,#beater
                       MOVX    @DPTR,A
                                           ; SOURCE LINE # 118
                       INC     DPTR
                       MOVX    @DPTR,A
                                           ; SOURCE LINE # 119
                       INC     DPTR
                       MOVX    @DPTR,A
                                           ; SOURCE LINE # 120
                       INC     DPTR
                       MOVX    @DPTR,A
                       INC     DPTR
                       MOVX    @DPTR,A
                                           ; SOURCE LINE # 121
                       INC     DPTR
                       MOVX    @DPTR,A
                                           ; SOURCE LINE # 123
                       INC     DPTR
                       MOVX    @DPTR,A
                                           ; SOURCE LINE # 124
                       INC     DPTR
                       MOV     A,#0AH
                       MOVX    @DPTR,A
                                           ; SOURCE LINE # 126
                 R     CALL    main_init
                                           ; SOURCE LINE # 127
             ?C0013:
                                           ; SOURCE LINE # 129
                 E     CALL    Audio_Main
                                           ; SOURCE LINE # 130
                 E     CALL    Sync_Main
                                           ; SOURCE LINE # 131
                 R     MOV     DPTR,#E_host_mode
                       MOVX    A,@DPTR
                       MOV     R7,A
                 R     xJNE    A,#043H,?C0015
                                           ; SOURCE LINE # 132
                 R     MOV     DPTR,#previous_host_mode
                       MOVX    A,@DPTR
                       XRL     A,R7
                 R     xJZ     ?C0016
                                           ; SOURCE LINE # 133
                       MOV     A,R7
                       MOVX    @DPTR,A
                                           ; SOURCE LINE # 134
             ?C0016:
                                           ; SOURCE LINE # 135
C51 COMPILER V9.51   MAIN                                                                  11/29/2024 11:36:23 PAGE 10  

                 E     CALL    Manage_Paddles_Port
                                           ; SOURCE LINE # 136
             ?C0015:
                                           ; SOURCE LINE # 139
                 E     CALL    Status_Read
                       MOV     A,R7
                       ANL     A,#08H
                       MOV     R7,A
                 R     MOV     DPTR,#i
                       MOVX    @DPTR,A
                                           ; SOURCE LINE # 140
                       INC     DPTR
                       MOVX    A,@DPTR
                       XRL     A,R7
                 R     xJZ     ?C0013
                                           ; SOURCE LINE # 141
                       INC     DPTR
                       MOVX    A,@DPTR
                       MOV     R7,A
                       INC     A
                       MOVX    @DPTR,A
                       MOV     A,R7
                 R     CJNE    A,#07H,?C0047
             ?C0047:
                 R     xJNC    ?C0037
                 R     MOV     DPTR,#?C0048
                       MOV     R0,A
                       ADD     A,R0
                       ADD     A,R0
                       JMP     @A+DPTR
             ?C0048:
                 R     LJMP    ?C0019
                 R     LJMP    ?C0023
                 R     LJMP    ?C0026
                 R     LJMP    ?C0029
                 R     LJMP    ?C0030
                 R     LJMP    ?C0032
                 R     LJMP    ?C0034
                                           ; SOURCE LINE # 142
             ?C0019:
                                           ; SOURCE LINE # 143
                 R     MOV     DPTR,#ptt_delay_count
                       MOVX    A,@DPTR
                       DEC     A
                       MOVX    @DPTR,A
                 R     xJNZ    ?C0013
                                           ; SOURCE LINE # 144
                 E     CALL    CyEnterCriticalSection
                 R     MOV     DPTR,#ptt_section
                       MOV     A,R7
                       MOVX    @DPTR,A
                                           ; SOURCE LINE # 145
                 E     CALL    Status_Read
                 R     MOV     DPTR,#ptt
                       MOV     A,R7
                       MOVX    @DPTR,A
                                           ; SOURCE LINE # 146
                 R     MOV     DPTR,#ptt_section
                       MOVX    A,@DPTR
                       MOV     R7,A
                 E     CALL    _CyExitCriticalSection
                                           ; SOURCE LINE # 147
C51 COMPILER V9.51   MAIN                                                                  11/29/2024 11:36:23 PAGE 11  

                 R     MOV     DPTR,#ptt
                       MOVX    A,@DPTR
                 R     xJNB    ACC.4,?C0021
                 R     MOV     DPTR,#E_PTT
                       MOV     A,#01H
                       MOVX    @DPTR,A
                 R     xJMP    ?C0022
             ?C0021:
                       CLR     A
                 R     MOV     DPTR,#E_PTT
                       MOVX    @DPTR,A
             ?C0022:
                                           ; SOURCE LINE # 148
                 R     MOV     DPTR,#ptt_delay_count
                       MOV     A,#0AH
                       MOVX    @DPTR,A
                                           ; SOURCE LINE # 149
                                           ; SOURCE LINE # 151
                 R     xJMP    ?C0013
                                           ; SOURCE LINE # 152
             ?C0023:
                                           ; SOURCE LINE # 153
                 R     MOV     DPTR,#E_host_mode
                       MOVX    A,@DPTR
                       MOV     R7,A
                       XRL     A,#043H
                 R     xJZ     ?C0013
                                           ; SOURCE LINE # 154
                 R     MOV     DPTR,#previous_host_mode
                       MOVX    A,@DPTR
                       XRL     A,R7
                 R     xJZ     ?C0025
                                           ; SOURCE LINE # 155
                 E     CALL    Control_Read
                       MOV     A,R7
                       ANL     A,#0FEH
                       MOV     R7,A
                 E     CALL    _Control_Write
                                           ; SOURCE LINE # 156
                 E     CALL    Control_Read
                       MOV     A,R7
                       ORL     A,#02H
                       MOV     R7,A
                 E     CALL    _Control_Write
                                           ; SOURCE LINE # 157
                 E     CALL    Control_Read
                 R     MOV     DPTR,#control_status
                       MOV     A,R7
                       MOVX    @DPTR,A
                                           ; SOURCE LINE # 158
                       ORL     A,#08H
                       MOVX    @DPTR,A
                                           ; SOURCE LINE # 159
                       ORL     A,#010H
                       MOV     R7,A
                       MOVX    @DPTR,A
                                           ; SOURCE LINE # 160
                 E     CALL    _Control_Write
                                           ; SOURCE LINE # 161
                       CLR     A
                 E     MOV     DPTR,#TX_Request
                       MOVX    @DPTR,A
C51 COMPILER V9.51   MAIN                                                                  11/29/2024 11:36:23 PAGE 12  

                                           ; SOURCE LINE # 162
                 R     MOV     DPTR,#E_host_mode
                       MOVX    A,@DPTR
                 R     MOV     DPTR,#previous_host_mode
                       MOVX    @DPTR,A
                                           ; SOURCE LINE # 163
             ?C0025:
                                           ; SOURCE LINE # 164
                 E     CALL    TX_Main
                                           ; SOURCE LINE # 165
                                           ; SOURCE LINE # 166
                 R     xJMP    ?C0013
                                           ; SOURCE LINE # 167
             ?C0026:
                                           ; SOURCE LINE # 168
                 E     CALL    Settings_Main
                                           ; SOURCE LINE # 169
                 R     MOV     DPTR,#E_TX_Hold
                       MOVX    A,@DPTR
                       MOV     R7,A
                 R     MOV     DPTR,#previous_TX_hold_time
                       MOVX    A,@DPTR
                       XRL     A,R7
                 R     xJZ     ?C0027
                                           ; SOURCE LINE # 170
                       MOV     A,R7
                       MOVX    @DPTR,A
                                           ; SOURCE LINE # 171
                       MOVX    A,@DPTR
                       MOV     B,#064H
                       MUL     AB
                       MOV     R7,A
                       MOV     R6,B
                 E     CALL    _CW_Hold_Timer_WritePeriod
                                           ; SOURCE LINE # 172
             ?C0027:
                                           ; SOURCE LINE # 173
                 R     MOV     DPTR,#E_keyer_installed
                       MOVX    A,@DPTR
                       XRL     A,#01H
                 R     xJNZ    ?C0013
                                           ; SOURCE LINE # 174
                 E     CALL    Configure_CW
                                           ; SOURCE LINE # 175
                                           ; SOURCE LINE # 176
                 R     xJMP    ?C0013
                                           ; SOURCE LINE # 177
             ?C0029:
                                           ; SOURCE LINE # 178
                 E     CALL    si5351_main
                                           ; SOURCE LINE # 179
                 R     xJMP    ?C0013
                                           ; SOURCE LINE # 180
             ?C0030:
                                           ; SOURCE LINE # 181
                 R     MOV     DPTR,#E_si5351_status
                       MOVX    A,@DPTR
                 R     xJNZ    ?C0013
                                           ; SOURCE LINE # 182
                 E     CALL    Band_Main
                                           ; SOURCE LINE # 183
                                           ; SOURCE LINE # 184
C51 COMPILER V9.51   MAIN                                                                  11/29/2024 11:36:23 PAGE 13  

                 R     xJMP    ?C0013
                                           ; SOURCE LINE # 185
             ?C0032:
                                           ; SOURCE LINE # 186
                 E     CALL    Check_temperature
                                           ; SOURCE LINE # 187
                 E     CALL    CyXTAL_ReadStatus
                       MOV     A,R7
                 R     xJZ     ?C0013
                       MOV     R3,#0FFH
                 R     MOV     R2,#HIGH ?SC_12
                 R     MOV     R1,#LOW ?SC_12
                 R     CALL    _ERROR
                                           ; SOURCE LINE # 188
                 R     xJMP    ?C0013
                                           ; SOURCE LINE # 189
             ?C0034:
                                           ; SOURCE LINE # 190
                 R     MOV     DPTR,#E_host_mode
                       MOVX    A,@DPTR
                       XRL     A,#043H
                 R     xJZ     ?C0035
                                           ; SOURCE LINE # 191
                 E     MOV     DPTR,#E_current_LO_freq
                       MOVX    A,@DPTR
                       MOV     R4,A
                       INC     DPTR
                       MOVX    A,@DPTR
                       MOV     R5,A
                       INC     DPTR
                       MOVX    A,@DPTR
                       MOV     R6,A
                       INC     DPTR
                       MOVX    A,@DPTR
                       MOV     R7,A
                 E     CALL    _si5351aSetFrequency
                 R     MOV     DPTR,#E_si5351_status
                       MOV     A,R7
                       MOVX    @DPTR,A
                                           ; SOURCE LINE # 192
             ?C0035:
                                           ; SOURCE LINE # 193
                 E     CALL    Status_Read
                       MOV     A,R7
                 R     xJB     ACC.2,?C0013
                 E     CALL    Bootloadable_Load
                                           ; SOURCE LINE # 194
                 R     xJMP    ?C0013
                                           ; SOURCE LINE # 195
             ?C0037:
                                           ; SOURCE LINE # 196
                 R     CALL    main_usb_vbus
                                           ; SOURCE LINE # 197
                       CLR     A
                 R     MOV     DPTR,#beater
                       MOVX    @DPTR,A
                                           ; SOURCE LINE # 198
                 R     MOV     DPTR,#i
                       MOVX    A,@DPTR
                       INC     DPTR
                       MOVX    @DPTR,A
                                           ; SOURCE LINE # 199
C51 COMPILER V9.51   MAIN                                                                  11/29/2024 11:36:23 PAGE 14  

                                           ; SOURCE LINE # 200
                                           ; SOURCE LINE # 202
                 R     xJMP    ?C0013
                       RET     
             ; FUNCTION main (END)

             ; FUNCTION _?swap32 (BEGIN)
                                           ; SOURCE LINE # 205
                       MOV     DPTR,#0FFFCH
                 E     CALL    ?C?ADDXBP
                 E     CALL    ?C?LSTXDATA
                       MOV     DPTR,#0FFF6H
                 E     CALL    ?C?ADDXBP
                                           ; SOURCE LINE # 208
                       MOV     R3,#01H
                       MOV     DPTR,#06H
                 E     CALL    ?C?XBPOFF
                       MOV     R1,DPL
                       MOV     R2,DPH
                 E     MOV     DPH,?C_XBP
                 E     MOV     DPL,?C_XBP+01H
                       MOV     A,R3
                       MOVX    @DPTR,A
                       INC     DPTR
                       MOV     A,R2
                       MOVX    @DPTR,A
                       INC     DPTR
                       MOV     A,R1
                       MOVX    @DPTR,A
                                           ; SOURCE LINE # 209
                       MOV     R3,#01H
                       MOV     DPTR,#0AH
                 E     CALL    ?C?XBPOFF
                       MOV     R1,DPL
                       MOV     R2,DPH
                       MOV     DPTR,#03H
                 E     CALL    ?C?XBPOFF
                       MOV     A,R3
                       MOVX    @DPTR,A
                       INC     DPTR
                       MOV     A,R2
                       MOVX    @DPTR,A
                       INC     DPTR
                       MOV     A,R1
                       MOVX    @DPTR,A
                                           ; SOURCE LINE # 210
                       MOV     DPTR,#03H
                 E     CALL    ?C?XBPOFF
                       MOVX    A,@DPTR
                       MOV     R3,A
                       INC     DPTR
                       MOVX    A,@DPTR
                       MOV     R2,A
                       INC     DPTR
                       MOVX    A,@DPTR
                       ADD     A,#03H
                       MOV     R1,A
                       CLR     A
                       ADDC    A,R2
                       MOV     R2,A
                 E     CALL    ?C?CLDPTR
                       MOV     R7,A
C51 COMPILER V9.51   MAIN                                                                  11/29/2024 11:36:23 PAGE 15  

                 E     MOV     DPH,?C_XBP
                 E     MOV     DPL,?C_XBP+01H
                       MOVX    A,@DPTR
                       MOV     R3,A
                       INC     DPTR
                       MOVX    A,@DPTR
                       MOV     R2,A
                       INC     DPTR
                       MOVX    A,@DPTR
                       MOV     R1,A
                       MOV     A,R7
                 E     CALL    ?C?CSTPTR
                                           ; SOURCE LINE # 211
                       MOV     DPTR,#03H
                 E     CALL    ?C?XBPOFF
                       MOVX    A,@DPTR
                       MOV     R3,A
                       INC     DPTR
                       MOVX    A,@DPTR
                       MOV     R2,A
                       INC     DPTR
                       MOVX    A,@DPTR
                       ADD     A,#02H
                       MOV     R1,A
                       CLR     A
                       ADDC    A,R2
                       MOV     R2,A
                 E     CALL    ?C?CLDPTR
                       MOV     R7,A
                 E     MOV     DPH,?C_XBP
                 E     MOV     DPL,?C_XBP+01H
                       MOVX    A,@DPTR
                       MOV     R3,A
                       INC     DPTR
                       MOVX    A,@DPTR
                       MOV     R2,A
                       INC     DPTR
                       MOVX    A,@DPTR
                       ADD     A,#01H
                       MOV     R1,A
                       CLR     A
                       ADDC    A,R2
                       MOV     R2,A
                       MOV     A,R7
                 E     CALL    ?C?CSTPTR
                                           ; SOURCE LINE # 212
                       MOV     DPTR,#03H
                 E     CALL    ?C?XBPOFF
                       MOVX    A,@DPTR
                       MOV     R3,A
                       INC     DPTR
                       MOVX    A,@DPTR
                       MOV     R2,A
                       INC     DPTR
                       MOVX    A,@DPTR
                       ADD     A,#01H
                       MOV     R1,A
                       CLR     A
                       ADDC    A,R2
                       MOV     R2,A
                 E     CALL    ?C?CLDPTR
                       MOV     R7,A
C51 COMPILER V9.51   MAIN                                                                  11/29/2024 11:36:23 PAGE 16  

                 E     MOV     DPH,?C_XBP
                 E     MOV     DPL,?C_XBP+01H
                       MOVX    A,@DPTR
                       MOV     R3,A
                       INC     DPTR
                       MOVX    A,@DPTR
                       MOV     R2,A
                       INC     DPTR
                       MOVX    A,@DPTR
                       ADD     A,#02H
                       MOV     R1,A
                       CLR     A
                       ADDC    A,R2
                       MOV     R2,A
                       MOV     A,R7
                 E     CALL    ?C?CSTPTR
                                           ; SOURCE LINE # 213
                       MOV     DPTR,#03H
                 E     CALL    ?C?XBPOFF
                       MOVX    A,@DPTR
                       MOV     R3,A
                       INC     DPTR
                       MOVX    A,@DPTR
                       MOV     R2,A
                       INC     DPTR
                       MOVX    A,@DPTR
                       MOV     R1,A
                 E     CALL    ?C?CLDPTR
                       MOV     R7,A
                 E     MOV     DPH,?C_XBP
                 E     MOV     DPL,?C_XBP+01H
                       MOVX    A,@DPTR
                       MOV     R3,A
                       INC     DPTR
                       MOVX    A,@DPTR
                       MOV     R2,A
                       INC     DPTR
                       MOVX    A,@DPTR
                       ADD     A,#03H
                       MOV     R1,A
                       CLR     A
                       ADDC    A,R2
                       MOV     R2,A
                       MOV     A,R7
                 E     CALL    ?C?CSTPTR
                                           ; SOURCE LINE # 214
                       MOV     DPTR,#06H
                 E     CALL    ?C?XBPOFF
                       MOVX    A,@DPTR
                       MOV     R4,A
                       INC     DPTR
                       MOVX    A,@DPTR
                       MOV     R5,A
                       INC     DPTR
                       MOVX    A,@DPTR
                       MOV     R6,A
                       INC     DPTR
                       MOVX    A,@DPTR
                       MOV     R7,A
                                           ; SOURCE LINE # 215
             ?C0039:
                       MOV     DPTR,#0EH
C51 COMPILER V9.51   MAIN                                                                  11/29/2024 11:36:23 PAGE 17  

                 E     CALL    ?C?ADDXBP
                       RET     
             ; FUNCTION _?swap32 (END)

             ; FUNCTION _?swap16 (BEGIN)
                                           ; SOURCE LINE # 217
                       MOV     DPTR,#0FFFEH
                 E     CALL    ?C?ADDXBP
                       MOV     A,R6
                       MOVX    @DPTR,A
                       INC     DPTR
                       MOV     A,R7
                       MOVX    @DPTR,A
                       MOV     DPTR,#0FFF8H
                 E     CALL    ?C?ADDXBP
                                           ; SOURCE LINE # 220
                       MOV     R3,#01H
                       MOV     DPTR,#06H
                 E     CALL    ?C?XBPOFF
                       MOV     R1,DPL
                       MOV     R2,DPH
                 E     MOV     DPH,?C_XBP
                 E     MOV     DPL,?C_XBP+01H
                       MOV     A,R3
                       MOVX    @DPTR,A
                       INC     DPTR
                       MOV     A,R2
                       MOVX    @DPTR,A
                       INC     DPTR
                       MOV     A,R1
                       MOVX    @DPTR,A
                                           ; SOURCE LINE # 221
                       MOV     R3,#01H
                       MOV     DPTR,#08H
                 E     CALL    ?C?XBPOFF
                       MOV     R1,DPL
                       MOV     R2,DPH
                       MOV     DPTR,#03H
                 E     CALL    ?C?XBPOFF
                       MOV     A,R3
                       MOVX    @DPTR,A
                       INC     DPTR
                       MOV     A,R2
                       MOVX    @DPTR,A
                       INC     DPTR
                       MOV     A,R1
                       MOVX    @DPTR,A
                                           ; SOURCE LINE # 222
                       MOV     DPTR,#03H
                 E     CALL    ?C?XBPOFF
                       MOVX    A,@DPTR
                       MOV     R3,A
                       INC     DPTR
                       MOVX    A,@DPTR
                       MOV     R2,A
                       INC     DPTR
                       MOVX    A,@DPTR
                       ADD     A,#01H
                       MOV     R1,A
                       CLR     A
                       ADDC    A,R2
                       MOV     R2,A
C51 COMPILER V9.51   MAIN                                                                  11/29/2024 11:36:23 PAGE 18  

                 E     CALL    ?C?CLDPTR
                       MOV     R7,A
                 E     MOV     DPH,?C_XBP
                 E     MOV     DPL,?C_XBP+01H
                       MOVX    A,@DPTR
                       MOV     R3,A
                       INC     DPTR
                       MOVX    A,@DPTR
                       MOV     R2,A
                       INC     DPTR
                       MOVX    A,@DPTR
                       MOV     R1,A
                       MOV     A,R7
                 E     CALL    ?C?CSTPTR
                                           ; SOURCE LINE # 223
                       MOV     DPTR,#03H
                 E     CALL    ?C?XBPOFF
                       MOVX    A,@DPTR
                       MOV     R3,A
                       INC     DPTR
                       MOVX    A,@DPTR
                       MOV     R2,A
                       INC     DPTR
                       MOVX    A,@DPTR
                       MOV     R1,A
                 E     CALL    ?C?CLDPTR
                       MOV     R7,A
                 E     MOV     DPH,?C_XBP
                 E     MOV     DPL,?C_XBP+01H
                       MOVX    A,@DPTR
                       MOV     R3,A
                       INC     DPTR
                       MOVX    A,@DPTR
                       MOV     R2,A
                       INC     DPTR
                       MOVX    A,@DPTR
                       ADD     A,#01H
                       MOV     R1,A
                       CLR     A
                       ADDC    A,R2
                       MOV     R2,A
                       MOV     A,R7
                 E     CALL    ?C?CSTPTR
                                           ; SOURCE LINE # 224
                       MOV     DPTR,#06H
                 E     CALL    ?C?XBPOFF
                       MOVX    A,@DPTR
                       MOV     R6,A
                       INC     DPTR
                       MOVX    A,@DPTR
                       MOV     R7,A
                                           ; SOURCE LINE # 225
             ?C0040:
                       MOV     DPTR,#0AH
                 E     CALL    ?C?ADDXBP
                       RET     
             ; FUNCTION _?swap16 (END)

             ; FUNCTION _ERROR (BEGIN)
                                           ; SOURCE LINE # 226
                 R     MOV     DPTR,#msg
                       MOV     A,R3
C51 COMPILER V9.51   MAIN                                                                  11/29/2024 11:36:23 PAGE 19  

                       MOVX    @DPTR,A
                       INC     DPTR
                       MOV     A,R2
                       MOVX    @DPTR,A
                       INC     DPTR
                       MOV     A,R1
                       MOVX    @DPTR,A
                                           ; SOURCE LINE # 228
                       CLR     A
                 R     MOV     DPTR,#timer
                       MOVX    @DPTR,A
                       INC     DPTR
                       MOVX    @DPTR,A
                                           ; SOURCE LINE # 230
                 E     MOV     DPTR,#USBFS_initVar
                       MOVX    A,@DPTR
                 R     xJZ     ?C0041
                 E     CALL    USBFS_Stop
             ?C0041:
                                           ; SOURCE LINE # 231
                 E     CALL    Control_Read
                       MOV     A,R7
                       ANL     A,#01H
                       ORL     A,#0AH
                       MOV     R7,A
                 E     CALL    _Control_Write
                                           ; SOURCE LINE # 232
                 R     MOV     DPTR,#msg
                       MOVX    A,@DPTR
                       MOV     R3,A
                       INC     DPTR
                       MOVX    A,@DPTR
                       MOV     R2,A
                       INC     DPTR
                       MOVX    A,@DPTR
                       MOV     R1,A
                 E     CALL    _Morse_Main
                                           ; SOURCE LINE # 234
             ?C0042:
                                           ; SOURCE LINE # 235
                 E     CALL    Status_Read
                       MOV     A,R7
                       ANL     A,#08H
                       MOV     R7,A
;---- Variable 'i' assigned to Register 'R7' ----
                                           ; SOURCE LINE # 236
                 R     MOV     DPTR,#beat
                       MOVX    A,@DPTR
                       XRL     A,R7
                 R     xJZ     ?C0042
                                           ; SOURCE LINE # 237
                       MOV     A,R7
                       MOVX    @DPTR,A
                                           ; SOURCE LINE # 238
                       INC     DPTR
                       MOV     A,#0FFH
                       MOV     B,A
                 E     CALL    ?C?ILDIX
                       ORL     A,B
                 R     xJNZ    ?C0042
                                           ; SOURCE LINE # 239
                 R     MOV     DPTR,#timer
C51 COMPILER V9.51   MAIN                                                                  11/29/2024 11:36:23 PAGE 20  

                       INC     A
                       MOVX    @DPTR,A
                       INC     DPTR
                       MOV     A,#0E0H
                       MOVX    @DPTR,A
                                           ; SOURCE LINE # 240
                       MOV     R3,#00H
                       MOV     R2,#00H
                       MOV     R1,#00H
                 E     CALL    _Morse_Main
                                           ; SOURCE LINE # 241
                                           ; SOURCE LINE # 242
                                           ; SOURCE LINE # 243
                 R     xJMP    ?C0042
                       RET     
             ; FUNCTION _ERROR (END)



MODULE INFORMATION:   STATIC OVERLAYABLE
   CODE SIZE        =   1248    ----
   CONSTANT SIZE    =     16    ----
   XDATA SIZE       =     27      23
   PDATA SIZE       =   ----    ----
   DATA SIZE        =   ----    ----
   IDATA SIZE       =   ----    ----
   BIT SIZE         =   ----    ----
   EDATA SIZE       =   ----    ----
   HDATA SIZE       =   ----    ----
   XDATA CONST SIZE =   ----    ----
   FAR CONST SIZE   =   ----    ----
END OF MODULE INFORMATION.


C51 COMPILATION COMPLETE.  0 WARNING(S),  0 ERROR(S)
