C51 COMPILER V9.51   SETTINGS01                                                            09/03/2026 15:23:29 PAGE 1   


C51 COMPILER V9.51, COMPILATION OF MODULE SETTINGS01
OBJECT MODULE PLACED IN DP8051\DP8051_Keil_951\Debug\settings01.obj
COMPILER INVOKED BY: C:\Program Files (x86)\Cypress\PSoC Creator\4.4\PSoC Creator\import\keil\pk51\9.51\C51\BIN\C51.exe 
                    -settings01.c NOIV LARGE MODDP2 OMF2 VB(1) NOIP INCDIR(.,Generated_Source\PSoC3) FF(3) DB WL(2) PR(DP8051\DP8051_Keil_951
                    -\Debug\settings01.lst) CD OT(5,SPEED) OA OJ(DP8051\DP8051_Keil_951\Debug\settings01.obj)

line level    source

   1          // Copyright 2013 David Turnbull AE9RB
   2          //
   3          // Licensed under the Apache License, Version 2.0 (the "License");
   4          // you may not use this file except in compliance with the License.
   5          // You may obtain a copy of the License at
   6          //
   7          //     http://www.apache.org/licenses/LICENSE-2.0
   8          //
   9          // Unless required by applicable law or agreed to in writing, software
  10          // distributed under the License is distributed on an "AS IS" BASIS,
  11          // WITHOUT WARRANTIES OR CONDITIONS OF ANY KIND, either express or implied.
  12          // See the License for the specific language governing permissions and
  13          // limitations under the License.
  14          // 10/01/2016 Added support for Proficio
  15          // 02/18/2017 Added support for native CW
  16          // Copyright © 2015-2017 Omnia SDR
  17          
  18          // Variable naming conventions:     E_<variable> -> Externally defined global
  19          //                                  ff_<variable> -> Externally defined global stored in flash memory
  20          //                                  ee_<variable> -> Externally defined global to be stored in EEPROM memo
             -ry
  21          //                                  l_<variable> -> locally defined variable
  22          //                                  All UPPERCASE -> Define
  23          
  24          
  25          #include <basic-plus.h>
  26          #include "si5351a.h"
  27          
  28          #define XTAL_MIN (114.285 - 2)
  29          #define XTAL_MAX (114.285 + 2)
  30          
  31          uint8 buffer[CYDEV_EEPROM_ROW_SIZE];
  32          
  33          
  34          #define XTAL_DATA(mem) (*(reg32*)(mem+0))
  35          #define REVERSE_DATA(mem) (*(reg8*)(mem+4))
  36          
  37          #define PPM_INT 0
  38          #define PPM_DEC 1
  39          #define PPM_RECEIVED 0x03
  40          #define AUDIO_CHANNELS 2
  41          #define CALIBRATION_TEMPERATURE 3
  42          #define DELAY_LIMIT 200
  43          
  44          
  45          
  46          void Settings_Init(){
  47   1          reg8  *RegPointer;
  48   1          
  49   1          EEPROM_Start();
  50   1          CyDelay(100);
  51   1          RegPointer = (reg8 *) (CYDEV_EE_BASE + 0u);
  52   1          ee_ppm_int = RegPointer[PPM_INT];
C51 COMPILER V9.51   SETTINGS01                                                            09/03/2026 15:23:29 PAGE 2   

  53   1          ee_ppm_dec = RegPointer[PPM_DEC];
  54   1          /*if(ee_ppm_int == 0){
  55   1              ee_ppm_int = -21;
  56   1          }
  57   1          if(ee_ppm_dec == 0){
  58   1              ee_ppm_dec = -50;
  59   1          }*/
  60   1          Audio_IQ_Channels = RegPointer[AUDIO_CHANNELS];
  61   1          Audio_IQ_Channels = 0;
  62   1      }
  63          
  64          int Set_PPM(void ) {
  65   1          volatile cystatus status = 0;
  66   1          reg8 *RegPointer;
  67   1          uint8_t i = 0;
  68   1          uint8_t freq_status =0;
  69   1                
  70   1          RegPointer = (reg8 *) (CYDEV_EE_BASE + 0u);
  71   1          status = EEPROM_QueryWrite();
  72   1          if(status != CYRET_STARTED){
  73   2              for (i=3; i < CYDEV_EEPROM_ROW_SIZE; i++) {
  74   3                  buffer[i] = 0;
  75   3              }
  76   2              buffer[PPM_INT] = ee_ppm_int;
  77   2              buffer[PPM_DEC] = ee_ppm_dec;
  78   2              buffer[AUDIO_CHANNELS] = Audio_IQ_Channels;
  79   2              //CySetTemp();
  80   2              EEPROM_StartWrite(buffer, 0);
  81   2              //while((si5351aSetFrequency((E_current_LO_freq + 100)) != 0));
  82   2              //while((si5351aSetFrequency((E_current_LO_freq)) != 0));
  83   2              E_PPM_needs_updated = 0;
  84   2              E_PPM_needs_set = E_PPM_NEEDS_SET_STEP_1;
  85   2          }
  86   1          return status;
  87   1        }
  88          
  89          
  90          
  91          void Settings_Main(){
  92   1          //volatile uint8 l_audio_channels;
  93   1          reg8 *RegPointer;
  94   1          cystatus  error = 0;
  95   1          //uint8 critical_section;
  96   1          volatile int8 l_calibration_int = 0;
  97   1          volatile int8 l_calibration_dec = 0;
  98   1          
  99   1          
 100   1          RegPointer = (reg8 *) (CYDEV_EE_BASE + 0u);
 101   1          l_calibration_int = ee_ppm_int;
 102   1          l_calibration_dec = ee_ppm_dec;
 103   1          if(E_PPM_needs_updated == PPM_RECEIVED){
 104   2              l_calibration_int = (E_calibration_int);
 105   2              l_calibration_dec = (E_calibration_dec);
 106   2              ee_ppm_int = (l_calibration_int);   
 107   2              ee_ppm_dec = (l_calibration_dec);
 108   2              Set_PPM();
 109   2          }
 110   1              
 111   1          /*l_audio_channels = RegPointer[AUDIO_CHANNELS];
 112   1          if(l_audio_channels != Audio_IQ_Channels){
 113   1              critical_section = CyEnterCriticalSection();
 114   1              error = EEPROM_ByteWritePos(Audio_IQ_Channels,0u,AUDIO_CHANNELS);
C51 COMPILER V9.51   SETTINGS01                                                            09/03/2026 15:23:29 PAGE 3   

 115   1              CyExitCriticalSection(critical_section);
 116   1          }*/
 117   1      }    
 118          
 119          /*void Settings_Init(void) {
 120              float crystal_freq;
 121              EEPROM_Start();
 122              
 123              crystal_freq = ((float)swap32(*(reg32*)CYDEV_EE_BASE) / 0x01000000);
 124              
 125              if (
 126                  crystal_freq < XTAL_MIN || crystal_freq > XTAL_MAX ||
 127                  REVERSE_DATA(CYDEV_EE_BASE) > 3
 128              ) {
 129                  // New radio! Si570_Start() will compute xtal
 130                  // and it will immediately be stored in eeprom.
 131                  Si570_Xtal = 0;
 132                  Audio_IQ_Channels = 0;
 133              } else {
 134                  Si570_Xtal = XTAL_DATA(CYDEV_EE_BASE);
 135                  Audio_IQ_Channels = REVERSE_DATA(CYDEV_EE_BASE);
 136              }
 137              
 138          }
 139          
 140          void Settings_Main(void) {
 141              uint8 i;
 142              
 143              if (
 144                  XTAL_DATA(CYDEV_EE_BASE) != Si570_Xtal ||
 145                  REVERSE_DATA(CYDEV_EE_BASE) != Audio_IQ_Channels
 146              ) {
 147                  if (EEPROM_QueryWrite() != CYRET_STARTED) {
 148                      for (i=4; i < CYDEV_EEPROM_ROW_SIZE; i++) buffer[i] = 0;
 149                      XTAL_DATA(buffer) = Si570_Xtal;
 150                      REVERSE_DATA(buffer) = Audio_IQ_Channels;
 151                      CySetTemp();
 152                      EEPROM_StartWrite(buffer, 0);
 153                  }
 154              }
 155          
 156          }*/
C51 COMPILER V9.51   SETTINGS01                                                            09/03/2026 15:23:29 PAGE 4   

ASSEMBLY LISTING OF GENERATED OBJECT CODE


             ; FUNCTION Settings_Init (BEGIN)
                                           ; SOURCE LINE # 46
                                           ; SOURCE LINE # 49
                 E     CALL    EEPROM_Start
                                           ; SOURCE LINE # 50
                       CLR     A
                       MOV     R7,#064H
                       MOV     R6,A
                       MOV     R5,A
                       MOV     R4,A
                 E     CALL    _?CyDelay
                                           ; SOURCE LINE # 51
;---- Variable 'RegPointer' assigned to Register 'R6/R7' ----
                       MOV     R7,#00H
                       MOV     R6,#080H
                                           ; SOURCE LINE # 52
                       MOV     DPL,R7
                       MOV     DPH,R6
                       MOVX    A,@DPTR
                 E     MOV     DPTR,#ee_ppm_int
                       MOVX    @DPTR,A
                                           ; SOURCE LINE # 53
                       MOV     DPL,R7
                       MOV     DPH,R6
                       INC     DPTR
                       MOVX    A,@DPTR
                 E     MOV     DPTR,#ee_ppm_dec
                       MOVX    @DPTR,A
                                           ; SOURCE LINE # 60
                       MOV     DPL,R7
                       MOV     DPH,R6
                       INC     DPTR
                       INC     DPTR
                       MOVX    A,@DPTR
                 E     MOV     DPTR,#Audio_IQ_Channels
                       MOVX    @DPTR,A
                                           ; SOURCE LINE # 61
                       CLR     A
                       MOVX    @DPTR,A
                                           ; SOURCE LINE # 62
                       RET     
             ; FUNCTION Settings_Init (END)

             ; FUNCTION Set_PPM (BEGIN)
                                           ; SOURCE LINE # 64
                                           ; SOURCE LINE # 65
                       CLR     A
                 R     MOV     DPTR,#status
                       MOVX    @DPTR,A
                                           ; SOURCE LINE # 67
                 R     MOV     DPTR,#i
                       MOVX    @DPTR,A
                                           ; SOURCE LINE # 68
                       INC     DPTR
                       MOVX    @DPTR,A
                                           ; SOURCE LINE # 70
                 R     MOV     DPTR,#RegPointer
                       MOV     A,#080H
                       MOVX    @DPTR,A
C51 COMPILER V9.51   SETTINGS01                                                            09/03/2026 15:23:29 PAGE 5   

                       INC     DPTR
                       CLR     A
                       MOVX    @DPTR,A
                                           ; SOURCE LINE # 71
                 E     CALL    EEPROM_Query
                 R     MOV     DPTR,#status
                       MOV     A,R7
                       MOVX    @DPTR,A
                                           ; SOURCE LINE # 72
                       MOVX    A,@DPTR
                       XRL     A,#07H
                 R     xJZ     ?C0002
                                           ; SOURCE LINE # 73
                 R     MOV     DPTR,#i
                       MOV     A,#03H
                       MOVX    @DPTR,A
             ?C0003:
                 R     MOV     DPTR,#i
                       MOVX    A,@DPTR
                       MOV     R7,A
                       CLR     C
                       SUBB    A,#010H
                 R     xJGE    ?C0004
                                           ; SOURCE LINE # 74
                 R     MOV     A,#LOW buffer
                       ADD     A,R7
                       MOV     DPL,A
                       CLR     A
                 R     ADDC    A,#HIGH buffer
                       MOV     DPH,A
                       CLR     A
                       MOVX    @DPTR,A
                                           ; SOURCE LINE # 75
                 R     MOV     DPTR,#i
                       MOVX    A,@DPTR
                       INC     A
                       MOVX    @DPTR,A
                 R     xJMP    ?C0003
             ?C0004:
                                           ; SOURCE LINE # 76
                 E     MOV     DPTR,#ee_ppm_int
                       MOVX    A,@DPTR
                 R     MOV     DPTR,#buffer
                       MOVX    @DPTR,A
                                           ; SOURCE LINE # 77
                 E     MOV     DPTR,#ee_ppm_dec
                       MOVX    A,@DPTR
                 R     MOV     DPTR,#buffer+01H
                       MOVX    @DPTR,A
                                           ; SOURCE LINE # 78
                 E     MOV     DPTR,#Audio_IQ_Channels
                       MOVX    A,@DPTR
                 R     MOV     DPTR,#buffer+02H
                       MOVX    @DPTR,A
                                           ; SOURCE LINE # 80
                       MOV     R3,#01H
                 R     MOV     R2,#HIGH buffer
                 R     MOV     R1,#LOW buffer
                       CLR     A
                       MOV     R5,A
                 E     CALL    _EEPROM_StartWrite
                                           ; SOURCE LINE # 83
C51 COMPILER V9.51   SETTINGS01                                                            09/03/2026 15:23:29 PAGE 6   

                       CLR     A
                 E     MOV     DPTR,#E_PPM_needs_updated
                       MOVX    @DPTR,A
                                           ; SOURCE LINE # 84
                 E     MOV     DPTR,#E_PPM_needs_set
                       MOV     A,#02H
                       MOVX    @DPTR,A
                                           ; SOURCE LINE # 85
             ?C0002:
                                           ; SOURCE LINE # 86
                 R     MOV     DPTR,#status
                       MOVX    A,@DPTR
                       MOV     R7,A
                       MOV     R6,#00H
                                           ; SOURCE LINE # 87
             ?C0006:
                       RET     
             ; FUNCTION Set_PPM (END)

             ; FUNCTION Settings_Main (BEGIN)
                                           ; SOURCE LINE # 91
                                           ; SOURCE LINE # 94
                       CLR     A
                 R     MOV     DPTR,#error
                       MOVX    @DPTR,A
                                           ; SOURCE LINE # 96
                       INC     DPTR
                       MOVX    @DPTR,A
                                           ; SOURCE LINE # 97
                       INC     DPTR
                       MOVX    @DPTR,A
                                           ; SOURCE LINE # 100
                 R     MOV     DPTR,#RegPointer
                       MOV     A,#080H
                       MOVX    @DPTR,A
                       INC     DPTR
                       CLR     A
                       MOVX    @DPTR,A
                                           ; SOURCE LINE # 101
                 E     MOV     DPTR,#ee_ppm_int
                       MOVX    A,@DPTR
                 R     MOV     DPTR,#l_calibration_int
                       MOVX    @DPTR,A
                                           ; SOURCE LINE # 102
                 E     MOV     DPTR,#ee_ppm_dec
                       MOVX    A,@DPTR
                 R     MOV     DPTR,#l_calibration_dec
                       MOVX    @DPTR,A
                                           ; SOURCE LINE # 103
                 E     MOV     DPTR,#E_PPM_needs_updated
                       MOVX    A,@DPTR
                 R     xJNE    A,#03H,?C0008
                                           ; SOURCE LINE # 104
                 E     MOV     DPTR,#E_calibration_int
                       MOVX    A,@DPTR
                 R     MOV     DPTR,#l_calibration_int
                       MOVX    @DPTR,A
                                           ; SOURCE LINE # 105
                 E     MOV     DPTR,#E_calibration_dec
                       MOVX    A,@DPTR
                 R     MOV     DPTR,#l_calibration_dec
                       MOVX    @DPTR,A
C51 COMPILER V9.51   SETTINGS01                                                            09/03/2026 15:23:29 PAGE 7   

                                           ; SOURCE LINE # 106
                 R     MOV     DPTR,#l_calibration_int
                       MOVX    A,@DPTR
                 E     MOV     DPTR,#ee_ppm_int
                       MOVX    @DPTR,A
                                           ; SOURCE LINE # 107
                 R     MOV     DPTR,#l_calibration_dec
                       MOVX    A,@DPTR
                 E     MOV     DPTR,#ee_ppm_dec
                       MOVX    @DPTR,A
                                           ; SOURCE LINE # 108
                 R     CALL    Set_PPM
                                           ; SOURCE LINE # 109
                                           ; SOURCE LINE # 117
             ?C0008:
                       RET     
             ; FUNCTION Settings_Main (END)



MODULE INFORMATION:   STATIC OVERLAYABLE
   CODE SIZE        =    261    ----
   CONSTANT SIZE    =   ----    ----
   XDATA SIZE       =     16      10
   PDATA SIZE       =   ----    ----
   DATA SIZE        =   ----    ----
   IDATA SIZE       =   ----    ----
   BIT SIZE         =   ----    ----
   EDATA SIZE       =   ----    ----
   HDATA SIZE       =   ----    ----
   XDATA CONST SIZE =   ----    ----
   FAR CONST SIZE   =   ----    ----
END OF MODULE INFORMATION.


C51 COMPILATION COMPLETE.  0 WARNING(S),  0 ERROR(S)
