C51 COMPILER V9.51   USBFS_CLS                                                             11/29/2024 11:35:21 PAGE 1   


C51 COMPILER V9.51, COMPILATION OF MODULE USBFS_CLS
OBJECT MODULE PLACED IN .\DP8051\DP8051_Keil_951\Debug\USBFS_cls.obj
COMPILER INVOKED BY: C:\Program Files (x86)\Cypress\PSoC Creator\4.2\PSoC Creator\import\keil\pk51\9.51\C51\BIN\c51.exe 
                    -Generated_Source\PSoC3\USBFS_cls.c NOIV LARGE MODDP2 OMF2 VB(1) NOIP INCDIR(.,Generated_Source\PSoC3) FF(3) DB WL(2) PR(
                    -.\DP8051\DP8051_Keil_951\Debug/USBFS_cls.lst) CD OT(5,SPEED) OA OJ(.\DP8051\DP8051_Keil_951\Debug\USBFS_cls.obj)

line level    source

   1          /***************************************************************************//**
   2          * \file USBFS_cls.c
   3          * \version 3.20
   4          *
   5          * \brief
   6          *  This file contains the USB Class request handler.
   7          *
   8          ********************************************************************************
   9          * \copyright
  10          * Copyright 2008-2016, Cypress Semiconductor Corporation.  All rights reserved.
  11          * You may use this file only in accordance with the license, terms, conditions,
  12          * disclaimers, and limitations in the end user license agreement accompanying
  13          * the software package with which this file was provided.
  14          *******************************************************************************/
  15          
  16          #include "USBFS_pvt.h"
  17          
  18          
  19          #if(USBFS_EXTERN_CLS == USBFS_FALSE)
  20          
  21          /***************************************
  22          * User Implemented Class Driver Declarations.
  23          ***************************************/
  24          /* `#START USER_DEFINED_CLASS_DECLARATIONS` Place your declaration here */
  25          
  26          /* `#END` */
  27          
  28          
  29          /*******************************************************************************
  30          * Function Name: USBFS_DispatchClassRqst
  31          ****************************************************************************//**
  32          *  This routine dispatches class specific requests depend on interface class.
  33          *
  34          * \return
  35          *  requestHandled.
  36          *
  37          * \reentrant
  38          *  No.
  39          *
  40          *******************************************************************************/
  41          uint8 USBFS_DispatchClassRqst(void) 
  42          {
  43   1          uint8 interfaceNumber;
  44   1          uint8 requestHandled = USBFS_FALSE;
  45   1      
  46   1          /* Get interface to which request is intended. */
  47   1          switch (USBFS_bmRequestTypeReg & USBFS_RQST_RCPT_MASK)
  48   1          {
  49   2              case USBFS_RQST_RCPT_IFC:
  50   2                  /* Class-specific request directed to interface: wIndexLoReg 
  51   2                  * contains interface number.
  52   2                  */
  53   2                  interfaceNumber = (uint8) USBFS_wIndexLoReg;
C51 COMPILER V9.51   USBFS_CLS                                                             11/29/2024 11:35:21 PAGE 2   

  54   2                  break;
  55   2              
  56   2              case USBFS_RQST_RCPT_EP:
  57   2                  /* Class-specific request directed to endpoint: wIndexLoReg contains 
  58   2                  * endpoint number. Find interface related to endpoint. 
  59   2                  */
  60   2                  interfaceNumber = USBFS_EP[USBFS_wIndexLoReg & USBFS_DIR_UNUSED].interface;
  61   2                  break;
  62   2                  
  63   2              default:
  64   2                  /* Default interface is zero. */
  65   2                  interfaceNumber = 0u;
  66   2                  break;
  67   2          }
  68   1          
  69   1          /* Check that interface is within acceptable range */
  70   1          if (interfaceNumber <= USBFS_MAX_INTERFACES_NUMBER)
  71   1          {
  72   2          #if (defined(USBFS_ENABLE_HID_CLASS)   || \
  73   2               defined(USBFS_ENABLE_AUDIO_CLASS) || \
  74   2               defined(USBFS_ENABLE_CDC_CLASS)   || \
  75   2               USBFS_ENABLE_MSC_CLASS)
  76   2      
  77   2              /* Handle class request depends on interface type. */
  78   2              switch (USBFS_interfaceClass[interfaceNumber])
  79   2              {
  80   3              #if defined(USBFS_ENABLE_HID_CLASS)
                          case USBFS_CLASS_HID:
                              requestHandled = USBFS_DispatchHIDClassRqst();
                              break;
                      #endif /* (USBFS_ENABLE_HID_CLASS) */
  85   3                      
  86   3              #if defined(USBFS_ENABLE_AUDIO_CLASS)
  87   3                  case USBFS_CLASS_AUDIO:
  88   3                      requestHandled = USBFS_DispatchAUDIOClassRqst();
  89   3                      break;
  90   3              #endif /* (USBFS_CLASS_AUDIO) */
  91   3                      
  92   3              #if defined(USBFS_ENABLE_CDC_CLASS)
                          case USBFS_CLASS_CDC:
                              requestHandled = USBFS_DispatchCDCClassRqst();
                              break;
                      #endif /* (USBFS_ENABLE_CDC_CLASS) */
  97   3                  
  98   3              #if (USBFS_ENABLE_MSC_CLASS)
                          case USBFS_CLASS_MSD:
                          #if (USBFS_HANDLE_MSC_REQUESTS)
                              /* MSC requests are handled by the component. */
                              requestHandled = USBFS_DispatchMSCClassRqst();
                          #elif defined(USBFS_DISPATCH_MSC_CLASS_RQST_CALLBACK)
                              /* MSC requests are handled by user defined callbcak. */
                              requestHandled = USBFS_DispatchMSCClassRqst_Callback();
                          #else
                              /* MSC requests are not handled. */
                              requestHandled = USBFS_FALSE;
                          #endif /* (USBFS_HANDLE_MSC_REQUESTS) */
                              break;
                      #endif /* (USBFS_ENABLE_MSC_CLASS) */
 112   3                  
 113   3                  default:
 114   3                      /* Request is not handled: unknown class request type. */
 115   3                      requestHandled = USBFS_FALSE;
C51 COMPILER V9.51   USBFS_CLS                                                             11/29/2024 11:35:21 PAGE 3   

 116   3                      break;
 117   3              }
 118   2          #endif /* Class support is enabled */
 119   2          }
 120   1          
 121   1          /* `#START USER_DEFINED_CLASS_CODE` Place your Class request here */
 122   1      
 123   1          /* `#END` */
 124   1      
 125   1      #ifdef USBFS_DISPATCH_CLASS_RQST_CALLBACK
                  if (USBFS_FALSE == requestHandled)
                  {
                      requestHandled = USBFS_DispatchClassRqst_Callback(interfaceNumber);
                  }
              #endif /* (USBFS_DISPATCH_CLASS_RQST_CALLBACK) */
 131   1      
 132   1          return (requestHandled);
 133   1      }
 134          
 135          
 136          /*******************************************************************************
 137          * Additional user functions supporting Class Specific Requests
 138          ********************************************************************************/
 139          
 140          /* `#START CLASS_SPECIFIC_FUNCTIONS` Place any additional functions here */
 141          
 142          /* `#END` */
 143          
 144          #endif /* USBFS_EXTERN_CLS */
 145          
 146          
 147          /* [] END OF FILE */
C51 COMPILER V9.51   USBFS_CLS                                                             11/29/2024 11:35:21 PAGE 4   

ASSEMBLY LISTING OF GENERATED OBJECT CODE


             ; FUNCTION USBFS_DispatchClassRqst (BEGIN)
                                           ; SOURCE LINE # 41
                                           ; SOURCE LINE # 42
                                           ; SOURCE LINE # 44
                       CLR     A
                 R     MOV     DPTR,#requestHandled
                       MOVX    @DPTR,A
                                           ; SOURCE LINE # 47
                       MOV     DPTR,#06000H
                       MOVX    A,@DPTR
                       ANL     A,#03H
                       ADD     A,#0FEH
                 R     xJZ     ?C0003
                       INC     A
                 R     xJNZ    ?C0004
                                           ; SOURCE LINE # 48
                                           ; SOURCE LINE # 49
             ?C0002:
                                           ; SOURCE LINE # 53
                       MOV     DPTR,#06004H
                       MOVX    A,@DPTR
                 R     MOV     DPTR,#interfaceNumber
                       MOVX    @DPTR,A
                                           ; SOURCE LINE # 54
                 R     xJMP    ?C0001
                                           ; SOURCE LINE # 56
             ?C0003:
                                           ; SOURCE LINE # 60
                       MOV     DPTR,#06004H
                       MOVX    A,@DPTR
                       ANL     A,#07FH
                       MOV     B,#0BH
                       MUL     AB
                 E     ADD     A,#LOW USBFS_EP+0AH
                       MOV     DPL,A
                       CLR     A
                 E     ADDC    A,#HIGH USBFS_EP+0AH
                       MOV     DPH,A
                       MOVX    A,@DPTR
                 R     MOV     DPTR,#interfaceNumber
                       MOVX    @DPTR,A
                                           ; SOURCE LINE # 61
                 R     xJMP    ?C0001
                                           ; SOURCE LINE # 63
             ?C0004:
                                           ; SOURCE LINE # 65
                       CLR     A
                 R     MOV     DPTR,#interfaceNumber
                       MOVX    @DPTR,A
                                           ; SOURCE LINE # 66
                                           ; SOURCE LINE # 67
             ?C0001:
                                           ; SOURCE LINE # 70
                 R     MOV     DPTR,#interfaceNumber
                       MOVX    A,@DPTR
                       MOV     R7,A
                       SETB    C
                       SUBB    A,#04H
                 R     xJGE    ?C0005
C51 COMPILER V9.51   USBFS_CLS                                                             11/29/2024 11:35:21 PAGE 5   

                                           ; SOURCE LINE # 71
                                           ; SOURCE LINE # 78
                 E     MOV     DPTR,#USBFS_interfaceClass
                       MOVX    A,@DPTR
                       MOV     R4,A
                       INC     DPTR
                       MOVX    A,@DPTR
                       ADD     A,R7
                       MOV     DPL,A
                       CLR     A
                       ADDC    A,R4
                       MOV     DPH,A
                       CLR     A
                       MOVC    A,@A+DPTR
                       DEC     A
                 R     xJNZ    ?C0008
                                           ; SOURCE LINE # 79
                                           ; SOURCE LINE # 87
             ?C0007:
                                           ; SOURCE LINE # 88
                 E     CALL    USBFS_DispatchAUDIOClassRqst
                 R     MOV     DPTR,#requestHandled
                       MOV     A,R7
                       MOVX    @DPTR,A
                                           ; SOURCE LINE # 89
                 R     xJMP    ?C0005
                                           ; SOURCE LINE # 113
             ?C0008:
                                           ; SOURCE LINE # 115
                       CLR     A
                 R     MOV     DPTR,#requestHandled
                       MOVX    @DPTR,A
                                           ; SOURCE LINE # 116
                                           ; SOURCE LINE # 117
                                           ; SOURCE LINE # 119
             ?C0005:
                                           ; SOURCE LINE # 132
                 R     MOV     DPTR,#requestHandled
                       MOVX    A,@DPTR
                       MOV     R7,A
                                           ; SOURCE LINE # 133
             ?C0009:
                       RET     
             ; FUNCTION USBFS_DispatchClassRqst (END)



MODULE INFORMATION:   STATIC OVERLAYABLE
   CODE SIZE        =    124    ----
   CONSTANT SIZE    =   ----    ----
   XDATA SIZE       =   ----       2
   PDATA SIZE       =   ----    ----
   DATA SIZE        =   ----    ----
   IDATA SIZE       =   ----    ----
   BIT SIZE         =   ----    ----
   EDATA SIZE       =   ----    ----
   HDATA SIZE       =   ----    ----
   XDATA CONST SIZE =   ----    ----
   FAR CONST SIZE   =   ----    ----
END OF MODULE INFORMATION.


C51 COMPILATION COMPLETE.  0 WARNING(S),  0 ERROR(S)
