C51 COMPILER V9.51   USBVEND01                                                             09/03/2026 15:23:30 PAGE 1   


C51 COMPILER V9.51, COMPILATION OF MODULE USBVEND01
OBJECT MODULE PLACED IN DP8051\DP8051_Keil_951\Debug\usbvend01.obj
COMPILER INVOKED BY: C:\Program Files (x86)\Cypress\PSoC Creator\4.4\PSoC Creator\import\keil\pk51\9.51\C51\BIN\C51.exe 
                    -usbvend01.c NOIV LARGE MODDP2 OMF2 VB(1) NOIP INCDIR(.,Generated_Source\PSoC3) FF(3) DB WL(2) PR(DP8051\DP8051_Keil_951\
                    -Debug\usbvend01.lst) CD OT(5,SPEED) OA OJ(DP8051\DP8051_Keil_951\Debug\usbvend01.obj)

line level    source

   1          // Copyright 2013 David Turnbull AE9RB
   2          //
   3          // Licensed under the Apache License, Version 2.0 (the "License");
   4          // you may not use this file except in compliance with the License.
   5          // You may obtain a copy of the License at
   6          //
   7          //     http://www.apache.org/licenses/LICENSE-2.0
   8          //
   9          // Unless required by applicable law or agreed to in writing, software
  10          // distributed under the License is distributed on an "AS IS" BASIS,
  11          // WITHOUT WARRANTIES OR CONDITIONS OF ANY KIND, either express or implied.
  12          // See the License for the specific language governing permissions and
  13          // limitations under the License.
  14          // 10/01/2016 Added support for Proficio
  15          // 02/18/2017 Added support for native CW
  16          // Copyright © 2015-2017 Omnia SDR
  17          
  18          // Variable naming conventions:     E_<variable> -> Externally defined global
  19          //                                  ff_<variable> -> Externally defined global stored in flash memory
  20          //                                  ee_<variable> -> Externally defined global to be stored in EEPROM memo
             -ry
  21          //                                  l_<variable> -> locally defined variable
  22          //                                  All UPPERCASE -> Define
  23          
  24          #include <basic-plus.h>
  25          #include <usbvend.h>
  26          #define PPM_INT 0
  27          #define PPM_DEC 1
  28          #define PPM_INT_RECEIVED 0x01
  29          #define PPM_DEC_RECEIVED 0x02
  30          
  31          //extern struct band_volume E_band_and_volume[10];
  32          uint32 result;
  33          uint8 E_dll_version = SI570_DLL;
  34          static uint8_t ppm_start = 0;
  35          static int32 proficio_temperature = 0;
  36          /* Discard buffer for reboot OUT payloads (host often sends sizeof(int)=4). */
  37          static uint8 E_reboot_pad[4];
  38          
  39          
  40          
  41          int32 swap32_int(int32 original) CYREENTRANT {
  42   1          uint8 *r, *o;
  43   1          int32 ret;
  44   1          r = (void*)&ret;
  45   1          o = (void*)&original;
  46   1          r[0] = o[3];
  47   1          r[1] = o[2];
  48   1          r[2] = o[1];
  49   1          r[3] = o[0];
  50   1          return ret;
  51   1      }
  52          
C51 COMPILER V9.51   USBVEND01                                                             09/03/2026 15:23:30 PAGE 2   

  53          
  54          // Maps PSoC registers into one that looks like the AVR
  55          uint8 emulated_register(void) {
  56   1          uint8 reg = 0, key;
  57   1          if (TX_Request) reg |= 0x10;
  58   1          //key = Status_Read();
  59   1          key = E_key_down;
  60   1          if (key & STATUS_KEY_0) reg |= 0x20;
  61   1          if (key & STATUS_KEY_1) reg |= 0x02;
  62   1          return reg;
  63   1      }
  64          
  65          uint8 USBFS_HandleVendorRqst(void)  //This called by the USBFS component.  This is an interrupt handler. 
  66          {                                   //This Interrupt handler can not call other routines.  
  67   1          uint8 requestHandled = USBFS_FALSE;
  68   1          uint8 reqType, reqCmd;
  69   1          static int32 l_dec = 0;
  70   1          static int32 l_int = 0;
  71   1          uint8_t E_Potentia_temperature;
  72   1          static int8_t int_value = 0;
  73   1          
  74   1           
  75   1          reqType = CY_GET_REG8(USBFS_bmRequestType);
  76   1          reqCmd = CY_GET_REG8(USBFS_bRequest);
  77   1          
  78   1          //These send DATA TO the HOST 
  79   1          if ((reqType & USBFS_RQST_DIR_MASK) == USBFS_RQST_DIR_D2H)
  80   1          {
  81   2              switch (reqCmd)
  82   2              {
  83   3                  case 0x00: // CMD_GET_VERSION
  84   3                      *(uint16*)&result = FIRMWARE_VERSION;
  85   3                      USBFS_currentTD.pData = (void *)&result;
  86   3                      USBFS_currentTD.count = 2;
  87   3                      requestHandled  = USBFS_InitControlRead();
  88   3                      break;
  89   3                  case 0x02: // CMD_GET_PIN
  90   3                      // used on the test tab in cfgsr
  91   3                      *(uint8*)&result = emulated_register();
  92   3                      result |= 0x08000000; // 3.3v indicator
  93   3                      USBFS_currentTD.pData = (void *)&result;
  94   3                      USBFS_currentTD.count = 1;
  95   3                      requestHandled  = USBFS_InitControlRead();
  96   3                      break;
  97   3                  case 0x3A: // CMD_GET_FREQ
  98   3                      USBFS_currentTD.pData = (void *)&Si570_LO;
  99   3                      USBFS_currentTD.count = sizeof(Si570_LO);
 100   3                      requestHandled  = USBFS_InitControlRead();
 101   3                      break;
 102   3                  case 0x3C: // CMD_GET_STARTUP
 103   3                      result = swap32(SI570_STARTUP_FREQ * 0x0200000);
 104   3                      USBFS_currentTD.pData = (void *)&result;
 105   3                      USBFS_currentTD.count = sizeof(result);
 106   3                      requestHandled  = USBFS_InitControlRead();
 107   3                      break;
 108   3                  case 0x3D: // CMD_GET_XTAL
 109   3                      USBFS_currentTD.pData = (void *)&Si570_Xtal;
 110   3                      USBFS_currentTD.count = sizeof(Si570_Xtal);
 111   3                      requestHandled  = USBFS_InitControlRead();
 112   3                      E_dll_version = SI570_DLL;
 113   3                      break;
 114   3                  case 0x3F: // CMD_GET_SI570
C51 COMPILER V9.51   USBVEND01                                                             09/03/2026 15:23:30 PAGE 3   

 115   3                      USBFS_currentTD.pData = (void *)(Si570_Buf+2);
 116   3                      USBFS_currentTD.count = 6;
 117   3                      requestHandled  = USBFS_InitControlRead();
 118   3                      break;
 119   3                  case 0x50: // CMD_SET_USRP1
 120   3                      if (CY_GET_REG8(USBFS_wValueLo) & 0x01){
 121   4                          TX_Request = 1;
 122   4                      }
 123   3                      else{
 124   4                          TX_Request = 0;
 125   4                      }
 126   3                          
 127   3                      //nobreak, returns key value
 128   3                  case 0x51: // CMD_GET_CW_KEY
 129   3                      *(uint8*)&result = emulated_register();
 130   3                      USBFS_currentTD.pData = (void *)&result;
 131   3                      USBFS_currentTD.count = 1;
 132   3                      requestHandled  = USBFS_InitControlRead();
 133   3                      break;
 134   3                  case 0x20: // CMD_SET_SI570
 135   3                      // Fake a reset!  Used for calibration.
 136   3                      if (CY_GET_REG8(USBFS_wValueHi) == 0x87 && CY_GET_REG16(USBFS_wIndex) == 0x01) {
 137   4                          //Si570_Fake_Reset();
 138   4                          *(uint8*)&result = 0;
 139   4                          USBFS_currentTD.pData = (void *)&result;
 140   4                          USBFS_currentTD.count = 1;
 141   4                          requestHandled  = USBFS_InitControlRead();
 142   4                      }
 143   3                      break;
 144   3                  case CMD_GET_KEY_DOWN:
 145   3                      USBFS_currentTD.pData = (void *)&E_key_down;
 146   3                      USBFS_currentTD.count = 1;
 147   3                      requestHandled  = USBFS_InitControlRead();
 148   3                      break;
 149   3                      
 150   3                  case CMD_GET_PTT:
 151   3                      USBFS_currentTD.pData = (void *)&E_PTT;
 152   3                      USBFS_currentTD.count = 1;
 153   3                      requestHandled  = USBFS_InitControlRead();
 154   3                      break;
 155   3                                     
 156   3                  case CMD_GET_TRANSCEIVER_TEMP:
 157   3                      proficio_temperature = swap32_int(E_transceiver_temp);
 158   3                      //*(uint16*)&result = FIRMWARE_VERSION;
 159   3                      USBFS_currentTD.pData = (void *)&proficio_temperature;
 160   3                      USBFS_currentTD.count = 4;
 161   3                      requestHandled  = USBFS_InitControlRead();
 162   3                      break;
 163   3                      
 164   3                  case CMD_GET_POTENTIA_TEMPERATURE:
 165   3                      USBFS_currentTD.pData = (void *)&E_Potentia_temperature;
 166   3                      USBFS_currentTD.count = 4;
 167   3                      requestHandled  = USBFS_InitControlRead();
 168   3                      break;
 169   3                      
 170   3                  case CMD_SET_XTAL_INT:
 171   3                      int_value = ee_ppm_int;
 172   3                      USBFS_currentTD.pData = (void *)&int_value;
 173   3                      USBFS_currentTD.count = sizeof(int_value);
 174   3                      requestHandled  = USBFS_InitControlRead();
 175   3                      break;
 176   3                      
C51 COMPILER V9.51   USBVEND01                                                             09/03/2026 15:23:30 PAGE 4   

 177   3                  /*case CMD_SET_XTAL_DEC:
 178   3                      USBFS_currentTD.pData = (void *)&ee_ppm_int;
 179   3                      USBFS_currentTD.count = 1;
 180   3                      requestHandled  = USBFS_InitControlRead();
 181   3                      break;
 182   3                      */
 183   3                      
 184   3              }
 185   2          }
 186   1          
 187   1          //These receive DATA FROM the HOST
 188   1          if ((reqType & USBFS_RQST_DIR_MASK) == USBFS_RQST_DIR_H2D)
 189   1          {
 190   2              switch (reqCmd)
 191   2              {
 192   3                  case CMD_SET_FREQ_REG: // CMD_SET_FREQ_REG
 193   3                      USBFS_currentTD.pData = (void *)&Si570_OLD;
 194   3                      USBFS_currentTD.count = 6;
 195   3                      requestHandled  = USBFS_InitControlWrite();
 196   3                      break;
 197   3                  case CMD_SET_FREQ: // CMD_SET_FREQ
 198   3                      USBFS_currentTD.pData = (void *)&Si570_LO;
 199   3                      USBFS_currentTD.count = sizeof(Si570_LO);
 200   3                      requestHandled  = USBFS_InitControlWrite();
 201   3                      break;
 202   3                  case CMD_SET_XTAL_INT: // CMD_SET_XTAL_INT Integer Part
 203   3                      USBFS_currentTD.pData = (void *)&E_calibration_int;
 204   3                      USBFS_currentTD.count = sizeof(E_calibration_int);
 205   3                      requestHandled  = USBFS_InitControlWrite();
 206   3                      l_int = E_calibration_int;
 207   3                      E_PPM_needs_updated = E_PPM_needs_updated | PPM_INT_RECEIVED;
 208   3                      break;
 209   3                  case CMD_SET_XTAL_DEC: // CMD_SET_XTAL_DEC  Decimal Part
 210   3                      USBFS_currentTD.pData = (void *)&E_calibration_dec;
 211   3                      USBFS_currentTD.count = sizeof(E_calibration_dec);
 212   3                      requestHandled  = USBFS_InitControlWrite();
 213   3                      l_dec = E_calibration_dec;
 214   3                      E_PPM_needs_updated = E_PPM_needs_updated | PPM_DEC_RECEIVED;
 215   3                      //Set_PPM in settings.c will set to 0 (zero) when the PPM has been set in EEPROM
 216   3                      break;
 217   3                  case CMD_SET_PPM:
 218   3                      USBFS_currentTD.pData = (void *)&E_ppm;
 219   3                      USBFS_currentTD.count = sizeof(E_ppm);
 220   3                      requestHandled  = USBFS_InitControlWrite();
 221   3                      break;
 222   3                  case DLL_VERSION: 
 223   3                      USBFS_currentTD.pData = (void *)&E_dll_version;
 224   3                      USBFS_currentTD.count = sizeof(E_dll_version);
 225   3                      requestHandled  = USBFS_InitControlWrite();
 226   3                      break;    
 227   3                  case CMD_SET_TRANSVERTER: // Allow TX to 30MHz
 228   3                      USBFS_currentTD.pData = (void *)&E_transverter;
 229   3                      USBFS_currentTD.count = sizeof(E_transverter);
 230   3                      requestHandled  = USBFS_InitControlWrite();
 231   3                      //command_queue_add(CMD_SET_TRANSVERTER);
 232   3                      break;
 233   3                  case CMD_SET_PCB_VERSION: 
 234   3                      USBFS_currentTD.pData = (void *)&E_pcb_version;
 235   3                      USBFS_currentTD.count = sizeof(E_pcb_version);
 236   3                      requestHandled  = USBFS_InitControlWrite();
 237   3                      break;    
 238   3                 case CMD_SET_PA_BYPASS: 
C51 COMPILER V9.51   USBVEND01                                                             09/03/2026 15:23:30 PAGE 5   

 239   3                      USBFS_currentTD.pData = (void *)&E_Amplifier;
 240   3                      USBFS_currentTD.count = sizeof(E_Amplifier);
 241   3                      requestHandled  = USBFS_InitControlWrite();
 242   3                      break;    
 243   3       
 244   3              //The following receive CW Mode setting commands and Parameters from the host computer
 245   3                  case SET_CW_MODE:
 246   3                      USBFS_currentTD.pData = (void *)&E_host_mode;
 247   3                      USBFS_currentTD.count = sizeof(E_host_mode);
 248   3                      requestHandled  = USBFS_InitControlWrite();
 249   3                      break;
 250   3                      
 251   3                  case SET_QSK:
 252   3                      USBFS_currentTD.pData = (void *)&E_QSK;
 253   3                      USBFS_currentTD.count = sizeof(E_QSK);
 254   3                      requestHandled  = USBFS_InitControlWrite();
 255   3                      break;
 256   3                      
 257   3                  case SET_TX_HOLD:
 258   3                      USBFS_currentTD.pData = (void *)&E_TX_Hold;
 259   3                      USBFS_currentTD.count = sizeof(E_TX_Hold);
 260   3                      requestHandled  = USBFS_InitControlWrite();
 261   3                      break;
 262   3                              
 263   3                  case CMD_SET_TRANSCEIVER_CW_PITCH: // Get the CW Pitch Index
 264   3                      USBFS_currentTD.pData = (void *)&E_cw_pitch;
 265   3                      USBFS_currentTD.count = sizeof(E_cw_pitch);
 266   3                      requestHandled  = USBFS_InitControlWrite();
 267   3                      break;
 268   3                      
 269   3                  case SET_KEYER_MODE:
 270   3                      USBFS_currentTD.pData = (void *)&E_keyer_mode;
 271   3                      USBFS_currentTD.count = sizeof(E_keyer_mode);
 272   3                      requestHandled  = USBFS_InitControlWrite();
 273   3                      break;
 274   3                      
 275   3                  case SET_CW_PADDLE:
 276   3                      USBFS_currentTD.pData = (void *)&E_paddle;
 277   3                      USBFS_currentTD.count = sizeof(E_paddle);
 278   3                      requestHandled  = USBFS_InitControlWrite();
 279   3                      break;
 280   3                      
 281   3                  case SET_SPACING:
 282   3                      USBFS_currentTD.pData = (void *)&E_spacing;
 283   3                      USBFS_currentTD.count = sizeof(E_spacing);
 284   3                      requestHandled  = USBFS_InitControlWrite();
 285   3                      break;
 286   3                      
 287   3                  case SET_WEIGHT:
 288   3                      USBFS_currentTD.pData = (void *)&E_weight;
 289   3                      USBFS_currentTD.count = sizeof(E_weight);
 290   3                      requestHandled  = USBFS_InitControlWrite();
 291   3                      break;
 292   3                      
 293   3                  case SET_WPM:
 294   3                      USBFS_currentTD.pData = (void *)&E_wpm;
 295   3                      USBFS_currentTD.count = sizeof(E_wpm);
 296   3                      requestHandled  = USBFS_InitControlWrite();
 297   3                      break;
 298   3                      
 299   3                  case SET_SIDE_TONE:
 300   3                      USBFS_currentTD.pData = (void *)&E_side_tone;
C51 COMPILER V9.51   USBVEND01                                                             09/03/2026 15:23:30 PAGE 6   

 301   3                      USBFS_currentTD.count = sizeof(E_side_tone);
 302   3                      requestHandled  = USBFS_InitControlWrite();
 303   3                      break;
 304   3                      
 305   3                  case SET_KEYER_INSTALLED:
 306   3                      USBFS_currentTD.pData = (void *)&E_keyer_installed;
 307   3                      USBFS_currentTD.count = sizeof(E_keyer_installed);
 308   3                      requestHandled  = USBFS_InitControlWrite();
 309   3                      break;
 310   3      
 311   3                  /*
 312   3                   * Soft reboot / bootloader — do NOT call CySoftwareReset / Bootloadable_Load
 313   3                   * here (USB ISR). Set flag; main loop performs the reset.
 314   3                   */
 315   3                  case CMD_REBOOT_APP:
 316   3                      USBFS_currentTD.pData = (void *)&E_reboot_pad;
 317   3                      USBFS_currentTD.count = sizeof(E_reboot_pad);
 318   3                      requestHandled = USBFS_InitControlWrite();
 319   3                      E_reboot_request = REBOOT_REQ_APP;
 320   3                      break;
 321   3      
 322   3                  case CMD_ENTER_BOOTLOADER:
 323   3                      USBFS_currentTD.pData = (void *)&E_reboot_pad;
 324   3                      USBFS_currentTD.count = sizeof(E_reboot_pad);
 325   3                      requestHandled = USBFS_InitControlWrite();
 326   3                      E_reboot_request = REBOOT_REQ_BOOTLOADER;
 327   3                      break;
 328   3                 
 329   3                
 330   3              }//End switch (reqCmd)
 331   2          }//End if ((reqType & USBFS_RQST_DIR_MASK) == USBFS_RQST_DIR_D2H)
 332   1          return(requestHandled);
 333   1      }
 334          
C51 COMPILER V9.51   USBVEND01                                                             09/03/2026 15:23:30 PAGE 7   

ASSEMBLY LISTING OF GENERATED OBJECT CODE


             ; FUNCTION _?swap32_int (BEGIN)
                                           ; SOURCE LINE # 41
                       MOV     DPTR,#0FFFCH
                 E     CALL    ?C?ADDXBP
                 E     CALL    ?C?LSTXDATA
                       MOV     DPTR,#0FFF6H
                 E     CALL    ?C?ADDXBP
                                           ; SOURCE LINE # 44
                       MOV     R3,#01H
                       MOV     DPTR,#06H
                 E     CALL    ?C?XBPOFF
                       MOV     R1,DPL
                       MOV     R2,DPH
                 E     MOV     DPH,?C_XBP
                 E     MOV     DPL,?C_XBP+01H
                       MOV     A,R3
                       MOVX    @DPTR,A
                       INC     DPTR
                       MOV     A,R2
                       MOVX    @DPTR,A
                       INC     DPTR
                       MOV     A,R1
                       MOVX    @DPTR,A
                                           ; SOURCE LINE # 45
                       MOV     R3,#01H
                       MOV     DPTR,#0AH
                 E     CALL    ?C?XBPOFF
                       MOV     R1,DPL
                       MOV     R2,DPH
                       MOV     DPTR,#03H
                 E     CALL    ?C?XBPOFF
                       MOV     A,R3
                       MOVX    @DPTR,A
                       INC     DPTR
                       MOV     A,R2
                       MOVX    @DPTR,A
                       INC     DPTR
                       MOV     A,R1
                       MOVX    @DPTR,A
                                           ; SOURCE LINE # 46
                       MOV     DPTR,#03H
                 E     CALL    ?C?XBPOFF
                       MOVX    A,@DPTR
                       MOV     R3,A
                       INC     DPTR
                       MOVX    A,@DPTR
                       MOV     R2,A
                       INC     DPTR
                       MOVX    A,@DPTR
                       ADD     A,#03H
                       MOV     R1,A
                       CLR     A
                       ADDC    A,R2
                       MOV     R2,A
                 E     CALL    ?C?CLDPTR
                       MOV     R7,A
                 E     MOV     DPH,?C_XBP
                 E     MOV     DPL,?C_XBP+01H
                       MOVX    A,@DPTR
C51 COMPILER V9.51   USBVEND01                                                             09/03/2026 15:23:30 PAGE 8   

                       MOV     R3,A
                       INC     DPTR
                       MOVX    A,@DPTR
                       MOV     R2,A
                       INC     DPTR
                       MOVX    A,@DPTR
                       MOV     R1,A
                       MOV     A,R7
                 E     CALL    ?C?CSTPTR
                                           ; SOURCE LINE # 47
                       MOV     DPTR,#03H
                 E     CALL    ?C?XBPOFF
                       MOVX    A,@DPTR
                       MOV     R3,A
                       INC     DPTR
                       MOVX    A,@DPTR
                       MOV     R2,A
                       INC     DPTR
                       MOVX    A,@DPTR
                       ADD     A,#02H
                       MOV     R1,A
                       CLR     A
                       ADDC    A,R2
                       MOV     R2,A
                 E     CALL    ?C?CLDPTR
                       MOV     R7,A
                 E     MOV     DPH,?C_XBP
                 E     MOV     DPL,?C_XBP+01H
                       MOVX    A,@DPTR
                       MOV     R3,A
                       INC     DPTR
                       MOVX    A,@DPTR
                       MOV     R2,A
                       INC     DPTR
                       MOVX    A,@DPTR
                       ADD     A,#01H
                       MOV     R1,A
                       CLR     A
                       ADDC    A,R2
                       MOV     R2,A
                       MOV     A,R7
                 E     CALL    ?C?CSTPTR
                                           ; SOURCE LINE # 48
                       MOV     DPTR,#03H
                 E     CALL    ?C?XBPOFF
                       MOVX    A,@DPTR
                       MOV     R3,A
                       INC     DPTR
                       MOVX    A,@DPTR
                       MOV     R2,A
                       INC     DPTR
                       MOVX    A,@DPTR
                       ADD     A,#01H
                       MOV     R1,A
                       CLR     A
                       ADDC    A,R2
                       MOV     R2,A
                 E     CALL    ?C?CLDPTR
                       MOV     R7,A
                 E     MOV     DPH,?C_XBP
                 E     MOV     DPL,?C_XBP+01H
                       MOVX    A,@DPTR
C51 COMPILER V9.51   USBVEND01                                                             09/03/2026 15:23:30 PAGE 9   

                       MOV     R3,A
                       INC     DPTR
                       MOVX    A,@DPTR
                       MOV     R2,A
                       INC     DPTR
                       MOVX    A,@DPTR
                       ADD     A,#02H
                       MOV     R1,A
                       CLR     A
                       ADDC    A,R2
                       MOV     R2,A
                       MOV     A,R7
                 E     CALL    ?C?CSTPTR
                                           ; SOURCE LINE # 49
                       MOV     DPTR,#03H
                 E     CALL    ?C?XBPOFF
                       MOVX    A,@DPTR
                       MOV     R3,A
                       INC     DPTR
                       MOVX    A,@DPTR
                       MOV     R2,A
                       INC     DPTR
                       MOVX    A,@DPTR
                       MOV     R1,A
                 E     CALL    ?C?CLDPTR
                       MOV     R7,A
                 E     MOV     DPH,?C_XBP
                 E     MOV     DPL,?C_XBP+01H
                       MOVX    A,@DPTR
                       MOV     R3,A
                       INC     DPTR
                       MOVX    A,@DPTR
                       MOV     R2,A
                       INC     DPTR
                       MOVX    A,@DPTR
                       ADD     A,#03H
                       MOV     R1,A
                       CLR     A
                       ADDC    A,R2
                       MOV     R2,A
                       MOV     A,R7
                 E     CALL    ?C?CSTPTR
                                           ; SOURCE LINE # 50
                       MOV     DPTR,#06H
                 E     CALL    ?C?XBPOFF
                       MOVX    A,@DPTR
                       MOV     R4,A
                       INC     DPTR
                       MOVX    A,@DPTR
                       MOV     R5,A
                       INC     DPTR
                       MOVX    A,@DPTR
                       MOV     R6,A
                       INC     DPTR
                       MOVX    A,@DPTR
                       MOV     R7,A
                                           ; SOURCE LINE # 51
             ?C0001:
                       MOV     DPTR,#0EH
                 E     CALL    ?C?ADDXBP
                       RET     
             ; FUNCTION _?swap32_int (END)
C51 COMPILER V9.51   USBVEND01                                                             09/03/2026 15:23:30 PAGE 10  


             ; FUNCTION emulated_register (BEGIN)
                                           ; SOURCE LINE # 55
                                           ; SOURCE LINE # 56
;---- Variable 'reg' assigned to Register 'R7' ----
                       CLR     A
                       MOV     R7,A
                                           ; SOURCE LINE # 57
                 E     MOV     DPTR,#TX_Request
                       MOVX    A,@DPTR
                 R     xJZ     ?C0002
                       MOV     A,#010H
                       MOV     R7,A
             ?C0002:
                                           ; SOURCE LINE # 59
                 E     MOV     DPTR,#E_key_down
                       MOVX    A,@DPTR
                       MOV     R6,A
;---- Variable 'key' assigned to Register 'R6' ----
                                           ; SOURCE LINE # 60
                 R     xJNB    ACC.0,?C0003
                       MOV     A,R7
                       ORL     A,#020H
                       MOV     R7,A
             ?C0003:
                                           ; SOURCE LINE # 61
                       MOV     A,R6
                 R     xJNB    ACC.1,?C0004
                       MOV     A,R7
                       ORL     A,#02H
                       MOV     R7,A
             ?C0004:
                                           ; SOURCE LINE # 62
                                           ; SOURCE LINE # 63
             ?C0005:
                       RET     
             ; FUNCTION emulated_register (END)

             ; FUNCTION USBFS_HandleVendorRqst (BEGIN)
                                           ; SOURCE LINE # 65
                                           ; SOURCE LINE # 66
                                           ; SOURCE LINE # 67
                       CLR     A
                 R     MOV     DPTR,#requestHandled
                       MOVX    @DPTR,A
                                           ; SOURCE LINE # 75
                       MOV     DPTR,#06000H
                       MOVX    A,@DPTR
                 R     MOV     DPTR,#reqType
                       MOVX    @DPTR,A
                                           ; SOURCE LINE # 76
                       MOV     DPTR,#06001H
                       MOVX    A,@DPTR
                 R     MOV     DPTR,#reqCmd
                       MOVX    @DPTR,A
                                           ; SOURCE LINE # 79
                 R     MOV     DPTR,#reqType
                       MOVX    A,@DPTR
                       ANL     A,#080H
                       XRL     A,#080H
                 R     xJNZ    ?C0006
                                           ; SOURCE LINE # 80
C51 COMPILER V9.51   USBVEND01                                                             09/03/2026 15:23:30 PAGE 11  

                                           ; SOURCE LINE # 81
                       INC     DPTR
                       MOVX    A,@DPTR
                 E     CALL    ?C?CCASE
                 R     DW      ?C0008
                       DB      00H
                 R     DW      ?C0009
                       DB      02H
                 R     DW      ?C0023
                       DB      06H
                 R     DW      ?C0018
                       DB      020H
                 R     DW      ?C0024
                       DB      033H
                 R     DW      ?C0010
                       DB      03AH
                 R     DW      ?C0011
                       DB      03CH
                 R     DW      ?C0012
                       DB      03DH
                 R     DW      ?C0013
                       DB      03FH
                 R     DW      ?C0014
                       DB      050H
                 R     DW      ?C0017
                       DB      051H
                 R     DW      ?C0020
                       DB      0A4H
                 R     DW      ?C0021
                       DB      0A5H
                 R     DW      ?C0022
                       DB      0BFH
                       DW      00H
                 R     DW      ?C0006
                                           ; SOURCE LINE # 82
                                           ; SOURCE LINE # 83
             ?C0008:
                                           ; SOURCE LINE # 84
                 R     MOV     DPTR,#result
                       MOV     A,#0CH
                       MOVX    @DPTR,A
                       INC     DPTR
                       MOV     A,#0E0H
                       MOVX    @DPTR,A
                                           ; SOURCE LINE # 85
                 E     MOV     DPTR,#USBFS_currentTD+02H
                       MOV     A,#01H
                       MOVX    @DPTR,A
                       INC     DPTR
                 R     MOV     A,#HIGH result
                       MOVX    @DPTR,A
                       INC     DPTR
                 R     MOV     A,#LOW result
                       MOVX    @DPTR,A
                                           ; SOURCE LINE # 86
                 E     MOV     DPTR,#USBFS_currentTD
                       CLR     A
                       MOVX    @DPTR,A
                       INC     DPTR
                       MOV     A,#02H
                       MOVX    @DPTR,A
                                           ; SOURCE LINE # 87
C51 COMPILER V9.51   USBVEND01                                                             09/03/2026 15:23:30 PAGE 12  

                 E     CALL    USBFS_InitControlRead
                 R     MOV     DPTR,#requestHandled
                       MOV     A,R7
                       MOVX    @DPTR,A
                                           ; SOURCE LINE # 88
                 R     xJMP    ?C0006
                                           ; SOURCE LINE # 89
             ?C0009:
                                           ; SOURCE LINE # 91
                 R     CALL    emulated_register
                 R     MOV     DPTR,#result
                       MOV     A,R7
                       MOVX    @DPTR,A
                                           ; SOURCE LINE # 92
                       MOVX    A,@DPTR
                       MOV     R4,A
                       INC     DPTR
                       MOVX    A,@DPTR
                       MOV     R5,A
                       INC     DPTR
                       MOVX    A,@DPTR
                       MOV     R6,A
                       INC     DPTR
                       MOVX    A,@DPTR
                       MOV     R7,A
                       MOV     A,R6
                       MOV     A,R5
                       MOV     A,R4
                       ORL     A,#08H
                       MOV     R4,A
                 R     MOV     DPTR,#result
                 E     CALL    ?C?LSTXDATA
                                           ; SOURCE LINE # 93
                 E     MOV     DPTR,#USBFS_currentTD+02H
                       MOV     A,#01H
                       MOVX    @DPTR,A
                       INC     DPTR
                 R     MOV     A,#HIGH result
                       MOVX    @DPTR,A
                       INC     DPTR
                 R     MOV     A,#LOW result
                       MOVX    @DPTR,A
                                           ; SOURCE LINE # 94
                 E     MOV     DPTR,#USBFS_currentTD
                       CLR     A
                       MOVX    @DPTR,A
                       INC     DPTR
                       INC     A
                       MOVX    @DPTR,A
                                           ; SOURCE LINE # 95
                 E     CALL    USBFS_InitControlRead
                 R     MOV     DPTR,#requestHandled
                       MOV     A,R7
                       MOVX    @DPTR,A
                                           ; SOURCE LINE # 96
                 R     xJMP    ?C0006
                                           ; SOURCE LINE # 97
             ?C0010:
                                           ; SOURCE LINE # 98
                 E     MOV     R2,#HIGH Si570_LO
                 E     MOV     R1,#LOW Si570_LO
                 E     MOV     DPTR,#USBFS_currentTD+02H
C51 COMPILER V9.51   USBVEND01                                                             09/03/2026 15:23:30 PAGE 13  

                       MOV     A,#01H
                       MOVX    @DPTR,A
                       INC     DPTR
                 E     MOV     A,#HIGH Si570_LO
                       MOVX    @DPTR,A
                       INC     DPTR
                 E     MOV     A,#LOW Si570_LO
                       MOVX    @DPTR,A
                                           ; SOURCE LINE # 99
                 E     MOV     DPTR,#USBFS_currentTD
                       CLR     A
                       MOVX    @DPTR,A
                       INC     DPTR
                       MOV     A,#04H
                       MOVX    @DPTR,A
                                           ; SOURCE LINE # 100
                 E     CALL    USBFS_InitControlRead
                 R     MOV     DPTR,#requestHandled
                       MOV     A,R7
                       MOVX    @DPTR,A
                                           ; SOURCE LINE # 101
                 R     xJMP    ?C0006
                                           ; SOURCE LINE # 102
             ?C0011:
                                           ; SOURCE LINE # 103
                       MOV     R7,#070H
                       MOV     R6,#03DH
                       MOV     R5,#0AH
                       MOV     R4,#07H
                 E     CALL    _?swap32
                 R     MOV     DPTR,#result
                 E     CALL    ?C?LSTXDATA
                                           ; SOURCE LINE # 104
                 E     MOV     DPTR,#USBFS_currentTD+02H
                       MOV     A,#01H
                       MOVX    @DPTR,A
                       INC     DPTR
                 R     MOV     A,#HIGH result
                       MOVX    @DPTR,A
                       INC     DPTR
                 R     MOV     A,#LOW result
                       MOVX    @DPTR,A
                                           ; SOURCE LINE # 105
                 E     MOV     DPTR,#USBFS_currentTD
                       CLR     A
                       MOVX    @DPTR,A
                       INC     DPTR
                       MOV     A,#04H
                       MOVX    @DPTR,A
                                           ; SOURCE LINE # 106
                 E     CALL    USBFS_InitControlRead
                 R     MOV     DPTR,#requestHandled
                       MOV     A,R7
                       MOVX    @DPTR,A
                                           ; SOURCE LINE # 107
                 R     xJMP    ?C0006
                                           ; SOURCE LINE # 108
             ?C0012:
                                           ; SOURCE LINE # 109
                 E     MOV     R2,#HIGH Si570_Xtal
                 E     MOV     R1,#LOW Si570_Xtal
                 E     MOV     DPTR,#USBFS_currentTD+02H
C51 COMPILER V9.51   USBVEND01                                                             09/03/2026 15:23:30 PAGE 14  

                       MOV     A,#01H
                       MOVX    @DPTR,A
                       INC     DPTR
                 E     MOV     A,#HIGH Si570_Xtal
                       MOVX    @DPTR,A
                       INC     DPTR
                 E     MOV     A,#LOW Si570_Xtal
                       MOVX    @DPTR,A
                                           ; SOURCE LINE # 110
                 E     MOV     DPTR,#USBFS_currentTD
                       CLR     A
                       MOVX    @DPTR,A
                       INC     DPTR
                       MOV     A,#04H
                       MOVX    @DPTR,A
                                           ; SOURCE LINE # 111
                 E     CALL    USBFS_InitControlRead
                 R     MOV     DPTR,#requestHandled
                       MOV     A,R7
                       MOVX    @DPTR,A
                                           ; SOURCE LINE # 112
                       CLR     A
                 R     MOV     DPTR,#E_dll_version
                       MOVX    @DPTR,A
                                           ; SOURCE LINE # 113
                 R     xJMP    ?C0006
                                           ; SOURCE LINE # 114
             ?C0013:
                                           ; SOURCE LINE # 115
                 E     MOV     DPTR,#USBFS_currentTD+02H
                       MOV     A,#01H
                       MOVX    @DPTR,A
                       INC     DPTR
                 E     MOV     A,#HIGH Si570_Buf+02H
                       MOVX    @DPTR,A
                       INC     DPTR
                 E     MOV     A,#LOW Si570_Buf+02H
                       MOVX    @DPTR,A
                                           ; SOURCE LINE # 116
                 E     MOV     DPTR,#USBFS_currentTD
                       CLR     A
                       MOVX    @DPTR,A
                       INC     DPTR
                       MOV     A,#06H
                       MOVX    @DPTR,A
                                           ; SOURCE LINE # 117
                 E     CALL    USBFS_InitControlRead
                 R     MOV     DPTR,#requestHandled
                       MOV     A,R7
                       MOVX    @DPTR,A
                                           ; SOURCE LINE # 118
                 R     xJMP    ?C0006
                                           ; SOURCE LINE # 119
             ?C0014:
                                           ; SOURCE LINE # 120
                       MOV     DPTR,#06002H
                       MOVX    A,@DPTR
                 R     xJNB    ACC.0,?C0015
                                           ; SOURCE LINE # 121
                 E     MOV     DPTR,#TX_Request
                       MOV     A,#01H
                       MOVX    @DPTR,A
C51 COMPILER V9.51   USBVEND01                                                             09/03/2026 15:23:30 PAGE 15  

                                           ; SOURCE LINE # 122
                 R     xJMP    ?C0017
             ?C0015:
                                           ; SOURCE LINE # 123
                                           ; SOURCE LINE # 124
                       CLR     A
                 E     MOV     DPTR,#TX_Request
                       MOVX    @DPTR,A
                                           ; SOURCE LINE # 125
                                           ; SOURCE LINE # 128
             ?C0017:
                                           ; SOURCE LINE # 129
                 R     CALL    emulated_register
                 R     MOV     DPTR,#result
                       MOV     A,R7
                       MOVX    @DPTR,A
                                           ; SOURCE LINE # 130
                 E     MOV     DPTR,#USBFS_currentTD+02H
                       MOV     A,#01H
                       MOVX    @DPTR,A
                       INC     DPTR
                 R     MOV     A,#HIGH result
                       MOVX    @DPTR,A
                       INC     DPTR
                 R     MOV     A,#LOW result
                       MOVX    @DPTR,A
                                           ; SOURCE LINE # 131
                 E     MOV     DPTR,#USBFS_currentTD
                       CLR     A
                       MOVX    @DPTR,A
                       INC     DPTR
                       INC     A
                       MOVX    @DPTR,A
                                           ; SOURCE LINE # 132
                 E     CALL    USBFS_InitControlRead
                 R     MOV     DPTR,#requestHandled
                       MOV     A,R7
                       MOVX    @DPTR,A
                                           ; SOURCE LINE # 133
                 R     xJMP    ?C0006
                                           ; SOURCE LINE # 134
             ?C0018:
                                           ; SOURCE LINE # 136
                       MOV     DPTR,#06003H
                       MOVX    A,@DPTR
                       XRL     A,#087H
                 R     xJNZ    ?C0006
                       MOV     R3,#02H
                       MOV     R2,#060H
                       MOV     R1,#04H
                 E     CALL    _cyread16_nodpx
                       MOV     A,R7
                       XRL     A,#01H
                       ORL     A,R6
                 R     xJNZ    ?C0006
                                           ; SOURCE LINE # 138
                 R     MOV     DPTR,#result
                       MOVX    @DPTR,A
                                           ; SOURCE LINE # 139
                       MOV     R3,#01H
                 E     MOV     DPTR,#USBFS_currentTD+02H
                       INC     A
C51 COMPILER V9.51   USBVEND01                                                             09/03/2026 15:23:30 PAGE 16  

                       MOVX    @DPTR,A
                       INC     DPTR
                 R     MOV     A,#HIGH result
                       MOVX    @DPTR,A
                       INC     DPTR
                 R     MOV     A,#LOW result
                       MOVX    @DPTR,A
                                           ; SOURCE LINE # 140
                 E     MOV     DPTR,#USBFS_currentTD
                       CLR     A
                       MOVX    @DPTR,A
                       INC     DPTR
                       INC     A
                       MOVX    @DPTR,A
                                           ; SOURCE LINE # 141
                 E     CALL    USBFS_InitControlRead
                 R     MOV     DPTR,#requestHandled
                       MOV     A,R7
                       MOVX    @DPTR,A
                                           ; SOURCE LINE # 142
                                           ; SOURCE LINE # 143
                 R     xJMP    ?C0006
                                           ; SOURCE LINE # 144
             ?C0020:
                                           ; SOURCE LINE # 145
                 E     MOV     DPTR,#USBFS_currentTD+02H
                       MOV     A,#01H
                       MOVX    @DPTR,A
                       INC     DPTR
                 E     MOV     A,#HIGH E_key_down
                       MOVX    @DPTR,A
                       INC     DPTR
                 E     MOV     A,#LOW E_key_down
                       MOVX    @DPTR,A
                                           ; SOURCE LINE # 146
                 E     MOV     DPTR,#USBFS_currentTD
                       CLR     A
                       MOVX    @DPTR,A
                       INC     DPTR
                       INC     A
                       MOVX    @DPTR,A
                                           ; SOURCE LINE # 147
                 E     CALL    USBFS_InitControlRead
                 R     MOV     DPTR,#requestHandled
                       MOV     A,R7
                       MOVX    @DPTR,A
                                           ; SOURCE LINE # 148
                 R     xJMP    ?C0006
                                           ; SOURCE LINE # 150
             ?C0021:
                                           ; SOURCE LINE # 151
                 E     MOV     R2,#HIGH E_PTT
                 E     MOV     R1,#LOW E_PTT
                 E     MOV     DPTR,#USBFS_currentTD+02H
                       MOV     A,#01H
                       MOVX    @DPTR,A
                       INC     DPTR
                 E     MOV     A,#HIGH E_PTT
                       MOVX    @DPTR,A
                       INC     DPTR
                 E     MOV     A,#LOW E_PTT
                       MOVX    @DPTR,A
C51 COMPILER V9.51   USBVEND01                                                             09/03/2026 15:23:30 PAGE 17  

                                           ; SOURCE LINE # 152
                 E     MOV     DPTR,#USBFS_currentTD
                       CLR     A
                       MOVX    @DPTR,A
                       INC     DPTR
                       INC     A
                       MOVX    @DPTR,A
                                           ; SOURCE LINE # 153
                 E     CALL    USBFS_InitControlRead
                 R     MOV     DPTR,#requestHandled
                       MOV     A,R7
                       MOVX    @DPTR,A
                                           ; SOURCE LINE # 154
                 R     xJMP    ?C0006
                                           ; SOURCE LINE # 156
             ?C0022:
                                           ; SOURCE LINE # 157
                 E     MOV     DPTR,#E_transceiver_temp
                       MOVX    A,@DPTR
                       MOV     R4,A
                       INC     DPTR
                       MOVX    A,@DPTR
                       MOV     R5,A
                       INC     DPTR
                       MOVX    A,@DPTR
                       MOV     R6,A
                       INC     DPTR
                       MOVX    A,@DPTR
                       MOV     R7,A
                 R     CALL    _?swap32_int
                 R     MOV     DPTR,#proficio_temperature
                 E     CALL    ?C?LSTXDATA
                                           ; SOURCE LINE # 159
                 E     MOV     DPTR,#USBFS_currentTD+02H
                       MOV     A,#01H
                       MOVX    @DPTR,A
                       INC     DPTR
                 R     MOV     A,#HIGH proficio_temperature
                       MOVX    @DPTR,A
                       INC     DPTR
                 R     MOV     A,#LOW proficio_temperature
                       MOVX    @DPTR,A
                                           ; SOURCE LINE # 160
                 E     MOV     DPTR,#USBFS_currentTD
                       CLR     A
                       MOVX    @DPTR,A
                       INC     DPTR
                       MOV     A,#04H
                       MOVX    @DPTR,A
                                           ; SOURCE LINE # 161
                 E     CALL    USBFS_InitControlRead
                 R     MOV     DPTR,#requestHandled
                       MOV     A,R7
                       MOVX    @DPTR,A
                                           ; SOURCE LINE # 162
                 R     xJMP    ?C0006
                                           ; SOURCE LINE # 164
             ?C0023:
                                           ; SOURCE LINE # 165
                 E     MOV     DPTR,#USBFS_currentTD+02H
                       MOV     A,#01H
                       MOVX    @DPTR,A
C51 COMPILER V9.51   USBVEND01                                                             09/03/2026 15:23:30 PAGE 18  

                       INC     DPTR
                 R     MOV     A,#HIGH E_Potentia_temperature
                       MOVX    @DPTR,A
                       INC     DPTR
                 R     MOV     A,#LOW E_Potentia_temperature
                       MOVX    @DPTR,A
                                           ; SOURCE LINE # 166
                 E     MOV     DPTR,#USBFS_currentTD
                       CLR     A
                       MOVX    @DPTR,A
                       INC     DPTR
                       MOV     A,#04H
                       MOVX    @DPTR,A
                                           ; SOURCE LINE # 167
                 E     CALL    USBFS_InitControlRead
                 R     MOV     DPTR,#requestHandled
                       MOV     A,R7
                       MOVX    @DPTR,A
                                           ; SOURCE LINE # 168
                 R     xJMP    ?C0006
                                           ; SOURCE LINE # 170
             ?C0024:
                                           ; SOURCE LINE # 171
                 E     MOV     DPTR,#ee_ppm_int
                       MOVX    A,@DPTR
                 R     MOV     DPTR,#int_value
                       MOVX    @DPTR,A
                                           ; SOURCE LINE # 172
                 E     MOV     DPTR,#USBFS_currentTD+02H
                       MOV     A,#01H
                       MOVX    @DPTR,A
                       INC     DPTR
                 R     MOV     A,#HIGH int_value
                       MOVX    @DPTR,A
                       INC     DPTR
                 R     MOV     A,#LOW int_value
                       MOVX    @DPTR,A
                                           ; SOURCE LINE # 173
                 E     MOV     DPTR,#USBFS_currentTD
                       CLR     A
                       MOVX    @DPTR,A
                       INC     DPTR
                       INC     A
                       MOVX    @DPTR,A
                                           ; SOURCE LINE # 174
                 E     CALL    USBFS_InitControlRead
                 R     MOV     DPTR,#requestHandled
                       MOV     A,R7
                       MOVX    @DPTR,A
                                           ; SOURCE LINE # 175
                                           ; SOURCE LINE # 184
                                           ; SOURCE LINE # 185
             ?C0006:
                                           ; SOURCE LINE # 188
                 R     MOV     DPTR,#reqType
                       MOVX    A,@DPTR
                       ANL     A,#080H
                 R     xJNZ    ?C0025
                                           ; SOURCE LINE # 189
                                           ; SOURCE LINE # 190
                       INC     DPTR
                       MOVX    A,@DPTR
C51 COMPILER V9.51   USBVEND01                                                             09/03/2026 15:23:30 PAGE 19  

                 E     CALL    ?C?CCASE
                 R     DW      ?C0048
                       DB      0EH
                 R     DW      ?C0047
                       DB      0FH
                 R     DW      ?C0027
                       DB      030H
                 R     DW      ?C0028
                       DB      032H
                 R     DW      ?C0029
                       DB      033H
                 R     DW      ?C0031
                       DB      035H
                 R     DW      ?C0030
                       DB      03AH
                 R     DW      ?C0036
                       DB      070H
                 R     DW      ?C0040
                       DB      071H
                 R     DW      ?C0037
                       DB      072H
                 R     DW      ?C0041
                       DB      073H
                 R     DW      ?C0042
                       DB      075H
                 R     DW      ?C0043
                       DB      077H
                 R     DW      ?C0038
                       DB      07AH
                 R     DW      ?C0044
                       DB      07BH
                 R     DW      ?C0046
                       DB      07DH
                 R     DW      ?C0045
                       DB      07FH
                 R     DW      ?C0039
                       DB      090H
                 R     DW      ?C0032
                       DB      0A0H
                 R     DW      ?C0033
                       DB      0A9H
                 R     DW      ?C0034
                       DB      0F3H
                 R     DW      ?C0035
                       DB      0F7H
                       DW      00H
                 R     DW      ?C0025
                                           ; SOURCE LINE # 191
                                           ; SOURCE LINE # 192
             ?C0027:
                                           ; SOURCE LINE # 193
                 E     MOV     DPTR,#USBFS_currentTD+02H
                       MOV     A,#01H
                       MOVX    @DPTR,A
                       INC     DPTR
                 E     MOV     A,#HIGH Si570_OLD
                       MOVX    @DPTR,A
                       INC     DPTR
                 E     MOV     A,#LOW Si570_OLD
                       MOVX    @DPTR,A
                                           ; SOURCE LINE # 194
                 E     MOV     DPTR,#USBFS_currentTD
C51 COMPILER V9.51   USBVEND01                                                             09/03/2026 15:23:30 PAGE 20  

                       CLR     A
                       MOVX    @DPTR,A
                       INC     DPTR
                       MOV     A,#06H
                       MOVX    @DPTR,A
                                           ; SOURCE LINE # 195
                 E     CALL    USBFS_InitControlWrite
                 R     MOV     DPTR,#requestHandled
                       MOV     A,R7
                       MOVX    @DPTR,A
                                           ; SOURCE LINE # 196
                 R     xJMP    ?C0025
                                           ; SOURCE LINE # 197
             ?C0028:
                                           ; SOURCE LINE # 198
                 E     MOV     R2,#HIGH Si570_LO
                 E     MOV     R1,#LOW Si570_LO
                 E     MOV     DPTR,#USBFS_currentTD+02H
                       MOV     A,#01H
                       MOVX    @DPTR,A
                       INC     DPTR
                 E     MOV     A,#HIGH Si570_LO
                       MOVX    @DPTR,A
                       INC     DPTR
                 E     MOV     A,#LOW Si570_LO
                       MOVX    @DPTR,A
                                           ; SOURCE LINE # 199
                 E     MOV     DPTR,#USBFS_currentTD
                       CLR     A
                       MOVX    @DPTR,A
                       INC     DPTR
                       MOV     A,#04H
                       MOVX    @DPTR,A
                                           ; SOURCE LINE # 200
                 E     CALL    USBFS_InitControlWrite
                 R     MOV     DPTR,#requestHandled
                       MOV     A,R7
                       MOVX    @DPTR,A
                                           ; SOURCE LINE # 201
                 R     xJMP    ?C0025
                                           ; SOURCE LINE # 202
             ?C0029:
                                           ; SOURCE LINE # 203
                 E     MOV     R2,#HIGH E_calibration_int
                 E     MOV     R1,#LOW E_calibration_int
                 E     MOV     DPTR,#USBFS_currentTD+02H
                       MOV     A,#01H
                       MOVX    @DPTR,A
                       INC     DPTR
                 E     MOV     A,#HIGH E_calibration_int
                       MOVX    @DPTR,A
                       INC     DPTR
                 E     MOV     A,#LOW E_calibration_int
                       MOVX    @DPTR,A
                                           ; SOURCE LINE # 204
                 E     MOV     DPTR,#USBFS_currentTD
                       CLR     A
                       MOVX    @DPTR,A
                       INC     DPTR
                       INC     A
                       MOVX    @DPTR,A
                                           ; SOURCE LINE # 205
C51 COMPILER V9.51   USBVEND01                                                             09/03/2026 15:23:30 PAGE 21  

                 E     CALL    USBFS_InitControlWrite
                 R     MOV     DPTR,#requestHandled
                       MOV     A,R7
                       MOVX    @DPTR,A
                                           ; SOURCE LINE # 206
                 E     MOV     DPTR,#E_calibration_int
                       MOVX    A,@DPTR
                       MOV     R7,A
                       RLC     A
                       SUBB    A,ACC
                       MOV     R6,A
                       MOV     R5,A
                       MOV     R4,A
                 R     MOV     DPTR,#l_int
                 E     CALL    ?C?LSTXDATA
                                           ; SOURCE LINE # 207
                 E     MOV     DPTR,#E_PPM_needs_updated
                       MOVX    A,@DPTR
                       ORL     A,#01H
                       MOVX    @DPTR,A
                                           ; SOURCE LINE # 208
                 R     xJMP    ?C0025
                                           ; SOURCE LINE # 209
             ?C0030:
                                           ; SOURCE LINE # 210
                 E     MOV     R2,#HIGH E_calibration_dec
                 E     MOV     R1,#LOW E_calibration_dec
                 E     MOV     DPTR,#USBFS_currentTD+02H
                       MOV     A,#01H
                       MOVX    @DPTR,A
                       INC     DPTR
                 E     MOV     A,#HIGH E_calibration_dec
                       MOVX    @DPTR,A
                       INC     DPTR
                 E     MOV     A,#LOW E_calibration_dec
                       MOVX    @DPTR,A
                                           ; SOURCE LINE # 211
                 E     MOV     DPTR,#USBFS_currentTD
                       CLR     A
                       MOVX    @DPTR,A
                       INC     DPTR
                       INC     A
                       MOVX    @DPTR,A
                                           ; SOURCE LINE # 212
                 E     CALL    USBFS_InitControlWrite
                 R     MOV     DPTR,#requestHandled
                       MOV     A,R7
                       MOVX    @DPTR,A
                                           ; SOURCE LINE # 213
                 E     MOV     DPTR,#E_calibration_dec
                       MOVX    A,@DPTR
                       MOV     R7,A
                       RLC     A
                       SUBB    A,ACC
                       MOV     R6,A
                       MOV     R5,A
                       MOV     R4,A
                 R     MOV     DPTR,#l_dec
                 E     CALL    ?C?LSTXDATA
                                           ; SOURCE LINE # 214
                 E     MOV     DPTR,#E_PPM_needs_updated
                       MOVX    A,@DPTR
C51 COMPILER V9.51   USBVEND01                                                             09/03/2026 15:23:30 PAGE 22  

                       ORL     A,#02H
                       MOVX    @DPTR,A
                                           ; SOURCE LINE # 216
                 R     xJMP    ?C0025
                                           ; SOURCE LINE # 217
             ?C0031:
                                           ; SOURCE LINE # 218
                 E     MOV     R2,#HIGH E_ppm
                 E     MOV     R1,#LOW E_ppm
                 E     MOV     DPTR,#USBFS_currentTD+02H
                       MOV     A,#01H
                       MOVX    @DPTR,A
                       INC     DPTR
                 E     MOV     A,#HIGH E_ppm
                       MOVX    @DPTR,A
                       INC     DPTR
                 E     MOV     A,#LOW E_ppm
                       MOVX    @DPTR,A
                                           ; SOURCE LINE # 219
                 E     MOV     DPTR,#USBFS_currentTD
                       CLR     A
                       MOVX    @DPTR,A
                       INC     DPTR
                       INC     A
                       MOVX    @DPTR,A
                                           ; SOURCE LINE # 220
                 E     CALL    USBFS_InitControlWrite
                 R     MOV     DPTR,#requestHandled
                       MOV     A,R7
                       MOVX    @DPTR,A
                                           ; SOURCE LINE # 221
                 R     xJMP    ?C0025
                                           ; SOURCE LINE # 222
             ?C0032:
                                           ; SOURCE LINE # 223
                 E     MOV     DPTR,#USBFS_currentTD+02H
                       MOV     A,#01H
                       MOVX    @DPTR,A
                       INC     DPTR
                 R     MOV     A,#HIGH E_dll_version
                       MOVX    @DPTR,A
                       INC     DPTR
                 R     MOV     A,#LOW E_dll_version
                       MOVX    @DPTR,A
                                           ; SOURCE LINE # 224
                 E     MOV     DPTR,#USBFS_currentTD
                       CLR     A
                       MOVX    @DPTR,A
                       INC     DPTR
                       INC     A
                       MOVX    @DPTR,A
                                           ; SOURCE LINE # 225
                 E     CALL    USBFS_InitControlWrite
                 R     MOV     DPTR,#requestHandled
                       MOV     A,R7
                       MOVX    @DPTR,A
                                           ; SOURCE LINE # 226
                 R     xJMP    ?C0025
                                           ; SOURCE LINE # 227
             ?C0033:
                                           ; SOURCE LINE # 228
                 E     MOV     DPTR,#USBFS_currentTD+02H
C51 COMPILER V9.51   USBVEND01                                                             09/03/2026 15:23:30 PAGE 23  

                       MOV     A,#01H
                       MOVX    @DPTR,A
                       INC     DPTR
                 E     MOV     A,#HIGH E_transverter
                       MOVX    @DPTR,A
                       INC     DPTR
                 E     MOV     A,#LOW E_transverter
                       MOVX    @DPTR,A
                                           ; SOURCE LINE # 229
                 E     MOV     DPTR,#USBFS_currentTD
                       CLR     A
                       MOVX    @DPTR,A
                       INC     DPTR
                       INC     A
                       MOVX    @DPTR,A
                                           ; SOURCE LINE # 230
                 E     CALL    USBFS_InitControlWrite
                 R     MOV     DPTR,#requestHandled
                       MOV     A,R7
                       MOVX    @DPTR,A
                                           ; SOURCE LINE # 232
                 R     xJMP    ?C0025
                                           ; SOURCE LINE # 233
             ?C0034:
                                           ; SOURCE LINE # 234
                 E     MOV     DPTR,#USBFS_currentTD+02H
                       MOV     A,#01H
                       MOVX    @DPTR,A
                       INC     DPTR
                 E     MOV     A,#HIGH E_pcb_version
                       MOVX    @DPTR,A
                       INC     DPTR
                 E     MOV     A,#LOW E_pcb_version
                       MOVX    @DPTR,A
                                           ; SOURCE LINE # 235
                 E     MOV     DPTR,#USBFS_currentTD
                       CLR     A
                       MOVX    @DPTR,A
                       INC     DPTR
                       INC     A
                       MOVX    @DPTR,A
                                           ; SOURCE LINE # 236
                 E     CALL    USBFS_InitControlWrite
                 R     MOV     DPTR,#requestHandled
                       MOV     A,R7
                       MOVX    @DPTR,A
                                           ; SOURCE LINE # 237
                 R     xJMP    ?C0025
                                           ; SOURCE LINE # 238
             ?C0035:
                                           ; SOURCE LINE # 239
                 E     MOV     DPTR,#USBFS_currentTD+02H
                       MOV     A,#01H
                       MOVX    @DPTR,A
                       INC     DPTR
                 E     MOV     A,#HIGH E_Amplifier
                       MOVX    @DPTR,A
                       INC     DPTR
                 E     MOV     A,#LOW E_Amplifier
                       MOVX    @DPTR,A
                                           ; SOURCE LINE # 240
                 E     MOV     DPTR,#USBFS_currentTD
C51 COMPILER V9.51   USBVEND01                                                             09/03/2026 15:23:30 PAGE 24  

                       CLR     A
                       MOVX    @DPTR,A
                       INC     DPTR
                       INC     A
                       MOVX    @DPTR,A
                                           ; SOURCE LINE # 241
                 E     CALL    USBFS_InitControlWrite
                 R     MOV     DPTR,#requestHandled
                       MOV     A,R7
                       MOVX    @DPTR,A
                                           ; SOURCE LINE # 242
                 R     xJMP    ?C0025
                                           ; SOURCE LINE # 245
             ?C0036:
                                           ; SOURCE LINE # 246
                 E     MOV     DPTR,#USBFS_currentTD+02H
                       MOV     A,#01H
                       MOVX    @DPTR,A
                       INC     DPTR
                 E     MOV     A,#HIGH E_host_mode
                       MOVX    @DPTR,A
                       INC     DPTR
                 E     MOV     A,#LOW E_host_mode
                       MOVX    @DPTR,A
                                           ; SOURCE LINE # 247
                 E     MOV     DPTR,#USBFS_currentTD
                       CLR     A
                       MOVX    @DPTR,A
                       INC     DPTR
                       INC     A
                       MOVX    @DPTR,A
                                           ; SOURCE LINE # 248
                 E     CALL    USBFS_InitControlWrite
                 R     MOV     DPTR,#requestHandled
                       MOV     A,R7
                       MOVX    @DPTR,A
                                           ; SOURCE LINE # 249
                 R     xJMP    ?C0025
                                           ; SOURCE LINE # 251
             ?C0037:
                                           ; SOURCE LINE # 252
                 E     MOV     DPTR,#USBFS_currentTD+02H
                       MOV     A,#01H
                       MOVX    @DPTR,A
                       INC     DPTR
                 E     MOV     A,#HIGH E_QSK
                       MOVX    @DPTR,A
                       INC     DPTR
                 E     MOV     A,#LOW E_QSK
                       MOVX    @DPTR,A
                                           ; SOURCE LINE # 253
                 E     MOV     DPTR,#USBFS_currentTD
                       CLR     A
                       MOVX    @DPTR,A
                       INC     DPTR
                       INC     A
                       MOVX    @DPTR,A
                                           ; SOURCE LINE # 254
                 E     CALL    USBFS_InitControlWrite
                 R     MOV     DPTR,#requestHandled
                       MOV     A,R7
                       MOVX    @DPTR,A
C51 COMPILER V9.51   USBVEND01                                                             09/03/2026 15:23:30 PAGE 25  

                                           ; SOURCE LINE # 255
                 R     xJMP    ?C0025
                                           ; SOURCE LINE # 257
             ?C0038:
                                           ; SOURCE LINE # 258
                 E     MOV     DPTR,#USBFS_currentTD+02H
                       MOV     A,#01H
                       MOVX    @DPTR,A
                       INC     DPTR
                 E     MOV     A,#HIGH E_TX_Hold
                       MOVX    @DPTR,A
                       INC     DPTR
                 E     MOV     A,#LOW E_TX_Hold
                       MOVX    @DPTR,A
                                           ; SOURCE LINE # 259
                 E     MOV     DPTR,#USBFS_currentTD
                       CLR     A
                       MOVX    @DPTR,A
                       INC     DPTR
                       INC     A
                       MOVX    @DPTR,A
                                           ; SOURCE LINE # 260
                 E     CALL    USBFS_InitControlWrite
                 R     MOV     DPTR,#requestHandled
                       MOV     A,R7
                       MOVX    @DPTR,A
                                           ; SOURCE LINE # 261
                 R     xJMP    ?C0025
                                           ; SOURCE LINE # 263
             ?C0039:
                                           ; SOURCE LINE # 264
                 E     MOV     R2,#HIGH E_cw_pitch
                 E     MOV     R1,#LOW E_cw_pitch
                 E     MOV     DPTR,#USBFS_currentTD+02H
                       MOV     A,#01H
                       MOVX    @DPTR,A
                       INC     DPTR
                 E     MOV     A,#HIGH E_cw_pitch
                       MOVX    @DPTR,A
                       INC     DPTR
                 E     MOV     A,#LOW E_cw_pitch
                       MOVX    @DPTR,A
                                           ; SOURCE LINE # 265
                 E     MOV     DPTR,#USBFS_currentTD
                       CLR     A
                       MOVX    @DPTR,A
                       INC     DPTR
                       INC     A
                       MOVX    @DPTR,A
                                           ; SOURCE LINE # 266
                 E     CALL    USBFS_InitControlWrite
                 R     MOV     DPTR,#requestHandled
                       MOV     A,R7
                       MOVX    @DPTR,A
                                           ; SOURCE LINE # 267
                 R     xJMP    ?C0025
                                           ; SOURCE LINE # 269
             ?C0040:
                                           ; SOURCE LINE # 270
                 E     MOV     DPTR,#USBFS_currentTD+02H
                       MOV     A,#01H
                       MOVX    @DPTR,A
C51 COMPILER V9.51   USBVEND01                                                             09/03/2026 15:23:30 PAGE 26  

                       INC     DPTR
                 E     MOV     A,#HIGH E_keyer_mode
                       MOVX    @DPTR,A
                       INC     DPTR
                 E     MOV     A,#LOW E_keyer_mode
                       MOVX    @DPTR,A
                                           ; SOURCE LINE # 271
                 E     MOV     DPTR,#USBFS_currentTD
                       CLR     A
                       MOVX    @DPTR,A
                       INC     DPTR
                       INC     A
                       MOVX    @DPTR,A
                                           ; SOURCE LINE # 272
                 E     CALL    USBFS_InitControlWrite
                 R     MOV     DPTR,#requestHandled
                       MOV     A,R7
                       MOVX    @DPTR,A
                                           ; SOURCE LINE # 273
                 R     xJMP    ?C0025
                                           ; SOURCE LINE # 275
             ?C0041:
                                           ; SOURCE LINE # 276
                 E     MOV     DPTR,#USBFS_currentTD+02H
                       MOV     A,#01H
                       MOVX    @DPTR,A
                       INC     DPTR
                 E     MOV     A,#HIGH E_paddle
                       MOVX    @DPTR,A
                       INC     DPTR
                 E     MOV     A,#LOW E_paddle
                       MOVX    @DPTR,A
                                           ; SOURCE LINE # 277
                 E     MOV     DPTR,#USBFS_currentTD
                       CLR     A
                       MOVX    @DPTR,A
                       INC     DPTR
                       INC     A
                       MOVX    @DPTR,A
                                           ; SOURCE LINE # 278
                 E     CALL    USBFS_InitControlWrite
                 R     MOV     DPTR,#requestHandled
                       MOV     A,R7
                       MOVX    @DPTR,A
                                           ; SOURCE LINE # 279
                 R     xJMP    ?C0025
                                           ; SOURCE LINE # 281
             ?C0042:
                                           ; SOURCE LINE # 282
                 E     MOV     DPTR,#USBFS_currentTD+02H
                       MOV     A,#01H
                       MOVX    @DPTR,A
                       INC     DPTR
                 E     MOV     A,#HIGH E_spacing
                       MOVX    @DPTR,A
                       INC     DPTR
                 E     MOV     A,#LOW E_spacing
                       MOVX    @DPTR,A
                                           ; SOURCE LINE # 283
                 E     MOV     DPTR,#USBFS_currentTD
                       CLR     A
                       MOVX    @DPTR,A
C51 COMPILER V9.51   USBVEND01                                                             09/03/2026 15:23:30 PAGE 27  

                       INC     DPTR
                       INC     A
                       MOVX    @DPTR,A
                                           ; SOURCE LINE # 284
                 E     CALL    USBFS_InitControlWrite
                 R     MOV     DPTR,#requestHandled
                       MOV     A,R7
                       MOVX    @DPTR,A
                                           ; SOURCE LINE # 285
                 R     xJMP    ?C0025
                                           ; SOURCE LINE # 287
             ?C0043:
                                           ; SOURCE LINE # 288
                 E     MOV     DPTR,#USBFS_currentTD+02H
                       MOV     A,#01H
                       MOVX    @DPTR,A
                       INC     DPTR
                 E     MOV     A,#HIGH E_weight
                       MOVX    @DPTR,A
                       INC     DPTR
                 E     MOV     A,#LOW E_weight
                       MOVX    @DPTR,A
                                           ; SOURCE LINE # 289
                 E     MOV     DPTR,#USBFS_currentTD
                       CLR     A
                       MOVX    @DPTR,A
                       INC     DPTR
                       INC     A
                       MOVX    @DPTR,A
                                           ; SOURCE LINE # 290
                 E     CALL    USBFS_InitControlWrite
                 R     MOV     DPTR,#requestHandled
                       MOV     A,R7
                       MOVX    @DPTR,A
                                           ; SOURCE LINE # 291
                 R     xJMP    ?C0025
                                           ; SOURCE LINE # 293
             ?C0044:
                                           ; SOURCE LINE # 294
                 E     MOV     DPTR,#USBFS_currentTD+02H
                       MOV     A,#01H
                       MOVX    @DPTR,A
                       INC     DPTR
                 E     MOV     A,#HIGH E_wpm
                       MOVX    @DPTR,A
                       INC     DPTR
                 E     MOV     A,#LOW E_wpm
                       MOVX    @DPTR,A
                                           ; SOURCE LINE # 295
                 E     MOV     DPTR,#USBFS_currentTD
                       CLR     A
                       MOVX    @DPTR,A
                       INC     DPTR
                       INC     A
                       MOVX    @DPTR,A
                                           ; SOURCE LINE # 296
                 E     CALL    USBFS_InitControlWrite
                 R     MOV     DPTR,#requestHandled
                       MOV     A,R7
                       MOVX    @DPTR,A
                                           ; SOURCE LINE # 297
                 R     xJMP    ?C0025
C51 COMPILER V9.51   USBVEND01                                                             09/03/2026 15:23:30 PAGE 28  

                                           ; SOURCE LINE # 299
             ?C0045:
                                           ; SOURCE LINE # 300
                 E     MOV     DPTR,#USBFS_currentTD+02H
                       MOV     A,#01H
                       MOVX    @DPTR,A
                       INC     DPTR
                 E     MOV     A,#HIGH E_side_tone
                       MOVX    @DPTR,A
                       INC     DPTR
                 E     MOV     A,#LOW E_side_tone
                       MOVX    @DPTR,A
                                           ; SOURCE LINE # 301
                 E     MOV     DPTR,#USBFS_currentTD
                       CLR     A
                       MOVX    @DPTR,A
                       INC     DPTR
                       INC     A
                       MOVX    @DPTR,A
                                           ; SOURCE LINE # 302
                 E     CALL    USBFS_InitControlWrite
                 R     MOV     DPTR,#requestHandled
                       MOV     A,R7
                       MOVX    @DPTR,A
                                           ; SOURCE LINE # 303
                 R     xJMP    ?C0025
                                           ; SOURCE LINE # 305
             ?C0046:
                                           ; SOURCE LINE # 306
                 E     MOV     DPTR,#USBFS_currentTD+02H
                       MOV     A,#01H
                       MOVX    @DPTR,A
                       INC     DPTR
                 E     MOV     A,#HIGH E_keyer_installed
                       MOVX    @DPTR,A
                       INC     DPTR
                 E     MOV     A,#LOW E_keyer_installed
                       MOVX    @DPTR,A
                                           ; SOURCE LINE # 307
                 E     MOV     DPTR,#USBFS_currentTD
                       CLR     A
                       MOVX    @DPTR,A
                       INC     DPTR
                       INC     A
                       MOVX    @DPTR,A
                                           ; SOURCE LINE # 308
                 E     CALL    USBFS_InitControlWrite
                 R     MOV     DPTR,#requestHandled
                       MOV     A,R7
                       MOVX    @DPTR,A
                                           ; SOURCE LINE # 309
                 R     xJMP    ?C0025
                                           ; SOURCE LINE # 315
             ?C0047:
                                           ; SOURCE LINE # 316
                 E     MOV     DPTR,#USBFS_currentTD+02H
                       MOV     A,#01H
                       MOVX    @DPTR,A
                       INC     DPTR
                 R     MOV     A,#HIGH E_reboot_pad
                       MOVX    @DPTR,A
                       INC     DPTR
C51 COMPILER V9.51   USBVEND01                                                             09/03/2026 15:23:30 PAGE 29  

                 R     MOV     A,#LOW E_reboot_pad
                       MOVX    @DPTR,A
                                           ; SOURCE LINE # 317
                 E     MOV     DPTR,#USBFS_currentTD
                       CLR     A
                       MOVX    @DPTR,A
                       INC     DPTR
                       MOV     A,#04H
                       MOVX    @DPTR,A
                                           ; SOURCE LINE # 318
                 E     CALL    USBFS_InitControlWrite
                 R     MOV     DPTR,#requestHandled
                       MOV     A,R7
                       MOVX    @DPTR,A
                                           ; SOURCE LINE # 319
                 E     MOV     DPTR,#E_reboot_request
                       MOV     A,#01H
                       MOVX    @DPTR,A
                                           ; SOURCE LINE # 320
                 R     xJMP    ?C0025
                                           ; SOURCE LINE # 322
             ?C0048:
                                           ; SOURCE LINE # 323
                 E     MOV     DPTR,#USBFS_currentTD+02H
                       MOV     A,#01H
                       MOVX    @DPTR,A
                       INC     DPTR
                 R     MOV     A,#HIGH E_reboot_pad
                       MOVX    @DPTR,A
                       INC     DPTR
                 R     MOV     A,#LOW E_reboot_pad
                       MOVX    @DPTR,A
                                           ; SOURCE LINE # 324
                 E     MOV     DPTR,#USBFS_currentTD
                       CLR     A
                       MOVX    @DPTR,A
                       INC     DPTR
                       MOV     A,#04H
                       MOVX    @DPTR,A
                                           ; SOURCE LINE # 325
                 E     CALL    USBFS_InitControlWrite
                 R     MOV     DPTR,#requestHandled
                       MOV     A,R7
                       MOVX    @DPTR,A
                                           ; SOURCE LINE # 326
                 E     MOV     DPTR,#E_reboot_request
                       MOV     A,#02H
                       MOVX    @DPTR,A
                                           ; SOURCE LINE # 327
                                           ; SOURCE LINE # 330
                                           ; SOURCE LINE # 331
             ?C0025:
                                           ; SOURCE LINE # 332
                 R     MOV     DPTR,#requestHandled
                       MOVX    A,@DPTR
                       MOV     R7,A
                                           ; SOURCE LINE # 333
             ?C0049:
                       RET     
             ; FUNCTION USBFS_HandleVendorRqst (END)


C51 COMPILER V9.51   USBVEND01                                                             09/03/2026 15:23:30 PAGE 30  


MODULE INFORMATION:   STATIC OVERLAYABLE
   CODE SIZE        =   1895    ----
   CONSTANT SIZE    =   ----    ----
   XDATA SIZE       =     23       4
   PDATA SIZE       =   ----    ----
   DATA SIZE        =   ----    ----
   IDATA SIZE       =   ----    ----
   BIT SIZE         =   ----    ----
   EDATA SIZE       =   ----    ----
   HDATA SIZE       =   ----    ----
   XDATA CONST SIZE =   ----    ----
   FAR CONST SIZE   =   ----    ----
END OF MODULE INFORMATION.


C51 COMPILATION COMPLETE.  0 WARNING(S),  0 ERROR(S)
