C51 COMPILER V9.51   SETTINGS01                                                            08/15/2026 23:55:53 PAGE 1   


C51 COMPILER V9.51, COMPILATION OF MODULE SETTINGS01
OBJECT MODULE PLACED IN .\DP8051\DP8051_Keil_951\Debug\settings01.obj
COMPILER INVOKED BY: C:\Program Files (x86)\Cypress\PSoC Creator\4.2\PSoC Creator\import\keil\pk51\9.51\C51\BIN\c51.exe 
                    -settings01.c NOIV LARGE MODDP2 OMF2 VB(1) NOIP INCDIR(.,Generated_Source\PSoC3) FF(3) DB WL(2) PR(.\DP8051\DP8051_Keil_9
                    -51\Debug/settings01.lst) CD OT(5,SPEED) OA OJ(.\DP8051\DP8051_Keil_951\Debug\settings01.obj)

line level    source

   1          // Copyright 2013 David Turnbull AE9RB
   2          //
   3          // Licensed under the Apache License, Version 2.0 (the "License");
   4          // you may not use this file except in compliance with the License.
   5          // You may obtain a copy of the License at
   6          //
   7          //     http://www.apache.org/licenses/LICENSE-2.0
   8          //
   9          // Unless required by applicable law or agreed to in writing, software
  10          // distributed under the License is distributed on an "AS IS" BASIS,
  11          // WITHOUT WARRANTIES OR CONDITIONS OF ANY KIND, either express or implied.
  12          // See the License for the specific language governing permissions and
  13          // limitations under the License.
  14          // 10/01/2016 Added support for Proficio
  15          // 02/18/2017 Added support for native CW
  16          // Copyright © 2015-2017 Omnia SDR
  17          
  18          // Variable naming conventions:     E_<variable> -> Externally defined global
  19          //                                  ff_<variable> -> Externally defined global stored in flash memory
  20          //                                  ee_<variable> -> Externally defined global to be stored in EEPROM memo
             -ry
  21          //                                  l_<variable> -> locally defined variable
  22          //                                  All UPPERCASE -> Define
  23          
  24          
  25          #include <basic-plus.h>
  26          #include "si5351a.h"
  27          
  28          #define XTAL_MIN (114.285 - 2)
  29          #define XTAL_MAX (114.285 + 2)
  30          
  31          uint8 buffer[CYDEV_EEPROM_ROW_SIZE];
  32          
  33          
  34          #define XTAL_DATA(mem) (*(reg32*)(mem+0))
  35          #define REVERSE_DATA(mem) (*(reg8*)(mem+4))
  36          
  37          #define PPM_INT 0
  38          #define PPM_DEC 1
  39          #define PPM_RECEIVED 0x03
  40          #define AUDIO_CHANNELS 2
  41          #define CALIBRATION_TEMPERATURE 3
  42          #define DELAY_LIMIT 200
  43          
  44          #define PPM_INT 0
  45          #define PPM_DEC 1
  46          #define PPM_RECEIVED 0x03
  47          #define AUDIO_CHANNELS 2
  48          #define CALIBRATION_TEMPERATURE 3
  49          #define DELAY_LIMIT 200
  50          #define PPM_INT_SIGN 3
  51          #define PPM_DEC_SIGN 4
  52          
C51 COMPILER V9.51   SETTINGS01                                                            08/15/2026 23:55:53 PAGE 2   

  53          void Settings_Init(){
  54   1          reg8  *RegPointer;
  55   1          int8_t int_sign = 0;
  56   1          int8_t dec_sign = 0;
  57   1          
  58   1          EEPROM_Start();
  59   1          CyDelay(100);
  60   1          RegPointer = (reg8 *) (CYDEV_EE_BASE + 0u);
  61   1          ee_ppm_int = RegPointer[PPM_INT];
  62   1          ee_ppm_dec = RegPointer[PPM_DEC];
  63   1          int_sign = RegPointer[PPM_INT_SIGN];
  64   1          dec_sign = RegPointer[PPM_DEC_SIGN];
  65   1          
  66   1          if(int_sign == 1){
  67   2              ee_ppm_int = ee_ppm_int * -1;
  68   2          }
  69   1          if(dec_sign == 1){
  70   2              ee_ppm_dec = ee_ppm_dec * -1;
  71   2          }
  72   1          Audio_IQ_Channels = RegPointer[AUDIO_CHANNELS];
  73   1      }
  74          
  75          int Set_PPM(void ) {
  76   1          volatile cystatus status = 0;
  77   1          reg8 *RegPointer;
  78   1          uint8_t i = 0;
  79   1          uint8_t freq_status =0;
  80   1                
  81   1          RegPointer = (reg8 *) (CYDEV_EE_BASE + 0u);
  82   1          status = EEPROM_QueryWrite();
  83   1          if(status != CYRET_STARTED){
  84   2               for (i=5; i < CYDEV_EEPROM_ROW_SIZE; i++) {
  85   3                  buffer[i] = 0;
  86   3              }
  87   2              if(ee_ppm_int < 0){
  88   3                  buffer[PPM_INT] = (ee_ppm_int * -1);
  89   3                  buffer[PPM_INT_SIGN] = 1;
  90   3              }else{
  91   3                  buffer[PPM_INT] = ee_ppm_int;
  92   3                  buffer[PPM_INT_SIGN] = 0;
  93   3              }
  94   2              if(ee_ppm_dec < 0){
  95   3                  buffer[PPM_DEC] = (ee_ppm_dec * -1);
  96   3                  buffer[PPM_DEC_SIGN] = 1;
  97   3              }else{
  98   3                  buffer[PPM_DEC] = ee_ppm_dec;
  99   3                  buffer[PPM_DEC_SIGN] = 0;
 100   3              }
 101   2              buffer[AUDIO_CHANNELS] = Audio_IQ_Channels;
 102   2              EEPROM_StartWrite(buffer, 0);
 103   2              E_PPM_needs_updated = 0;
 104   2              E_PPM_needs_set = E_PPM_NEEDS_SET_STEP_1;
 105   2          }
 106   1          return status;
 107   1        }
 108          
 109          
 110          
 111          void Settings_Main(){
 112   1          //volatile uint8 l_audio_channels;
 113   1          reg8 *RegPointer;
 114   1          cystatus  error = 0;
C51 COMPILER V9.51   SETTINGS01                                                            08/15/2026 23:55:53 PAGE 3   

 115   1          //uint8 critical_section;
 116   1          volatile int8 l_calibration_int = 0;
 117   1          volatile int8 l_calibration_dec = 0;
 118   1          
 119   1          
 120   1          RegPointer = (reg8 *) (CYDEV_EE_BASE + 0u);
 121   1          l_calibration_int = ee_ppm_int;
 122   1          l_calibration_dec = ee_ppm_dec;
 123   1          if(E_PPM_needs_updated == PPM_RECEIVED){
 124   2              l_calibration_int = (E_calibration_int);
 125   2              l_calibration_dec = (E_calibration_dec);
 126   2              ee_ppm_int = (l_calibration_int);   
 127   2              ee_ppm_dec = (l_calibration_dec);
 128   2              Set_PPM();
 129   2          }
 130   1              
 131   1          /*l_audio_channels = RegPointer[AUDIO_CHANNELS];
 132   1          if(l_audio_channels != Audio_IQ_Channels){
 133   1              critical_section = CyEnterCriticalSection();
 134   1              error = EEPROM_ByteWritePos(Audio_IQ_Channels,0u,AUDIO_CHANNELS);
 135   1              CyExitCriticalSection(critical_section);
 136   1          }*/
 137   1      }    
 138          
 139          /*void Settings_Init(void) {
 140              float crystal_freq;
 141              EEPROM_Start();
 142              
 143              crystal_freq = ((float)swap32(*(reg32*)CYDEV_EE_BASE) / 0x01000000);
 144              
 145              if (
 146                  crystal_freq < XTAL_MIN || crystal_freq > XTAL_MAX ||
 147                  REVERSE_DATA(CYDEV_EE_BASE) > 3
 148              ) {
 149                  // New radio! Si570_Start() will compute xtal
 150                  // and it will immediately be stored in eeprom.
 151                  Si570_Xtal = 0;
 152                  Audio_IQ_Channels = 0;
 153              } else {
 154                  Si570_Xtal = XTAL_DATA(CYDEV_EE_BASE);
 155                  Audio_IQ_Channels = REVERSE_DATA(CYDEV_EE_BASE);
 156              }
 157              
 158          }
 159          
 160          void Settings_Main(void) {
 161              uint8 i;
 162              
 163              if (
 164                  XTAL_DATA(CYDEV_EE_BASE) != Si570_Xtal ||
 165                  REVERSE_DATA(CYDEV_EE_BASE) != Audio_IQ_Channels
 166              ) {
 167                  if (EEPROM_QueryWrite() != CYRET_STARTED) {
 168                      for (i=4; i < CYDEV_EEPROM_ROW_SIZE; i++) buffer[i] = 0;
 169                      XTAL_DATA(buffer) = Si570_Xtal;
 170                      REVERSE_DATA(buffer) = Audio_IQ_Channels;
 171                      CySetTemp();
 172                      EEPROM_StartWrite(buffer, 0);
 173                  }
 174              }
 175          
 176          }*/
C51 COMPILER V9.51   SETTINGS01                                                            08/15/2026 23:55:53 PAGE 4   

ASSEMBLY LISTING OF GENERATED OBJECT CODE


             ; FUNCTION Settings_Init (BEGIN)
                                           ; SOURCE LINE # 53
                                           ; SOURCE LINE # 55
                       CLR     A
                 R     MOV     DPTR,#int_sign
                       MOVX    @DPTR,A
                                           ; SOURCE LINE # 56
                       INC     DPTR
                       MOVX    @DPTR,A
                                           ; SOURCE LINE # 58
                 E     CALL    EEPROM_Start
                                           ; SOURCE LINE # 59
                       CLR     A
                       MOV     R7,#064H
                       MOV     R6,A
                       MOV     R5,A
                       MOV     R4,A
                 E     CALL    _?CyDelay
                                           ; SOURCE LINE # 60
;---- Variable 'RegPointer' assigned to Register 'R2/R3' ----
                       MOV     R3,#00H
                       MOV     R2,#080H
                                           ; SOURCE LINE # 61
                       MOV     DPL,R3
                       MOV     DPH,R2
                       MOVX    A,@DPTR
                 E     MOV     DPTR,#ee_ppm_int
                       MOVX    @DPTR,A
                                           ; SOURCE LINE # 62
                       MOV     DPL,R3
                       MOV     DPH,R2
                       INC     DPTR
                       MOVX    A,@DPTR
                 E     MOV     DPTR,#ee_ppm_dec
                       MOVX    @DPTR,A
                                           ; SOURCE LINE # 63
                       MOV     DPL,R3
                       MOV     DPH,R2
                       INC     DPTR
                       INC     DPTR
                       INC     DPTR
                       MOVX    A,@DPTR
                 R     MOV     DPTR,#int_sign
                       MOVX    @DPTR,A
                                           ; SOURCE LINE # 64
                       MOV     A,R3
                       ADD     A,#04H
                       MOV     DPL,A
                       CLR     A
                       ADDC    A,R2
                       MOV     DPH,A
                       MOVX    A,@DPTR
                 R     MOV     DPTR,#dec_sign
                       MOVX    @DPTR,A
                                           ; SOURCE LINE # 66
                 R     MOV     DPTR,#int_sign
                       MOVX    A,@DPTR
                 R     xJNE    A,#01H,?C0001
                                           ; SOURCE LINE # 67
C51 COMPILER V9.51   SETTINGS01                                                            08/15/2026 23:55:53 PAGE 5   

                 E     MOV     DPTR,#ee_ppm_int
                       MOVX    A,@DPTR
                       MOV     R7,A
                       RLC     A
                       SUBB    A,ACC
                       MOV     R6,A
                       MOV     R4,#0FFH
                       MOV     R5,#0FFH
                 E     CALL    ?C?IMUL
                       MOV     A,R7
                       MOVX    @DPTR,A
                                           ; SOURCE LINE # 68
             ?C0001:
                                           ; SOURCE LINE # 69
                 R     MOV     DPTR,#dec_sign
                       MOVX    A,@DPTR
                 R     xJNE    A,#01H,?C0002
                                           ; SOURCE LINE # 70
                 E     MOV     DPTR,#ee_ppm_dec
                       MOVX    A,@DPTR
                       MOV     R7,A
                       RLC     A
                       SUBB    A,ACC
                       MOV     R6,A
                       MOV     R4,#0FFH
                       MOV     R5,#0FFH
                 E     CALL    ?C?IMUL
                       MOV     A,R7
                       MOVX    @DPTR,A
                                           ; SOURCE LINE # 71
             ?C0002:
                                           ; SOURCE LINE # 72
                       MOV     R6,AR2
                       MOV     R7,AR3
                       MOV     DPL,R7
                       MOV     DPH,R6
                       INC     DPTR
                       INC     DPTR
                       MOVX    A,@DPTR
                 E     MOV     DPTR,#Audio_IQ_Channels
                       MOVX    @DPTR,A
                                           ; SOURCE LINE # 73
                       RET     
             ; FUNCTION Settings_Init (END)

             ; FUNCTION Set_PPM (BEGIN)
                                           ; SOURCE LINE # 75
                                           ; SOURCE LINE # 76
                       CLR     A
                 R     MOV     DPTR,#status
                       MOVX    @DPTR,A
                                           ; SOURCE LINE # 78
                 R     MOV     DPTR,#i
                       MOVX    @DPTR,A
                                           ; SOURCE LINE # 79
                       INC     DPTR
                       MOVX    @DPTR,A
                                           ; SOURCE LINE # 81
                 R     MOV     DPTR,#RegPointer
                       MOV     A,#080H
                       MOVX    @DPTR,A
                       INC     DPTR
C51 COMPILER V9.51   SETTINGS01                                                            08/15/2026 23:55:53 PAGE 6   

                       CLR     A
                       MOVX    @DPTR,A
                                           ; SOURCE LINE # 82
                 E     CALL    EEPROM_Query
                 R     MOV     DPTR,#status
                       MOV     A,R7
                       MOVX    @DPTR,A
                                           ; SOURCE LINE # 83
                       MOVX    A,@DPTR
                       XRL     A,#07H
                 R     xJZ     ?C0004
                                           ; SOURCE LINE # 84
                 R     MOV     DPTR,#i
                       MOV     A,#05H
                       MOVX    @DPTR,A
             ?C0005:
                 R     MOV     DPTR,#i
                       MOVX    A,@DPTR
                       MOV     R7,A
                       CLR     C
                       SUBB    A,#010H
                 R     xJGE    ?C0006
                                           ; SOURCE LINE # 85
                 R     MOV     A,#LOW buffer
                       ADD     A,R7
                       MOV     DPL,A
                       CLR     A
                 R     ADDC    A,#HIGH buffer
                       MOV     DPH,A
                       CLR     A
                       MOVX    @DPTR,A
                                           ; SOURCE LINE # 86
                 R     MOV     DPTR,#i
                       MOVX    A,@DPTR
                       INC     A
                       MOVX    @DPTR,A
                 R     xJMP    ?C0005
             ?C0006:
                                           ; SOURCE LINE # 87
                 E     MOV     DPTR,#ee_ppm_int
                       MOVX    A,@DPTR
                       CLR     C
                       XRL     A,#080H
                       SUBB    A,#080H
                 R     xJGE    ?C0008
                                           ; SOURCE LINE # 88
                       MOVX    A,@DPTR
                       MOV     R7,A
                       RLC     A
                       SUBB    A,ACC
                       MOV     R6,A
                       MOV     R4,#0FFH
                       MOV     R5,#0FFH
                 E     CALL    ?C?IMUL
                 R     MOV     DPTR,#buffer
                       MOV     A,R7
                       MOVX    @DPTR,A
                                           ; SOURCE LINE # 89
                 R     MOV     DPTR,#buffer+03H
                       MOV     A,#01H
                       MOVX    @DPTR,A
                                           ; SOURCE LINE # 90
C51 COMPILER V9.51   SETTINGS01                                                            08/15/2026 23:55:53 PAGE 7   

                 R     xJMP    ?C0009
             ?C0008:
                                           ; SOURCE LINE # 91
                 E     MOV     DPTR,#ee_ppm_int
                       MOVX    A,@DPTR
                 R     MOV     DPTR,#buffer
                       MOVX    @DPTR,A
                                           ; SOURCE LINE # 92
                       CLR     A
                 R     MOV     DPTR,#buffer+03H
                       MOVX    @DPTR,A
                                           ; SOURCE LINE # 93
             ?C0009:
                                           ; SOURCE LINE # 94
                 E     MOV     DPTR,#ee_ppm_dec
                       MOVX    A,@DPTR
                       CLR     C
                       XRL     A,#080H
                       SUBB    A,#080H
                 R     xJGE    ?C0010
                                           ; SOURCE LINE # 95
                       MOVX    A,@DPTR
                       MOV     R7,A
                       RLC     A
                       SUBB    A,ACC
                       MOV     R6,A
                       MOV     R4,#0FFH
                       MOV     R5,#0FFH
                 E     CALL    ?C?IMUL
                 R     MOV     DPTR,#buffer+01H
                       MOV     A,R7
                       MOVX    @DPTR,A
                                           ; SOURCE LINE # 96
                 R     MOV     DPTR,#buffer+04H
                       MOV     A,#01H
                       MOVX    @DPTR,A
                                           ; SOURCE LINE # 97
                 R     xJMP    ?C0011
             ?C0010:
                                           ; SOURCE LINE # 98
                 E     MOV     DPTR,#ee_ppm_dec
                       MOVX    A,@DPTR
                 R     MOV     DPTR,#buffer+01H
                       MOVX    @DPTR,A
                                           ; SOURCE LINE # 99
                       CLR     A
                 R     MOV     DPTR,#buffer+04H
                       MOVX    @DPTR,A
                                           ; SOURCE LINE # 100
             ?C0011:
                                           ; SOURCE LINE # 101
                 E     MOV     DPTR,#Audio_IQ_Channels
                       MOVX    A,@DPTR
                 R     MOV     DPTR,#buffer+02H
                       MOVX    @DPTR,A
                                           ; SOURCE LINE # 102
                       MOV     R3,#01H
                 R     MOV     R2,#HIGH buffer
                 R     MOV     R1,#LOW buffer
                       CLR     A
                       MOV     R5,A
                 E     CALL    _EEPROM_StartWrite
C51 COMPILER V9.51   SETTINGS01                                                            08/15/2026 23:55:53 PAGE 8   

                                           ; SOURCE LINE # 103
                       CLR     A
                 E     MOV     DPTR,#E_PPM_needs_updated
                       MOVX    @DPTR,A
                                           ; SOURCE LINE # 104
                 E     MOV     DPTR,#E_PPM_needs_set
                       MOV     A,#02H
                       MOVX    @DPTR,A
                                           ; SOURCE LINE # 105
             ?C0004:
                                           ; SOURCE LINE # 106
                 R     MOV     DPTR,#status
                       MOVX    A,@DPTR
                       MOV     R7,A
                       MOV     R6,#00H
                                           ; SOURCE LINE # 107
             ?C0012:
                       RET     
             ; FUNCTION Set_PPM (END)

             ; FUNCTION Settings_Main (BEGIN)
                                           ; SOURCE LINE # 111
                                           ; SOURCE LINE # 114
                       CLR     A
                 R     MOV     DPTR,#error
                       MOVX    @DPTR,A
                                           ; SOURCE LINE # 116
                       INC     DPTR
                       MOVX    @DPTR,A
                                           ; SOURCE LINE # 117
                       INC     DPTR
                       MOVX    @DPTR,A
                                           ; SOURCE LINE # 120
                 R     MOV     DPTR,#RegPointer
                       MOV     A,#080H
                       MOVX    @DPTR,A
                       INC     DPTR
                       CLR     A
                       MOVX    @DPTR,A
                                           ; SOURCE LINE # 121
                 E     MOV     DPTR,#ee_ppm_int
                       MOVX    A,@DPTR
                 R     MOV     DPTR,#l_calibration_int
                       MOVX    @DPTR,A
                                           ; SOURCE LINE # 122
                 E     MOV     DPTR,#ee_ppm_dec
                       MOVX    A,@DPTR
                 R     MOV     DPTR,#l_calibration_dec
                       MOVX    @DPTR,A
                                           ; SOURCE LINE # 123
                 E     MOV     DPTR,#E_PPM_needs_updated
                       MOVX    A,@DPTR
                 R     xJNE    A,#03H,?C0014
                                           ; SOURCE LINE # 124
                 E     MOV     DPTR,#E_calibration_int
                       MOVX    A,@DPTR
                 R     MOV     DPTR,#l_calibration_int
                       MOVX    @DPTR,A
                                           ; SOURCE LINE # 125
                 E     MOV     DPTR,#E_calibration_dec
                       MOVX    A,@DPTR
                 R     MOV     DPTR,#l_calibration_dec
C51 COMPILER V9.51   SETTINGS01                                                            08/15/2026 23:55:53 PAGE 9   

                       MOVX    @DPTR,A
                                           ; SOURCE LINE # 126
                 R     MOV     DPTR,#l_calibration_int
                       MOVX    A,@DPTR
                 E     MOV     DPTR,#ee_ppm_int
                       MOVX    @DPTR,A
                                           ; SOURCE LINE # 127
                 R     MOV     DPTR,#l_calibration_dec
                       MOVX    A,@DPTR
                 E     MOV     DPTR,#ee_ppm_dec
                       MOVX    @DPTR,A
                                           ; SOURCE LINE # 128
                 R     CALL    Set_PPM
                                           ; SOURCE LINE # 129
                                           ; SOURCE LINE # 137
             ?C0014:
                       RET     
             ; FUNCTION Settings_Main (END)



MODULE INFORMATION:   STATIC OVERLAYABLE
   CODE SIZE        =    448    ----
   CONSTANT SIZE    =   ----    ----
   XDATA SIZE       =     16      12
   PDATA SIZE       =   ----    ----
   DATA SIZE        =   ----    ----
   IDATA SIZE       =   ----    ----
   BIT SIZE         =   ----    ----
   EDATA SIZE       =   ----    ----
   HDATA SIZE       =   ----    ----
   XDATA CONST SIZE =   ----    ----
   FAR CONST SIZE   =   ----    ----
END OF MODULE INFORMATION.


C51 COMPILATION COMPLETE.  0 WARNING(S),  0 ERROR(S)
