C51 COMPILER V9.51   TX                                                                    08/15/2026 23:55:51 PAGE 1   


C51 COMPILER V9.51, COMPILATION OF MODULE TX
OBJECT MODULE PLACED IN .\DP8051\DP8051_Keil_951\Debug\tx.obj
COMPILER INVOKED BY: C:\Program Files (x86)\Cypress\PSoC Creator\4.2\PSoC Creator\import\keil\pk51\9.51\C51\BIN\c51.exe 
                    -tx.c NOIV LARGE MODDP2 OMF2 VB(1) NOIP INCDIR(.,Generated_Source\PSoC3) FF(3) DB WL(2) PR(.\DP8051\DP8051_Keil_951\Debug
                    -/tx.lst) CD OT(5,SPEED) OA OJ(.\DP8051\DP8051_Keil_951\Debug\tx.obj)

line level    source

   1          // Copyright 2013 David Turnbull AE9RB
   2          //
   3          // Licensed under the Apache License, Version 2.0 (the "License");
   4          // you may not use this file except in compliance with the License.
   5          // You may obtain a copy of the License at
   6          //
   7          //     http://www.apache.org/licenses/LICENSE-2.0
   8          //
   9          // Unless required by applicable law or agreed to in writing, software
  10          // distributed under the License is distributed on an "AS IS" BASIS,
  11          // WITHOUT WARRANTIES OR CONDITIONS OF ANY KIND, either express or implied.
  12          // See the License for the specific language governing permissions and
  13          // limitations under the License.
  14          // 10/01/2016 Added support for Proficio
  15          // 02/18/2017 Added support for native CW
  16          // Copyright © 2015-2017 Omnia SDR
  17          
  18          // Variable naming conventions:     E_<variable> -> Externally defined global
  19          //                                  ff_<variable> -> Externally defined global stored in flash memory
  20          //                                  ee_<variable> -> Externally defined global to be stored in EEPROM memo
             -ry
  21          //                                  l_<variable> -> locally defined variable
  22          //                                  All UPPERCASE -> Define
  23          
  24          #include <basic-plus.h>
  25          #include <si5351.h>
  26          #include <si5351a.h>
  27          
  28          #define TX_LED_BLINK_ON_MS 40
  29          #define TX_LED_BLINK_OFF_MS 50
  30          
  31          uint8 TX_Request = 0;
  32          uint8 TX_Inhibit = 0;
  33          
  34          void TX_Main(void) {
  35   1          static uint8 state = 0; 
  36   1         
  37   1          switch (state) {
  38   2              case 0: // receiving
  39   2                  if (TX_Request && !TX_Inhibit) {
  40   3                      state = 2;
  41   3                      Control_Write(Control_Read() & ~CONTROL_RX);
  42   3                  }
  43   2                  break;
  44   2              case 2:
  45   2                  Control_Write(Control_Read() & ~CONTROL_AMP);
  46   2                  state = 10;
  47   2                  break;
  48   2              case 10: // transmitting
  49   2                  if (!TX_Request && !TX_Inhibit) {
  50   3                      Control_Write(Control_Read() & ~(CONTROL_LED) | CONTROL_AMP);
  51   3                      state = 11;
  52   3                   }
C51 COMPILER V9.51   TX                                                                    08/15/2026 23:55:51 PAGE 2   

  53   2                 break;
  54   2              case 11:
  55   2                  Control_Write(Control_Read() | CONTROL_RX);
  56   2                  state = 0;
  57   2                  break;
  58   2          }
  59   1          
  60   1      }
C51 COMPILER V9.51   TX                                                                    08/15/2026 23:55:51 PAGE 3   

ASSEMBLY LISTING OF GENERATED OBJECT CODE


             ; FUNCTION TX_Main (BEGIN)
                                           ; SOURCE LINE # 34
                                           ; SOURCE LINE # 37
                 R     MOV     DPTR,#state
                       MOVX    A,@DPTR
                       ADD     A,#0FEH
                 R     xJZ     ?C0004
                       ADD     A,#0F8H
                 R     xJZ     ?C0005
                       DEC     A
                 R     xJZ     ?C0007
                       ADD     A,#0BH
                 R     xJNZ    ?C0008
                                           ; SOURCE LINE # 38
             ?C0002:
                                           ; SOURCE LINE # 39
                 R     MOV     DPTR,#TX_Request
                       MOVX    A,@DPTR
                 R     xJZ     ?C0008
                 R     MOV     DPTR,#TX_Inhibit
                       MOVX    A,@DPTR
                 R     xJNZ    ?C0008
                                           ; SOURCE LINE # 40
                 R     MOV     DPTR,#state
                       MOV     A,#02H
                       MOVX    @DPTR,A
                                           ; SOURCE LINE # 41
                 E     CALL    Control_Read
                       MOV     A,R7
                       ANL     A,#0FDH
                       MOV     R7,A
                 E     CALL    _Control_Write
                                           ; SOURCE LINE # 42
                                           ; SOURCE LINE # 43
                       RET     
                                           ; SOURCE LINE # 44
             ?C0004:
                                           ; SOURCE LINE # 45
                 E     CALL    Control_Read
                       MOV     A,R7
                       ANL     A,#0F7H
                       MOV     R7,A
                 E     CALL    _Control_Write
                                           ; SOURCE LINE # 46
                 R     MOV     DPTR,#state
                       MOV     A,#0AH
                       MOVX    @DPTR,A
                                           ; SOURCE LINE # 47
                       RET     
                                           ; SOURCE LINE # 48
             ?C0005:
                                           ; SOURCE LINE # 49
                 R     MOV     DPTR,#TX_Request
                       MOVX    A,@DPTR
                 R     xJNZ    ?C0008
                 R     MOV     DPTR,#TX_Inhibit
                       MOVX    A,@DPTR
                 R     xJNZ    ?C0008
                                           ; SOURCE LINE # 50
C51 COMPILER V9.51   TX                                                                    08/15/2026 23:55:51 PAGE 4   

                 E     CALL    Control_Read
                       MOV     A,R7
                       ANL     A,#0FEH
                       ORL     A,#08H
                       MOV     R7,A
                 E     CALL    _Control_Write
                                           ; SOURCE LINE # 51
                 R     MOV     DPTR,#state
                       MOV     A,#0BH
                       MOVX    @DPTR,A
                                           ; SOURCE LINE # 52
                                           ; SOURCE LINE # 53
                       RET     
                                           ; SOURCE LINE # 54
             ?C0007:
                                           ; SOURCE LINE # 55
                 E     CALL    Control_Read
                       MOV     A,R7
                       ORL     A,#02H
                       MOV     R7,A
                 E     CALL    _Control_Write
                                           ; SOURCE LINE # 56
                       CLR     A
                 R     MOV     DPTR,#state
                       MOVX    @DPTR,A
                                           ; SOURCE LINE # 57
                                           ; SOURCE LINE # 58
                                           ; SOURCE LINE # 60
             ?C0008:
                       RET     
             ; FUNCTION TX_Main (END)



MODULE INFORMATION:   STATIC OVERLAYABLE
   CODE SIZE        =    136    ----
   CONSTANT SIZE    =   ----    ----
   XDATA SIZE       =      3    ----
   PDATA SIZE       =   ----    ----
   DATA SIZE        =   ----    ----
   IDATA SIZE       =   ----    ----
   BIT SIZE         =   ----    ----
   EDATA SIZE       =   ----    ----
   HDATA SIZE       =   ----    ----
   XDATA CONST SIZE =   ----    ----
   FAR CONST SIZE   =   ----    ----
END OF MODULE INFORMATION.


C51 COMPILATION COMPLETE.  0 WARNING(S),  0 ERROR(S)
