C51 COMPILER V9.51   USBFS_BOOT                                                            08/15/2026 23:55:55 PAGE 1   


C51 COMPILER V9.51, COMPILATION OF MODULE USBFS_BOOT
OBJECT MODULE PLACED IN .\DP8051\DP8051_Keil_951\Debug\USBFS_boot.obj
COMPILER INVOKED BY: C:\Program Files (x86)\Cypress\PSoC Creator\4.2\PSoC Creator\import\keil\pk51\9.51\C51\BIN\c51.exe 
                    -Generated_Source\PSoC3\USBFS_boot.c NOIV LARGE MODDP2 OMF2 VB(1) NOIP INCDIR(.,Generated_Source\PSoC3) FF(3) DB WL(2) PR
                    -(.\DP8051\DP8051_Keil_951\Debug/USBFS_boot.lst) CD OT(5,SPEED) OA OJ(.\DP8051\DP8051_Keil_951\Debug\USBFS_boot.obj)

line level    source

   1          /***************************************************************************//**
   2          * \file USBFS_boot.c
   3          * \version 3.20
   4          *
   5          * \brief
   6          *  This file contains the Bootloader API for USBFS Component.
   7          *
   8          ********************************************************************************
   9          * \copyright
  10          * Copyright 2008-2016, Cypress Semiconductor Corporation.  All rights reserved.
  11          * You may use this file only in accordance with the license, terms, conditions,
  12          * disclaimers, and limitations in the end user license agreement accompanying
  13          * the software package with which this file was provided.
  14          *******************************************************************************/
  15          
  16          #include "USBFS_pvt.h"
  17          
  18          #if defined(CYDEV_BOOTLOADER_IO_COMP) && ((CYDEV_BOOTLOADER_IO_COMP == CyBtldr_USBFS) || \
  19                                                    (CYDEV_BOOTLOADER_IO_COMP == CyBtldr_Custom_Interface))   
              
              /***************************************
              *    Bootloader Variables
              ***************************************/
                  
              
              static uint8  USBFS_started = 0u;
              
              
              /*******************************************************************************
              * Function Name: USBFS_CyBtldrCommStart
              ****************************************************************************//**
              *
              *  This function performs all required initialization for the USBFS component, 
              *  waits on enumeration, and enables communication.
              *
              * \sideeffect
              *  This function starts the USB with 3V or 5V operation.
              *
              * \reentrant
              *  No.
              *
              *******************************************************************************/
              void USBFS_CyBtldrCommStart(void) 
              {
                  /* Enable Global Interrupts. Interrupts are mandatory for USBFS component operation. */
                  CyGlobalIntEnable;
              
                  /* Start USBFS Operation: device 0 and with 5V or 3V operation depend on Voltage Configuration in DWR.
             - */
                  USBFS_Start(0u, USBFS_DWR_POWER_OPERATION);
              
                  /* USB component started, the correct enumeration will be checked in the first Read operation. */
                  USBFS_started = 1u;
C51 COMPILER V9.51   USBFS_BOOT                                                            08/15/2026 23:55:55 PAGE 2   

              }
              
              
              /*******************************************************************************
              * Function Name: USBFS_CyBtldrCommStop.
              ****************************************************************************//**
              *
              *  This function performs all necessary shutdown tasks required for the USBFS 
              *  component.
              *  
              *  \sideeffect
              *   Calls the USBFS_Stop() function.
              *
              *******************************************************************************/
              void USBFS_CyBtldrCommStop(void) 
              {
                  USBFS_Stop();
              }
              
              
              /*******************************************************************************
              * Function Name: USBFS_CyBtldrCommReset.
              ****************************************************************************//**
              *
              *  This function resets receive and transmit communication buffers.
              *
              * \reentrant
              *  No
              *
              *******************************************************************************/
              void USBFS_CyBtldrCommReset(void) 
              {
                  USBFS_EnableOutEP(USBFS_BTLDR_OUT_EP); 
              }
              
              
              /*******************************************************************************
              * Function Name: USBFS_CyBtldrCommWrite.
              ****************************************************************************//**
              *
              *  This function allows the caller to write data to the bootloader host. It 
              *  handles polling to allow a block of data to be completely sent to the host 
              *  device.
              *
              *  \param pData    A pointer to the block of data to send to the device
              *  \param size     The number of bytes to write.
              *  \param count    Pointer to an unsigned short variable to write the number of
              *                  bytes actually written.
              *  \param timeOut  Number of units to wait before returning because of a timeout.
              *
              * \return
              *  Returns CYRET_SUCCESS if no problem was encountered or returns the value that 
              *  best describes the problem. For more information, see the “Return Codes” 
              *  section of the System Reference Guide.
              *
              * \reentrant
              *  No
              *
              *******************************************************************************/
              cystatus USBFS_CyBtldrCommWrite(const uint8 pData[], uint16 size, uint16 *count, uint8 timeOut) CYSMALL
                                                                          
              {
C51 COMPILER V9.51   USBFS_BOOT                                                            08/15/2026 23:55:55 PAGE 3   

                  cystatus retCode;
                  uint16 timeoutMs;
              
                  /* Convert 10mS checks into 1mS checks. */
                  timeoutMs = ((uint16) 10u * timeOut);
              
                  /* Load data into IN endpoint to be read by host. */
                  USBFS_LoadInEP(USBFS_BTLDR_IN_EP, pData, USBFS_BTLDR_SIZEOF_READ_BUFFER);
              
                  /* Wait unitl host reads data from IN endpoint. */
                  while ((USBFS_GetEPState(USBFS_BTLDR_IN_EP) == USBFS_IN_BUFFER_FULL) &&
                         (0u != timeoutMs))
                  {
                      CyDelay(USBFS_BTLDR_WAIT_1_MS);
                      timeoutMs--;
                  }
              
                  if (USBFS_GetEPState(USBFS_BTLDR_IN_EP) == USBFS_IN_BUFFER_FULL)
                  {
                      retCode = CYRET_TIMEOUT;
                  }
                  else
                  {
                      *count = size;
                      retCode = CYRET_SUCCESS;
                  }
              
                  return (retCode);
              }
              
              
              /*******************************************************************************
              * Function Name: USBFS_CyBtldrCommRead.
              ****************************************************************************//**
              *
              *  This function allows the caller to read data from the bootloader host. It 
              *  handles polling to allow a block of data to be completely received from the 
              *  host device.
              *
              *  \param pData    A pointer to the area to store the block of data received
              *                  from the device.
              *  \param size     The number of bytes to read.
              *  \param count    Pointer to an unsigned short variable to write the number
              *                  of bytes actually read.
              *  \param timeOut  Number of units to wait before returning because of a timeOut.
              *                  Timeout is measured in 10s of ms.
              *
              * \return
              *  Returns CYRET_SUCCESS if no problem was encountered or returns the value that 
              *  best describes the problem. For more information, see the “Return Codes” 
              *  section of the System Reference Guide.
              *
              * \reentrant
              *  No
              *
              *******************************************************************************/
              cystatus USBFS_CyBtldrCommRead(uint8 pData[], uint16 size, uint16 *count, uint8 timeOut) CYSMALL
                                                                          
              {
                  cystatus retCode;
                  uint16 timeoutMs;
              
C51 COMPILER V9.51   USBFS_BOOT                                                            08/15/2026 23:55:55 PAGE 4   

                  /* Convert 10mS checks into 1mS checks. */
                  timeoutMs = ((uint16) 10u * timeOut);
              
                  if (size > USBFS_BTLDR_SIZEOF_WRITE_BUFFER)
                  {
                      size = USBFS_BTLDR_SIZEOF_WRITE_BUFFER;
                  }
              
                  /* Wait for enumeration first time. */
                  if (0u != USBFS_started)
                  {
                      /* Wait for device enumeration. */
                      while ((0u == USBFS_GetConfiguration()) && (0u != timeoutMs))
                      {
                          CyDelay(USBFS_BTLDR_WAIT_1_MS);
                          timeoutMs--;
                      }
              
                      /* Enable OUT after enumeration. */
                      if (0u != USBFS_GetConfiguration())
                      {
                          (void) USBFS_IsConfigurationChanged();  /* Clear configuration changes state status. */
                          USBFS_CyBtldrCommReset();
                          
                          USBFS_started = 0u;
                      }
                  }
                  else /* Check for configuration changes, has been done by Host. */
                  {
                      if (0u != USBFS_IsConfigurationChanged()) /* Host could send double SET_INTERFACE request or RESET
             -. */
                      {
                          if (0u != USBFS_GetConfiguration())   /* Init OUT endpoints when device reconfigured. */
                          {
                              USBFS_CyBtldrCommReset();
                          }
                      }
                  }
              
                  timeoutMs = ((uint16) 10u * timeOut); /* Re-arm timeout */
              
                  /* Wait unitl host writes data into OUT endpoint. */
                  while ((USBFS_GetEPState(USBFS_BTLDR_OUT_EP) != USBFS_OUT_BUFFER_FULL) && \
                         (0u != timeoutMs))
                  {
                      CyDelay(USBFS_BTLDR_WAIT_1_MS);
                      timeoutMs--;
                  }
              
                  /* Read data from OUT endpoint if host wrote data into it. */
                  if (USBFS_GetEPState(USBFS_BTLDR_OUT_EP) == USBFS_OUT_BUFFER_FULL)
                  {
                      *count = USBFS_ReadOutEP(USBFS_BTLDR_OUT_EP, pData, size);
                      retCode = CYRET_SUCCESS;
                  }
                  else
                  {
                      *count = 0u;
                      retCode = CYRET_TIMEOUT;
                  }
              
                  return (retCode);
C51 COMPILER V9.51   USBFS_BOOT                                                            08/15/2026 23:55:55 PAGE 5   

              }
              
              #endif /* (CYDEV_BOOTLOADER_IO_COMP == CyBtldr_USBFS) */
 241          
 242          
 243          /* [] END OF FILE */
C51 COMPILER V9.51   USBFS_BOOT                                                            08/15/2026 23:55:55 PAGE 6   

ASSEMBLY LISTING OF GENERATED OBJECT CODE




MODULE INFORMATION:   STATIC OVERLAYABLE
   CODE SIZE        =   ----    ----
   CONSTANT SIZE    =   ----    ----
   XDATA SIZE       =   ----    ----
   PDATA SIZE       =   ----    ----
   DATA SIZE        =   ----    ----
   IDATA SIZE       =   ----    ----
   BIT SIZE         =   ----    ----
   EDATA SIZE       =   ----    ----
   HDATA SIZE       =   ----    ----
   XDATA CONST SIZE =   ----    ----
   FAR CONST SIZE   =   ----    ----
END OF MODULE INFORMATION.


C51 COMPILATION COMPLETE.  0 WARNING(S),  0 ERROR(S)
