C51 COMPILER V9.51   AUDIO                                                                 08/22/2026 15:13:53 PAGE 1   


C51 COMPILER V9.51, COMPILATION OF MODULE AUDIO
OBJECT MODULE PLACED IN .\DP8051\DP8051_Keil_951\Debug\audio.obj
COMPILER INVOKED BY: C:\Program Files (x86)\Cypress\PSoC Creator\4.4\PSoC Creator\import\keil\pk51\9.51\C51\BIN\c51.exe 
                    -audio.c NOIV LARGE MODDP2 OMF2 VB(1) NOIP INCDIR(.,Generated_Source\PSoC3) FF(3) DB WL(2) PR(.\DP8051\DP8051_Keil_951\De
                    -bug/audio.lst) CD OT(5,SPEED) OA OJ(.\DP8051\DP8051_Keil_951\Debug\audio.obj)

line level    source

   1          // Copyright 2013 David Turnbull AE9RB
   2          //
   3          // Licensed under the Apache License, Version 2.0 (the "License");
   4          // you may not use this file except in compliance with the License.
   5          // You may obtain a copy of the License at
   6          //
   7          //     http://www.apache.org/licenses/LICENSE-2.0
   8          //
   9          // Unless required by applicable law or agreed to in writing, software
  10          // distributed under the License is distributed on an "AS IS" BASIS,
  11          // WITHOUT WARRANTIES OR CONDITIONS OF ANY KIND, either express or implied.
  12          // See the License for the specific language governing permissions and
  13          // limitations under the License.
  14          // 10/01/2016 Added support for Proficio
  15          // 02/18/2017 Added support for native CW
  16          // Copyright © 2015-2017 Omnia SDR
  17          
  18          // Variable naming conventions:     E_<variable> -> Externally defined global
  19          //                                  ff_<variable> -> Externally defined global stored in flash memory
  20          //                                  ee_<variable> -> Externally defined global to be stored in EEPROM memo
             -ry
  21          //                                  l_<variable> -> locally defined variable
  22          //                                  All UPPERCASE -> Define
  23          
  24          
  25          #include <basic-plus.h>
  26          //#include <iqhump.h>
  27          //#include <CharLCD_I2C.h>
  28          #define OPERATION_COMPLETED 3
  29          // Constants from our USBFS enumeration
  30          #define RX_ENDPOINT     2
  31          #define RX_INTERFACE    2
  32          #define TX_ENDPOINT     3
  33          #define TX_INTERFACE    3
  34          
  35          // IQ Reversal option
  36          // 0: RX=norm TX=norm
  37          // 1: RX=rev TX=norm
  38          // 2: RX=norm TX=rev
  39          // 3: RX=rev TX=rev
  40          uint8 Audio_IQ_Channels = 0;
  41          uint8 E_Audio_running = FALSE;
  42          
  43          // This implements similar logic as USBFS_LoadInEP.
  44          void Audio_USB_LoadInEP(uint8 epNumber, uint8 *pData, uint16 length)
  45          {
  46   1          uint8 ri, td_config;
  47   1          uint8 *p;
  48   1      
  49   1          ri = ((epNumber - USBFS_EP1) << USBFS_EPX_CNTX_ADDR_SHIFT);
  50   1          p = (uint8 *)&USBFS_ARB_RW1_DR_PTR[ri];
  51   1          if (Audio_IQ_Channels & 0x01) {
  52   2              td_config = TD_TERMIN_EN | TD_INC_SRC_ADR | TD_SWAP_EN;
C51 COMPILER V9.51   AUDIO                                                                 08/22/2026 15:13:53 PAGE 2   

  53   2          } else {
  54   2              td_config = TD_TERMIN_EN | TD_INC_SRC_ADR | TD_SWAP_EN | TD_SWAP_SIZE4;
  55   2          }
  56   1          CY_SET_REG8(&USBFS_SIE_EP1_CNT0_PTR[ri], (length >> 8u) | (USBFS_EP[epNumber].epToggle));
  57   1          CY_SET_REG8(&USBFS_SIE_EP1_CNT1_PTR[ri],  length & 0xFFu);
  58   1          CyDmaChDisable(USBFS_DmaChan[epNumber]);
  59   1          CyDmaTdSetConfiguration(USBFS_DmaTd[epNumber], length, USBFS_DmaTd[epNumber], td_config);
  60   1          CyDmaTdSetAddress(USBFS_DmaTd[epNumber],  LO16((uint32)pData), LO16((uint32)p));
  61   1          CyDmaClearPendingDrq(USBFS_DmaChan[epNumber]);
  62   1          CyDmaChSetInitialTd(USBFS_DmaChan[epNumber], USBFS_DmaTd[epNumber]);
  63   1          CyDmaChEnable(USBFS_DmaChan[epNumber], 1);
  64   1          USBFS_EP[epNumber].apiEpState = USBFS_NO_EVENT_PENDING;
  65   1          USBFS_ARB_EP1_CFG_PTR[ri] |= USBFS_ARB_EPX_CFG_IN_DATA_RDY;
  66   1      }
  67          
  68          // This implements similar logic as USBFS_ReadOutEP.
  69          void Audio_USB_ReadOutEP(uint8 epNumber, uint8 *pData, uint16 length)
  70          {
  71   1          uint8 ri, td_config;
  72   1          uint8 *p;
  73   1      
  74   1          ri = ((epNumber - USBFS_EP1) << USBFS_EPX_CNTX_ADDR_SHIFT);
  75   1          p = (uint8 *)&USBFS_ARB_RW1_DR_PTR[ri];
  76   1          if (Audio_IQ_Channels & 0x02) {
  77   2              td_config = TD_TERMIN_EN | TD_INC_DST_ADR | TD_SWAP_EN;
  78   2          } else {
  79   2              td_config = TD_TERMIN_EN | TD_INC_DST_ADR | TD_SWAP_EN | TD_SWAP_SIZE4;
  80   2          }
  81   1          CyDmaChDisable(USBFS_DmaChan[epNumber]);
  82   1          CyDmaTdSetConfiguration(USBFS_DmaTd[epNumber], length, USBFS_DmaTd[epNumber], td_config);
  83   1          CyDmaTdSetAddress(USBFS_DmaTd[epNumber],  LO16((uint32)p), LO16((uint32)pData));
  84   1          CyDmaClearPendingDrq(USBFS_DmaChan[epNumber]);
  85   1          CyDmaChSetInitialTd(USBFS_DmaChan[epNumber], USBFS_DmaTd[epNumber]);
  86   1          CyDmaChEnable(USBFS_DmaChan[epNumber], 1);
  87   1      }
  88          
  89          uint8 TX_Enabled;
  90          
  91          void Audio_Start(void) {
  92   1          if(USBFS_DmaTd[RX_ENDPOINT] == DMA_INVALID_TD)
  93   1              USBFS_InitEP_DMA(RX_ENDPOINT, PCM3060_RxBuf());
  94   1          if(USBFS_DmaTd[TX_ENDPOINT] == DMA_INVALID_TD)
  95   1              USBFS_InitEP_DMA(TX_ENDPOINT, PCM3060_TxBuf());
  96   1          TX_Enabled = 0;
  97   1          Audio_USB_ReadOutEP(TX_ENDPOINT, PCM3060_TxBuf(), 0);
  98   1      }
  99          
 100          void Audio_Main(void) {
 101   1      
 102   1          if (USBFS_GetInterfaceSetting(TX_INTERFACE)) {
 103   2              if (!TX_Enabled) {
 104   3                  USBFS_EnableOutEP(TX_ENDPOINT);
 105   3                  TX_Enabled = 1;
 106   3              }
 107   2          } else {
 108   2              if (TX_Enabled) {
 109   3                  USBFS_DisableOutEP(TX_ENDPOINT);
 110   3                  TX_Enabled = 0;
 111   3              }
 112   2          }
 113   1      
 114   1          if(USBFS_IsConfigurationChanged()) {
C51 COMPILER V9.51   AUDIO                                                                 08/22/2026 15:13:53 PAGE 3   

 115   2              USBFS_EnableOutEP(TX_ENDPOINT);
 116   2          }   
 117   1      
 118   1          if (USBFS_GetEPState(TX_ENDPOINT) == USBFS_OUT_BUFFER_FULL) {
 119   2              Audio_USB_ReadOutEP(TX_ENDPOINT, PCM3060_TxBuf(), I2S_BUF_SIZE);
 120   2              USBFS_EnableOutEP(TX_ENDPOINT);
 121   2          }
 122   1          if (USBFS_GetEPState(RX_ENDPOINT) == USBFS_IN_BUFFER_EMPTY) {
 123   2              Audio_USB_LoadInEP(RX_ENDPOINT, PCM3060_RxBuf(), I2S_BUF_SIZE);
 124   2          }
 125   1      }
C51 COMPILER V9.51   AUDIO                                                                 08/22/2026 15:13:53 PAGE 4   

ASSEMBLY LISTING OF GENERATED OBJECT CODE


             ; FUNCTION _Audio_USB_LoadInEP (BEGIN)
                                           ; SOURCE LINE # 44
                 R     MOV     DPTR,#pData
                       MOV     A,R3
                       MOVX    @DPTR,A
                       INC     DPTR
                       MOV     A,R2
                       MOVX    @DPTR,A
                       INC     DPTR
                       MOV     A,R1
                       MOVX    @DPTR,A
                 R     MOV     DPTR,#epNumber
                       MOV     A,R7
                       MOVX    @DPTR,A
                                           ; SOURCE LINE # 45
                                           ; SOURCE LINE # 49
                       ADD     A,#0FFH
                       MOV     R7,A
                       CLR     A
                       ADDC    A,#0FFH
                       MOV     R6,A
                       MOV     A,R7
                       SWAP    A
                       MOV     R0,A
                       ANL     A,#0FH
                       XCH     A,R0
                       XRL     A,R0
                       MOV     R7,A
                       MOV     A,R6
                       SWAP    A
                       ANL     A,#0F0H
                       ORL     A,R0
                 R     MOV     DPTR,#ri
                       MOV     A,R7
                       MOVX    @DPTR,A
                                           ; SOURCE LINE # 50
                       ADD     A,#088H
                       MOV     R7,A
                       CLR     A
                       ADDC    A,#060H
                       MOV     R2,A
                       MOV     R1,AR7
                 R     MOV     DPTR,#p
                       MOV     A,#01H
                       MOVX    @DPTR,A
                       INC     DPTR
                       MOV     A,R2
                       MOVX    @DPTR,A
                       INC     DPTR
                       MOV     A,R1
                       MOVX    @DPTR,A
                                           ; SOURCE LINE # 51
                 R     MOV     DPTR,#Audio_IQ_Channels
                       MOVX    A,@DPTR
                 R     xJNB    ACC.0,?C0001
                                           ; SOURCE LINE # 52
                 R     MOV     DPTR,#td_config
                       MOV     A,#091H
                       MOVX    @DPTR,A
C51 COMPILER V9.51   AUDIO                                                                 08/22/2026 15:13:53 PAGE 5   

                                           ; SOURCE LINE # 53
                 R     xJMP    ?C0002
             ?C0001:
                                           ; SOURCE LINE # 54
                 R     MOV     DPTR,#td_config
                       MOV     A,#0D1H
                       MOVX    @DPTR,A
                                           ; SOURCE LINE # 55
             ?C0002:
                                           ; SOURCE LINE # 56
                 R     MOV     DPTR,#length
                       MOVX    A,@DPTR
                       MOV     R4,A
                       INC     DPTR
                       MOVX    A,@DPTR
                       MOV     R5,A
                       MOV     A,R4
                       MOV     R7,A
                 R     MOV     DPTR,#epNumber
                       MOVX    A,@DPTR
                       MOV     R6,A
                       MOV     B,#0BH
                       MUL     AB
                 E     ADD     A,#LOW USBFS_EP+03H
                       MOV     DPL,A
                       MOV     A,B
                 E     ADDC    A,#HIGH USBFS_EP+03H
                       MOV     DPH,A
                       MOVX    A,@DPTR
                       ORL     A,R7
                       MOV     R7,A
                 R     MOV     DPTR,#ri
                       MOVX    A,@DPTR
                       MOV     R3,A
                       ADD     A,#0CH
                       MOV     DPL,A
                       CLR     A
                       ADDC    A,#060H
                       MOV     DPH,A
                       MOV     A,R7
                       MOVX    @DPTR,A
                                           ; SOURCE LINE # 57
                       MOV     A,R5
                       MOV     A,#0DH
                       ADD     A,R3
                       MOV     DPL,A
                       CLR     A
                       ADDC    A,#060H
                       MOV     DPH,A
                       MOV     A,R5
                       MOVX    @DPTR,A
                                           ; SOURCE LINE # 58
                 E     MOV     A,#LOW USBFS_DmaChan
                       ADD     A,R6
                       MOV     DPL,A
                       CLR     A
                 E     ADDC    A,#HIGH USBFS_DmaChan
                       MOV     DPH,A
                       MOVX    A,@DPTR
                       MOV     R7,A
                 E     CALL    _CyDmaChDisable
                                           ; SOURCE LINE # 59
C51 COMPILER V9.51   AUDIO                                                                 08/22/2026 15:13:53 PAGE 6   

                 R     MOV     DPTR,#epNumber
                       MOVX    A,@DPTR
                 E     ADD     A,#LOW USBFS_DmaTd
                       MOV     DPL,A
                       CLR     A
                 E     ADDC    A,#HIGH USBFS_DmaTd
                       MOV     DPH,A
                       MOVX    A,@DPTR
                       MOV     R3,A
                       MOV     R7,A
                 R     MOV     DPTR,#length
                       MOVX    A,@DPTR
                       MOV     R4,A
                       INC     DPTR
                       MOVX    A,@DPTR
                       MOV     R5,A
                 R     MOV     DPTR,#td_config
                       MOVX    A,@DPTR
                 E     MOV     DPTR,#?_CyDmaTdSetConfiguration?BYTE+04H
                       MOVX    @DPTR,A
                 E     CALL    _CyDmaTdSetConfiguration
                                           ; SOURCE LINE # 60
                 R     MOV     DPTR,#epNumber
                       MOVX    A,@DPTR
                 E     ADD     A,#LOW USBFS_DmaTd
                       MOV     DPL,A
                       CLR     A
                 E     ADDC    A,#HIGH USBFS_DmaTd
                       MOV     DPH,A
                       MOVX    A,@DPTR
                       MOV     R7,A
                       PUSH    AR7
                 R     MOV     DPTR,#pData
                       MOVX    A,@DPTR
                       MOV     R3,A
                       INC     DPTR
                       MOVX    A,@DPTR
                       MOV     R2,A
                       INC     DPTR
                       MOVX    A,@DPTR
                       MOV     R1,A
                       MOV     R7,A
                       MOV     R6,AR2
                       MOV     A,R2
                       CLR     A
                       MOV     R5,AR7
                       MOV     R4,AR6
                       PUSH    AR5
                 R     MOV     DPTR,#p
                       MOVX    A,@DPTR
                       MOV     R3,A
                       INC     DPTR
                       MOVX    A,@DPTR
                       MOV     R2,A
                       INC     DPTR
                       MOVX    A,@DPTR
                       MOV     R1,A
                       MOV     R7,A
                       MOV     A,R2
                       CLR     A
                       MOV     R3,AR7
                       POP     AR5
C51 COMPILER V9.51   AUDIO                                                                 08/22/2026 15:13:53 PAGE 7   

                       POP     AR7
                 E     CALL    _CyDmaTdSetAddress
                                           ; SOURCE LINE # 61
                 R     MOV     DPTR,#epNumber
                       MOVX    A,@DPTR
                 E     ADD     A,#LOW USBFS_DmaChan
                       MOV     DPL,A
                       CLR     A
                 E     ADDC    A,#HIGH USBFS_DmaChan
                       MOV     DPH,A
                       MOVX    A,@DPTR
                       MOV     R7,A
                 E     CALL    _CyDmaClearPendingDrq
                                           ; SOURCE LINE # 62
                 R     MOV     DPTR,#epNumber
                       MOVX    A,@DPTR
                       MOV     R6,A
                 E     ADD     A,#LOW USBFS_DmaChan
                       MOV     DPL,A
                       CLR     A
                 E     ADDC    A,#HIGH USBFS_DmaChan
                       MOV     DPH,A
                       MOVX    A,@DPTR
                       MOV     R7,A
                 E     MOV     A,#LOW USBFS_DmaTd
                       ADD     A,R6
                       MOV     DPL,A
                       CLR     A
                 E     ADDC    A,#HIGH USBFS_DmaTd
                       MOV     DPH,A
                       MOVX    A,@DPTR
                       MOV     R5,A
                 E     CALL    _CyDmaChSetInitialTd
                                           ; SOURCE LINE # 63
                 R     MOV     DPTR,#epNumber
                       MOVX    A,@DPTR
                 E     ADD     A,#LOW USBFS_DmaChan
                       MOV     DPL,A
                       CLR     A
                 E     ADDC    A,#HIGH USBFS_DmaChan
                       MOV     DPH,A
                       MOVX    A,@DPTR
                       MOV     R7,A
                       MOV     R5,#01H
                 E     CALL    _CyDmaChEnable
                                           ; SOURCE LINE # 64
                 R     MOV     DPTR,#epNumber
                       MOVX    A,@DPTR
                       MOV     B,#0BH
                       MUL     AB
                 E     ADD     A,#LOW USBFS_EP+01H
                       MOV     DPL,A
                       MOV     A,B
                 E     ADDC    A,#HIGH USBFS_EP+01H
                       MOV     DPH,A
                       CLR     A
                       MOVX    @DPTR,A
                                           ; SOURCE LINE # 65
                 R     MOV     DPTR,#ri
                       MOVX    A,@DPTR
                       ADD     A,#080H
                       MOV     DPL,A
C51 COMPILER V9.51   AUDIO                                                                 08/22/2026 15:13:53 PAGE 8   

                       CLR     A
                       ADDC    A,#060H
                       MOV     DPH,A
                       MOVX    A,@DPTR
                       ORL     A,#01H
                       MOVX    @DPTR,A
                                           ; SOURCE LINE # 66
                       RET     
             ; FUNCTION _Audio_USB_LoadInEP (END)

             ; FUNCTION _Audio_USB_ReadOutEP (BEGIN)
                                           ; SOURCE LINE # 69
                 R     MOV     DPTR,#pData
                       MOV     A,R3
                       MOVX    @DPTR,A
                       INC     DPTR
                       MOV     A,R2
                       MOVX    @DPTR,A
                       INC     DPTR
                       MOV     A,R1
                       MOVX    @DPTR,A
                 R     MOV     DPTR,#epNumber
                       MOV     A,R7
                       MOVX    @DPTR,A
                                           ; SOURCE LINE # 70
                                           ; SOURCE LINE # 74
                       ADD     A,#0FFH
                       MOV     R7,A
                       CLR     A
                       ADDC    A,#0FFH
                       MOV     R6,A
                       MOV     A,R7
                       SWAP    A
                       MOV     R0,A
                       ANL     A,#0FH
                       XCH     A,R0
                       XRL     A,R0
                       MOV     R7,A
                       MOV     A,R6
                       SWAP    A
                       ANL     A,#0F0H
                       ORL     A,R0
;---- Variable 'ri' assigned to Register 'R7' ----
                                           ; SOURCE LINE # 75
                       MOV     A,R7
                       ADD     A,#088H
                       MOV     R7,A
                       CLR     A
                       ADDC    A,#060H
                       MOV     R2,A
                       MOV     R1,AR7
                 R     MOV     DPTR,#p
                       MOV     A,#01H
                       MOVX    @DPTR,A
                       INC     DPTR
                       MOV     A,R2
                       MOVX    @DPTR,A
                       INC     DPTR
                       MOV     A,R1
                       MOVX    @DPTR,A
                                           ; SOURCE LINE # 76
                 R     MOV     DPTR,#Audio_IQ_Channels
C51 COMPILER V9.51   AUDIO                                                                 08/22/2026 15:13:53 PAGE 9   

                       MOVX    A,@DPTR
                 R     xJNB    ACC.1,?C0004
                                           ; SOURCE LINE # 77
                 R     MOV     DPTR,#td_config
                       MOV     A,#092H
                       MOVX    @DPTR,A
                                           ; SOURCE LINE # 78
                 R     xJMP    ?C0005
             ?C0004:
                                           ; SOURCE LINE # 79
                 R     MOV     DPTR,#td_config
                       MOV     A,#0D2H
                       MOVX    @DPTR,A
                                           ; SOURCE LINE # 80
             ?C0005:
                                           ; SOURCE LINE # 81
                 R     MOV     DPTR,#epNumber
                       MOVX    A,@DPTR
                 E     ADD     A,#LOW USBFS_DmaChan
                       MOV     DPL,A
                       CLR     A
                 E     ADDC    A,#HIGH USBFS_DmaChan
                       MOV     DPH,A
                       MOVX    A,@DPTR
                       MOV     R7,A
                 E     CALL    _CyDmaChDisable
                                           ; SOURCE LINE # 82
                 R     MOV     DPTR,#epNumber
                       MOVX    A,@DPTR
                 E     ADD     A,#LOW USBFS_DmaTd
                       MOV     DPL,A
                       CLR     A
                 E     ADDC    A,#HIGH USBFS_DmaTd
                       MOV     DPH,A
                       MOVX    A,@DPTR
                       MOV     R3,A
                       MOV     R7,A
                 R     MOV     DPTR,#length
                       MOVX    A,@DPTR
                       MOV     R4,A
                       INC     DPTR
                       MOVX    A,@DPTR
                       MOV     R5,A
                       INC     DPTR
                       MOVX    A,@DPTR
                 E     MOV     DPTR,#?_CyDmaTdSetConfiguration?BYTE+04H
                       MOVX    @DPTR,A
                 E     CALL    _CyDmaTdSetConfiguration
                                           ; SOURCE LINE # 83
                 R     MOV     DPTR,#epNumber
                       MOVX    A,@DPTR
                 E     ADD     A,#LOW USBFS_DmaTd
                       MOV     DPL,A
                       CLR     A
                 E     ADDC    A,#HIGH USBFS_DmaTd
                       MOV     DPH,A
                       MOVX    A,@DPTR
                       MOV     R7,A
                       PUSH    AR7
                 R     MOV     DPTR,#p
                       MOVX    A,@DPTR
                       MOV     R3,A
C51 COMPILER V9.51   AUDIO                                                                 08/22/2026 15:13:53 PAGE 10  

                       INC     DPTR
                       MOVX    A,@DPTR
                       MOV     R2,A
                       INC     DPTR
                       MOVX    A,@DPTR
                       MOV     R1,A
                       MOV     R7,A
                       MOV     R6,AR2
                       MOV     A,R2
                       CLR     A
                       MOV     R5,AR7
                       MOV     R4,AR6
                       PUSH    AR5
                 R     MOV     DPTR,#pData
                       MOVX    A,@DPTR
                       MOV     R3,A
                       INC     DPTR
                       MOVX    A,@DPTR
                       MOV     R2,A
                       INC     DPTR
                       MOVX    A,@DPTR
                       MOV     R1,A
                       MOV     R7,A
                       MOV     A,R2
                       CLR     A
                       MOV     R3,AR7
                       POP     AR5
                       POP     AR7
                 E     CALL    _CyDmaTdSetAddress
                                           ; SOURCE LINE # 84
                 R     MOV     DPTR,#epNumber
                       MOVX    A,@DPTR
                 E     ADD     A,#LOW USBFS_DmaChan
                       MOV     DPL,A
                       CLR     A
                 E     ADDC    A,#HIGH USBFS_DmaChan
                       MOV     DPH,A
                       MOVX    A,@DPTR
                       MOV     R7,A
                 E     CALL    _CyDmaClearPendingDrq
                                           ; SOURCE LINE # 85
                 R     MOV     DPTR,#epNumber
                       MOVX    A,@DPTR
                       MOV     R6,A
                 E     ADD     A,#LOW USBFS_DmaChan
                       MOV     DPL,A
                       CLR     A
                 E     ADDC    A,#HIGH USBFS_DmaChan
                       MOV     DPH,A
                       MOVX    A,@DPTR
                       MOV     R7,A
                 E     MOV     A,#LOW USBFS_DmaTd
                       ADD     A,R6
                       MOV     DPL,A
                       CLR     A
                 E     ADDC    A,#HIGH USBFS_DmaTd
                       MOV     DPH,A
                       MOVX    A,@DPTR
                       MOV     R5,A
                 E     CALL    _CyDmaChSetInitialTd
                                           ; SOURCE LINE # 86
                 R     MOV     DPTR,#epNumber
C51 COMPILER V9.51   AUDIO                                                                 08/22/2026 15:13:53 PAGE 11  

                       MOVX    A,@DPTR
                 E     ADD     A,#LOW USBFS_DmaChan
                       MOV     DPL,A
                       CLR     A
                 E     ADDC    A,#HIGH USBFS_DmaChan
                       MOV     DPH,A
                       MOVX    A,@DPTR
                       MOV     R7,A
                       MOV     R5,#01H
                 E     CALL    _CyDmaChEnable
                                           ; SOURCE LINE # 87
                       RET     
             ; FUNCTION _Audio_USB_ReadOutEP (END)

             ; FUNCTION Audio_Start (BEGIN)
                                           ; SOURCE LINE # 91
                                           ; SOURCE LINE # 92
                 E     MOV     DPTR,#USBFS_DmaTd+02H
                       MOVX    A,@DPTR
                 R     xJNE    A,#0FFH,?C0007
                                           ; SOURCE LINE # 93
                 E     CALL    PCM3060_RxBuf
                       MOV     R7,#02H
                 E     CALL    _USBFS_InitEP_DMA
             ?C0007:
                                           ; SOURCE LINE # 94
                 E     MOV     DPTR,#USBFS_DmaTd+03H
                       MOVX    A,@DPTR
                 R     xJNE    A,#0FFH,?C0008
                                           ; SOURCE LINE # 95
                 E     CALL    PCM3060_TxBuf
                       MOV     R7,#03H
                 E     CALL    _USBFS_InitEP_DMA
             ?C0008:
                                           ; SOURCE LINE # 96
                       CLR     A
                 R     MOV     DPTR,#TX_Enabled
                       MOVX    @DPTR,A
                                           ; SOURCE LINE # 97
                 E     CALL    PCM3060_TxBuf
                       CLR     A
                 R     MOV     DPTR,#?_Audio_USB_ReadOutEP?BYTE+04H
                       MOVX    @DPTR,A
                       INC     DPTR
                       MOVX    @DPTR,A
                       MOV     R7,#03H
                 R     CALL    _Audio_USB_ReadOutEP
                                           ; SOURCE LINE # 98
                       RET     
             ; FUNCTION Audio_Start (END)

             ; FUNCTION Audio_Main (BEGIN)
                                           ; SOURCE LINE # 100
                                           ; SOURCE LINE # 102
                       MOV     R7,#03H
                 E     CALL    _USBFS_GetInterfaceSetting
                       MOV     A,R7
                 R     xJZ     ?C0010
                                           ; SOURCE LINE # 103
                 R     MOV     DPTR,#TX_Enabled
                       MOVX    A,@DPTR
                 R     xJNZ    ?C0012
C51 COMPILER V9.51   AUDIO                                                                 08/22/2026 15:13:53 PAGE 12  

                                           ; SOURCE LINE # 104
                       MOV     R7,#03H
                 E     CALL    _USBFS_EnableOutEP
                                           ; SOURCE LINE # 105
                 R     MOV     DPTR,#TX_Enabled
                       MOV     A,#01H
                       MOVX    @DPTR,A
                                           ; SOURCE LINE # 106
                                           ; SOURCE LINE # 107
                 R     xJMP    ?C0012
             ?C0010:
                                           ; SOURCE LINE # 108
                 R     MOV     DPTR,#TX_Enabled
                       MOVX    A,@DPTR
                 R     xJZ     ?C0012
                                           ; SOURCE LINE # 109
                       MOV     R7,#03H
                 E     CALL    _USBFS_DisableOutEP
                                           ; SOURCE LINE # 110
                       CLR     A
                 R     MOV     DPTR,#TX_Enabled
                       MOVX    @DPTR,A
                                           ; SOURCE LINE # 111
                                           ; SOURCE LINE # 112
             ?C0012:
                                           ; SOURCE LINE # 114
                 E     CALL    USBFS_IsConfigurationChanged
                       MOV     A,R7
                 R     xJZ     ?C0014
                                           ; SOURCE LINE # 115
                       MOV     R7,#03H
                 E     CALL    _USBFS_EnableOutEP
                                           ; SOURCE LINE # 116
             ?C0014:
                                           ; SOURCE LINE # 118
                       MOV     R7,#03H
                 E     CALL    _USBFS_GetEPState
                       MOV     A,R7
                 R     xJNE    A,#01H,?C0015
                                           ; SOURCE LINE # 119
                 E     CALL    PCM3060_TxBuf
                 R     MOV     DPTR,#?_Audio_USB_ReadOutEP?BYTE+04H
                       MOV     A,#01H
                       MOVX    @DPTR,A
                       INC     DPTR
                       MOV     A,#080H
                       MOVX    @DPTR,A
                       MOV     R7,#03H
                 R     CALL    _Audio_USB_ReadOutEP
                                           ; SOURCE LINE # 120
                       MOV     R7,#03H
                 E     CALL    _USBFS_EnableOutEP
                                           ; SOURCE LINE # 121
             ?C0015:
                                           ; SOURCE LINE # 122
                       MOV     R7,#02H
                 E     CALL    _USBFS_GetEPState
                       MOV     A,R7
                 R     xJNE    A,#01H,?C0017
                                           ; SOURCE LINE # 123
                 E     CALL    PCM3060_RxBuf
                 R     MOV     DPTR,#?_Audio_USB_LoadInEP?BYTE+04H
C51 COMPILER V9.51   AUDIO                                                                 08/22/2026 15:13:53 PAGE 13  

                       MOV     A,#01H
                       MOVX    @DPTR,A
                       INC     DPTR
                       MOV     A,#080H
                       MOVX    @DPTR,A
                       MOV     R7,#02H
                 R     CALL    _Audio_USB_LoadInEP
                                           ; SOURCE LINE # 124
                                           ; SOURCE LINE # 125
             ?C0017:
                       RET     
             ; FUNCTION Audio_Main (END)



MODULE INFORMATION:   STATIC OVERLAYABLE
   CODE SIZE        =    831    ----
   CONSTANT SIZE    =   ----    ----
   XDATA SIZE       =      3      21
   PDATA SIZE       =   ----    ----
   DATA SIZE        =   ----    ----
   IDATA SIZE       =   ----    ----
   BIT SIZE         =   ----    ----
   EDATA SIZE       =   ----    ----
   HDATA SIZE       =   ----    ----
   XDATA CONST SIZE =   ----    ----
   FAR CONST SIZE   =   ----    ----
END OF MODULE INFORMATION.


C51 COMPILATION COMPLETE.  0 WARNING(S),  0 ERROR(S)
