C51 COMPILER V9.51   MAIN                                                                  08/22/2026 15:13:53 PAGE 1   


C51 COMPILER V9.51, COMPILATION OF MODULE MAIN
OBJECT MODULE PLACED IN .\DP8051\DP8051_Keil_951\Debug\main.obj
COMPILER INVOKED BY: C:\Program Files (x86)\Cypress\PSoC Creator\4.4\PSoC Creator\import\keil\pk51\9.51\C51\BIN\c51.exe 
                    -main.c NOIV LARGE MODDP2 OMF2 VB(1) NOIP INCDIR(.,Generated_Source\PSoC3) FF(3) DB WL(2) PR(.\DP8051\DP8051_Keil_951\Deb
                    -ug/main.lst) CD OT(5,SPEED) OA OJ(.\DP8051\DP8051_Keil_951\Debug\main.obj)

line level    source

   1          // Copyright 2013 David Turnbull AE9RB
   2          //
   3          // Licensed under the Apache License, Version 2.0 (the "License");
   4          // you may not use this file except in compliance with the License.
   5          // You may obtain a copy of the License at
   6          //
   7          //     http://www.apache.org/licenses/LICENSE-2.0
   8          //
   9          // Unless required by applicable law or agreed to in writing, software
  10          // distributed under the License is distributed on an "AS IS" BASIS,
  11          // WITHOUT WARRANTIES OR CONDITIONS OF ANY KIND, either express or implied.
  12          // See the License for the specific language governing permissions and
  13          // limitations under the License.
  14          // 10/01/2016 Added support for Proficio
  15          // 02/18/2017 Added support for native CW
  16          // Copyright © 2015-2017 Omnia SDR
  17          
  18          // Variable naming conventions:     E_<variable> -> Externally defined global
  19          //                                  ff_<variable> -> Externally defined global stored in flash memory
  20          //                                  ee_<variable> -> Externally defined global to be stored in EEPROM memo
             -ry
  21          //                                  l_<variable> -> locally defined variable
  22          //                                  All UPPERCASE -> Define
  23          
  24          #include <basic-plus.h>
  25          #include <si5351.h>
  26          #include <si5351a.h>
  27          #include <iambino.h>
  28          
  29          uint8 E_host_mode = 'U';
  30          uint8_t E_TX_Hold = CW_DEFAULT_HOLD_TIME;
  31          uint8 E_key_0;
  32          uint8 E_key_1;
  33          uint8 E_key_down = 0;
  34          uint8 E_cw_hold = FALSE;
  35          uint8_t E_keyer_mode = 1;
  36          uint8_t E_wpm = 18;
  37          uint8_t E_spacing = 0;
  38          uint8_t E_mem_text_wpm = 0; /* 0=Farnsworth off until PIC uses it */
  39          uint8_t E_weight = 50;
  40          uint8_t E_side_tone = 0;
  41          uint8_t E_paddle = 0;
  42          uint8_t E_keyer_installed = TRUE;
  43          volatile uint8_t E_keyer_mem_pkt[2] = {0, 0}; /* [0]=param [1]=seq from host */
  44          volatile uint8_t E_keyer_mem_q[KEYER_MEM_Q_SIZE];
  45          volatile uint8_t E_keyer_mem_q_head = 0;
  46          volatile uint8_t E_keyer_mem_q_tail = 0;
  47          volatile uint8_t E_keyer_mem_q_count = 0;
  48          //uint8_t E_side_tone = 0;
  49          
  50          uint32 E_current_rit_freq = 0;
  51          uint8 E_transverter = 0;
  52          uint8 E_pcb_version = 2;
C51 COMPILER V9.51   MAIN                                                                  08/22/2026 15:13:53 PAGE 2   

  53          
  54          uint8 E_PPM_needs_updated = FALSE;
  55          
  56          uint8 E_PPM_needs_set = FALSE;
  57          uint8_t E_band;
  58          
  59          uint8 E_si5351_status = 0;
  60          uint8_t E_Amplifier = FALSE;
  61          uint8_t E_QSK = FALSE;
  62          volatile uint8_t E_PTT = FALSE;
  63          volatile uint8_t E_reboot_request = REBOOT_REQ_NONE;
  64          
  65          
  66          void main_init() {
  67   1          uint8 si_err, pcm_err;
  68   1          uint8_t status = 0;
  69   1          uint8_t display_err = 0;
  70   1          uint8_t potentia_err = 0;
  71   1          uint8_t power_err = 0;
  72   1          uint8_t bias_err = 0;
  73   1          
  74   1          CyDelay(100);
  75   1          CyGlobalIntEnable;
  76   1          Sync_Start();
  77   1          I2C_DISPLAY_Start();
  78   1          CW_Hold_Timer_Start();
  79   1          CW_isr_StartEx(CW_interrupt);
  80   1             
  81   1          Settings_Init();
  82   1          si_err = si5351_init(SI5351_CRYSTAL_LOAD_10PF,0);
  83   1          //si_err = si5351_init(SI5351_CRYSTAL_LOAD_12PF,0);
  84   1          if (!si_err) {
  85   2              I2C_DISPLAY_Stop();
  86   2              I2C_DISPLAY_Start();
  87   2              I2C_DISPLAY_MasterClearStatus();
  88   2          }
  89   1            
  90   1          pcm_err = PCM3060_Init();
  91   1          if (!si_err && pcm_err) ERROR("E  ");
  92   1          if (pcm_err) ERROR("P  ");
  93   1          if (!si_err) ERROR("S  ");
  94   1          
  95   1          Band_Control_Write(CONTROL_BAND_20_30);
  96   1          E_current_LO_freq = 14000000;
  97   1          //E_SI5351_Reset = FALSE;
  98   1          while((si5351aSetFrequency(E_current_LO_freq) != 0));
  99   1          CyDelay(1500); //Wait for Keyer MCU to boot
 100   1          Control_Write(Control_Read() & ~CONTROL_LED);
 101   1          CyDelay(5); //Let things settle down;
 102   1      }
 103          
 104          // A compliant USB device is required to monitor
 105          // vbus voltage and shut down if it disappears.
 106          void main_usb_vbus(void) {
 107   1          if (USBFS_VBusPresent()) {
 108   2              if(!USBFS_initVar) {
 109   3                  USBFS_Start(0, USBFS_DWR_VDDD_OPERATION);
 110   3                  Audio_Start();
 111   3                  PCM3060_Start();
 112   3              }
 113   2          } else {
 114   2              if(USBFS_initVar) {
C51 COMPILER V9.51   MAIN                                                                  08/22/2026 15:13:53 PAGE 3   

 115   3                  TX_Request = 0;
 116   3                  PCM3060_Stop();
 117   3                  USBFS_Stop();
 118   3              }
 119   2          }
 120   1      }
 121          
 122          int main()
 123          {
 124   1          uint8 i, beat, beater = 0;
 125   1          uint8_t previous_host_mode = 0;
 126   1          uint8_t ptt = 0;
 127   1          uint16 timer = 0;
 128   1          uint8_t control_status = 0;
 129   1          static uint8_t previous_TX_hold_time = 0;
 130   1          uint8_t ptt_section = 0;
 131   1          uint8_t ptt_delay_count = 10;
 132   1                 
 133   1          main_init();
 134   1          for(;;) {
 135   2              // USB Audio is very high priority
 136   2              Audio_Main();
 137   2              Sync_Main();
 138   2              if(E_host_mode == 'C') {
 139   3                  if(previous_host_mode != E_host_mode){
 140   4                      previous_host_mode = E_host_mode;
 141   4                  }
 142   3                  Manage_Paddles_Port();
 143   3              }
 144   2              // Everything else runs twice per millisecond
 145   2              // Keep T1 first for timing accuracy
 146   2              i = Status_Read() & STATUS_BEAT;
 147   2              if (beat != i) {
 148   3                  switch(beater++) {
 149   4                  case 0:
 150   4                      if(--ptt_delay_count == 0){
 151   5                          ptt_section = CyEnterCriticalSection();
 152   5                          ptt = Status_Read();
 153   5                          CyExitCriticalSection(ptt_section);  
 154   5                          if (ptt & STATUS_PTT)  E_PTT = TRUE; else E_PTT = FALSE;
 155   5                          ptt_delay_count = 10;
 156   5                      }
 157   4                      //T1_Main();
 158   4                      break;
 159   4                  case 1:
 160   4                      if(E_host_mode != 'C'){
 161   5                          if(previous_host_mode != E_host_mode){
 162   6                              Control_Write(Control_Read() & ~CONTROL_LED);   //Restore LED operation to normal
 163   6                              Control_Write(Control_Read() | CONTROL_RX);     //Turn OFF PA - Negative logic lev
             -el
 164   6                              control_status = Control_Read();
 165   6                              control_status = control_status | CONTROL_AMP;  //Turn OFF the AMP port - Negative
             - logic level
 166   6                              control_status = control_status | CONTROL_DOUT; //Turn ON output from PCM3060
 167   6                              Control_Write(control_status);
 168   6                              TX_Request = 0;
 169   6                              previous_host_mode = E_host_mode;
 170   6                          }
 171   5                          TX_Main();
 172   5                      }
 173   4                      break;
 174   4                  case 2:
C51 COMPILER V9.51   MAIN                                                                  08/22/2026 15:13:53 PAGE 4   

 175   4                      Settings_Main();
 176   4                      if (previous_TX_hold_time != E_TX_Hold){
 177   5                          previous_TX_hold_time = E_TX_Hold;
 178   5                          CW_Hold_Timer_WritePeriod((previous_TX_hold_time * 100)); //Configure the CW hold time
             -r
 179   5                      }
 180   4                     if(E_keyer_installed == TRUE){
 181   5                          Configure_CW();
 182   5                     }
 183   4                      break;
 184   4                  case 3:
 185   4                      si5351_main();
 186   4                      break;
 187   4                  case 4:
 188   4                      if(E_si5351_status == 0){
 189   5                          Band_Main();
 190   5                      }
 191   4                      break;
 192   4                  case 5:
 193   4                      Check_temperature();
 194   4                      if (CyXTAL_ReadStatus()) ERROR("C  ");
 195   4                      break;
 196   4                  case 6:
 197   4                      if(E_host_mode != 'C'){//If mode is CW, frequency setting is managed in cw.c
 198   5                          E_si5351_status = si5351aSetFrequency(E_current_LO_freq);
 199   5                      }
 200   4                      /* Hardware BOOT jumper (existing) */
 201   4                      if (!(Status_Read() & STATUS_BOOT)) Bootloadable_Load();
 202   4                      /* USB-requested reboot (flags set in usbvend ISR).
 203   4                       * Wait long enough for the control DATA/STATUS stage to finish
 204   4                       * on the host — too short → host sees LIBUSB_ERROR_PIPE. */
 205   4                      if (E_reboot_request == REBOOT_REQ_APP) {
 206   5                          E_reboot_request = REBOOT_REQ_NONE;
 207   5                          CyDelay(300);
 208   5                          CySoftwareReset();
 209   5                      } else if (E_reboot_request == REBOOT_REQ_BOOTLOADER) {
 210   5                          E_reboot_request = REBOOT_REQ_NONE;
 211   5                          CyDelay(300);
 212   5                          Bootloadable_Load();
 213   5                      }
 214   4                      break;
 215   4                  default:
 216   4                      main_usb_vbus();
 217   4                      beater = 0;
 218   4                      beat = i;
 219   4                  }
 220   3              }
 221   2                  
 222   2          }
 223   1      }
 224          
 225          uint32 swap32(uint32 original) CYREENTRANT {
 226   1          uint8 *r, *o;
 227   1          uint32 ret;
 228   1          r = (void*)&ret;
 229   1          o = (void*)&original;
 230   1          r[0] = o[3];
 231   1          r[1] = o[2];
 232   1          r[2] = o[1];
 233   1          r[3] = o[0];
 234   1          return ret;
 235   1      }
C51 COMPILER V9.51   MAIN                                                                  08/22/2026 15:13:53 PAGE 5   

 236          
 237          uint16 swap16(uint16 original) CYREENTRANT {
 238   1          uint8 *r, *o;
 239   1          uint16 ret;
 240   1          r = (void*)&ret;
 241   1          o = (void*)&original;
 242   1          r[0] = o[1];
 243   1          r[1] = o[0];
 244   1          return ret;
 245   1      }
 246          void ERROR(char* msg) {
 247   1          uint8 i, beat;
 248   1          uint16 timer = 0;
 249   1          
 250   1          if(USBFS_initVar) USBFS_Stop();
 251   1          Control_Write(Control_Read() & CONTROL_LED | CONTROL_AMP | CONTROL_RX);
 252   1          Morse_Main(msg);
 253   1          
 254   1          for(;;) {
 255   2              i = Status_Read() & STATUS_BEAT;
 256   2              if (beat != i) {
 257   3                  beat = i;
 258   3                  if (!timer--) {
 259   4                      timer = 480; // 5 WPM
 260   4                      Morse_Main(0);
 261   4                  }
 262   3              }    
 263   2          }
 264   1      }
C51 COMPILER V9.51   MAIN                                                                  08/22/2026 15:13:53 PAGE 6   

ASSEMBLY LISTING OF GENERATED OBJECT CODE


             ; FUNCTION main_init (BEGIN)
                                           ; SOURCE LINE # 66
                                           ; SOURCE LINE # 68
                       CLR     A
                 R     MOV     DPTR,#status
                       MOVX    @DPTR,A
                                           ; SOURCE LINE # 69
                       INC     DPTR
                       MOVX    @DPTR,A
                                           ; SOURCE LINE # 70
                       INC     DPTR
                       MOVX    @DPTR,A
                                           ; SOURCE LINE # 71
                       INC     DPTR
                       MOVX    @DPTR,A
                                           ; SOURCE LINE # 72
                       INC     DPTR
                       MOVX    @DPTR,A
                                           ; SOURCE LINE # 74
                       MOV     R7,#064H
                       MOV     R6,A
                       MOV     R5,A
                       MOV     R4,A
                 E     CALL    _?CyDelay
                                           ; SOURCE LINE # 75
                       SETB    EA
                       MOV     DPTR,#044F4H
                       MOV     A,#0FDH
                       MOVX    @DPTR,A
                                           ; SOURCE LINE # 76
                 E     CALL    Sync_Start
                                           ; SOURCE LINE # 77
                 E     CALL    I2C_DISPLAY_Start
                                           ; SOURCE LINE # 78
                 E     CALL    CW_Hold_Timer_Start
                                           ; SOURCE LINE # 79
                 E     MOV     R6,#HIGH CW_interrupt
                 E     MOV     R7,#LOW CW_interrupt
                 E     CALL    _CW_isr_StartEx
                                           ; SOURCE LINE # 81
                 E     CALL    Settings_Init
                                           ; SOURCE LINE # 82
                       CLR     A
                       MOV     R7,A
                       MOV     R6,A
                       MOV     R5,A
                       MOV     R4,A
                 E     MOV     DPTR,#?_si5351_init?BYTE+01H
                 E     CALL    ?C?LSTXDATA
                       MOV     R7,#0C0H
                 E     CALL    _si5351_init
                 R     MOV     DPTR,#si_err
                       MOV     A,R7
                       MOVX    @DPTR,A
                                           ; SOURCE LINE # 84
                 R     xJNZ    ?C0001
                                           ; SOURCE LINE # 85
                 E     CALL    I2C_DISPLAY_Stop
                                           ; SOURCE LINE # 86
C51 COMPILER V9.51   MAIN                                                                  08/22/2026 15:13:53 PAGE 7   

                 E     CALL    I2C_DISPLAY_Start
                                           ; SOURCE LINE # 87
                 E     CALL    I2C_DISPLAY_MasterClearStatus
                                           ; SOURCE LINE # 88
             ?C0001:
                                           ; SOURCE LINE # 90
                 E     CALL    PCM3060_Init
                 R     MOV     DPTR,#pcm_err
                       MOV     A,R7
                       MOVX    @DPTR,A
                                           ; SOURCE LINE # 91
                 R     MOV     DPTR,#si_err
                       MOVX    A,@DPTR
                 R     xJNZ    ?C0002
                       INC     DPTR
                       MOVX    A,@DPTR
                 R     xJZ     ?C0002
                       MOV     R3,#0FFH
                 R     MOV     R2,#HIGH ?SC_0
                 R     MOV     R1,#LOW ?SC_0
                 R     CALL    _ERROR
             ?C0002:
                                           ; SOURCE LINE # 92
                 R     MOV     DPTR,#pcm_err
                       MOVX    A,@DPTR
                 R     xJZ     ?C0003
                       MOV     R3,#0FFH
                 R     MOV     R2,#HIGH ?SC_4
                 R     MOV     R1,#LOW ?SC_4
                 R     CALL    _ERROR
             ?C0003:
                                           ; SOURCE LINE # 93
                 R     MOV     DPTR,#si_err
                       MOVX    A,@DPTR
                 R     xJNZ    ?C0004
                       MOV     R3,#0FFH
                 R     MOV     R2,#HIGH ?SC_8
                 R     MOV     R1,#LOW ?SC_8
                 R     CALL    _ERROR
             ?C0004:
                                           ; SOURCE LINE # 95
                       MOV     R7,#02H
                 E     CALL    _Band_Control_Write
                                           ; SOURCE LINE # 96
                       MOV     R7,#080H
                       MOV     R6,#09FH
                       MOV     R5,#0D5H
                       MOV     R4,#00H
                 E     MOV     DPTR,#E_current_LO_freq
                 E     CALL    ?C?LSTXDATA
             ?C0005:
                                           ; SOURCE LINE # 98
                 E     MOV     DPTR,#E_current_LO_freq
                       MOVX    A,@DPTR
                       MOV     R4,A
                       INC     DPTR
                       MOVX    A,@DPTR
                       MOV     R5,A
                       INC     DPTR
                       MOVX    A,@DPTR
                       MOV     R6,A
                       INC     DPTR
C51 COMPILER V9.51   MAIN                                                                  08/22/2026 15:13:53 PAGE 8   

                       MOVX    A,@DPTR
                       MOV     R7,A
                 E     CALL    _si5351aSetFrequency
                       MOV     A,R7
                 R     xJNZ    ?C0005
             ?C0006:
                                           ; SOURCE LINE # 99
                       CLR     A
                       MOV     R7,#0DCH
                       MOV     R6,#05H
                       MOV     R5,A
                       MOV     R4,A
                 E     CALL    _?CyDelay
                                           ; SOURCE LINE # 100
                 E     CALL    Control_Read
                       MOV     A,R7
                       ANL     A,#0FEH
                       MOV     R7,A
                 E     CALL    _Control_Write
                                           ; SOURCE LINE # 101
                       CLR     A
                       MOV     R7,#05H
                       MOV     R6,A
                       MOV     R5,A
                       MOV     R4,A
                 E     CALL    _?CyDelay
                                           ; SOURCE LINE # 102
                       RET     
             ; FUNCTION main_init (END)

             ; FUNCTION main_usb_vbus (BEGIN)
                                           ; SOURCE LINE # 106
                                           ; SOURCE LINE # 107
                 E     CALL    USBFS_VBusPresent
                       MOV     A,R7
                 R     xJZ     ?C0008
                                           ; SOURCE LINE # 108
                 E     MOV     DPTR,#USBFS_initVar
                       MOVX    A,@DPTR
                 R     xJNZ    ?C0012
                                           ; SOURCE LINE # 109
                       MOV     R5,#02H
                       MOV     R7,A
                 E     CALL    _USBFS_Start
                                           ; SOURCE LINE # 110
                 E     CALL    Audio_Start
                                           ; SOURCE LINE # 111
                 E     CALL    PCM3060_Start
                                           ; SOURCE LINE # 112
                                           ; SOURCE LINE # 113
                       RET     
             ?C0008:
                                           ; SOURCE LINE # 114
                 E     MOV     DPTR,#USBFS_initVar
                       MOVX    A,@DPTR
                 R     xJZ     ?C0012
                                           ; SOURCE LINE # 115
                       CLR     A
                 E     MOV     DPTR,#TX_Request
                       MOVX    @DPTR,A
                                           ; SOURCE LINE # 116
                 E     CALL    PCM3060_Stop
C51 COMPILER V9.51   MAIN                                                                  08/22/2026 15:13:53 PAGE 9   

                                           ; SOURCE LINE # 117
                 E     CALL    USBFS_Stop
                                           ; SOURCE LINE # 118
                                           ; SOURCE LINE # 119
                                           ; SOURCE LINE # 120
             ?C0012:
                       RET     
             ; FUNCTION main_usb_vbus (END)

             ; FUNCTION main (BEGIN)
                                           ; SOURCE LINE # 122
                                           ; SOURCE LINE # 123
                                           ; SOURCE LINE # 124
                       CLR     A
                 R     MOV     DPTR,#beater
                       MOVX    @DPTR,A
                                           ; SOURCE LINE # 125
                       INC     DPTR
                       MOVX    @DPTR,A
                                           ; SOURCE LINE # 126
                       INC     DPTR
                       MOVX    @DPTR,A
                                           ; SOURCE LINE # 127
                       INC     DPTR
                       MOVX    @DPTR,A
                       INC     DPTR
                       MOVX    @DPTR,A
                                           ; SOURCE LINE # 128
                       INC     DPTR
                       MOVX    @DPTR,A
                                           ; SOURCE LINE # 130
                       INC     DPTR
                       MOVX    @DPTR,A
                                           ; SOURCE LINE # 131
                       INC     DPTR
                       MOV     A,#0AH
                       MOVX    @DPTR,A
                                           ; SOURCE LINE # 133
                 R     CALL    main_init
                                           ; SOURCE LINE # 134
             ?C0013:
                                           ; SOURCE LINE # 136
                 E     CALL    Audio_Main
                                           ; SOURCE LINE # 137
                 E     CALL    Sync_Main
                                           ; SOURCE LINE # 138
                 R     MOV     DPTR,#E_host_mode
                       MOVX    A,@DPTR
                       MOV     R7,A
                 R     xJNE    A,#043H,?C0015
                                           ; SOURCE LINE # 139
                 R     MOV     DPTR,#previous_host_mode
                       MOVX    A,@DPTR
                       XRL     A,R7
                 R     xJZ     ?C0016
                                           ; SOURCE LINE # 140
                       MOV     A,R7
                       MOVX    @DPTR,A
                                           ; SOURCE LINE # 141
             ?C0016:
                                           ; SOURCE LINE # 142
                 E     CALL    Manage_Paddles_Port
C51 COMPILER V9.51   MAIN                                                                  08/22/2026 15:13:53 PAGE 10  

                                           ; SOURCE LINE # 143
             ?C0015:
                                           ; SOURCE LINE # 146
                 E     CALL    Status_Read
                       MOV     A,R7
                       ANL     A,#08H
                       MOV     R7,A
                 R     MOV     DPTR,#i
                       MOVX    @DPTR,A
                                           ; SOURCE LINE # 147
                       INC     DPTR
                       MOVX    A,@DPTR
                       XRL     A,R7
                 R     xJZ     ?C0013
                                           ; SOURCE LINE # 148
                       INC     DPTR
                       MOVX    A,@DPTR
                       MOV     R7,A
                       INC     A
                       MOVX    @DPTR,A
                       MOV     A,R7
                 R     CJNE    A,#07H,?C0050
             ?C0050:
                 R     xJNC    ?C0040
                 R     MOV     DPTR,#?C0051
                       MOV     R0,A
                       ADD     A,R0
                       ADD     A,R0
                       JMP     @A+DPTR
             ?C0051:
                 R     LJMP    ?C0019
                 R     LJMP    ?C0023
                 R     LJMP    ?C0026
                 R     LJMP    ?C0029
                 R     LJMP    ?C0030
                 R     LJMP    ?C0032
                 R     LJMP    ?C0034
                                           ; SOURCE LINE # 149
             ?C0019:
                                           ; SOURCE LINE # 150
                 R     MOV     DPTR,#ptt_delay_count
                       MOVX    A,@DPTR
                       DEC     A
                       MOVX    @DPTR,A
                 R     xJNZ    ?C0013
                                           ; SOURCE LINE # 151
                 E     CALL    CyEnterCriticalSection
                 R     MOV     DPTR,#ptt_section
                       MOV     A,R7
                       MOVX    @DPTR,A
                                           ; SOURCE LINE # 152
                 E     CALL    Status_Read
                 R     MOV     DPTR,#ptt
                       MOV     A,R7
                       MOVX    @DPTR,A
                                           ; SOURCE LINE # 153
                 R     MOV     DPTR,#ptt_section
                       MOVX    A,@DPTR
                       MOV     R7,A
                 E     CALL    _CyExitCriticalSection
                                           ; SOURCE LINE # 154
                 R     MOV     DPTR,#ptt
C51 COMPILER V9.51   MAIN                                                                  08/22/2026 15:13:53 PAGE 11  

                       MOVX    A,@DPTR
                 R     xJNB    ACC.4,?C0021
                 R     MOV     DPTR,#E_PTT
                       MOV     A,#01H
                       MOVX    @DPTR,A
                 R     xJMP    ?C0022
             ?C0021:
                       CLR     A
                 R     MOV     DPTR,#E_PTT
                       MOVX    @DPTR,A
             ?C0022:
                                           ; SOURCE LINE # 155
                 R     MOV     DPTR,#ptt_delay_count
                       MOV     A,#0AH
                       MOVX    @DPTR,A
                                           ; SOURCE LINE # 156
                                           ; SOURCE LINE # 158
                 R     xJMP    ?C0013
                                           ; SOURCE LINE # 159
             ?C0023:
                                           ; SOURCE LINE # 160
                 R     MOV     DPTR,#E_host_mode
                       MOVX    A,@DPTR
                       MOV     R7,A
                       XRL     A,#043H
                 R     xJZ     ?C0013
                                           ; SOURCE LINE # 161
                 R     MOV     DPTR,#previous_host_mode
                       MOVX    A,@DPTR
                       XRL     A,R7
                 R     xJZ     ?C0025
                                           ; SOURCE LINE # 162
                 E     CALL    Control_Read
                       MOV     A,R7
                       ANL     A,#0FEH
                       MOV     R7,A
                 E     CALL    _Control_Write
                                           ; SOURCE LINE # 163
                 E     CALL    Control_Read
                       MOV     A,R7
                       ORL     A,#02H
                       MOV     R7,A
                 E     CALL    _Control_Write
                                           ; SOURCE LINE # 164
                 E     CALL    Control_Read
                 R     MOV     DPTR,#control_status
                       MOV     A,R7
                       MOVX    @DPTR,A
                                           ; SOURCE LINE # 165
                       ORL     A,#08H
                       MOVX    @DPTR,A
                                           ; SOURCE LINE # 166
                       ORL     A,#010H
                       MOV     R7,A
                       MOVX    @DPTR,A
                                           ; SOURCE LINE # 167
                 E     CALL    _Control_Write
                                           ; SOURCE LINE # 168
                       CLR     A
                 E     MOV     DPTR,#TX_Request
                       MOVX    @DPTR,A
                                           ; SOURCE LINE # 169
C51 COMPILER V9.51   MAIN                                                                  08/22/2026 15:13:53 PAGE 12  

                 R     MOV     DPTR,#E_host_mode
                       MOVX    A,@DPTR
                 R     MOV     DPTR,#previous_host_mode
                       MOVX    @DPTR,A
                                           ; SOURCE LINE # 170
             ?C0025:
                                           ; SOURCE LINE # 171
                 E     CALL    TX_Main
                                           ; SOURCE LINE # 172
                                           ; SOURCE LINE # 173
                 R     xJMP    ?C0013
                                           ; SOURCE LINE # 174
             ?C0026:
                                           ; SOURCE LINE # 175
                 E     CALL    Settings_Main
                                           ; SOURCE LINE # 176
                 R     MOV     DPTR,#E_TX_Hold
                       MOVX    A,@DPTR
                       MOV     R7,A
                 R     MOV     DPTR,#previous_TX_hold_time
                       MOVX    A,@DPTR
                       XRL     A,R7
                 R     xJZ     ?C0027
                                           ; SOURCE LINE # 177
                       MOV     A,R7
                       MOVX    @DPTR,A
                                           ; SOURCE LINE # 178
                       MOVX    A,@DPTR
                       MOV     B,#064H
                       MUL     AB
                       MOV     R7,A
                       MOV     R6,B
                 E     CALL    _CW_Hold_Timer_WritePeriod
                                           ; SOURCE LINE # 179
             ?C0027:
                                           ; SOURCE LINE # 180
                 R     MOV     DPTR,#E_keyer_installed
                       MOVX    A,@DPTR
                       XRL     A,#01H
                 R     xJNZ    ?C0013
                                           ; SOURCE LINE # 181
                 E     CALL    Configure_CW
                                           ; SOURCE LINE # 182
                                           ; SOURCE LINE # 183
                 R     xJMP    ?C0013
                                           ; SOURCE LINE # 184
             ?C0029:
                                           ; SOURCE LINE # 185
                 E     CALL    si5351_main
                                           ; SOURCE LINE # 186
                 R     xJMP    ?C0013
                                           ; SOURCE LINE # 187
             ?C0030:
                                           ; SOURCE LINE # 188
                 R     MOV     DPTR,#E_si5351_status
                       MOVX    A,@DPTR
                 R     xJNZ    ?C0013
                                           ; SOURCE LINE # 189
                 E     CALL    Band_Main
                                           ; SOURCE LINE # 190
                                           ; SOURCE LINE # 191
                 R     xJMP    ?C0013
C51 COMPILER V9.51   MAIN                                                                  08/22/2026 15:13:53 PAGE 13  

                                           ; SOURCE LINE # 192
             ?C0032:
                                           ; SOURCE LINE # 193
                 E     CALL    Check_temperature
                                           ; SOURCE LINE # 194
                 E     CALL    CyXTAL_ReadStatus
                       MOV     A,R7
                 R     xJZ     ?C0013
                       MOV     R3,#0FFH
                 R     MOV     R2,#HIGH ?SC_12
                 R     MOV     R1,#LOW ?SC_12
                 R     CALL    _ERROR
                                           ; SOURCE LINE # 195
                 R     xJMP    ?C0013
                                           ; SOURCE LINE # 196
             ?C0034:
                                           ; SOURCE LINE # 197
                 R     MOV     DPTR,#E_host_mode
                       MOVX    A,@DPTR
                       XRL     A,#043H
                 R     xJZ     ?C0035
                                           ; SOURCE LINE # 198
                 E     MOV     DPTR,#E_current_LO_freq
                       MOVX    A,@DPTR
                       MOV     R4,A
                       INC     DPTR
                       MOVX    A,@DPTR
                       MOV     R5,A
                       INC     DPTR
                       MOVX    A,@DPTR
                       MOV     R6,A
                       INC     DPTR
                       MOVX    A,@DPTR
                       MOV     R7,A
                 E     CALL    _si5351aSetFrequency
                 R     MOV     DPTR,#E_si5351_status
                       MOV     A,R7
                       MOVX    @DPTR,A
                                           ; SOURCE LINE # 199
             ?C0035:
                                           ; SOURCE LINE # 201
                 E     CALL    Status_Read
                       MOV     A,R7
                 R     xJB     ACC.2,?C0036
                 E     CALL    Bootloadable_Load
             ?C0036:
                                           ; SOURCE LINE # 205
                 R     MOV     DPTR,#E_reboot_request
                       MOVX    A,@DPTR
                 R     xJNE    A,#01H,?C0037
                                           ; SOURCE LINE # 206
                       CLR     A
                       MOVX    @DPTR,A
                                           ; SOURCE LINE # 207
                       MOV     R7,#02CH
                       MOV     R6,#01H
                       MOV     R5,A
                       MOV     R4,A
                 E     CALL    _?CyDelay
                                           ; SOURCE LINE # 208
                 E     CALL    CySoftwareReset
                                           ; SOURCE LINE # 209
C51 COMPILER V9.51   MAIN                                                                  08/22/2026 15:13:53 PAGE 14  

                 R     xJMP    ?C0013
             ?C0037:
                 R     MOV     DPTR,#E_reboot_request
                       MOVX    A,@DPTR
                       XRL     A,#02H
                 R     xJNZ    ?C0013
                                           ; SOURCE LINE # 210
                       MOVX    @DPTR,A
                                           ; SOURCE LINE # 211
                       MOV     R7,#02CH
                       MOV     R6,#01H
                       MOV     R5,A
                       MOV     R4,A
                 E     CALL    _?CyDelay
                                           ; SOURCE LINE # 212
                 E     CALL    Bootloadable_Load
                                           ; SOURCE LINE # 213
                                           ; SOURCE LINE # 214
                 R     xJMP    ?C0013
                                           ; SOURCE LINE # 215
             ?C0040:
                                           ; SOURCE LINE # 216
                 R     CALL    main_usb_vbus
                                           ; SOURCE LINE # 217
                       CLR     A
                 R     MOV     DPTR,#beater
                       MOVX    @DPTR,A
                                           ; SOURCE LINE # 218
                 R     MOV     DPTR,#i
                       MOVX    A,@DPTR
                       INC     DPTR
                       MOVX    @DPTR,A
                                           ; SOURCE LINE # 219
                                           ; SOURCE LINE # 220
                                           ; SOURCE LINE # 222
                 R     xJMP    ?C0013
                       RET     
             ; FUNCTION main (END)

             ; FUNCTION _?swap32 (BEGIN)
                                           ; SOURCE LINE # 225
                       MOV     DPTR,#0FFFCH
                 E     CALL    ?C?ADDXBP
                 E     CALL    ?C?LSTXDATA
                       MOV     DPTR,#0FFF6H
                 E     CALL    ?C?ADDXBP
                                           ; SOURCE LINE # 228
                       MOV     R3,#01H
                       MOV     DPTR,#06H
                 E     CALL    ?C?XBPOFF
                       MOV     R1,DPL
                       MOV     R2,DPH
                 E     MOV     DPH,?C_XBP
                 E     MOV     DPL,?C_XBP+01H
                       MOV     A,R3
                       MOVX    @DPTR,A
                       INC     DPTR
                       MOV     A,R2
                       MOVX    @DPTR,A
                       INC     DPTR
                       MOV     A,R1
                       MOVX    @DPTR,A
C51 COMPILER V9.51   MAIN                                                                  08/22/2026 15:13:53 PAGE 15  

                                           ; SOURCE LINE # 229
                       MOV     R3,#01H
                       MOV     DPTR,#0AH
                 E     CALL    ?C?XBPOFF
                       MOV     R1,DPL
                       MOV     R2,DPH
                       MOV     DPTR,#03H
                 E     CALL    ?C?XBPOFF
                       MOV     A,R3
                       MOVX    @DPTR,A
                       INC     DPTR
                       MOV     A,R2
                       MOVX    @DPTR,A
                       INC     DPTR
                       MOV     A,R1
                       MOVX    @DPTR,A
                                           ; SOURCE LINE # 230
                       MOV     DPTR,#03H
                 E     CALL    ?C?XBPOFF
                       MOVX    A,@DPTR
                       MOV     R3,A
                       INC     DPTR
                       MOVX    A,@DPTR
                       MOV     R2,A
                       INC     DPTR
                       MOVX    A,@DPTR
                       ADD     A,#03H
                       MOV     R1,A
                       CLR     A
                       ADDC    A,R2
                       MOV     R2,A
                 E     CALL    ?C?CLDPTR
                       MOV     R7,A
                 E     MOV     DPH,?C_XBP
                 E     MOV     DPL,?C_XBP+01H
                       MOVX    A,@DPTR
                       MOV     R3,A
                       INC     DPTR
                       MOVX    A,@DPTR
                       MOV     R2,A
                       INC     DPTR
                       MOVX    A,@DPTR
                       MOV     R1,A
                       MOV     A,R7
                 E     CALL    ?C?CSTPTR
                                           ; SOURCE LINE # 231
                       MOV     DPTR,#03H
                 E     CALL    ?C?XBPOFF
                       MOVX    A,@DPTR
                       MOV     R3,A
                       INC     DPTR
                       MOVX    A,@DPTR
                       MOV     R2,A
                       INC     DPTR
                       MOVX    A,@DPTR
                       ADD     A,#02H
                       MOV     R1,A
                       CLR     A
                       ADDC    A,R2
                       MOV     R2,A
                 E     CALL    ?C?CLDPTR
                       MOV     R7,A
C51 COMPILER V9.51   MAIN                                                                  08/22/2026 15:13:53 PAGE 16  

                 E     MOV     DPH,?C_XBP
                 E     MOV     DPL,?C_XBP+01H
                       MOVX    A,@DPTR
                       MOV     R3,A
                       INC     DPTR
                       MOVX    A,@DPTR
                       MOV     R2,A
                       INC     DPTR
                       MOVX    A,@DPTR
                       ADD     A,#01H
                       MOV     R1,A
                       CLR     A
                       ADDC    A,R2
                       MOV     R2,A
                       MOV     A,R7
                 E     CALL    ?C?CSTPTR
                                           ; SOURCE LINE # 232
                       MOV     DPTR,#03H
                 E     CALL    ?C?XBPOFF
                       MOVX    A,@DPTR
                       MOV     R3,A
                       INC     DPTR
                       MOVX    A,@DPTR
                       MOV     R2,A
                       INC     DPTR
                       MOVX    A,@DPTR
                       ADD     A,#01H
                       MOV     R1,A
                       CLR     A
                       ADDC    A,R2
                       MOV     R2,A
                 E     CALL    ?C?CLDPTR
                       MOV     R7,A
                 E     MOV     DPH,?C_XBP
                 E     MOV     DPL,?C_XBP+01H
                       MOVX    A,@DPTR
                       MOV     R3,A
                       INC     DPTR
                       MOVX    A,@DPTR
                       MOV     R2,A
                       INC     DPTR
                       MOVX    A,@DPTR
                       ADD     A,#02H
                       MOV     R1,A
                       CLR     A
                       ADDC    A,R2
                       MOV     R2,A
                       MOV     A,R7
                 E     CALL    ?C?CSTPTR
                                           ; SOURCE LINE # 233
                       MOV     DPTR,#03H
                 E     CALL    ?C?XBPOFF
                       MOVX    A,@DPTR
                       MOV     R3,A
                       INC     DPTR
                       MOVX    A,@DPTR
                       MOV     R2,A
                       INC     DPTR
                       MOVX    A,@DPTR
                       MOV     R1,A
                 E     CALL    ?C?CLDPTR
                       MOV     R7,A
C51 COMPILER V9.51   MAIN                                                                  08/22/2026 15:13:53 PAGE 17  

                 E     MOV     DPH,?C_XBP
                 E     MOV     DPL,?C_XBP+01H
                       MOVX    A,@DPTR
                       MOV     R3,A
                       INC     DPTR
                       MOVX    A,@DPTR
                       MOV     R2,A
                       INC     DPTR
                       MOVX    A,@DPTR
                       ADD     A,#03H
                       MOV     R1,A
                       CLR     A
                       ADDC    A,R2
                       MOV     R2,A
                       MOV     A,R7
                 E     CALL    ?C?CSTPTR
                                           ; SOURCE LINE # 234
                       MOV     DPTR,#06H
                 E     CALL    ?C?XBPOFF
                       MOVX    A,@DPTR
                       MOV     R4,A
                       INC     DPTR
                       MOVX    A,@DPTR
                       MOV     R5,A
                       INC     DPTR
                       MOVX    A,@DPTR
                       MOV     R6,A
                       INC     DPTR
                       MOVX    A,@DPTR
                       MOV     R7,A
                                           ; SOURCE LINE # 235
             ?C0042:
                       MOV     DPTR,#0EH
                 E     CALL    ?C?ADDXBP
                       RET     
             ; FUNCTION _?swap32 (END)

             ; FUNCTION _?swap16 (BEGIN)
                                           ; SOURCE LINE # 237
                       MOV     DPTR,#0FFFEH
                 E     CALL    ?C?ADDXBP
                       MOV     A,R6
                       MOVX    @DPTR,A
                       INC     DPTR
                       MOV     A,R7
                       MOVX    @DPTR,A
                       MOV     DPTR,#0FFF8H
                 E     CALL    ?C?ADDXBP
                                           ; SOURCE LINE # 240
                       MOV     R3,#01H
                       MOV     DPTR,#06H
                 E     CALL    ?C?XBPOFF
                       MOV     R1,DPL
                       MOV     R2,DPH
                 E     MOV     DPH,?C_XBP
                 E     MOV     DPL,?C_XBP+01H
                       MOV     A,R3
                       MOVX    @DPTR,A
                       INC     DPTR
                       MOV     A,R2
                       MOVX    @DPTR,A
                       INC     DPTR
C51 COMPILER V9.51   MAIN                                                                  08/22/2026 15:13:53 PAGE 18  

                       MOV     A,R1
                       MOVX    @DPTR,A
                                           ; SOURCE LINE # 241
                       MOV     R3,#01H
                       MOV     DPTR,#08H
                 E     CALL    ?C?XBPOFF
                       MOV     R1,DPL
                       MOV     R2,DPH
                       MOV     DPTR,#03H
                 E     CALL    ?C?XBPOFF
                       MOV     A,R3
                       MOVX    @DPTR,A
                       INC     DPTR
                       MOV     A,R2
                       MOVX    @DPTR,A
                       INC     DPTR
                       MOV     A,R1
                       MOVX    @DPTR,A
                                           ; SOURCE LINE # 242
                       MOV     DPTR,#03H
                 E     CALL    ?C?XBPOFF
                       MOVX    A,@DPTR
                       MOV     R3,A
                       INC     DPTR
                       MOVX    A,@DPTR
                       MOV     R2,A
                       INC     DPTR
                       MOVX    A,@DPTR
                       ADD     A,#01H
                       MOV     R1,A
                       CLR     A
                       ADDC    A,R2
                       MOV     R2,A
                 E     CALL    ?C?CLDPTR
                       MOV     R7,A
                 E     MOV     DPH,?C_XBP
                 E     MOV     DPL,?C_XBP+01H
                       MOVX    A,@DPTR
                       MOV     R3,A
                       INC     DPTR
                       MOVX    A,@DPTR
                       MOV     R2,A
                       INC     DPTR
                       MOVX    A,@DPTR
                       MOV     R1,A
                       MOV     A,R7
                 E     CALL    ?C?CSTPTR
                                           ; SOURCE LINE # 243
                       MOV     DPTR,#03H
                 E     CALL    ?C?XBPOFF
                       MOVX    A,@DPTR
                       MOV     R3,A
                       INC     DPTR
                       MOVX    A,@DPTR
                       MOV     R2,A
                       INC     DPTR
                       MOVX    A,@DPTR
                       MOV     R1,A
                 E     CALL    ?C?CLDPTR
                       MOV     R7,A
                 E     MOV     DPH,?C_XBP
                 E     MOV     DPL,?C_XBP+01H
C51 COMPILER V9.51   MAIN                                                                  08/22/2026 15:13:53 PAGE 19  

                       MOVX    A,@DPTR
                       MOV     R3,A
                       INC     DPTR
                       MOVX    A,@DPTR
                       MOV     R2,A
                       INC     DPTR
                       MOVX    A,@DPTR
                       ADD     A,#01H
                       MOV     R1,A
                       CLR     A
                       ADDC    A,R2
                       MOV     R2,A
                       MOV     A,R7
                 E     CALL    ?C?CSTPTR
                                           ; SOURCE LINE # 244
                       MOV     DPTR,#06H
                 E     CALL    ?C?XBPOFF
                       MOVX    A,@DPTR
                       MOV     R6,A
                       INC     DPTR
                       MOVX    A,@DPTR
                       MOV     R7,A
                                           ; SOURCE LINE # 245
             ?C0043:
                       MOV     DPTR,#0AH
                 E     CALL    ?C?ADDXBP
                       RET     
             ; FUNCTION _?swap16 (END)

             ; FUNCTION _ERROR (BEGIN)
                                           ; SOURCE LINE # 246
                 R     MOV     DPTR,#msg
                       MOV     A,R3
                       MOVX    @DPTR,A
                       INC     DPTR
                       MOV     A,R2
                       MOVX    @DPTR,A
                       INC     DPTR
                       MOV     A,R1
                       MOVX    @DPTR,A
                                           ; SOURCE LINE # 248
                       CLR     A
                 R     MOV     DPTR,#timer
                       MOVX    @DPTR,A
                       INC     DPTR
                       MOVX    @DPTR,A
                                           ; SOURCE LINE # 250
                 E     MOV     DPTR,#USBFS_initVar
                       MOVX    A,@DPTR
                 R     xJZ     ?C0044
                 E     CALL    USBFS_Stop
             ?C0044:
                                           ; SOURCE LINE # 251
                 E     CALL    Control_Read
                       MOV     A,R7
                       ANL     A,#01H
                       ORL     A,#0AH
                       MOV     R7,A
                 E     CALL    _Control_Write
                                           ; SOURCE LINE # 252
                 R     MOV     DPTR,#msg
                       MOVX    A,@DPTR
C51 COMPILER V9.51   MAIN                                                                  08/22/2026 15:13:53 PAGE 20  

                       MOV     R3,A
                       INC     DPTR
                       MOVX    A,@DPTR
                       MOV     R2,A
                       INC     DPTR
                       MOVX    A,@DPTR
                       MOV     R1,A
                 E     CALL    _Morse_Main
                                           ; SOURCE LINE # 254
             ?C0045:
                                           ; SOURCE LINE # 255
                 E     CALL    Status_Read
                       MOV     A,R7
                       ANL     A,#08H
                       MOV     R7,A
;---- Variable 'i' assigned to Register 'R7' ----
                                           ; SOURCE LINE # 256
                 R     MOV     DPTR,#beat
                       MOVX    A,@DPTR
                       XRL     A,R7
                 R     xJZ     ?C0045
                                           ; SOURCE LINE # 257
                       MOV     A,R7
                       MOVX    @DPTR,A
                                           ; SOURCE LINE # 258
                       INC     DPTR
                       MOV     A,#0FFH
                       MOV     B,A
                 E     CALL    ?C?ILDIX
                       ORL     A,B
                 R     xJNZ    ?C0045
                                           ; SOURCE LINE # 259
                 R     MOV     DPTR,#timer
                       INC     A
                       MOVX    @DPTR,A
                       INC     DPTR
                       MOV     A,#0E0H
                       MOVX    @DPTR,A
                                           ; SOURCE LINE # 260
                       MOV     R3,#00H
                       MOV     R2,#00H
                       MOV     R1,#00H
                 E     CALL    _Morse_Main
                                           ; SOURCE LINE # 261
                                           ; SOURCE LINE # 262
                                           ; SOURCE LINE # 263
                 R     xJMP    ?C0045
                       RET     
             ; FUNCTION _ERROR (END)



MODULE INFORMATION:   STATIC OVERLAYABLE
   CODE SIZE        =   1301    ----
   CONSTANT SIZE    =     16    ----
   XDATA SIZE       =    114      23
   PDATA SIZE       =   ----    ----
   DATA SIZE        =   ----    ----
   IDATA SIZE       =   ----    ----
   BIT SIZE         =   ----    ----
   EDATA SIZE       =   ----    ----
   HDATA SIZE       =   ----    ----
C51 COMPILER V9.51   MAIN                                                                  08/22/2026 15:13:53 PAGE 21  

   XDATA CONST SIZE =   ----    ----
   FAR CONST SIZE   =   ----    ----
END OF MODULE INFORMATION.


C51 COMPILATION COMPLETE.  0 WARNING(S),  0 ERROR(S)
