C51 COMPILER V9.51   USBFS_EPISR                                                           12/15/2017 11:37:59 PAGE 1   


C51 COMPILER V9.51, COMPILATION OF MODULE USBFS_EPISR
OBJECT MODULE PLACED IN .\DP8051\DP8051_Keil_951\Debug\USBFS_episr.obj
COMPILER INVOKED BY: C:\Program Files (x86)\Cypress\PSoC Creator\4.1\PSoC Creator\import\keil\pk51\9.51\C51\BIN\c51.exe 
                    -Generated_Source\PSoC3\USBFS_episr.c NOIV LARGE MODDP2 OMF2 VB(1) NOIP INCDIR(.,Generated_Source\PSoC3) FF(3) DB DF(DEBU
                    -G) WL(2) PR(.\DP8051\DP8051_Keil_951\Debug/USBFS_episr.lst) CD OT(5,SIZE) OA OJ(.\DP8051\DP8051_Keil_951\Debug\USBFS_epi
                    -sr.obj)

line level    source

   1          /***************************************************************************//**
   2          * \file USBFS_episr.c
   3          * \version 3.20
   4          *
   5          * \brief
   6          *  This file contains the Data endpoint Interrupt Service Routines.
   7          *
   8          ********************************************************************************
   9          * \copyright
  10          * Copyright 2008-2016, Cypress Semiconductor Corporation.  All rights reserved.
  11          * You may use this file only in accordance with the license, terms, conditions,
  12          * disclaimers, and limitations in the end user license agreement accompanying
  13          * the software package with which this file was provided.
  14          *******************************************************************************/
  15          
  16          #include "USBFS_pvt.h"
  17          #include "USBFS_cydmac.h"
  18          
  19          
  20          
  21          /***************************************
  22          * Custom Declarations
  23          ***************************************/
  24          /* `#START CUSTOM_DECLARATIONS` Place your declaration here */
  25          
  26          /* `#END` */
  27          
  28          
  29          #if (USBFS_EP1_ISR_ACTIVE)
  30              /******************************************************************************
  31              * Function Name: USBFS_EP_1_ISR
  32              ***************************************************************************//**
  33              *
  34              *  Endpoint 1 Interrupt Service Routine
  35              *
  36              ******************************************************************************/
  37              CY_ISR(USBFS_EP_1_ISR)
  38              {
  39   1      
  40   1          #ifdef USBFS_EP_1_ISR_ENTRY_CALLBACK
                      USBFS_EP_1_ISR_EntryCallback();
                  #endif /* (USBFS_EP_1_ISR_ENTRY_CALLBACK) */
  43   1      
  44   1              /* `#START EP1_USER_CODE` Place your code here */
  45   1      
  46   1              /* `#END` */
  47   1      
  48   1          #if (CY_PSOC3 && defined(USBFS_ENABLE_MIDI_STREAMING) && \
  49   1              !defined(USBFS_MAIN_SERVICE_MIDI_OUT) && USBFS_ISR_SERVICE_MIDI_OUT)
                      {
                          uint8 intEn = EA;
                          CyGlobalIntEnable;  /* Enable nested interrupts. */
C51 COMPILER V9.51   USBFS_EPISR                                                           12/15/2017 11:37:59 PAGE 2   

                  #endif /* (CY_PSOC3 && USBFS_ISR_SERVICE_MIDI_OUT) */
  54   1          
  55   1              USBFS_ClearSieEpInterruptSource(USBFS_SIE_INT_EP1_INTR);
  56   1                  
  57   1              /* Notifies user that transfer IN or OUT transfer is completed.
  58   1              * IN endpoint: endpoint buffer can be reloaded, Host is read data.
  59   1              * OUT endpoint: data is ready to be read from endpoint buffer. 
  60   1              */
  61   1          #if (CY_PSOC4 && USBFS_EP_MANAGEMENT_DMA_AUTO)
                      if (0u != (USBFS_EP[USBFS_EP1].addr & USBFS_DIR_IN))
                  #endif /* (CY_PSOC4 && USBFS_EP_MANAGEMENT_DMA_AUTO) */
  64   1              {
  65   2                  /* Read CR0 register to clear SIE lock. */
  66   2                  (void) USBFS_SIE_EP_BASE.sieEp[USBFS_EP1].epCr0;
  67   2                  
  68   2                  /* Toggle all endpoint types except ISOC. */
  69   2                  if (USBFS_GET_EP_TYPE(USBFS_EP1) != USBFS_EP_TYPE_ISOC)
  70   2                  {
  71   3                      USBFS_EP[USBFS_EP1].epToggle ^= USBFS_EPX_CNT_DATA_TOGGLE;
  72   3                  }
  73   2      
  74   2                  /* EP_MANAGEMENT_DMA_AUTO (Ticket ID# 214187): For OUT endpoint this event is used to notify
  75   2                  * user that DMA has completed copying data from OUT endpoint which is not completely true.
  76   2                  * Because last chunk of data is being copied.
  77   2                  * For CY_PSOC 3/5LP: it is acceptable as DMA is really fast.
  78   2                  * For CY_PSOC4: this event is set in Arbiter interrupt (source is DMA_TERMIN).
  79   2                  */
  80   2                  USBFS_EP[USBFS_EP1].apiEpState = USBFS_EVENT_PENDING;
  81   2              }
  82   1      
  83   1          #if (!(CY_PSOC4 && USBFS_EP_MANAGEMENT_DMA_AUTO))
  84   1              #if (defined(USBFS_ENABLE_MIDI_STREAMING) && \
  85   1                  !defined(USBFS_MAIN_SERVICE_MIDI_OUT) && USBFS_ISR_SERVICE_MIDI_OUT)
                          if (USBFS_midi_out_ep == USBFS_EP1)
                          {
                              USBFS_MIDI_OUT_Service();
                          }
                      #endif /* (USBFS_ISR_SERVICE_MIDI_OUT) */
  91   1          #endif /* (!(CY_PSOC4 && USBFS_EP_MANAGEMENT_DMA_AUTO)) */
  92   1          
  93   1              /* `#START EP1_END_USER_CODE` Place your code here */
  94   1      
  95   1              /* `#END` */
  96   1      
  97   1          #ifdef USBFS_EP_1_ISR_EXIT_CALLBACK
                      USBFS_EP_1_ISR_ExitCallback();
                  #endif /* (USBFS_EP_1_ISR_EXIT_CALLBACK) */
 100   1      
 101   1          #if (CY_PSOC3 && defined(USBFS_ENABLE_MIDI_STREAMING) && \
 102   1              !defined(USBFS_MAIN_SERVICE_MIDI_OUT) && USBFS_ISR_SERVICE_MIDI_OUT)
                      
                          EA = intEn; /* Restore nested interrupt configuration. */
                      }
                  #endif /* (CY_PSOC3 && USBFS_ISR_SERVICE_MIDI_OUT) */
 107   1          }
 108          
 109          #endif /* (USBFS_EP1_ISR_ACTIVE) */
 110          
 111          
 112          #if (USBFS_EP2_ISR_ACTIVE)
 113              /*******************************************************************************
 114              * Function Name: USBFS_EP_2_ISR
C51 COMPILER V9.51   USBFS_EPISR                                                           12/15/2017 11:37:59 PAGE 3   

 115              ****************************************************************************//**
 116              *
 117              *  Endpoint 2 Interrupt Service Routine.
 118              *
 119              *******************************************************************************/
 120              CY_ISR(USBFS_EP_2_ISR)
 121              {
 122   1          #ifdef USBFS_EP_2_ISR_ENTRY_CALLBACK
                      USBFS_EP_2_ISR_EntryCallback();
                  #endif /* (USBFS_EP_2_ISR_ENTRY_CALLBACK) */
 125   1      
 126   1              /* `#START EP2_USER_CODE` Place your code here */
 127   1      
 128   1              /* `#END` */
 129   1      
 130   1          #if (CY_PSOC3 && defined(USBFS_ENABLE_MIDI_STREAMING) && \
 131   1              !defined(USBFS_MAIN_SERVICE_MIDI_OUT) && USBFS_ISR_SERVICE_MIDI_OUT)
                      {
                          uint8 intEn = EA;
                          CyGlobalIntEnable;  /* Enable nested interrupts. */
                  #endif /* (CY_PSOC3 && USBFS_ISR_SERVICE_MIDI_OUT) */
 136   1      
 137   1              USBFS_ClearSieEpInterruptSource(USBFS_SIE_INT_EP2_INTR);
 138   1      
 139   1              /* Notifies user that transfer IN or OUT transfer is completed.
 140   1              * IN endpoint: endpoint buffer can be reloaded, Host is read data.
 141   1              * OUT endpoint: data is ready to be read from endpoint buffer. 
 142   1              */
 143   1          #if (CY_PSOC4 && USBFS_EP_MANAGEMENT_DMA_AUTO)
                      if (0u != (USBFS_EP[USBFS_EP2].addr & USBFS_DIR_IN))
                  #endif /* (CY_PSOC4 && USBFS_EP_MANAGEMENT_DMA_AUTO) */
 146   1              {            
 147   2                  /* Read CR0 register to clear SIE lock. */
 148   2                  (void) USBFS_SIE_EP_BASE.sieEp[USBFS_EP2].epCr0;
 149   2                  
 150   2                  /* Toggle all endpoint types except ISOC. */
 151   2                  if (USBFS_GET_EP_TYPE(USBFS_EP2) != USBFS_EP_TYPE_ISOC)
 152   2                  {
 153   3                      USBFS_EP[USBFS_EP2].epToggle ^= USBFS_EPX_CNT_DATA_TOGGLE;
 154   3                  }
 155   2      
 156   2                  /* EP_MANAGEMENT_DMA_AUTO (Ticket ID# 214187): For OUT endpoint this event is used to notify
 157   2                  * user that DMA has completed copying data from OUT endpoint which is not completely true.
 158   2                  * Because last chunk of data is being copied.
 159   2                  * For CY_PSOC 3/5LP: it is acceptable as DMA is really fast.
 160   2                  * For CY_PSOC4: this event is set in Arbiter interrupt (source is DMA_TERMIN).
 161   2                  */
 162   2                  USBFS_EP[USBFS_EP2].apiEpState = USBFS_EVENT_PENDING;
 163   2              }
 164   1      
 165   1          #if (!(CY_PSOC4 && USBFS_EP_MANAGEMENT_DMA_AUTO))
 166   1              #if (defined(USBFS_ENABLE_MIDI_STREAMING) && \
 167   1                  !defined(USBFS_MAIN_SERVICE_MIDI_OUT) && USBFS_ISR_SERVICE_MIDI_OUT)
                          if (USBFS_midi_out_ep == USBFS_EP2)
                          {
                              USBFS_MIDI_OUT_Service();
                          }
                      #endif /* (USBFS_ISR_SERVICE_MIDI_OUT) */
 173   1          #endif /* (!(CY_PSOC4 && USBFS_EP_MANAGEMENT_DMA_AUTO)) */        
 174   1          
 175   1              /* `#START EP2_END_USER_CODE` Place your code here */
 176   1      
C51 COMPILER V9.51   USBFS_EPISR                                                           12/15/2017 11:37:59 PAGE 4   

 177   1              /* `#END` */
 178   1      
 179   1          #ifdef USBFS_EP_2_ISR_EXIT_CALLBACK
                      USBFS_EP_2_ISR_ExitCallback();
                  #endif /* (USBFS_EP_2_ISR_EXIT_CALLBACK) */
 182   1      
 183   1          #if (CY_PSOC3 && defined(USBFS_ENABLE_MIDI_STREAMING) && \
 184   1              !defined(USBFS_MAIN_SERVICE_MIDI_OUT) && USBFS_ISR_SERVICE_MIDI_OUT)
                      
                          EA = intEn; /* Restore nested interrupt configuration. */
                      }
                  #endif /* (CY_PSOC3 && USBFS_ISR_SERVICE_MIDI_OUT) */
 189   1          }
 190          #endif /* (USBFS_EP2_ISR_ACTIVE) */
 191          
 192          
 193          #if (USBFS_EP3_ISR_ACTIVE)
                  /*******************************************************************************
                  * Function Name: USBFS_EP_3_ISR
                  ****************************************************************************//**
                  *
                  *  Endpoint 3 Interrupt Service Routine.
                  *
                  *******************************************************************************/
                  CY_ISR(USBFS_EP_3_ISR)
                  {
                  #ifdef USBFS_EP_3_ISR_ENTRY_CALLBACK
                      USBFS_EP_3_ISR_EntryCallback();
                  #endif /* (USBFS_EP_3_ISR_ENTRY_CALLBACK) */
              
                      /* `#START EP3_USER_CODE` Place your code here */
              
                      /* `#END` */
              
                  #if (CY_PSOC3 && defined(USBFS_ENABLE_MIDI_STREAMING) && \
                      !defined(USBFS_MAIN_SERVICE_MIDI_OUT) && USBFS_ISR_SERVICE_MIDI_OUT)
                      {
                          uint8 intEn = EA;
                          CyGlobalIntEnable;  /* Enable nested interrupts. */
                  #endif /* (CY_PSOC3 && USBFS_ISR_SERVICE_MIDI_OUT) */
              
                      USBFS_ClearSieEpInterruptSource(USBFS_SIE_INT_EP3_INTR);    
              
                      /* Notifies user that transfer IN or OUT transfer is completed.
                      * IN endpoint: endpoint buffer can be reloaded, Host is read data.
                      * OUT endpoint: data is ready to be read from endpoint buffer. 
                      */
                  #if (CY_PSOC4 && USBFS_EP_MANAGEMENT_DMA_AUTO)
                      if (0u != (USBFS_EP[USBFS_EP3].addr & USBFS_DIR_IN))
                  #endif /* (USBFS_EP_MANAGEMENT_DMA_AUTO) */
                      {            
                          /* Read CR0 register to clear SIE lock. */
                          (void) USBFS_SIE_EP_BASE.sieEp[USBFS_EP3].epCr0;
              
                          /* Toggle all endpoint types except ISOC. */
                          if (USBFS_GET_EP_TYPE(USBFS_EP3) != USBFS_EP_TYPE_ISOC)
                          {
                              USBFS_EP[USBFS_EP3].epToggle ^= USBFS_EPX_CNT_DATA_TOGGLE;
                          }
              
                          /* EP_MANAGEMENT_DMA_AUTO (Ticket ID# 214187): For OUT endpoint this event is used to notify
                          * user that DMA has completed copying data from OUT endpoint which is not completely true.
C51 COMPILER V9.51   USBFS_EPISR                                                           12/15/2017 11:37:59 PAGE 5   

                          * Because last chunk of data is being copied.
                          * For CY_PSOC 3/5LP: it is acceptable as DMA is really fast.
                          * For CY_PSOC4: this event is set in Arbiter interrupt (source is DMA_TERMIN).
                          */
                          USBFS_EP[USBFS_EP3].apiEpState = USBFS_EVENT_PENDING;
                      }
              
                  #if (!(CY_PSOC4 && USBFS_EP_MANAGEMENT_DMA_AUTO))
                      #if (defined(USBFS_ENABLE_MIDI_STREAMING) && \
                          !defined(USBFS_MAIN_SERVICE_MIDI_OUT) && USBFS_ISR_SERVICE_MIDI_OUT)
                          if (USBFS_midi_out_ep == USBFS_EP3)
                          {
                              USBFS_MIDI_OUT_Service();
                          }
                      #endif /* (USBFS_ISR_SERVICE_MIDI_OUT) */
                  #endif /* (!(CY_PSOC4 && USBFS_EP_MANAGEMENT_DMA_AUTO)) */        
              
                      /* `#START EP3_END_USER_CODE` Place your code here */
              
                      /* `#END` */
              
                  #ifdef USBFS_EP_3_ISR_EXIT_CALLBACK
                      USBFS_EP_3_ISR_ExitCallback();
                  #endif /* (USBFS_EP_3_ISR_EXIT_CALLBACK) */
              
                  #if (CY_PSOC3 && defined(USBFS_ENABLE_MIDI_STREAMING) && \
                      !defined(USBFS_MAIN_SERVICE_MIDI_OUT) && USBFS_ISR_SERVICE_MIDI_OUT)
                      
                          EA = intEn; /* Restore nested interrupt configuration. */
                      }
                  #endif /* (CY_PSOC3 && USBFS_ISR_SERVICE_MIDI_OUT) */
                  }
              #endif /* (USBFS_EP3_ISR_ACTIVE) */
 272          
 273          
 274          #if (USBFS_EP4_ISR_ACTIVE)
                  /*******************************************************************************
                  * Function Name: USBFS_EP_4_ISR
                  ****************************************************************************//**
                  *
                  *  Endpoint 4 Interrupt Service Routine.
                  *
                  *******************************************************************************/
                  CY_ISR(USBFS_EP_4_ISR)
                  {
                  #ifdef USBFS_EP_4_ISR_ENTRY_CALLBACK
                      USBFS_EP_4_ISR_EntryCallback();
                  #endif /* (USBFS_EP_4_ISR_ENTRY_CALLBACK) */
              
                      /* `#START EP4_USER_CODE` Place your code here */
              
                      /* `#END` */
              
                  #if (CY_PSOC3 && defined(USBFS_ENABLE_MIDI_STREAMING) && \
                      !defined(USBFS_MAIN_SERVICE_MIDI_OUT) && USBFS_ISR_SERVICE_MIDI_OUT)
                      {
                          uint8 intEn = EA;
                          CyGlobalIntEnable;  /* Enable nested interrupts. */
                  #endif /* (CY_PSOC3 && USBFS_ISR_SERVICE_MIDI_OUT) */
              
                      USBFS_ClearSieEpInterruptSource(USBFS_SIE_INT_EP4_INTR);
                      
C51 COMPILER V9.51   USBFS_EPISR                                                           12/15/2017 11:37:59 PAGE 6   

                      /* Notifies user that transfer IN or OUT transfer is completed.
                      * IN endpoint: endpoint buffer can be reloaded, Host is read data.
                      * OUT endpoint: data is ready to read from endpoint buffer. 
                      */
                  #if (CY_PSOC4 && USBFS_EP_MANAGEMENT_DMA_AUTO)
                      if (0u != (USBFS_EP[USBFS_EP4].addr & USBFS_DIR_IN))
                  #endif /* (USBFS_EP_MANAGEMENT_DMA_AUTO) */
                      {
                          /* Read CR0 register to clear SIE lock. */
                          (void) USBFS_SIE_EP_BASE.sieEp[USBFS_EP4].epCr0;
              
                          /* Toggle all endpoint types except ISOC. */
                          if (USBFS_GET_EP_TYPE(USBFS_EP4) != USBFS_EP_TYPE_ISOC)
                          {
                              USBFS_EP[USBFS_EP4].epToggle ^= USBFS_EPX_CNT_DATA_TOGGLE;
                          }
              
                          /* EP_MANAGEMENT_DMA_AUTO (Ticket ID# 214187): For OUT endpoint this event is used to notify
                          * user that DMA has completed copying data from OUT endpoint which is not completely true.
                          * Because last chunk of data is being copied.
                          * For CY_PSOC 3/5LP: it is acceptable as DMA is really fast.
                          * For CY_PSOC4: this event is set in Arbiter interrupt (source is DMA_TERMIN).
                          */
                          USBFS_EP[USBFS_EP4].apiEpState = USBFS_EVENT_PENDING;
                      }
              
                  #if (!(CY_PSOC4 && USBFS_EP_MANAGEMENT_DMA_AUTO))
                      #if (defined(USBFS_ENABLE_MIDI_STREAMING) && \
                          !defined(USBFS_MAIN_SERVICE_MIDI_OUT) && USBFS_ISR_SERVICE_MIDI_OUT)
                          if(USBFS_midi_out_ep == USBFS_EP4)
                          {
                              USBFS_MIDI_OUT_Service();
                          }
                      #endif /* (USBFS_ISR_SERVICE_MIDI_OUT) */
                  #endif /* (!(CY_PSOC4 && USBFS_EP_MANAGEMENT_DMA_AUTO)) */        
              
                      /* `#START EP4_END_USER_CODE` Place your code here */
              
                      /* `#END` */
              
                  #ifdef USBFS_EP_4_ISR_EXIT_CALLBACK
                      USBFS_EP_4_ISR_ExitCallback();
                  #endif /* (USBFS_EP_4_ISR_EXIT_CALLBACK) */
              
                  #if (CY_PSOC3 && defined(USBFS_ENABLE_MIDI_STREAMING) && \
                      !defined(USBFS_MAIN_SERVICE_MIDI_OUT) && USBFS_ISR_SERVICE_MIDI_OUT)
                      
                          EA = intEn; /* Restore nested interrupt configuration. */
                      }
                  #endif /* (CY_PSOC3 && USBFS_ISR_SERVICE_MIDI_OUT) */
                  }
              #endif /* (USBFS_EP4_ISR_ACTIVE) */
 353          
 354          
 355          #if (USBFS_EP5_ISR_ACTIVE)
                  /*******************************************************************************
                  * Function Name: USBFS_EP_5_ISR
                  ****************************************************************************//**
                  *
                  *  Endpoint 5 Interrupt Service Routine
                  *
                  *
C51 COMPILER V9.51   USBFS_EPISR                                                           12/15/2017 11:37:59 PAGE 7   

                  *******************************************************************************/
                  CY_ISR(USBFS_EP_5_ISR)
                  {
                  #ifdef USBFS_EP_5_ISR_ENTRY_CALLBACK
                      USBFS_EP_5_ISR_EntryCallback();
                  #endif /* (USBFS_EP_5_ISR_ENTRY_CALLBACK) */
              
                      /* `#START EP5_USER_CODE` Place your code here */
              
                      /* `#END` */
              
                  #if (defined(USBFS_ENABLE_MIDI_STREAMING) && !defined(USBFS_MAIN_SERVICE_MIDI_OUT) && \
                               USBFS_ISR_SERVICE_MIDI_OUT && CY_PSOC3)
                      {
                          uint8 intEn = EA;
                          CyGlobalIntEnable;  /* Enable nested interrupts. */
                  #endif /* (CY_PSOC3 && USBFS_ISR_SERVICE_MIDI_OUT) */
              
                      USBFS_ClearSieEpInterruptSource(USBFS_SIE_INT_EP5_INTR);
                  
                      /* Notifies user that transfer IN or OUT transfer is completed.
                      * IN endpoint: endpoint buffer can be reloaded, Host is read data.
                      * OUT endpoint: data is ready to read from endpoint buffer. 
                      */
                  #if (CY_PSOC4 && USBFS_EP_MANAGEMENT_DMA_AUTO)
                      if (0u != (USBFS_EP[USBFS_EP5].addr & USBFS_DIR_IN))
                  #endif /* (USBFS_EP_MANAGEMENT_DMA_AUTO) */
                      {            
                          /* Read CR0 register to clear SIE lock. */
                          (void) USBFS_SIE_EP_BASE.sieEp[USBFS_EP5].epCr0;
              
                          /* Toggle all endpoint types except ISOC. */
                          if (USBFS_GET_EP_TYPE(USBFS_EP5) != USBFS_EP_TYPE_ISOC)
                          {
                              USBFS_EP[USBFS_EP5].epToggle ^= USBFS_EPX_CNT_DATA_TOGGLE;
                          }
              
                          /* EP_MANAGEMENT_DMA_AUTO (Ticket ID# 214187): For OUT endpoint this event is used to notify
                          * user that DMA has completed copying data from OUT endpoint which is not completely true.
                          * Because last chunk of data is being copied.
                          * For CY_PSOC 3/5LP: it is acceptable as DMA is really fast.
                          * For CY_PSOC4: this event is set in Arbiter interrupt (source is DMA_TERMIN).
                          */
                          USBFS_EP[USBFS_EP5].apiEpState = USBFS_EVENT_PENDING;
                      }
              
                  #if (!(CY_PSOC4 && USBFS_EP_MANAGEMENT_DMA_AUTO))        
                      #if (defined(USBFS_ENABLE_MIDI_STREAMING) && \
                          !defined(USBFS_MAIN_SERVICE_MIDI_OUT) && USBFS_ISR_SERVICE_MIDI_OUT)
                          if (USBFS_midi_out_ep == USBFS_EP5)
                          {
                              USBFS_MIDI_OUT_Service();
                          }
                      #endif /* (USBFS_ISR_SERVICE_MIDI_OUT) */
                  #endif /* (!(CY_PSOC4 && USBFS_EP_MANAGEMENT_DMA_AUTO)) */
              
                      /* `#START EP5_END_USER_CODE` Place your code here */
              
                      /* `#END` */
              
                  #ifdef USBFS_EP_5_ISR_EXIT_CALLBACK
                      USBFS_EP_5_ISR_ExitCallback();
C51 COMPILER V9.51   USBFS_EPISR                                                           12/15/2017 11:37:59 PAGE 8   

                  #endif /* (USBFS_EP_5_ISR_EXIT_CALLBACK) */
              
                  #if (CY_PSOC3 && defined(USBFS_ENABLE_MIDI_STREAMING) && \
                      !defined(USBFS_MAIN_SERVICE_MIDI_OUT) && USBFS_ISR_SERVICE_MIDI_OUT)
                      
                          EA = intEn; /* Restore nested interrupt configuration. */
                      }
                  #endif /* (CY_PSOC3 && USBFS_ISR_SERVICE_MIDI_OUT) */
                  }
              #endif /* (USBFS_EP5_ISR_ACTIVE) */
 435          
 436          
 437          #if (USBFS_EP6_ISR_ACTIVE)
                  /*******************************************************************************
                  * Function Name: USBFS_EP_6_ISR
                  ****************************************************************************//**
                  *
                  *  Endpoint 6 Interrupt Service Routine.
                  *
                  *
                  *******************************************************************************/
                  CY_ISR(USBFS_EP_6_ISR)
                  {
                  #ifdef USBFS_EP_6_ISR_ENTRY_CALLBACK
                      USBFS_EP_6_ISR_EntryCallback();
                  #endif /* (USBFS_EP_6_ISR_ENTRY_CALLBACK) */
              
                      /* `#START EP6_USER_CODE` Place your code here */
              
                      /* `#END` */
              
                  #if (CY_PSOC3 && defined(USBFS_ENABLE_MIDI_STREAMING) && \
                      !defined(USBFS_MAIN_SERVICE_MIDI_OUT) && USBFS_ISR_SERVICE_MIDI_OUT)
                      {
                          uint8 intEn = EA;
                          CyGlobalIntEnable;  /* Enable nested interrupts. */
                  #endif /* (CY_PSOC3 && USBFS_ISR_SERVICE_MIDI_OUT) */
              
                      USBFS_ClearSieEpInterruptSource(USBFS_SIE_INT_EP6_INTR);
                      
                      /* Notifies user that transfer IN or OUT transfer is completed.
                      * IN endpoint: endpoint buffer can be reloaded, Host is read data.
                      * OUT endpoint: data is ready to read from endpoint buffer. 
                      */
                  #if (CY_PSOC4 && USBFS_EP_MANAGEMENT_DMA_AUTO)
                      if (0u != (USBFS_EP[USBFS_EP6].addr & USBFS_DIR_IN))
                  #endif /* (USBFS_EP_MANAGEMENT_DMA_AUTO) */
                      {
                          /* Read CR0 register to clear SIE lock. */
                          (void) USBFS_SIE_EP_BASE.sieEp[USBFS_EP6].epCr0;
              
                          /* Toggle all endpoint types except ISOC. */
                          if (USBFS_GET_EP_TYPE(USBFS_EP6) != USBFS_EP_TYPE_ISOC)
                          {
                              USBFS_EP[USBFS_EP6].epToggle ^= USBFS_EPX_CNT_DATA_TOGGLE;
                          }
                          
                          /* EP_MANAGEMENT_DMA_AUTO (Ticket ID# 214187): For OUT endpoint this event is used to notify
                          * user that DMA has completed copying data from OUT endpoint which is not completely true.
                          * Because last chunk of data is being copied.
                          * For CY_PSOC 3/5LP: it is acceptable as DMA is really fast.
                          * For CY_PSOC4: this event is set in Arbiter interrupt (source is DMA_TERMIN).
C51 COMPILER V9.51   USBFS_EPISR                                                           12/15/2017 11:37:59 PAGE 9   

                          */
                          USBFS_EP[USBFS_EP6].apiEpState = USBFS_EVENT_PENDING;
                      }
              
                  #if (!(CY_PSOC4 && USBFS_EP_MANAGEMENT_DMA_AUTO))
                      #if (defined(USBFS_ENABLE_MIDI_STREAMING) && \
                          !defined(USBFS_MAIN_SERVICE_MIDI_OUT) && USBFS_ISR_SERVICE_MIDI_OUT)
                          if (USBFS_midi_out_ep == USBFS_EP6)
                          {
                              USBFS_MIDI_OUT_Service();
                          }
                      #endif /* (USBFS_ISR_SERVICE_MIDI_OUT) */
                  #endif /* (!(CY_PSOC4 && USBFS_EP_MANAGEMENT_DMA_AUTO)) */
              
                      /* `#START EP6_END_USER_CODE` Place your code here */
              
                      /* `#END` */
              
                  #ifdef USBFS_EP_6_ISR_EXIT_CALLBACK
                      USBFS_EP_6_ISR_ExitCallback();
                  #endif /* (USBFS_EP_6_ISR_EXIT_CALLBACK) */
              
                  #if (CY_PSOC3 && defined(USBFS_ENABLE_MIDI_STREAMING) && \
                      !defined(USBFS_MAIN_SERVICE_MIDI_OUT) && USBFS_ISR_SERVICE_MIDI_OUT)
                      
                          EA = intEn; /* Restore nested interrupt configuration. */
                      }
                  #endif /* (CY_PSOC3 && USBFS_ISR_SERVICE_MIDI_OUT) */
                  }
              #endif /* (USBFS_EP6_ISR_ACTIVE) */
 517          
 518          
 519          #if (USBFS_EP7_ISR_ACTIVE)
                  /*******************************************************************************
                  * Function Name: USBFS_EP_7_ISR
                  ****************************************************************************//**
                  *
                  *  Endpoint 7 Interrupt Service Routine.
                  *
                  *
                  *******************************************************************************/
                  CY_ISR(USBFS_EP_7_ISR)
                  {
                  #ifdef USBFS_EP_7_ISR_ENTRY_CALLBACK
                      USBFS_EP_7_ISR_EntryCallback();
                  #endif /* (USBFS_EP_7_ISR_ENTRY_CALLBACK) */
              
                      /* `#START EP7_USER_CODE` Place your code here */
              
                      /* `#END` */
              
                  #if (CY_PSOC3 && defined(USBFS_ENABLE_MIDI_STREAMING) && \
                      !defined(USBFS_MAIN_SERVICE_MIDI_OUT) && USBFS_ISR_SERVICE_MIDI_OUT)
                      {
                          uint8 intEn = EA;
                          CyGlobalIntEnable;  /* Enable nested interrupts. */
                  #endif /* (CY_PSOC3 && USBFS_ISR_SERVICE_MIDI_OUT) */
                  
                      USBFS_ClearSieEpInterruptSource(USBFS_SIE_INT_EP7_INTR);
                      
                      /* Notifies user that transfer IN or OUT transfer is completed.
                      * IN endpoint: endpoint buffer can be reloaded, Host is read data.
C51 COMPILER V9.51   USBFS_EPISR                                                           12/15/2017 11:37:59 PAGE 10  

                      * OUT endpoint: data is ready to read from endpoint buffer. 
                      */
                  #if (CY_PSOC4 && USBFS_EP_MANAGEMENT_DMA_AUTO)
                      if (0u != (USBFS_EP[USBFS_EP7].addr & USBFS_DIR_IN))
                  #endif /* (USBFS_EP_MANAGEMENT_DMA_AUTO) */
                      {           
                          /* Read CR0 register to clear SIE lock. */
                          (void) USBFS_SIE_EP_BASE.sieEp[USBFS_EP7].epCr0;
              
                          /* Toggle all endpoint types except ISOC. */
                          if (USBFS_GET_EP_TYPE(USBFS_EP7) != USBFS_EP_TYPE_ISOC)
                          {
                              USBFS_EP[USBFS_EP7].epToggle ^= USBFS_EPX_CNT_DATA_TOGGLE;
                          }
                          
                          /* EP_MANAGEMENT_DMA_AUTO (Ticket ID# 214187): For OUT endpoint this event is used to notify
                          * user that DMA has completed copying data from OUT endpoint which is not completely true.
                          * Because last chunk of data is being copied.
                          * For CY_PSOC 3/5LP: it is acceptable as DMA is really fast.
                          * For CY_PSOC4: this event is set in Arbiter interrupt (source is DMA_TERMIN).
                          */
                          USBFS_EP[USBFS_EP7].apiEpState = USBFS_EVENT_PENDING;
                      }
              
              
                  #if (!(CY_PSOC4 && USBFS_EP_MANAGEMENT_DMA_AUTO))
                      #if (defined(USBFS_ENABLE_MIDI_STREAMING) && \
                          !defined(USBFS_MAIN_SERVICE_MIDI_OUT) && USBFS_ISR_SERVICE_MIDI_OUT)
                          if(USBFS_midi_out_ep == USBFS_EP7)
                          {
                              USBFS_MIDI_OUT_Service();
                          }
                      #endif /* (USBFS_ISR_SERVICE_MIDI_OUT) */
                  #endif /* (!(CY_PSOC4 && USBFS_EP_MANAGEMENT_DMA_AUTO)) */
              
                      /* `#START EP7_END_USER_CODE` Place your code here */
              
                      /* `#END` */
              
                  #ifdef USBFS_EP_7_ISR_EXIT_CALLBACK
                      USBFS_EP_7_ISR_ExitCallback();
                  #endif /* (USBFS_EP_7_ISR_EXIT_CALLBACK) */
              
                  #if (CY_PSOC3 && defined(USBFS_ENABLE_MIDI_STREAMING) && \
                      !defined(USBFS_MAIN_SERVICE_MIDI_OUT) && USBFS_ISR_SERVICE_MIDI_OUT)
                      
                          EA = intEn; /* Restore nested interrupt configuration. */
                      }
                  #endif /* (CY_PSOC3 && USBFS_ISR_SERVICE_MIDI_OUT) */
                  }
              #endif /* (USBFS_EP7_ISR_ACTIVE) */
 600          
 601          
 602          #if (USBFS_EP8_ISR_ACTIVE)
                  /*******************************************************************************
                  * Function Name: USBFS_EP_8_ISR
                  ****************************************************************************//**
                  *
                  *  Endpoint 8 Interrupt Service Routine
                  *
                  *
                  *******************************************************************************/
C51 COMPILER V9.51   USBFS_EPISR                                                           12/15/2017 11:37:59 PAGE 11  

                  CY_ISR(USBFS_EP_8_ISR)
                  {
                  #ifdef USBFS_EP_8_ISR_ENTRY_CALLBACK
                      USBFS_EP_8_ISR_EntryCallback();
                  #endif /* (USBFS_EP_8_ISR_ENTRY_CALLBACK) */
              
                      /* `#START EP8_USER_CODE` Place your code here */
              
                      /* `#END` */
              
                  #if (CY_PSOC3 && defined(USBFS_ENABLE_MIDI_STREAMING) && \
                      !defined(USBFS_MAIN_SERVICE_MIDI_OUT) && USBFS_ISR_SERVICE_MIDI_OUT)
                      {
                          uint8 intEn = EA;
                          CyGlobalIntEnable;  /* Enable nested interrupts. */
                  #endif /* (CY_PSOC3 && USBFS_ISR_SERVICE_MIDI_OUT) */
              
                      USBFS_ClearSieEpInterruptSource(USBFS_SIE_INT_EP8_INTR);
                      
                      /* Notifies user that transfer IN or OUT transfer is completed.
                      * IN endpoint: endpoint buffer can be reloaded, Host is read data.
                      * OUT endpoint: data is ready to read from endpoint buffer. 
                      */
                  #if (CY_PSOC4 && USBFS_EP_MANAGEMENT_DMA_AUTO)
                      if (0u != (USBFS_EP[USBFS_EP8].addr & USBFS_DIR_IN))
                  #endif /* (USBFS_EP_MANAGEMENT_DMA_AUTO) */
                      {
                          /* Read CR0 register to clear SIE lock. */
                          (void) USBFS_SIE_EP_BASE.sieEp[USBFS_EP8].epCr0;
              
                          /* Toggle all endpoint types except ISOC. */
                          if (USBFS_GET_EP_TYPE(USBFS_EP8) != USBFS_EP_TYPE_ISOC)
                          {
                              USBFS_EP[USBFS_EP8].epToggle ^= USBFS_EPX_CNT_DATA_TOGGLE;
                          }
              
                          /* EP_MANAGEMENT_DMA_AUTO (Ticket ID# 214187): For OUT endpoint this event is used to notify
                          * user that DMA has completed copying data from OUT endpoint which is not completely true.
                          * Because last chunk of data is being copied.
                          * For CY_PSOC 3/5LP: it is acceptable as DMA is really fast.
                          * For CY_PSOC4: this event is set in Arbiter interrupt (source is DMA_TERMIN).
                          */
                          USBFS_EP[USBFS_EP8].apiEpState = USBFS_EVENT_PENDING;
                      }
              
                  #if (!(CY_PSOC4 && USBFS_EP_MANAGEMENT_DMA_AUTO))
                      #if (defined(USBFS_ENABLE_MIDI_STREAMING) && \
                          !defined(USBFS_MAIN_SERVICE_MIDI_OUT) && USBFS_ISR_SERVICE_MIDI_OUT)
                          if (USBFS_midi_out_ep == USBFS_EP8)
                          {
                              USBFS_MIDI_OUT_Service();
                          }
                      #endif /* (USBFS_ISR_SERVICE_MIDI_OUT) */
                  #endif /* (!(CY_PSOC4 && USBFS_EP_MANAGEMENT_DMA_AUTO)) */
              
                      /* `#START EP8_END_USER_CODE` Place your code here */
              
                      /* `#END` */
              
                  #ifdef USBFS_EP_8_ISR_EXIT_CALLBACK
                      USBFS_EP_8_ISR_ExitCallback();
                  #endif /* (USBFS_EP_8_ISR_EXIT_CALLBACK) */
C51 COMPILER V9.51   USBFS_EPISR                                                           12/15/2017 11:37:59 PAGE 12  

              
                  #if (CY_PSOC3 && defined(USBFS_ENABLE_MIDI_STREAMING) && \
                      !defined(USBFS_MAIN_SERVICE_MIDI_OUT) && USBFS_ISR_SERVICE_MIDI_OUT)
                      
                          EA = intEn; /* Restore nested interrupt configuration. */
                      }
                  #endif /* (CY_PSOC3 && USBFS_ISR_SERVICE_MIDI_OUT) */
                  }
              #endif /* (USBFS_EP8_ISR_ACTIVE) */
 682          
 683          
 684          #if (USBFS_SOF_ISR_ACTIVE)
 685              /*******************************************************************************
 686              * Function Name: USBFS_SOF_ISR
 687              ****************************************************************************//**
 688              *
 689              *  Start of Frame Interrupt Service Routine.
 690              *
 691              *
 692              *******************************************************************************/
 693              CY_ISR(USBFS_SOF_ISR)
 694              {
 695   1          #ifdef USBFS_SOF_ISR_ENTRY_CALLBACK
                      USBFS_SOF_ISR_EntryCallback();
                  #endif /* (USBFS_SOF_ISR_ENTRY_CALLBACK) */
 698   1      
 699   1              /* `#START SOF_USER_CODE` Place your code here */
 700   1      
 701   1              /* `#END` */
 702   1      
 703   1              USBFS_ClearSieInterruptSource(USBFS_INTR_SIE_SOF_INTR);
 704   1      
 705   1          #ifdef USBFS_SOF_ISR_EXIT_CALLBACK
                      USBFS_SOF_ISR_ExitCallback();
                  #endif /* (USBFS_SOF_ISR_EXIT_CALLBACK) */
 708   1          }
 709          #endif /* (USBFS_SOF_ISR_ACTIVE) */
 710          
 711          
 712          #if (USBFS_BUS_RESET_ISR_ACTIVE)
 713          /*******************************************************************************
 714          * Function Name: USBFS_BUS_RESET_ISR
 715          ****************************************************************************//**
 716          *
 717          *  USB Bus Reset Interrupt Service Routine.  Calls _Start with the same
 718          *  parameters as the last USER call to _Start
 719          *
 720          *
 721          *******************************************************************************/
 722          CY_ISR(USBFS_BUS_RESET_ISR)
 723          {
 724   1      #ifdef USBFS_BUS_RESET_ISR_ENTRY_CALLBACK
                  USBFS_BUS_RESET_ISR_EntryCallback();
              #endif /* (USBFS_BUS_RESET_ISR_ENTRY_CALLBACK) */
 727   1      
 728   1          /* `#START BUS_RESET_USER_CODE` Place your code here */
 729   1      
 730   1          /* `#END` */
 731   1      
 732   1          USBFS_ClearSieInterruptSource(USBFS_INTR_SIE_BUS_RESET_INTR);
 733   1      
 734   1          USBFS_ReInitComponent();
C51 COMPILER V9.51   USBFS_EPISR                                                           12/15/2017 11:37:59 PAGE 13  

 735   1      
 736   1      #ifdef USBFS_BUS_RESET_ISR_EXIT_CALLBACK
                  USBFS_BUS_RESET_ISR_ExitCallback();
              #endif /* (USBFS_BUS_RESET_ISR_EXIT_CALLBACK) */
 739   1      }
 740          #endif /* (USBFS_BUS_RESET_ISR_ACTIVE) */
 741          
 742          
 743          #if (USBFS_LPM_ACTIVE)
              /***************************************************************************
              * Function Name: USBFS_INTR_LPM_ISR
              ************************************************************************//**
              *
              *   Interrupt Service Routine for LPM of the interrupt sources.
              *
              *
              ***************************************************************************/
              CY_ISR(USBFS_LPM_ISR)
              {
              #ifdef USBFS_LPM_ISR_ENTRY_CALLBACK
                  USBFS_LPM_ISR_EntryCallback();
              #endif /* (USBFS_LPM_ISR_ENTRY_CALLBACK) */
              
                  /* `#START LPM_BEGIN_USER_CODE` Place your code here */
              
                  /* `#END` */
              
                  USBFS_ClearSieInterruptSource(USBFS_INTR_SIE_LPM_INTR);
              
                  /* `#START LPM_END_USER_CODE` Place your code here */
              
                  /* `#END` */
              
              #ifdef USBFS_LPM_ISR_EXIT_CALLBACK
                  USBFS_LPM_ISR_ExitCallback();
              #endif /* (USBFS_LPM_ISR_EXIT_CALLBACK) */
              }
              #endif /* (USBFS_LPM_ACTIVE) */
 773          
 774          
 775          #if (USBFS_EP_MANAGEMENT_DMA && USBFS_ARB_ISR_ACTIVE)
                  /***************************************************************************
                  * Function Name: USBFS_ARB_ISR
                  ************************************************************************//**
                  *
                  *  Arbiter Interrupt Service Routine.
                  *
                  *
                  ***************************************************************************/
                  CY_ISR(USBFS_ARB_ISR)
                  {
                      uint8 arbIntrStatus;
                      uint8 epStatus;
                      uint8 ep = USBFS_EP1;
              
                  #ifdef USBFS_ARB_ISR_ENTRY_CALLBACK
                      USBFS_ARB_ISR_EntryCallback();
                  #endif /* (USBFS_ARB_ISR_ENTRY_CALLBACK) */
              
                      /* `#START ARB_BEGIN_USER_CODE` Place your code here */
              
                      /* `#END` */
C51 COMPILER V9.51   USBFS_EPISR                                                           12/15/2017 11:37:59 PAGE 14  

              
                      /* Get pending ARB interrupt sources. */
                      arbIntrStatus = USBFS_ARB_INT_SR_REG;
              
                      while (0u != arbIntrStatus)
                      {
                          /* Check which EP is interrupt source. */
                          if (0u != (arbIntrStatus & 0x01u))
                          {
                              /* Get endpoint enable interrupt sources. */
                              epStatus = (USBFS_ARB_EP_BASE.arbEp[ep].epSr & USBFS_ARB_EP_BASE.arbEp[ep].epIntEn);
              
                              /* Handle IN endpoint buffer full event: happens only once when endpoint buffer is loaded.
             - */
                              if (0u != (epStatus & USBFS_ARB_EPX_INT_IN_BUF_FULL))
                              {
                                  if (0u != (USBFS_EP[ep].addr & USBFS_DIR_IN))
                                  {
                                      /* Clear data ready status. */
                                      USBFS_ARB_EP_BASE.arbEp[ep].epCfg &= (uint8) ~USBFS_ARB_EPX_CFG_IN_DATA_RDY;
              
                                  #if (CY_PSOC3 || CY_PSOC5LP)
                                      #if (USBFS_EP_MANAGEMENT_DMA_AUTO && (USBFS_EP_DMA_AUTO_OPT == 0u))
                                          /* Set up common area DMA with rest of data. */
                                          if(USBFS_inLength[ep] > USBFS_DMA_BYTES_PER_BURST)
                                          {
                                              USBFS_LoadNextInEP(ep, 0u);
                                          }
                                          else
                                          {
                                              USBFS_inBufFull[ep] = 1u;
                                          }
                                      #endif /* (USBFS_EP_MANAGEMENT_DMA_AUTO && (USBFS_EP_DMA_AUTO_OPT == 0u)) */
                                  #endif /* (CY_PSOC3 || CY_PSOC5LP) */
              
                                      /* Arm IN endpoint. */
                                      USBFS_SIE_EP_BASE.sieEp[ep].epCr0 = USBFS_EP[ep].epMode;
              
                                  #if (defined(USBFS_ENABLE_MIDI_STREAMING) && USBFS_ISR_SERVICE_MIDI_IN)
                                      if (ep == USBFS_midi_in_ep)
                                      {
                                          /* Clear MIDI input pointer. */
                                          USBFS_midiInPointer = 0u;
                                      }
                                  #endif /* (USBFS_ENABLE_MIDI_STREAMING) */
                                  }
                              }
              
                          #if (USBFS_EP_MANAGEMENT_DMA_MANUAL)
                              /* Handle DMA completion event for OUT endpoints. */
                              if (0u != (epStatus & USBFS_ARB_EPX_SR_DMA_GNT))
                              {
                                  if (0u == (USBFS_EP[ep].addr & USBFS_DIR_IN))
                                  {
                                      /* Notify user that data has been copied from endpoint buffer. */
                                      USBFS_EP[ep].apiEpState = USBFS_NO_EVENT_PENDING;
              
                                      /* DMA done coping data: OUT endpoint has to be re-armed by user. */
                                  }
                              }
                          #endif /* (USBFS_EP_MANAGEMENT_DMA_MANUAL) */
              
C51 COMPILER V9.51   USBFS_EPISR                                                           12/15/2017 11:37:59 PAGE 15  

                          #if (CY_PSOC4 && USBFS_EP_MANAGEMENT_DMA_AUTO)
                              /* Handle DMA completion event for OUT endpoints. */
                              if (0u != (epStatus & USBFS_ARB_EPX_INT_DMA_TERMIN))
                              {
                                  uint32 channelNum = USBFS_DmaChan[ep];
              
                                  /* Restore burst counter for endpoint. */
                                  USBFS_DmaEpBurstCnt[ep] = USBFS_DMA_GET_BURST_CNT(USBFS_DmaEpBurstCntBackup[ep]);
              
                                  /* Disable DMA channel to restore descriptor configuration. The on-going transfer is a
             -borted. */
                                  USBFS_CyDmaChDisable(channelNum);
              
                                  /* Generate DMA tr_out signal to notify USB IP that DMA is done. This signal is not ge
             -nerated
                                  * when transfer was aborted (it occurs when host writes less bytes than buffer size).
                                  */
                                  USBFS_CyDmaTriggerOut(USBFS_DmaBurstEndOut[ep]);
              
                                  /* Restore destination address for output endpoint. */
                                  USBFS_CyDmaSetDstAddress(channelNum, USBFS_DMA_DESCR0, (void*) ((uint32) USBFS_DmaEpBu
             -fferAddrBackup[ep]));
                                  USBFS_CyDmaSetDstAddress(channelNum, USBFS_DMA_DESCR1, (void*) ((uint32) USBFS_DmaEpBu
             -fferAddrBackup[ep] +
                                                                                                                        
             -         USBFS_DMA_BYTES_PER_BURST));
              
                                  /* Restore number of data elements to transfer which was adjusted for last burst. */
                                  if (0u != (USBFS_DmaEpLastBurstEl[ep] & USBFS_DMA_DESCR_REVERT))
                                  {
                                      USBFS_CyDmaSetNumDataElements(channelNum, (USBFS_DmaEpLastBurstEl[ep] >> USBFS_DMA
             -_DESCR_SHIFT),
                                                                                           USBFS_DMA_GET_MAX_ELEM_PER_BU
             -RST(USBFS_DmaEpLastBurstEl[ep]));
                                  }
              
                                  /* Validate descriptor 0 and 1 (also reset current state). Command to start with descr
             -iptor 0. */
                                  USBFS_CyDmaValidateDescriptor(channelNum, USBFS_DMA_DESCR0);
                                  if (USBFS_DmaEpBurstCntBackup[ep] > 1u)
                                  {
                                      USBFS_CyDmaValidateDescriptor(channelNum, USBFS_DMA_DESCR1);
                                  }
                                  USBFS_CyDmaSetDescriptor0Next(channelNum);
              
                                  /* Enable DMA channel: configuration complete. */
                                  USBFS_CyDmaChEnable(channelNum);
                                  
                                  
                                  /* Read CR0 register to clear SIE lock. */
                                  (void) USBFS_SIE_EP_BASE.sieEp[ep].epCr0;
                                  
                                  /* Toggle all endpoint types except ISOC. */
                                  if (USBFS_GET_EP_TYPE(ep) != USBFS_EP_TYPE_ISOC)
                                  {
                                      USBFS_EP[ep].epToggle ^= USBFS_EPX_CNT_DATA_TOGGLE;
                                  }
                          
                                  /* Notify user that data has been copied from endpoint buffer. */
                                  USBFS_EP[ep].apiEpState = USBFS_EVENT_PENDING;
                                  
                              #if (defined(USBFS_ENABLE_MIDI_STREAMING) && \
C51 COMPILER V9.51   USBFS_EPISR                                                           12/15/2017 11:37:59 PAGE 16  

                                  !defined(USBFS_MAIN_SERVICE_MIDI_OUT) && USBFS_ISR_SERVICE_MIDI_OUT)
                                  if (USBFS_midi_out_ep == ep)
                                  {
                                      USBFS_MIDI_OUT_Service();
                                  }
                              #endif /* (USBFS_ISR_SERVICE_MIDI_OUT) */
                              }
                          #endif /* (CY_PSOC4 && USBFS_EP_MANAGEMENT_DMA_AUTO) */
              
              
                              /* `#START ARB_USER_CODE` Place your code here for handle Buffer Underflow/Overflow */
              
                              /* `#END` */
              
                          #ifdef USBFS_ARB_ISR_CALLBACK
                              USBFS_ARB_ISR_Callback(ep, epStatus);
                          #endif /* (USBFS_ARB_ISR_CALLBACK) */
              
                              /* Clear serviced endpoint interrupt sources. */
                              USBFS_ARB_EP_BASE.arbEp[ep].epSr = epStatus;
                          }
              
                          ++ep;
                          arbIntrStatus >>= 1u;
                      }
              
                      /* `#START ARB_END_USER_CODE` Place your code here */
              
                      /* `#END` */
              
                  #ifdef USBFS_ARB_ISR_EXIT_CALLBACK
                      USBFS_ARB_ISR_ExitCallback();
                  #endif /* (USBFS_ARB_ISR_EXIT_CALLBACK) */
                  }
              
              #endif /*  (USBFS_ARB_ISR_ACTIVE && USBFS_EP_MANAGEMENT_DMA) */
 948          
 949          
 950          #if (USBFS_EP_MANAGEMENT_DMA_AUTO)
              #if (CY_PSOC4)
              
                  /******************************************************************************
                  * Function Name: USBFS_EPxDmaDone
                  ***************************************************************************//**
                  *
                  * \internal
                  *  Endpoint  DMA Done Interrupt Service Routine basic function .
                  *  
                  *  \param dmaCh
                  *  number of DMA channel
                  *  
                  *  \param ep
                  *  number of USB end point
                  *  
                  *  \param dmaDone
                  *  transfer completion flag
                  *  
                  *  \return
                  *   updated transfer completion flag
                  *
                  ******************************************************************************/
                  CY_INLINE static void USBFS_EPxDmaDone(uint8 dmaCh, uint8 ep)
C51 COMPILER V9.51   USBFS_EPISR                                                           12/15/2017 11:37:59 PAGE 17  

                  {
                      uint32 nextAddr;
              
                      /* Manage data elements which remain to transfer. */
                      if (0u != USBFS_DmaEpBurstCnt[ep])
                      {
                          if(USBFS_DmaEpBurstCnt[ep] <= 2u)
                          {
                              /* Adjust length of last burst. */
                              USBFS_CyDmaSetNumDataElements(dmaCh,
                                                                  ((uint32) USBFS_DmaEpLastBurstEl[ep] >> USBFS_DMA_DESC
             -R_SHIFT),
                                                                  ((uint32) USBFS_DmaEpLastBurstEl[ep] &  USBFS_DMA_BURS
             -T_BYTES_MASK));
                          }
                          
              
                          /* Advance source for input endpoint or destination for output endpoint. */
                          if (0u != (USBFS_EP[ep].addr & USBFS_DIR_IN))
                          {
                              /* Change source for descriptor 0. */
                              nextAddr = (uint32) USBFS_CyDmaGetSrcAddress(dmaCh, USBFS_DMA_DESCR0);
                              nextAddr += (2u * USBFS_DMA_BYTES_PER_BURST);
                              USBFS_CyDmaSetSrcAddress(dmaCh, USBFS_DMA_DESCR0, (void *) nextAddr);
              
                              /* Change source for descriptor 1. */
                              nextAddr += USBFS_DMA_BYTES_PER_BURST;
                              USBFS_CyDmaSetSrcAddress(dmaCh, USBFS_DMA_DESCR1, (void *) nextAddr);
                          }
                          else
                          {
                              /* Change destination for descriptor 0. */
                              nextAddr  = (uint32) USBFS_CyDmaGetDstAddress(dmaCh, USBFS_DMA_DESCR0);
                              nextAddr += (2u * USBFS_DMA_BYTES_PER_BURST);
                              USBFS_CyDmaSetDstAddress(dmaCh, USBFS_DMA_DESCR0, (void *) nextAddr);
              
                              /* Change destination for descriptor 1. */
                              nextAddr += USBFS_DMA_BYTES_PER_BURST;
                              USBFS_CyDmaSetDstAddress(dmaCh, USBFS_DMA_DESCR1, (void *) nextAddr);
                          }
              
                          /* Enable DMA to execute transfer as it was disabled because there were no valid descriptor. *
             -/
                          USBFS_CyDmaValidateDescriptor(dmaCh, USBFS_DMA_DESCR0);
                          
                          --USBFS_DmaEpBurstCnt[ep];
                          if (0u != USBFS_DmaEpBurstCnt[ep])
                          {
                              USBFS_CyDmaValidateDescriptor(dmaCh, USBFS_DMA_DESCR1);
                              --USBFS_DmaEpBurstCnt[ep];
                          }
                          
                          USBFS_CyDmaChEnable (dmaCh);
                          USBFS_CyDmaTriggerIn(USBFS_DmaReqOut[ep]);
                      }
                      else
                      {
                          /* No data to transfer. False DMA trig. Ignore.  */
                      }
              
                  }
              
C51 COMPILER V9.51   USBFS_EPISR                                                           12/15/2017 11:37:59 PAGE 18  

                  #if (USBFS_DMA1_ACTIVE)
                      /******************************************************************************
                      * Function Name: USBFS_EP1_DMA_DONE_ISR
                      ***************************************************************************//**
                      *
                      *  Endpoint 1 DMA Done Interrupt Service Routine.
                      *
                      *
                      ******************************************************************************/
                      void USBFS_EP1_DMA_DONE_ISR(void)
                      {
              
                          USBFS_EPxDmaDone((uint8)USBFS_EP1_DMA_CH,
                                                                USBFS_EP1);
                              
                      }
                  #endif /* (USBFS_DMA1_ACTIVE) */
              
              
                  #if (USBFS_DMA2_ACTIVE)
                      /******************************************************************************
                      * Function Name: USBFS_EP2_DMA_DONE_ISR
                      ***************************************************************************//**
                      *
                      *  Endpoint 2 DMA Done Interrupt Service Routine.
                      *
                      *
                      ******************************************************************************/
                      void USBFS_EP2_DMA_DONE_ISR(void)
                      {
              
                          USBFS_EPxDmaDone((uint8)USBFS_EP2_DMA_CH,
                                                                USBFS_EP2);
                      }
                  #endif /* (USBFS_DMA2_ACTIVE) */
              
              
                  #if (USBFS_DMA3_ACTIVE)
                      /******************************************************************************
                      * Function Name: USBFS_EP3_DMA_DONE_ISR
                      ***************************************************************************//**
                      *
                      *  Endpoint 3 DMA Done Interrupt Service Routine.
                      *
                      *
                      ******************************************************************************/
                      void USBFS_EP3_DMA_DONE_ISR(void)
                      {
              
                          USBFS_EPxDmaDone((uint8)USBFS_EP3_DMA_CH,
                                                                USBFS_EP3);
                      }
                  #endif /* (USBFS_DMA3_ACTIVE) */
              
              
                  #if (USBFS_DMA4_ACTIVE)
                      /******************************************************************************
                      * Function Name: USBFS_EP4_DMA_DONE_ISR
                      ***************************************************************************//**
                      *
                      *  Endpoint 4 DMA Done Interrupt Service Routine.
                      *
C51 COMPILER V9.51   USBFS_EPISR                                                           12/15/2017 11:37:59 PAGE 19  

                      *
                      ******************************************************************************/
                      void USBFS_EP4_DMA_DONE_ISR(void)
                      {
              
                          USBFS_EPxDmaDone((uint8)USBFS_EP4_DMA_CH,
                                                                USBFS_EP4);
                      }
                  #endif /* (USBFS_DMA4_ACTIVE) */
              
              
                  #if (USBFS_DMA5_ACTIVE)
                      /******************************************************************************
                      * Function Name: USBFS_EP5_DMA_DONE_ISR
                      ***************************************************************************//**
                      *
                      *  Endpoint 5 DMA Done Interrupt Service Routine.
                      *
                      *
                      ******************************************************************************/
                      void USBFS_EP5_DMA_DONE_ISR(void)
                      {
              
                          USBFS_EPxDmaDone((uint8)USBFS_EP5_DMA_CH,
                                                                USBFS_EP5);
                      }
                  #endif /* (USBFS_DMA5_ACTIVE) */
              
              
                  #if (USBFS_DMA6_ACTIVE)
                      /******************************************************************************
                      * Function Name: USBFS_EP6_DMA_DONE_ISR
                      ***************************************************************************//**
                      *
                      *  Endpoint 6 DMA Done Interrupt Service Routine.
                      *
                      *
                      ******************************************************************************/
                      void USBFS_EP6_DMA_DONE_ISR(void)
                      {
              
                          USBFS_EPxDmaDone((uint8)USBFS_EP6_DMA_CH,
                                                                USBFS_EP6);
                      }
                  #endif /* (USBFS_DMA6_ACTIVE) */
              
              
                  #if (USBFS_DMA7_ACTIVE)
                      /******************************************************************************
                      * Function Name: USBFS_EP7_DMA_DONE_ISR
                      ***************************************************************************//**
                      *
                      *  Endpoint 7 DMA Done Interrupt Service Routine.
                      *
                      *
                      ******************************************************************************/
                      void USBFS_EP7_DMA_DONE_ISR(void)
                      {
              
                          USBFS_EPxDmaDone((uint8)USBFS_EP7_DMA_CH,
                                                                USBFS_EP7);
                      }
C51 COMPILER V9.51   USBFS_EPISR                                                           12/15/2017 11:37:59 PAGE 20  

                  #endif /* (USBFS_DMA7_ACTIVE) */
              
              
                  #if (USBFS_DMA8_ACTIVE)
                      /******************************************************************************
                      * Function Name: USBFS_EP8_DMA_DONE_ISR
                      ***************************************************************************//**
                      *
                      *  Endpoint 8 DMA Done Interrupt Service Routine.
                      *
                      *
                      ******************************************************************************/
                      void USBFS_EP8_DMA_DONE_ISR(void)
                      {
              
                          USBFS_EPxDmaDone((uint8)USBFS_EP8_DMA_CH,
                                                                USBFS_EP8);
                      }
                  #endif /* (USBFS_DMA8_ACTIVE) */
              
              
              #else
                  #if (USBFS_EP_DMA_AUTO_OPT == 0u)
                      /******************************************************************************
                      * Function Name: USBFS_EP_DMA_DONE_ISR
                      ***************************************************************************//**
                      *
                      *  DMA Done Interrupt Service Routine.
                      *
                      *
                      ******************************************************************************/
                      CY_ISR(USBFS_EP_DMA_DONE_ISR)
                      {
                          uint8 int8Status;
                          uint8 int17Status;
                          uint8 ep_status;
                          uint8 ep = USBFS_EP1;
              
                      #ifdef USBFS_EP_DMA_DONE_ISR_ENTRY_CALLBACK
                          USBFS_EP_DMA_DONE_ISR_EntryCallback();
                      #endif /* (USBFS_EP_DMA_DONE_ISR_ENTRY_CALLBACK) */
              
                          /* `#START EP_DMA_DONE_BEGIN_USER_CODE` Place your code here */
              
                          /* `#END` */
              
                          /* Read clear on read status register with EP source of interrupt. */
                          int17Status = USBFS_EP17_DMA_Done_SR_Read() & USBFS_EP17_SR_MASK;
                          int8Status  = USBFS_EP8_DMA_Done_SR_Read()  & USBFS_EP8_SR_MASK;
              
                          while (int8Status != 0u)
                          {
                              while (int17Status != 0u)
                              {
                                  if ((int17Status & 1u) != 0u)  /* If EpX interrupt present. */
                                  {
                                      /* Read Endpoint Status Register. */
                                      ep_status = USBFS_ARB_EP_BASE.arbEp[ep].epSr;
              
                                      if ((0u == (ep_status & USBFS_ARB_EPX_SR_IN_BUF_FULL)) &&
                                          (0u ==USBFS_inBufFull[ep]))
                                      {
C51 COMPILER V9.51   USBFS_EPISR                                                           12/15/2017 11:37:59 PAGE 21  

                                          /* `#START EP_DMA_DONE_USER_CODE` Place your code here */
              
                                          /* `#END` */
              
                                      #ifdef USBFS_EP_DMA_DONE_ISR_CALLBACK
                                          USBFS_EP_DMA_DONE_ISR_Callback();
                                      #endif /* (USBFS_EP_DMA_DONE_ISR_CALLBACK) */
              
                                          /* Transfer again 2 last bytes into pre-fetch endpoint area. */
                                          USBFS_ARB_EP_BASE.arbEp[ep].rwWaMsb = 0u;
                                          USBFS_ARB_EP_BASE.arbEp[ep].rwWa = (USBFS_DMA_BYTES_PER_BURST * ep) - USBFS_DM
             -A_BYTES_REPEAT;
                                          USBFS_LoadNextInEP(ep, 1u);
              
                                          /* Set Data ready status to generate DMA request. */
                                          USBFS_ARB_EP_BASE.arbEp[ep].epCfg |= USBFS_ARB_EPX_CFG_IN_DATA_RDY;
                                      }
                                  }
              
                                  ep++;
                                  int17Status >>= 1u;
                              }
              
                              int8Status >>= 1u;
              
                              if (int8Status != 0u)
                              {
                                  /* Prepare pointer for EP8. */
                                  ep = USBFS_EP8;
                                  int17Status = int8Status & 0x01u;
                              }
                          }
              
                          /* `#START EP_DMA_DONE_END_USER_CODE` Place your code here */
              
                          /* `#END` */
              
                  #ifdef USBFS_EP_DMA_DONE_ISR_EXIT_CALLBACK
                      USBFS_EP_DMA_DONE_ISR_ExitCallback();
                  #endif /* (USBFS_EP_DMA_DONE_ISR_EXIT_CALLBACK) */
                      }
                  #endif /* (USBFS_EP_DMA_AUTO_OPT == 0u) */
              #endif /* (CY_PSOC4) */
              #endif /* (USBFS_EP_MANAGEMENT_DMA_AUTO) */
1262          
1263          
1264          #if (CY_PSOC4)
                  /***************************************************************************
                  * Function Name: USBFS_IntrHandler
                  ************************************************************************//**
                  *
                  *   Interrupt handler for Hi/Mid/Low ISRs.
                  *
                  *  regCause - The cause register of interrupt. One of the three variants:
                  *       USBFS_INTR_CAUSE_LO_REG - Low interrupts.
                  *       USBFS_INTR_CAUSE_MED_REG - Med interrupts.
                  *       USBFS_INTR_CAUSE_HI_REG - - High interrupts.
                  *
                  *
                  ***************************************************************************/
                  CY_INLINE static void USBFS_IntrHandler(uint32 intrCause)
                  {
C51 COMPILER V9.51   USBFS_EPISR                                                           12/15/2017 11:37:59 PAGE 22  

                      /* Array of pointers to component interrupt handlers. */
                      static const cyisraddress USBFS_isrCallbacks[] =
                      {
              
                      };
              
                      uint32 cbIdx = 0u;
              
                      /* Check arbiter interrupt source first. */
                      if (0u != (intrCause & USBFS_INTR_CAUSE_ARB_INTR))
                      {
                          USBFS_isrCallbacks[USBFS_ARB_EP_INTR_NUM]();
                      }
              
                      /* Check all other interrupt sources (except arbiter and resume). */
                      intrCause = (intrCause  & USBFS_INTR_CAUSE_CTRL_INTR_MASK) |
                                  ((intrCause & USBFS_INTR_CAUSE_EP1_8_INTR_MASK) >>
                                                USBFS_INTR_CAUSE_EP_INTR_SHIFT);
              
                      /* Call interrupt handlers for active interrupt sources. */
                      while (0u != intrCause)
                      {
                          if (0u != (intrCause & 0x1u))
                          {
                               USBFS_isrCallbacks[cbIdx]();
                          }
              
                          intrCause >>= 1u;
                          ++cbIdx;
                      }
                  }
              
              
                  /***************************************************************************
                  * Function Name: USBFS_INTR_HI_ISR
                  ************************************************************************//**
                  *
                  *   Interrupt Service Routine for the high group of the interrupt sources.
                  *
                  *
                  ***************************************************************************/
                  CY_ISR(USBFS_INTR_HI_ISR)
                  {
                      USBFS_IntrHandler(USBFS_INTR_CAUSE_HI_REG);
                  }
              
                  /***************************************************************************
                  * Function Name: USBFS_INTR_MED_ISR
                  ************************************************************************//**
                  *
                  *   Interrupt Service Routine for the medium group of the interrupt sources.
                  *
                  *
                  ***************************************************************************/
                  CY_ISR(USBFS_INTR_MED_ISR)
                  {
                     USBFS_IntrHandler(USBFS_INTR_CAUSE_MED_REG);
                  }
              
                  /***************************************************************************
                  * Function Name: USBFS_INTR_LO_ISR
                  ************************************************************************//**
C51 COMPILER V9.51   USBFS_EPISR                                                           12/15/2017 11:37:59 PAGE 23  

                  *
                  *   Interrupt Service Routine for the low group of the interrupt sources.
                  *
                  *
                  ***************************************************************************/
                  CY_ISR(USBFS_INTR_LO_ISR)
                  {
                      USBFS_IntrHandler(USBFS_INTR_CAUSE_LO_REG);
                  }
              #endif /* (CY_PSOC4) */
1352          
1353          
1354          /* [] END OF FILE */
C51 COMPILER V9.51   USBFS_EPISR                                                           12/15/2017 11:37:59 PAGE 24  

ASSEMBLY LISTING OF GENERATED OBJECT CODE


             ; FUNCTION USBFS_EP_1_ISR (BEGIN)
                       PUSH    ACC
                       PUSH    DPH
                       PUSH    DPL
                       PUSH    DPH1
                       PUSH    DPL1
                       PUSH    DPS
                       MOV     DPS,#00H
                 E     PUSH    ?C?XPAGE1SFR
                 E     MOV     ?C?XPAGE1SFR,#?C?XPAGE1RST
                       PUSH    PSW
                       MOV     PSW,#00H
                       PUSH    AR7
                                           ; SOURCE LINE # 37
                                           ; SOURCE LINE # 55
                       MOV     DPTR,#0600BH
                       MOV     A,#01H
                       MOVX    @DPTR,A
                                           ; SOURCE LINE # 64
                                           ; SOURCE LINE # 66
                       MOV     DPTR,#0600EH
                       MOVX    A,@DPTR
                       MOV     R7,A
                                           ; SOURCE LINE # 69
                 E     MOV     DPTR,#USBFS_EP+0BH
                       MOVX    A,@DPTR
                       ANL     A,#03H
                       XRL     A,#01H
                 R     xJZ     ?C0004
                                           ; SOURCE LINE # 70
                                           ; SOURCE LINE # 71
                 E     MOV     DPTR,#USBFS_EP+0EH
                       MOVX    A,@DPTR
                       XRL     A,#080H
                       MOVX    @DPTR,A
                                           ; SOURCE LINE # 72
             ?C0004:
                                           ; SOURCE LINE # 80
                 E     MOV     DPTR,#USBFS_EP+0CH
                       MOV     A,#01H
                       MOVX    @DPTR,A
                                           ; SOURCE LINE # 81
                                           ; SOURCE LINE # 107
                       POP     AR7
                       POP     PSW
                 E     POP     ?C?XPAGE1SFR
                       POP     DPS
                       POP     DPL1
                       POP     DPH1
                       POP     DPL
                       POP     DPH
                       POP     ACC
                       RETI    
             ; FUNCTION USBFS_EP_1_ISR (END)

             ; FUNCTION USBFS_EP_2_ISR (BEGIN)
                       PUSH    ACC
                       PUSH    DPH
                       PUSH    DPL
C51 COMPILER V9.51   USBFS_EPISR                                                           12/15/2017 11:37:59 PAGE 25  

                       PUSH    DPH1
                       PUSH    DPL1
                       PUSH    DPS
                       MOV     DPS,#00H
                 E     PUSH    ?C?XPAGE1SFR
                 E     MOV     ?C?XPAGE1SFR,#?C?XPAGE1RST
                       PUSH    PSW
                       MOV     PSW,#00H
                       PUSH    AR7
                                           ; SOURCE LINE # 120
                                           ; SOURCE LINE # 137
                       MOV     DPTR,#0600BH
                       MOV     A,#02H
                       MOVX    @DPTR,A
                                           ; SOURCE LINE # 146
                                           ; SOURCE LINE # 148
                       MOV     DPTR,#0601EH
                       MOVX    A,@DPTR
                       MOV     R7,A
                                           ; SOURCE LINE # 151
                 E     MOV     DPTR,#USBFS_EP+016H
                       MOVX    A,@DPTR
                       ANL     A,#03H
                       XRL     A,#01H
                 R     xJZ     ?C0009
                                           ; SOURCE LINE # 152
                                           ; SOURCE LINE # 153
                 E     MOV     DPTR,#USBFS_EP+019H
                       MOVX    A,@DPTR
                       XRL     A,#080H
                       MOVX    @DPTR,A
                                           ; SOURCE LINE # 154
             ?C0009:
                                           ; SOURCE LINE # 162
                 E     MOV     DPTR,#USBFS_EP+017H
                       MOV     A,#01H
                       MOVX    @DPTR,A
                                           ; SOURCE LINE # 163
                                           ; SOURCE LINE # 189
                       POP     AR7
                       POP     PSW
                 E     POP     ?C?XPAGE1SFR
                       POP     DPS
                       POP     DPL1
                       POP     DPH1
                       POP     DPL
                       POP     DPH
                       POP     ACC
                       RETI    
             ; FUNCTION USBFS_EP_2_ISR (END)

             ; FUNCTION USBFS_SOF_ISR (BEGIN)
                                           ; SOURCE LINE # 693
                                           ; SOURCE LINE # 703
                                           ; SOURCE LINE # 708
                       RETI    
             ; FUNCTION USBFS_SOF_ISR (END)

             ; FUNCTION USBFS_BUS_RESET_ISR (BEGIN)
                       PUSH    ACC
                       PUSH    B
                       PUSH    DPH
C51 COMPILER V9.51   USBFS_EPISR                                                           12/15/2017 11:37:59 PAGE 26  

                       PUSH    DPL
                       PUSH    DPH1
                       PUSH    DPL1
                       PUSH    DPS
                       MOV     DPS,#00H
                 E     PUSH    ?C?XPAGE1SFR
                 E     MOV     ?C?XPAGE1SFR,#?C?XPAGE1RST
                       PUSH    PSW
                       MOV     PSW,#00H
                       PUSH    AR0
                       PUSH    AR1
                       PUSH    AR2
                       PUSH    AR3
                       PUSH    AR4
                       PUSH    AR5
                       PUSH    AR6
                       PUSH    AR7
                                           ; SOURCE LINE # 722
                                           ; SOURCE LINE # 732
                                           ; SOURCE LINE # 734
                 E     CALL    USBFS_ReInitComponent
                                           ; SOURCE LINE # 739
                       POP     AR7
                       POP     AR6
                       POP     AR5
                       POP     AR4
                       POP     AR3
                       POP     AR2
                       POP     AR1
                       POP     AR0
                       POP     PSW
                 E     POP     ?C?XPAGE1SFR
                       POP     DPS
                       POP     DPL1
                       POP     DPH1
                       POP     DPL
                       POP     DPH
                       POP     B
                       POP     ACC
                       RETI    
             ; FUNCTION USBFS_BUS_RESET_ISR (END)



MODULE INFORMATION:   STATIC OVERLAYABLE
   CODE SIZE        =    248    ----
   CONSTANT SIZE    =   ----    ----
   XDATA SIZE       =   ----    ----
   PDATA SIZE       =   ----    ----
   DATA SIZE        =   ----    ----
   IDATA SIZE       =   ----    ----
   BIT SIZE         =   ----    ----
   EDATA SIZE       =   ----    ----
   HDATA SIZE       =   ----    ----
   XDATA CONST SIZE =   ----    ----
   FAR CONST SIZE   =   ----    ----
END OF MODULE INFORMATION.


C51 COMPILATION COMPLETE.  0 WARNING(S),  0 ERROR(S)
