C51 COMPILER V9.51   BOOTLOADABLE                                                          08/17/2026 08:36:23 PAGE 1   


C51 COMPILER V9.51, COMPILATION OF MODULE BOOTLOADABLE
OBJECT MODULE PLACED IN .\DP8051\DP8051_Keil_951\Debug\Bootloadable.obj
COMPILER INVOKED BY: C:\Program Files (x86)\Cypress\PSoC Creator\4.4\PSoC Creator\import\keil\pk51\9.51\C51\BIN\c51.exe 
                    -Generated_Source\PSoC3\Bootloadable.c NOIV LARGE MODDP2 OMF2 VB(1) NOIP INCDIR(.,Generated_Source\PSoC3) FF(3) DB WL(2) 
                    -PR(.\DP8051\DP8051_Keil_951\Debug/Bootloadable.lst) CD OT(5,SPEED) OA OJ(.\DP8051\DP8051_Keil_951\Debug\Bootloadable.obj
                    -)

line level    source

   1          /****************************************************************************//**
   2          * \file Bootloadable.c
   3          * \version 1.60
   4          *
   5          * \brief
   6          *   Provides an API for the Bootloadable application.
   7          *
   8          ********************************************************************************
   9          * \copyright
  10          * Copyright 2008-2015, Cypress Semiconductor Corporation.  All rights reserved.
  11          * You may use this file only in accordance with the license, terms, conditions,
  12          * disclaimers, and limitations in the end user license agreement accompanying
  13          * the software package with which this file was provided.
  14          *******************************************************************************/
  15          
  16          #include "Bootloadable.h"
  17          
  18          /**
  19           \defgroup functions_group Functions
  20           @{
  21          */
  22          
  23          #if (CYDEV_PROJ_TYPE == CYDEV_PROJ_TYPE_LOADABLEANDBOOTLOADER)
              static cystatus Bootloadable_WriteFlashByte(const uint32 address, const uint8 inputValue) CYLARGE \
                                             ;
              #endif /*(CYDEV_PROJ_TYPE == CYDEV_PROJ_TYPE_LOADABLEANDBOOTLOADER)*/
  27          
  28          /*******************************************************************************
  29          * Function Name: Bootloadable_Load
  30          ****************************************************************************//**
  31          *
  32          * \brief
  33          *  Schedules the Bootloader/Launcher to be launched and then performs
  34          *  a software reset to launch it
  35          *
  36          * \return
  37          *  This method will never return. It will load a new application and reset
  38          *  the device.
  39          *
  40          *******************************************************************************/
  41          void Bootloadable_Load(void) 
  42          {
  43   1          /* Schedule Bootloader to start after reset */
  44   1          Bootloadable_SET_RUN_TYPE(Bootloadable_SCHEDULE_BTLDR);
  45   1      
  46   1          CySoftwareReset();
  47   1      }
  48          
  49          #if (CYDEV_PROJ_TYPE == CYDEV_PROJ_TYPE_LOADABLEANDBOOTLOADER)
              /*******************************************************************************
              * Function Name: Bootloadable_GetActiveApplication
              ****************************************************************************//**
C51 COMPILER V9.51   BOOTLOADABLE                                                          08/17/2026 08:36:23 PAGE 2   

              *
              * \brief
              *   Gets the application which will be loaded after a next reset event.
              *   NOTE Intended for the combination project type ONLY!
              *
              * \return 
              *  A number of the current active application set in the metadata section.
              *  \n  0 - app#0 is set as active.
              *  \n  1 - app#1 is set as active.
              *
              * \note If neither of the applications is set active, then the API returns 0x02.
              *
              *******************************************************************************/
              uint8 Bootloadable_GetActiveApplication(void) CYSMALL \
                                        
              {   
                  uint8 result = Bootloadable_MD_BTLDB_ACTIVE_NONE;
                  
                  if (0u != Bootloadable_GET_CODE_DATA( \
                            Bootloadable_MD_BTLDB_ACTIVE_OFFSET(Bootloadable_MD_BTLDB_ACTIVE_0))) 
                  {
                      result = Bootloadable_MD_BTLDB_ACTIVE_0;
                  }
                  else if (0u != Bootloadable_GET_CODE_DATA( \
                                 Bootloadable_MD_BTLDB_ACTIVE_OFFSET(Bootloadable_MD_BTLDB_ACTIVE_1)))
                  {
                      result = Bootloadable_MD_BTLDB_ACTIVE_1;    
                  }
                  else
                  {
                      /*Do nothing, result is none*/
                  }
                  
                  return (result);
              }
              
              /*******************************************************************************
              * Function Name: Bootloadable_SetActiveApplication
              ****************************************************************************//**
              *
              * \brief 
              *   Sets the application which will be loaded after a next reset event.          
              *   
              * \details
              * Theory: 
              *   This API sets in the Flash (metadata section) the given active application 
              *   number.
              *          
              *   NOTE The active application number is not set directly, but the boolean 
              *   mark instead means that the application is active or not for the relative 
              *   metadata. Both metadata sections are updated. For example, if the second 
              *   application is to be set active, then in the metadata section for the first 
              *   application there will be a "0" written, which means that it is not active, and 
              *   for the second metadata section there will be a "1" written, which means that it is 
              *   active. 
              *
              *   NOTE Intended for the combination project type ONLY!
              *
              * \param appId  
              *   The active application number to be written to flash (metadata section) 
              *   NOTE Possible values are:
              *   0 - for the first application
C51 COMPILER V9.51   BOOTLOADABLE                                                          08/17/2026 08:36:23 PAGE 3   

              *   1 - for the second application.
              *   Any other number is considered invalid. 
              *
              * \return 
              *   A status of writing to flash operation.
              *   \n CYRET_SUCCESS - Returned if appId was successfully changed. 
              *   \n CYRET_BAD_PARAM - Returned if the parameter appID passed to the function has the 
              *                       same value as the active application ID. 
              *   \note - The other non-zero value is considered as a failure during writing to flash.  
              *
              *   \note - This API does not update Bootloader_activeApp variable.
              *
              *******************************************************************************/
              cystatus Bootloadable_SetActiveApplication(uint8 appId) CYSMALL \
                              
              {
                  cystatus result = CYRET_SUCCESS;
              
                  uint8 CYDATA idx;
                  
                  /* If invalid application number */
                  if (appId > Bootloadable_MD_BTLDB_ACTIVE_1)
                  {
                      result = CYRET_BAD_PARAM;
                  }
                  else
                  {
                      /* If appID has same value as active application ID */
                      if (1u == Bootloadable_GET_CODE_DATA(Bootloadable_MD_BTLDB_ACTIVE_OFFSET(appId)))
                      {
                          result = CYRET_BAD_PARAM;
                      }
                      else
                      {
                          /* Updating metadata section */
                          for(idx = 0u; idx < Bootloadable_MAX_NUM_OF_BTLDB; idx++)
                          {
                              result |= Bootloadable_WriteFlashByte((uint32) Bootloadable_MD_BTLDB_ACTIVE_OFFSET(idx), \
                                                                                                          (uint8)(idx ==
             - appId));
                          }
                      }
                  }
                  
                  return (result);
              }
              
              /*******************************************************************************
              * Function Name: Bootloadable_WriteFlashByte
              ****************************************************************************//**
              *
              * \brief 
              *   This API writes to flash the specified data.
              *
              * \param address 
              *   The address in flash.
              *
              * \param inputValue 
              *   One-byte data.
              *
              * \return 
              *   A status of the writing to flash procedure.
C51 COMPILER V9.51   BOOTLOADABLE                                                          08/17/2026 08:36:23 PAGE 4   

              *
              *******************************************************************************/
              static cystatus Bootloadable_WriteFlashByte(const uint32 address, const uint8 inputValue) CYLARGE \
                                             
              {
                  cystatus result = CYRET_SUCCESS;
                  uint32 flsAddr = address - CYDEV_FLASH_BASE;
                  uint8  rowData[CYDEV_FLS_ROW_SIZE];
              
                  #if !(CY_PSOC4)
                      uint8 arrayId = ( uint8 )(flsAddr / CYDEV_FLS_SECTOR_SIZE);
                  #endif  /* !(CY_PSOC4) */
              
                  #if (CY_PSOC4)
                      uint16 rowNum = ( uint16 )(flsAddr / CYDEV_FLS_ROW_SIZE);
                  #else
                      uint16 rowNum = ( uint16 )((flsAddr % CYDEV_FLS_SECTOR_SIZE) / CYDEV_FLS_ROW_SIZE);
                  #endif  /* (CY_PSOC4) */
              
                  uint32 baseAddr = address - (address % CYDEV_FLS_ROW_SIZE);
                  uint16 idx;
              
                  for(idx = 0u; idx < CYDEV_FLS_ROW_SIZE; idx++)
                  {
                      rowData[idx] = (uint8)Bootloadable_GET_CODE_DATA(baseAddr + idx);
                  }
              
                  rowData[address % CYDEV_FLS_ROW_SIZE] = inputValue;
              
                  #if(CY_PSOC4)
                      result = CySysFlashWriteRow((uint32) rowNum, rowData);
                  #else
                      result = CyWriteRowData(arrayId, rowNum, rowData);
                  #endif  /* (CY_PSOC4) */
              
                  #if(CY_PSOC5)
                      /***************************************************************************
                      * When writing to flash, data in the instruction cache can become stale.
                      * Therefore, the cache data does not correlate to the data just written to
                      * flash. A call to CyFlushCache() is required to invalidate the data in the
                      * cache and force fresh information to be loaded from flash.
                      ***************************************************************************/
                      CyFlushCache();
                  #endif /* (CY_PSOC5) */
                  return (result);
              }
              #endif /*(CYDEV_PROJ_TYPE == CYDEV_PROJ_TYPE_LOADABLEANDBOOTLOADER)*/
 223          /** @} functions_group */
 224          
 225          /*******************************************************************************
 226          * The following code is OBSOLETE and must not be used.
 227          *******************************************************************************/
 228          void Bootloadable_SetFlashByte(uint32 address, uint8 runType) 
 229          {
 230   1          uint32 flsAddr = address - CYDEV_FLASH_BASE;
 231   1          uint8  rowData[CYDEV_FLS_ROW_SIZE];
 232   1      
 233   1          #if !(CY_PSOC4)
 234   1              uint8 arrayId = ( uint8 )(flsAddr / CYDEV_FLS_SECTOR_SIZE);
 235   1          #endif  /* !(CY_PSOC4) */
 236   1      
 237   1          #if (CY_PSOC4)
C51 COMPILER V9.51   BOOTLOADABLE                                                          08/17/2026 08:36:23 PAGE 5   

                      uint16 rowNum = ( uint16 )(flsAddr / CYDEV_FLS_ROW_SIZE);
                  #else
 240   1              uint16 rowNum = ( uint16 )((flsAddr % CYDEV_FLS_SECTOR_SIZE) / CYDEV_FLS_ROW_SIZE);
 241   1          #endif  /* (CY_PSOC4) */
 242   1      
 243   1          uint32 baseAddr = address - (address % CYDEV_FLS_ROW_SIZE);
 244   1          uint16 idx;
 245   1      
 246   1      
 247   1          for (idx = 0u; idx < CYDEV_FLS_ROW_SIZE; idx++)
 248   1          {
 249   2              rowData[idx] = Bootloadable_GET_CODE_DATA(baseAddr + idx);
 250   2          }
 251   1          rowData[address % CYDEV_FLS_ROW_SIZE] = runType;
 252   1      
 253   1          #if(CY_PSOC4)
                      (void) CySysFlashWriteRow((uint32) rowNum, rowData);
                  #else
 256   1              (void) CyWriteRowData(arrayId, rowNum, rowData);
 257   1          #endif  /* (CY_PSOC4) */
 258   1      
 259   1          #if(CY_PSOC5)
                      /***************************************************************************
                      * When writing to flash, data in the instruction cache can become obsolete.
                      * Therefore, the cache data does not correlate to the data just written to
                      * flash. A call to CyFlushCache() is required to invalidate the data in the
                      * cache and force fresh information to be loaded from flash.
                      ***************************************************************************/
                      CyFlushCache();
                  #endif /* (CY_PSOC5) */
 268   1      }
 269          
 270          /* [] END OF FILE */
C51 COMPILER V9.51   BOOTLOADABLE                                                          08/17/2026 08:36:23 PAGE 6   

ASSEMBLY LISTING OF GENERATED OBJECT CODE


             ; FUNCTION Bootloadable_Load (BEGIN)
                                           ; SOURCE LINE # 41
                                           ; SOURCE LINE # 42
                                           ; SOURCE LINE # 44
                       MOV     DPTR,#046FAH
                       MOV     A,#040H
                       MOVX    @DPTR,A
                                           ; SOURCE LINE # 46
                 E     CALL    CySoftwareReset
                                           ; SOURCE LINE # 47
                       RET     
             ; FUNCTION Bootloadable_Load (END)

             ; FUNCTION _Bootloadable_SetFlashByte (BEGIN)
                                           ; SOURCE LINE # 228
                 R     MOV     DPTR,#address
                 E     CALL    ?C?LSTXDATA
                                           ; SOURCE LINE # 229
                                           ; SOURCE LINE # 230
                 R     MOV     DPTR,#address
                       MOVX    A,@DPTR
                       MOV     R4,A
                       INC     DPTR
                       MOVX    A,@DPTR
                       MOV     R5,A
                       INC     DPTR
                       MOVX    A,@DPTR
                       MOV     R6,A
                       INC     DPTR
                       MOVX    A,@DPTR
                       ADD     A,#00H
                       MOV     R7,A
                       CLR     A
                       ADDC    A,R6
                       MOV     R6,A
                       MOV     A,R5
                       ADDC    A,#0F0H
                       MOV     R5,A
                       MOV     A,R4
                       ADDC    A,#0FFH
                       MOV     R4,A
                 R     MOV     DPTR,#flsAddr
                 E     CALL    ?C?LSTXDATA
                                           ; SOURCE LINE # 234
                       CLR     A
                       MOV     R3,A
                       MOV     R2,A
                       MOV     R1,#01H
                       MOV     R0,A
                 R     MOV     DPTR,#flsAddr
                       MOVX    A,@DPTR
                       MOV     R4,A
                       INC     DPTR
                       MOVX    A,@DPTR
                       MOV     R5,A
                       INC     DPTR
                       MOVX    A,@DPTR
                       MOV     R6,A
                       INC     DPTR
C51 COMPILER V9.51   BOOTLOADABLE                                                          08/17/2026 08:36:23 PAGE 7   

                       MOVX    A,@DPTR
                       MOV     R7,A
                 E     CALL    ?C?ULDIV
                 R     MOV     DPTR,#arrayId
                       MOV     A,R7
                       MOVX    @DPTR,A
                                           ; SOURCE LINE # 240
                 R     MOV     DPTR,#flsAddr
                       MOVX    A,@DPTR
                       MOV     R4,A
                       INC     DPTR
                       MOVX    A,@DPTR
                       MOV     R5,A
                       INC     DPTR
                       MOVX    A,@DPTR
                       MOV     R6,A
                       INC     DPTR
                       MOVX    A,@DPTR
                       MOV     R7,A
                       MOV     A,R6
                       CLR     A
                       MOV     R5,A
                       MOV     R4,A
                       MOV     R3,A
                       MOV     R2,#01H
                       MOV     R1,A
                       MOV     R0,A
                 E     CALL    ?C?ULDIV
                 R     MOV     DPTR,#rowNum
                       MOV     A,R6
                       MOVX    @DPTR,A
                       INC     DPTR
                       MOV     A,R7
                       MOVX    @DPTR,A
                                           ; SOURCE LINE # 243
                 R     MOV     DPTR,#address
                       MOVX    A,@DPTR
                       MOV     R4,A
                       INC     DPTR
                       MOVX    A,@DPTR
                       MOV     R5,A
                       INC     DPTR
                       MOVX    A,@DPTR
                       MOV     R6,A
                       INC     DPTR
                       MOVX    A,@DPTR
                       MOV     R3,A
                       CLR     A
                 R     MOV     DPTR,#address
                       MOVX    A,@DPTR
                       INC     DPTR
                       MOVX    A,@DPTR
                       INC     DPTR
                       MOVX    A,@DPTR
                       INC     DPTR
                       MOVX    A,@DPTR
                       CLR     C
                       SUBB    A,R3
                       MOV     R7,A
                       MOV     A,R6
                       SUBB    A,#00H
                       MOV     R6,A
C51 COMPILER V9.51   BOOTLOADABLE                                                          08/17/2026 08:36:23 PAGE 8   

                       MOV     A,R5
                       SUBB    A,#00H
                       MOV     R5,A
                       MOV     A,R4
                       SUBB    A,#00H
                       MOV     R4,A
                 R     MOV     DPTR,#baseAddr
                 E     CALL    ?C?LSTXDATA
                                           ; SOURCE LINE # 247
;---- Variable 'idx' assigned to Register 'R2/R3' ----
                       CLR     A
                       MOV     R3,A
                       MOV     R2,A
             ?C0002:
                       CLR     C
                       MOV     A,R2
                       SUBB    A,#01H
                 R     xJGE    ?C0003
                                           ; SOURCE LINE # 248
                                           ; SOURCE LINE # 249
                 R     MOV     DPTR,#baseAddr
                       MOVX    A,@DPTR
                       INC     DPTR
                       MOVX    A,@DPTR
                       INC     DPTR
                       MOVX    A,@DPTR
                       MOV     R6,A
                       INC     DPTR
                       MOVX    A,@DPTR
                       ADD     A,R3
                       MOV     R7,A
                       MOV     A,R6
                       ADDC    A,R2
                       MOV     DPL,R7
                       MOV     DPH,A
                       CLR     A
                       MOVC    A,@A+DPTR
                       MOV     R7,A
                 R     MOV     A,#LOW rowData
                       ADD     A,R3
                       MOV     DPL,A
                 R     MOV     A,#HIGH rowData
                       ADDC    A,R2
                       MOV     DPH,A
                       MOV     A,R7
                       MOVX    @DPTR,A
                                           ; SOURCE LINE # 250
                       INC     R3
                       MOV     A,R3
                 R     JNZ     ?C0006
                       INC     R2
             ?C0006:
                 R     xJMP    ?C0002
             ?C0003:
                                           ; SOURCE LINE # 251
                 R     MOV     DPTR,#runType
                       MOVX    A,@DPTR
                       MOV     R3,A
                 R     MOV     DPTR,#address
                       MOVX    A,@DPTR
                       MOV     R4,A
                       INC     DPTR
C51 COMPILER V9.51   BOOTLOADABLE                                                          08/17/2026 08:36:23 PAGE 9   

                       MOVX    A,@DPTR
                       MOV     R5,A
                       INC     DPTR
                       MOVX    A,@DPTR
                       MOV     R6,A
                       INC     DPTR
                       MOVX    A,@DPTR
                       MOV     R7,A
                       CLR     A
                       MOV     R6,A
                 R     MOV     A,#LOW rowData
                       ADD     A,R7
                       MOV     DPL,A
                       MOV     A,R6
                 R     ADDC    A,#HIGH rowData
                       MOV     DPH,A
                       MOV     A,R3
                       MOVX    @DPTR,A
                                           ; SOURCE LINE # 256
                 R     MOV     DPTR,#arrayId
                       MOVX    A,@DPTR
                       MOV     R7,A
                       INC     DPTR
                       MOVX    A,@DPTR
                       MOV     R4,A
                       INC     DPTR
                       MOVX    A,@DPTR
                       MOV     R5,A
                       MOV     R3,#01H
                 R     MOV     R2,#HIGH rowData
                 R     MOV     R1,#LOW rowData
                 E     CALL    _CyWriteRowData
                                           ; SOURCE LINE # 268
                       RET     
             ; FUNCTION _Bootloadable_SetFlashByte (END)



MODULE INFORMATION:   STATIC OVERLAYABLE
   CODE SIZE        =    265    ----
   CONSTANT SIZE    =   ----    ----
   XDATA SIZE       =   ----     272
   PDATA SIZE       =   ----    ----
   DATA SIZE        =   ----    ----
   IDATA SIZE       =   ----    ----
   BIT SIZE         =   ----    ----
   EDATA SIZE       =   ----    ----
   HDATA SIZE       =   ----    ----
   XDATA CONST SIZE =   ----    ----
   FAR CONST SIZE   =   ----    ----
END OF MODULE INFORMATION.


C51 COMPILATION COMPLETE.  0 WARNING(S),  0 ERROR(S)
