--------------- Rebuild Started: 03/06/2019 16:03:40 Project: bootloader, Configuration: DP8051 Keil 9.51 Release ---------------
Deleting file ".\DP8051\DP8051_Keil_951\Release\main.obj"
Deleting file ".\DP8051\DP8051_Keil_951\Release\cyfitter_cfg.obj"
Deleting file ".\DP8051\DP8051_Keil_951\Release\USBFS.obj"
Deleting file ".\DP8051\DP8051_Keil_951\Release\USBFS_audio.obj"
Deleting file ".\DP8051\DP8051_Keil_951\Release\USBFS_boot.obj"
Deleting file ".\DP8051\DP8051_Keil_951\Release\USBFS_cdc.obj"
Deleting file ".\DP8051\DP8051_Keil_951\Release\USBFS_cls.obj"
Deleting file ".\DP8051\DP8051_Keil_951\Release\USBFS_descr.obj"
Deleting file ".\DP8051\DP8051_Keil_951\Release\USBFS_drv.obj"
Deleting file ".\DP8051\DP8051_Keil_951\Release\USBFS_episr.obj"
Deleting file ".\DP8051\DP8051_Keil_951\Release\USBFS_hid.obj"
Deleting file ".\DP8051\DP8051_Keil_951\Release\USBFS_pm.obj"
Deleting file ".\DP8051\DP8051_Keil_951\Release\USBFS_std.obj"
Deleting file ".\DP8051\DP8051_Keil_951\Release\USBFS_vnd.obj"
Deleting file ".\DP8051\DP8051_Keil_951\Release\USBFS_midi.obj"
Deleting file ".\DP8051\DP8051_Keil_951\Release\USBFS_msc.obj"
Deleting file ".\DP8051\DP8051_Keil_951\Release\Bootloader.obj"
Deleting file ".\DP8051\DP8051_Keil_951\Release\Bootloader_psoc3.obj"
Deleting file ".\DP8051\DP8051_Keil_951\Release\BOOT.obj"
Deleting file ".\DP8051\DP8051_Keil_951\Release\Control.obj"
Deleting file ".\DP8051\DP8051_Keil_951\Release\Control_PM.obj"
Deleting file ".\DP8051\DP8051_Keil_951\Release\Status.obj"
Deleting file ".\DP8051\DP8051_Keil_951\Release\morse_isr.obj"
Deleting file ".\DP8051\DP8051_Keil_951\Release\Morse_Counter.obj"
Deleting file ".\DP8051\DP8051_Keil_951\Release\Morse_Counter_PM.obj"
Deleting file ".\DP8051\DP8051_Keil_951\Release\USBFS_Dm.obj"
Deleting file ".\DP8051\DP8051_Keil_951\Release\USBFS_Dp.obj"
Deleting file ".\DP8051\DP8051_Keil_951\Release\CyBootAsmKeil.obj"
Deleting file ".\DP8051\DP8051_Keil_951\Release\CyDmac.obj"
Deleting file ".\DP8051\DP8051_Keil_951\Release\CyFlash.obj"
Deleting file ".\DP8051\DP8051_Keil_951\Release\CyLib.obj"
Deleting file ".\DP8051\DP8051_Keil_951\Release\cymem.obj"
Deleting file ".\DP8051\DP8051_Keil_951\Release\cyPm.obj"
Deleting file ".\DP8051\DP8051_Keil_951\Release\CySpc.obj"
Deleting file ".\DP8051\DP8051_Keil_951\Release\cyutils.obj"
Deleting file ".\DP8051\DP8051_Keil_951\Release\KeilStart.obj"
Deleting file ".\DP8051\DP8051_Keil_951\Release\BS0.obj"
Deleting file ".\DP8051\DP8051_Keil_951\Release\BS2.obj"
Deleting file ".\DP8051\DP8051_Keil_951\Release\BS1.obj"
Deleting file ".\DP8051\DP8051_Keil_951\Release\RX.obj"
Deleting file ".\DP8051\DP8051_Keil_951\Release\bootloader.hex"
Deleting file ".\DP8051\DP8051_Keil_951\Release\bootloader.elf"
Deleting file ".\DP8051\DP8051_Keil_951\Release\bootloader.map"
Deleting file ".\bootloader.cycdx"
Deleting file ".\bootloader.svd"
Deleting file ".\bootloader.rpt"
Deleting file ".\bootloader_timing.html"
Deleting file ".\DP8051\DP8051_Keil_951\Release\.deps\SOURCE_C__DP8051_KEIL_GENERIC.P"
Deleting file ".\DP8051\DP8051_Keil_951\Release\.deps\SOURCE_ASM__DP8051_KEIL_GENERIC.P"
cydsfit.exe -.appdatapath "C:\Users\Ron\AppData\Local\Cypress Semiconductor\PSoC Creator\4.2" -.fdsnotice -.fdswarpdepfile=warp_dependencies.txt -.fdselabdepfile=elab_dependencies.txt -.fdsbldfile=generated_files.txt -.fdsreffile=referenced_files.txt -p "G:\Ham Radio\ominaSDR\Hardware\Proficio\firmware\bootloader\bootloader.cydsn\bootloader.cyprj" -d CY8C3246PVI-147 -s "G:\Ham Radio\ominaSDR\Hardware\Proficio\firmware\bootloader\bootloader.cydsn\Generated_Source\PSoC3" -- -yv2 -q10 -yga -o2 -v3 -.fftcfgtype=BE
Elaborating Design...
HDL Generation...
Synthesis...
Tech Mapping...
Analog Placement...
Analog Routing...
Analog Code Generation...
Digital Placement...
Digital Routing...
Bitstream Generation...
Bitstream Verification...
Static timing analysis...
API Generation...
Dependency Generation...
Cleanup...
c51.exe main.c NOIV LARGE MODDP2 OMF2 VB(1) NOIP "INCDIR(., Generated_Source\PSoC3)" FF(3) DB DF(NDEBUG) WL(2) PR(.\DP8051\DP8051_Keil_951\Release/main.lst) CD OT(5 ,Size) OA OJ(.\DP8051\DP8051_Keil_951\Release\main.obj)
c51.exe Generated_Source\PSoC3\cyfitter_cfg.c NOIV LARGE MODDP2 OMF2 VB(1) NOIP "INCDIR(., Generated_Source\PSoC3)" FF(3) DB DF(NDEBUG) WL(2) PR(.\DP8051\DP8051_Keil_951\Release/cyfitter_cfg.lst) CD OT(5 ,Size) OA OJ(.\DP8051\DP8051_Keil_951\Release\cyfitter_cfg.obj)
c51.exe Generated_Source\PSoC3\USBFS.c NOIV LARGE MODDP2 OMF2 VB(1) NOIP "INCDIR(., Generated_Source\PSoC3)" FF(3) DB DF(NDEBUG) WL(2) PR(.\DP8051\DP8051_Keil_951\Release/USBFS.lst) CD OT(5 ,Size) OA OJ(.\DP8051\DP8051_Keil_951\Release\USBFS.obj)
c51.exe Generated_Source\PSoC3\USBFS_audio.c NOIV LARGE MODDP2 OMF2 VB(1) NOIP "INCDIR(., Generated_Source\PSoC3)" FF(3) DB DF(NDEBUG) WL(2) PR(.\DP8051\DP8051_Keil_951\Release/USBFS_audio.lst) CD OT(5 ,Size) OA OJ(.\DP8051\DP8051_Keil_951\Release\USBFS_audio.obj)
c51.exe Generated_Source\PSoC3\USBFS_boot.c NOIV LARGE MODDP2 OMF2 VB(1) NOIP "INCDIR(., Generated_Source\PSoC3)" FF(3) DB DF(NDEBUG) WL(2) PR(.\DP8051\DP8051_Keil_951\Release/USBFS_boot.lst) CD OT(5 ,Size) OA OJ(.\DP8051\DP8051_Keil_951\Release\USBFS_boot.obj)
c51.exe Generated_Source\PSoC3\USBFS_cdc.c NOIV LARGE MODDP2 OMF2 VB(1) NOIP "INCDIR(., Generated_Source\PSoC3)" FF(3) DB DF(NDEBUG) WL(2) PR(.\DP8051\DP8051_Keil_951\Release/USBFS_cdc.lst) CD OT(5 ,Size) OA OJ(.\DP8051\DP8051_Keil_951\Release\USBFS_cdc.obj)
c51.exe Generated_Source\PSoC3\USBFS_cls.c NOIV LARGE MODDP2 OMF2 VB(1) NOIP "INCDIR(., Generated_Source\PSoC3)" FF(3) DB DF(NDEBUG) WL(2) PR(.\DP8051\DP8051_Keil_951\Release/USBFS_cls.lst) CD OT(5 ,Size) OA OJ(.\DP8051\DP8051_Keil_951\Release\USBFS_cls.obj)
c51.exe Generated_Source\PSoC3\USBFS_descr.c NOIV LARGE MODDP2 OMF2 VB(1) NOIP "INCDIR(., Generated_Source\PSoC3)" FF(3) DB DF(NDEBUG) WL(2) PR(.\DP8051\DP8051_Keil_951\Release/USBFS_descr.lst) CD OT(5 ,Size) OA OJ(.\DP8051\DP8051_Keil_951\Release\USBFS_descr.obj)
c51.exe Generated_Source\PSoC3\USBFS_drv.c NOIV LARGE MODDP2 OMF2 VB(1) NOIP "INCDIR(., Generated_Source\PSoC3)" FF(3) DB DF(NDEBUG) WL(2) PR(.\DP8051\DP8051_Keil_951\Release/USBFS_drv.lst) CD OT(5 ,Size) OA OJ(.\DP8051\DP8051_Keil_951\Release\USBFS_drv.obj)
c51.exe Generated_Source\PSoC3\USBFS_episr.c NOIV LARGE MODDP2 OMF2 VB(1) NOIP "INCDIR(., Generated_Source\PSoC3)" FF(3) DB DF(NDEBUG) WL(2) PR(.\DP8051\DP8051_Keil_951\Release/USBFS_episr.lst) CD OT(5 ,Size) OA OJ(.\DP8051\DP8051_Keil_951\Release\USBFS_episr.obj)
c51.exe Generated_Source\PSoC3\USBFS_hid.c NOIV LARGE MODDP2 OMF2 VB(1) NOIP "INCDIR(., Generated_Source\PSoC3)" FF(3) DB DF(NDEBUG) WL(2) PR(.\DP8051\DP8051_Keil_951\Release/USBFS_hid.lst) CD OT(5 ,Size) OA OJ(.\DP8051\DP8051_Keil_951\Release\USBFS_hid.obj)
c51.exe Generated_Source\PSoC3\USBFS_pm.c NOIV LARGE MODDP2 OMF2 VB(1) NOIP "INCDIR(., Generated_Source\PSoC3)" FF(3) DB DF(NDEBUG) WL(2) PR(.\DP8051\DP8051_Keil_951\Release/USBFS_pm.lst) CD OT(5 ,Size) OA OJ(.\DP8051\DP8051_Keil_951\Release\USBFS_pm.obj)
c51.exe Generated_Source\PSoC3\USBFS_std.c NOIV LARGE MODDP2 OMF2 VB(1) NOIP "INCDIR(., Generated_Source\PSoC3)" FF(3) DB DF(NDEBUG) WL(2) PR(.\DP8051\DP8051_Keil_951\Release/USBFS_std.lst) CD OT(5 ,Size) OA OJ(.\DP8051\DP8051_Keil_951\Release\USBFS_std.obj)
c51.exe Generated_Source\PSoC3\USBFS_vnd.c NOIV LARGE MODDP2 OMF2 VB(1) NOIP "INCDIR(., Generated_Source\PSoC3)" FF(3) DB DF(NDEBUG) WL(2) PR(.\DP8051\DP8051_Keil_951\Release/USBFS_vnd.lst) CD OT(5 ,Size) OA OJ(.\DP8051\DP8051_Keil_951\Release\USBFS_vnd.obj)
c51.exe Generated_Source\PSoC3\USBFS_midi.c NOIV LARGE MODDP2 OMF2 VB(1) NOIP "INCDIR(., Generated_Source\PSoC3)" FF(3) DB DF(NDEBUG) WL(2) PR(.\DP8051\DP8051_Keil_951\Release/USBFS_midi.lst) CD OT(5 ,Size) OA OJ(.\DP8051\DP8051_Keil_951\Release\USBFS_midi.obj)
c51.exe Generated_Source\PSoC3\USBFS_msc.c NOIV LARGE MODDP2 OMF2 VB(1) NOIP "INCDIR(., Generated_Source\PSoC3)" FF(3) DB DF(NDEBUG) WL(2) PR(.\DP8051\DP8051_Keil_951\Release/USBFS_msc.lst) CD OT(5 ,Size) OA OJ(.\DP8051\DP8051_Keil_951\Release\USBFS_msc.obj)
c51.exe Generated_Source\PSoC3\Bootloader.c NOIV LARGE MODDP2 OMF2 VB(1) NOIP "INCDIR(., Generated_Source\PSoC3)" FF(3) DB DF(NDEBUG) WL(2) PR(.\DP8051\DP8051_Keil_951\Release/Bootloader.lst) CD OT(5 ,Size) OA OJ(.\DP8051\DP8051_Keil_951\Release\Bootloader.obj)
c51.exe Generated_Source\PSoC3\BOOT.c NOIV LARGE MODDP2 OMF2 VB(1) NOIP "INCDIR(., Generated_Source\PSoC3)" FF(3) DB DF(NDEBUG) WL(2) PR(.\DP8051\DP8051_Keil_951\Release/BOOT.lst) CD OT(5 ,Size) OA OJ(.\DP8051\DP8051_Keil_951\Release\BOOT.obj)
c51.exe Generated_Source\PSoC3\Control.c NOIV LARGE MODDP2 OMF2 VB(1) NOIP "INCDIR(., Generated_Source\PSoC3)" FF(3) DB DF(NDEBUG) WL(2) PR(.\DP8051\DP8051_Keil_951\Release/Control.lst) CD OT(5 ,Size) OA OJ(.\DP8051\DP8051_Keil_951\Release\Control.obj)
c51.exe Generated_Source\PSoC3\Control_PM.c NOIV LARGE MODDP2 OMF2 VB(1) NOIP "INCDIR(., Generated_Source\PSoC3)" FF(3) DB DF(NDEBUG) WL(2) PR(.\DP8051\DP8051_Keil_951\Release/Control_PM.lst) CD OT(5 ,Size) OA OJ(.\DP8051\DP8051_Keil_951\Release\Control_PM.obj)
c51.exe Generated_Source\PSoC3\Status.c NOIV LARGE MODDP2 OMF2 VB(1) NOIP "INCDIR(., Generated_Source\PSoC3)" FF(3) DB DF(NDEBUG) WL(2) PR(.\DP8051\DP8051_Keil_951\Release/Status.lst) CD OT(5 ,Size) OA OJ(.\DP8051\DP8051_Keil_951\Release\Status.obj)
c51.exe Generated_Source\PSoC3\morse_isr.c NOIV LARGE MODDP2 OMF2 VB(1) NOIP "INCDIR(., Generated_Source\PSoC3)" FF(3) DB DF(NDEBUG) WL(2) PR(.\DP8051\DP8051_Keil_951\Release/morse_isr.lst) CD OT(5 ,Size) OA OJ(.\DP8051\DP8051_Keil_951\Release\morse_isr.obj)
c51.exe Generated_Source\PSoC3\Morse_Counter.c NOIV LARGE MODDP2 OMF2 VB(1) NOIP "INCDIR(., Generated_Source\PSoC3)" FF(3) DB DF(NDEBUG) WL(2) PR(.\DP8051\DP8051_Keil_951\Release/Morse_Counter.lst) CD OT(5 ,Size) OA OJ(.\DP8051\DP8051_Keil_951\Release\Morse_Counter.obj)
c51.exe Generated_Source\PSoC3\Morse_Counter_PM.c NOIV LARGE MODDP2 OMF2 VB(1) NOIP "INCDIR(., Generated_Source\PSoC3)" FF(3) DB DF(NDEBUG) WL(2) PR(.\DP8051\DP8051_Keil_951\Release/Morse_Counter_PM.lst) CD OT(5 ,Size) OA OJ(.\DP8051\DP8051_Keil_951\Release\Morse_Counter_PM.obj)
c51.exe Generated_Source\PSoC3\USBFS_Dm.c NOIV LARGE MODDP2 OMF2 VB(1) NOIP "INCDIR(., Generated_Source\PSoC3)" FF(3) DB DF(NDEBUG) WL(2) PR(.\DP8051\DP8051_Keil_951\Release/USBFS_Dm.lst) CD OT(5 ,Size) OA OJ(.\DP8051\DP8051_Keil_951\Release\USBFS_Dm.obj)
c51.exe Generated_Source\PSoC3\USBFS_Dp.c NOIV LARGE MODDP2 OMF2 VB(1) NOIP "INCDIR(., Generated_Source\PSoC3)" FF(3) DB DF(NDEBUG) WL(2) PR(.\DP8051\DP8051_Keil_951\Release/USBFS_Dp.lst) CD OT(5 ,Size) OA OJ(.\DP8051\DP8051_Keil_951\Release\USBFS_Dp.obj)
c51.exe Generated_Source\PSoC3\CyDmac.c NOIV LARGE MODDP2 OMF2 VB(1) NOIP "INCDIR(., Generated_Source\PSoC3)" FF(3) DB DF(NDEBUG) WL(2) PR(.\DP8051\DP8051_Keil_951\Release/CyDmac.lst) CD OT(5 ,Size) OA OJ(.\DP8051\DP8051_Keil_951\Release\CyDmac.obj)
c51.exe Generated_Source\PSoC3\CyFlash.c NOIV LARGE MODDP2 OMF2 VB(1) NOIP "INCDIR(., Generated_Source\PSoC3)" FF(3) DB DF(NDEBUG) WL(2) PR(.\DP8051\DP8051_Keil_951\Release/CyFlash.lst) CD OT(5 ,Size) OA OJ(.\DP8051\DP8051_Keil_951\Release\CyFlash.obj)
c51.exe Generated_Source\PSoC3\CyLib.c NOIV LARGE MODDP2 OMF2 VB(1) NOIP "INCDIR(., Generated_Source\PSoC3)" FF(3) DB DF(NDEBUG) WL(2) PR(.\DP8051\DP8051_Keil_951\Release/CyLib.lst) CD OT(5 ,Size) OA OJ(.\DP8051\DP8051_Keil_951\Release\CyLib.obj)
c51.exe Generated_Source\PSoC3\cyPm.c NOIV LARGE MODDP2 OMF2 VB(1) NOIP "INCDIR(., Generated_Source\PSoC3)" FF(3) DB DF(NDEBUG) WL(2) PR(.\DP8051\DP8051_Keil_951\Release/cyPm.lst) CD OT(5 ,Size) OA OJ(.\DP8051\DP8051_Keil_951\Release\cyPm.obj)
c51.exe Generated_Source\PSoC3\CySpc.c NOIV LARGE MODDP2 OMF2 VB(1) NOIP "INCDIR(., Generated_Source\PSoC3)" FF(3) DB DF(NDEBUG) WL(2) PR(.\DP8051\DP8051_Keil_951\Release/CySpc.lst) CD OT(5 ,Size) OA OJ(.\DP8051\DP8051_Keil_951\Release\CySpc.obj)
c51.exe Generated_Source\PSoC3\cyutils.c NOIV LARGE MODDP2 OMF2 VB(1) NOIP "INCDIR(., Generated_Source\PSoC3)" FF(3) DB DF(NDEBUG) WL(2) PR(.\DP8051\DP8051_Keil_951\Release/cyutils.lst) CD OT(5 ,Size) OA OJ(.\DP8051\DP8051_Keil_951\Release\cyutils.obj)
c51.exe Generated_Source\PSoC3\BS0.c NOIV LARGE MODDP2 OMF2 VB(1) NOIP "INCDIR(., Generated_Source\PSoC3)" FF(3) DB DF(NDEBUG) WL(2) PR(.\DP8051\DP8051_Keil_951\Release/BS0.lst) CD OT(5 ,Size) OA OJ(.\DP8051\DP8051_Keil_951\Release\BS0.obj)
c51.exe Generated_Source\PSoC3\BS2.c NOIV LARGE MODDP2 OMF2 VB(1) NOIP "INCDIR(., Generated_Source\PSoC3)" FF(3) DB DF(NDEBUG) WL(2) PR(.\DP8051\DP8051_Keil_951\Release/BS2.lst) CD OT(5 ,Size) OA OJ(.\DP8051\DP8051_Keil_951\Release\BS2.obj)
c51.exe Generated_Source\PSoC3\BS1.c NOIV LARGE MODDP2 OMF2 VB(1) NOIP "INCDIR(., Generated_Source\PSoC3)" FF(3) DB DF(NDEBUG) WL(2) PR(.\DP8051\DP8051_Keil_951\Release/BS1.lst) CD OT(5 ,Size) OA OJ(.\DP8051\DP8051_Keil_951\Release\BS1.obj)
c51.exe Generated_Source\PSoC3\RX.c NOIV LARGE MODDP2 OMF2 VB(1) NOIP "INCDIR(., Generated_Source\PSoC3)" FF(3) DB DF(NDEBUG) WL(2) PR(.\DP8051\DP8051_Keil_951\Release/RX.lst) CD OT(5 ,Size) OA OJ(.\DP8051\DP8051_Keil_951\Release\RX.obj)
c51.exe Generated_Source\PSoC3\cy_em_eeprom.c NOIV LARGE MODDP2 OMF2 VB(1) NOIP "INCDIR(., Generated_Source\PSoC3)" FF(3) DB DF(NDEBUG) WL(2) PR(.\DP8051\DP8051_Keil_951\Release/cy_em_eeprom.lst) CD OT(5 ,Size) OA OJ(.\DP8051\DP8051_Keil_951\Release\cy_em_eeprom.obj)
Ax51.exe Generated_Source\PSoC3\Bootloader_psoc3.a51 CASE EP "INCDIR(., Generated_Source\PSoC3)" MACRO DF(NDEBUG) NOCO PR(.\DP8051\DP8051_Keil_951\Release/Bootloader_psoc3.lst) OJ(.\DP8051\DP8051_Keil_951\Release\Bootloader_psoc3.obj)
Ax51.exe Generated_Source\PSoC3\CyBootAsmKeil.a51 CASE EP "INCDIR(., Generated_Source\PSoC3)" MACRO DF(NDEBUG) NOCO PR(.\DP8051\DP8051_Keil_951\Release/CyBootAsmKeil.lst) OJ(.\DP8051\DP8051_Keil_951\Release\CyBootAsmKeil.obj)
Ax51.exe Generated_Source\PSoC3\cymem.a51 CASE EP "INCDIR(., Generated_Source\PSoC3)" MACRO DF(NDEBUG) NOCO PR(.\DP8051\DP8051_Keil_951\Release/cymem.lst) OJ(.\DP8051\DP8051_Keil_951\Release\cymem.obj)
Ax51.exe Generated_Source\PSoC3\KeilStart.a51 CASE EP "INCDIR(., Generated_Source\PSoC3)" MACRO DF(NDEBUG) NOCO PR(.\DP8051\DP8051_Keil_951\Release/KeilStart.lst) OJ(.\DP8051\DP8051_Keil_951\Release\KeilStart.obj)
LIBX51.exe TRANSFER '.\DP8051\DP8051_Keil_951\Release\USBFS.obj', '.\DP8051\DP8051_Keil_951\Release\USBFS_audio.obj', '.\DP8051\DP8051_Keil_951\Release\USBFS_boot.obj', '.\DP8051\DP8051_Keil_951\Release\USBFS_cdc.obj', '.\DP8051\DP8051_Keil_951\Release\USBFS_cls.obj', '.\DP8051\DP8051_Keil_951\Release\USBFS_descr.obj', '.\DP8051\DP8051_Keil_951\Release\USBFS_drv.obj', '.\DP8051\DP8051_Keil_951\Release\USBFS_episr.obj', '.\DP8051\DP8051_Keil_951\Release\USBFS_hid.obj', '.\DP8051\DP8051_Keil_951\Release\USBFS_pm.obj', '.\DP8051\DP8051_Keil_951\Release\USBFS_std.obj', '.\DP8051\DP8051_Keil_951\Release\USBFS_vnd.obj', '.\DP8051\DP8051_Keil_951\Release\USBFS_midi.obj', '.\DP8051\DP8051_Keil_951\Release\USBFS_msc.obj', '.\DP8051\DP8051_Keil_951\Release\Bootloader.obj', '.\DP8051\DP8051_Keil_951\Release\BOOT.obj', '.\DP8051\DP8051_Keil_951\Release\Control.obj', '.\DP8051\DP8051_Keil_951\Release\Control_PM.obj', '.\DP8051\DP8051_Keil_951\Release\Status.obj', '.\DP8051\DP8051_Keil_951\Release\morse_isr.obj', '.\DP8051\DP8051_Keil_951\Release\Morse_Counter.obj', '.\DP8051\DP8051_Keil_951\Release\Morse_Counter_PM.obj', '.\DP8051\DP8051_Keil_951\Release\USBFS_Dm.obj', '.\DP8051\DP8051_Keil_951\Release\USBFS_Dp.obj', '.\DP8051\DP8051_Keil_951\Release\CyDmac.obj', '.\DP8051\DP8051_Keil_951\Release\CyFlash.obj', '.\DP8051\DP8051_Keil_951\Release\CyLib.obj', '.\DP8051\DP8051_Keil_951\Release\cyPm.obj', '.\DP8051\DP8051_Keil_951\Release\CySpc.obj', '.\DP8051\DP8051_Keil_951\Release\cyutils.obj', '.\DP8051\DP8051_Keil_951\Release\BS0.obj', '.\DP8051\DP8051_Keil_951\Release\BS2.obj', '.\DP8051\DP8051_Keil_951\Release\BS1.obj', '.\DP8051\DP8051_Keil_951\Release\RX.obj', '.\DP8051\DP8051_Keil_951\Release\cy_em_eeprom.obj', '.\DP8051\DP8051_Keil_951\Release\Bootloader_psoc3.obj', '.\DP8051\DP8051_Keil_951\Release\CyBootAsmKeil.obj', '.\DP8051\DP8051_Keil_951\Release\cymem.obj', '.\DP8051\DP8051_Keil_951\Release\KeilStart.obj' TO '.\DP8051\DP8051_Keil_951\Release\bootloader.lib'
LX51.exe '.\DP8051\DP8051_Keil_951\Release\main.obj', '.\DP8051\DP8051_Keil_951\Release\cyfitter_cfg.obj', '.\DP8051\DP8051_Keil_951\Release\bootloader.lib', 'C:\Program Files (x86)\Cypress\PSoC Creator\4.2\PSoC Creator\psoc\content\cycomponentlibrary\CyComponentLibrary.cylib\DP8051\DP8051_Keil_951\Release\CyComponentLibrary.lib' TO '.\DP8051\DP8051_Keil_951\Release\bootloader.omf' CODE RU RC(10) DW(16) WL(2) PR(.\DP8051\DP8051_Keil_951\Release/bootloader.map) IX CL(XDATA(X:0x0000-X:0x1FFF)) CL(CODE(C:0x0000-C:0xFFBF)) CL(CONST(C:0x0000-C:0xFFBF))
Program Size: data=68.2 xdata=1025 const=644 code=15707
OHx51.exe bootloader.omf HEXFILE(bootloader.ihx)
c8051-elf-omf2elf.exe bootloader.omf bootloader.elf
cysymboladdressfinder.exe -f .\DP8051\DP8051_Keil_951\Release\bootloader.elf -s Bootloader_Checksum -p .\DP8051\DP8051_Keil_951\Release\cksmaddress.txt -l FF0000
cysymboladdressfinder.exe -f .\DP8051\DP8051_Keil_951\Release\bootloader.elf -s Bootloader_SizeBytes -p .\DP8051\DP8051_Keil_951\Release\sizeaddress.txt -l FF0000
CyHexTool -o "G:\Ham Radio\ominaSDR\Hardware\Proficio\firmware\bootloader\bootloader.cydsn\DP8051\DP8051_Keil_951\Release\bootloader.hex" -f "G:\Ham Radio\ominaSDR\Hardware\Proficio\firmware\bootloader\bootloader.cydsn\DP8051\DP8051_Keil_951\Release\bootloader.ihx" -prot Generated_Source\PSoC3\protect.hex -id 1E093069 -a EEPROM=90200000:800,PROGRAM=00000000:10000,CONFIG=80000000:2000,PROTECT=90400000:40 -meta 0301 -cunv 0800C005 -wonv BC90ACAF -ecc OFF -blver 000001010100000000000000 -blcks .\DP8051\DP8051_Keil_951\Release\cksmaddress.txt -blsize .\DP8051\DP8051_Keil_951\Release\sizeaddress.txt -flsLine 256 -endian b
Flash used: 16607 of 65536 bytes (25.3%). Application: 16351 bytes. Metadata: 256 bytes.
SRAM used: 1025 of 8192 bytes (12.5%).
--------------- Rebuild Succeeded: 03/06/2019 16:04:08 ---------------
