C51 COMPILER V9.51   USBFS_VND                                                             09/03/2026 15:33:33 PAGE 1   


C51 COMPILER V9.51, COMPILATION OF MODULE USBFS_VND
OBJECT MODULE PLACED IN .\DP8051\DP8051_Keil_951\Debug\USBFS_vnd.obj
COMPILER INVOKED BY: C:\Program Files (x86)\Cypress\PSoC Creator\4.4\PSoC Creator\import\keil\pk51\9.51\C51\BIN\c51.exe 
                    -Generated_Source\PSoC3\USBFS_vnd.c NOIV LARGE MODDP2 OMF2 VB(1) NOIP INCDIR(.,Generated_Source\PSoC3) FF(3) DB WL(2) PR(
                    -.\DP8051\DP8051_Keil_951\Debug/USBFS_vnd.lst) CD OT(5,SPEED) OA OJ(.\DP8051\DP8051_Keil_951\Debug\USBFS_vnd.obj)

line level    source

   1          /***************************************************************************//**
   2          * \file USBFS_vnd.c
   3          * \version 3.20
   4          *
   5          * \brief
   6          *  This file contains the  USB vendor request handler.
   7          *
   8          ********************************************************************************
   9          * \copyright
  10          * Copyright 2008-2016, Cypress Semiconductor Corporation.  All rights reserved.
  11          * You may use this file only in accordance with the license, terms, conditions,
  12          * disclaimers, and limitations in the end user license agreement accompanying
  13          * the software package with which this file was provided.
  14          *******************************************************************************/
  15          
  16          #include "USBFS_pvt.h"
  17          
  18          
  19          #if(USBFS_EXTERN_VND == USBFS_FALSE)
              
              /***************************************
              * Vendor Specific Declarations
              ***************************************/
              
              /* `#START VENDOR_SPECIFIC_DECLARATIONS` Place your declaration here */
              
              /* `#END` */
              
              
              /*******************************************************************************
              * Function Name: USBFS_HandleVendorRqst
              ****************************************************************************//**
              *
              *  This routine provide users with a method to implement vendor specific
              *  requests.
              *
              *  To implement vendor specific requests, add your code in this function to
              *  decode and disposition the request.  If the request is handled, your code
              *  must set the variable "requestHandled" to TRUE, indicating that the
              *  request has been handled.
              *
              * \return
              *  requestHandled.
              *
              * \reentrant
              *  No.
              *
              *******************************************************************************/
              uint8 USBFS_HandleVendorRqst(void) 
              {
                  uint8 requestHandled = USBFS_FALSE;
              
                  /* Check request direction: D2H or H2D. */
C51 COMPILER V9.51   USBFS_VND                                                             09/03/2026 15:33:33 PAGE 2   

                  if (0u != (USBFS_bmRequestTypeReg & USBFS_RQST_DIR_D2H))
                  {
                      /* Handle direction from device to host. */
                      
                      switch (USBFS_bRequestReg)
                      {
                          case USBFS_GET_EXTENDED_CONFIG_DESCRIPTOR:
                          #if defined(USBFS_ENABLE_MSOS_STRING)
                              USBFS_currentTD.pData = (volatile uint8 *) &USBFS_MSOS_CONFIGURATION_DESCR[0u];
                              USBFS_currentTD.count = USBFS_MSOS_CONFIGURATION_DESCR[0u];
                              requestHandled  = USBFS_InitControlRead();
                          #endif /* (USBFS_ENABLE_MSOS_STRING) */
                              break;
                          
                          default:
                              break;
                      }
                  }
              
                  /* `#START VENDOR_SPECIFIC_CODE` Place your vendor specific request here */
              
                  /* `#END` */
              
              #ifdef USBFS_HANDLE_VENDOR_RQST_CALLBACK
                  if (USBFS_FALSE == requestHandled)
                  {
                      requestHandled = USBFS_HandleVendorRqst_Callback();
                  }
              #endif /* (USBFS_HANDLE_VENDOR_RQST_CALLBACK) */
              
                  return (requestHandled);
              }
              
              
              /*******************************************************************************
              * Additional user functions supporting Vendor Specific Requests
              ********************************************************************************/
              
              /* `#START VENDOR_SPECIFIC_FUNCTIONS` Place any additional functions here */
              
              /* `#END` */
              
              
              #endif /* USBFS_EXTERN_VND */
  98          
  99          
 100          /* [] END OF FILE */
C51 COMPILER V9.51   USBFS_VND                                                             09/03/2026 15:33:33 PAGE 3   

ASSEMBLY LISTING OF GENERATED OBJECT CODE




MODULE INFORMATION:   STATIC OVERLAYABLE
   CODE SIZE        =   ----    ----
   CONSTANT SIZE    =   ----    ----
   XDATA SIZE       =   ----    ----
   PDATA SIZE       =   ----    ----
   DATA SIZE        =   ----    ----
   IDATA SIZE       =   ----    ----
   BIT SIZE         =   ----    ----
   EDATA SIZE       =   ----    ----
   HDATA SIZE       =   ----    ----
   XDATA CONST SIZE =   ----    ----
   FAR CONST SIZE   =   ----    ----
END OF MODULE INFORMATION.


C51 COMPILATION COMPLETE.  0 WARNING(S),  0 ERROR(S)
