C51 COMPILER V9.51   EEPROM                                                                08/14/2026 10:16:39 PAGE 1   


C51 COMPILER V9.51, COMPILATION OF MODULE EEPROM
OBJECT MODULE PLACED IN .\DP8051\DP8051_Keil_951\Debug\EEPROM.obj
COMPILER INVOKED BY: C:\Program Files (x86)\Cypress\PSoC Creator\4.2\PSoC Creator\import\keil\pk51\9.51\C51\BIN\c51.exe 
                    -Generated_Source\PSoC3\EEPROM.c NOIV LARGE MODDP2 OMF2 VB(1) NOIP INCDIR(.,Generated_Source\PSoC3) FF(3) DB WL(2) PR(.\D
                    -P8051\DP8051_Keil_951\Debug/EEPROM.lst) CD OT(5,SPEED) OA OJ(.\DP8051\DP8051_Keil_951\Debug\EEPROM.obj)

line level    source

   1          /*******************************************************************************
   2          * File Name: EEPROM.c
   3          * Version 3.0
   4          *
   5          *  Description:
   6          *   Provides the source code to the API for the EEPROM component.
   7          *
   8          ********************************************************************************
   9          * Copyright 2008-2015, Cypress Semiconductor Corporation.  All rights reserved.
  10          * You may use this file only in accordance with the license, terms, conditions,
  11          * disclaimers, and limitations in the end user license agreement accompanying
  12          * the software package with which this file was provided.
  13          *******************************************************************************/
  14          
  15          #include "EEPROM.h"
  16          
  17          
  18          /*******************************************************************************
  19          * Function Name: EEPROM_Enable
  20          ********************************************************************************
  21          *
  22          * Summary:
  23          *  Enable the EEPROM block. Also reads the temperature and stores it for
  24          *  future writes.
  25          *
  26          * Parameters:
  27          *  None
  28          *
  29          * Return:
  30          *  None
  31          *
  32          *******************************************************************************/
  33          void EEPROM_Enable(void) 
  34          {
  35   1          /* Read temperature value */
  36   1          (void)CySetTemp();
  37   1      
  38   1          /* Start EEPROM block */
  39   1          CyEEPROM_Start();
  40   1      }
  41          
  42          
  43          /*******************************************************************************
  44          * Function Name: EEPROM_Start
  45          ********************************************************************************
  46          *
  47          * Summary:
  48          *  Starts EEPROM.
  49          *
  50          * Parameters:
  51          *  None
  52          *
  53          * Return:
C51 COMPILER V9.51   EEPROM                                                                08/14/2026 10:16:39 PAGE 2   

  54          *  None
  55          *
  56          *******************************************************************************/
  57          void EEPROM_Start(void) 
  58          {
  59   1          EEPROM_Enable();
  60   1      }
  61          
  62          
  63          /*******************************************************************************
  64          * Function Name: EEPROM_Stop
  65          ********************************************************************************
  66          *
  67          * Summary:
  68          *  Stops and powers down EEPROM.
  69          *
  70          * Parameters:
  71          *  None
  72          *
  73          * Return:
  74          *  None
  75          *
  76          *******************************************************************************/
  77          void EEPROM_Stop (void) 
  78          {
  79   1          /* Stop and power down EEPROM block */
  80   1          CyEEPROM_Stop();
  81   1      }
  82          
  83          
  84          /*******************************************************************************
  85          * Function Name: EEPROM_WriteByte
  86          ********************************************************************************
  87          *
  88          * Summary:
  89          *  Writes a byte of data to the EEPROM. This function blocks until
  90          *  the function is complete. For a reliable write procedure to occur you should
  91          *  call EEPROM_UpdateTemperature() function if the temperature of the
  92          *  silicon has been changed for more than 10C since the component was started.
  93          *
  94          * Parameters:
  95          *  dataByte:  The byte of data to write to the EEPROM
  96          *  address:   The address of data to be written. The maximum address is dependent
  97          *             on the EEPROM size.
  98          *
  99          * Return:
 100          *  CYRET_SUCCESS, if the operation was successful.
 101          *  CYRET_BAD_PARAM, if the parameter sectorNumber is out of range.
 102          *  CYRET_LOCKED, if the SPC is being used.
 103          *  CYRET_UNKNOWN, if there was an SPC error.
 104          *
 105          *******************************************************************************/
 106          cystatus EEPROM_WriteByte(uint8 dataByte, uint16 address) 
 107          {
 108   1          cystatus status;
 109   1          uint16 rowNumber;
 110   1          uint16 byteNumber;
 111   1          
 112   1          CySpcStart();
 113   1      
 114   1          if (address < CY_EEPROM_SIZE)
 115   1          {
C51 COMPILER V9.51   EEPROM                                                                08/14/2026 10:16:39 PAGE 3   

 116   2              rowNumber = address/(uint16)CY_EEPROM_SIZEOF_ROW;
 117   2              byteNumber = address - (rowNumber * ((uint16)CY_EEPROM_SIZEOF_ROW));
 118   2              if(CYRET_SUCCESS == CySpcLock())
 119   2              {
 120   3                  status = CySpcLoadMultiByte(CY_SPC_FIRST_EE_ARRAYID, byteNumber, &dataByte, \
 121   3                                                                          EEPROM_SPC_BYTE_WRITE_SIZE);
 122   3                  if (CYRET_STARTED == status)
 123   3                  {
 124   4                      /* Plan for failure */
 125   4                      status = CYRET_UNKNOWN;
 126   4      
 127   4                      while(CY_SPC_BUSY)
 128   4                      {
 129   5                          /* Wait until SPC becomes idle */
 130   5                      }
 131   4      
 132   4                      if(CY_SPC_STATUS_SUCCESS == CY_SPC_READ_STATUS)
 133   4                      {
 134   5                          status = CYRET_SUCCESS;
 135   5                      }
 136   4                      /* Command to erase and program the row. */
 137   4                      if(CYRET_SUCCESS == status)
 138   4                      {
 139   5                          if(CySpcWriteRow(CY_SPC_FIRST_EE_ARRAYID, (uint16)rowNumber, dieTemperature[0u],
 140   5                          dieTemperature[1u]) == CYRET_STARTED)
 141   5                          {
 142   6                              /* Plan for failure */
 143   6                              status = CYRET_UNKNOWN;
 144   6      
 145   6                              while(CY_SPC_BUSY)
 146   6                              {
 147   7                                  /* Wait until SPC becomes idle */
 148   7                              }
 149   6      
 150   6                              /* SPC is idle now */
 151   6                              if(CY_SPC_STATUS_SUCCESS == CY_SPC_READ_STATUS)
 152   6                              {
 153   7                                  status = CYRET_SUCCESS;
 154   7                              }
 155   6                          }
 156   5                          else
 157   5                          {
 158   6                              status = CYRET_UNKNOWN;
 159   6                          }
 160   5                      }
 161   4                      else
 162   4                      {
 163   5                          status = CYRET_UNKNOWN;
 164   5                      }
 165   4                  }
 166   3                  else
 167   3                  {
 168   4                      if (CYRET_BAD_PARAM != status)
 169   4                      {
 170   5                          status = CYRET_UNKNOWN;
 171   5                      }
 172   4                  }
 173   3                  CySpcUnlock();
 174   3              }
 175   2              else
 176   2              {
 177   3                  status = CYRET_LOCKED;
C51 COMPILER V9.51   EEPROM                                                                08/14/2026 10:16:39 PAGE 4   

 178   3              }
 179   2          }
 180   1          else
 181   1          {
 182   2              status = CYRET_BAD_PARAM;
 183   2          }
 184   1      
 185   1      
 186   1          return (status);
 187   1      }
 188          
 189          
 190          /*******************************************************************************
 191          * Function Name: EEPROM_ReadByte
 192          ********************************************************************************
 193          *
 194          * Summary:
 195          *  Reads and returns a byte of data from the on-chip EEPROM memory. Although
 196          *  the data is present in the CPU memory space, this function provides an
 197          *  intuitive user interface, addressing the EEPROM memory as a separate block with
 198          *  the first EERPOM byte address equal to 0x0000.
 199          *
 200          * Parameters:
 201          *  address:   The address of data to be read. The maximum address is limited by the
 202          *             size of the EEPROM array on a specific device.
 203          *
 204          * Return:
 205          *  Data located at an address.
 206          *
 207          *******************************************************************************/
 208          uint8 EEPROM_ReadByte(uint16 address) 
 209          {
 210   1          uint8 retByte;
 211   1          uint8 interruptState;
 212   1      
 213   1          interruptState = CyEnterCriticalSection();
 214   1      
 215   1          /* Request access to EEPROM for reading.
 216   1          This is needed to reserve PHUB for read operation from EEPROM */
 217   1          CyEEPROM_ReadReserve();
 218   1          
 219   1          retByte = *((reg8 *) (CYDEV_EE_BASE + address));
 220   1      
 221   1          /* Release EEPROM array */
 222   1          CyEEPROM_ReadRelease();
 223   1          
 224   1          CyExitCriticalSection(interruptState);
 225   1      
 226   1          return (retByte);
 227   1      }
 228          
 229          
 230          /*******************************************************************************
 231          * Function Name: EEPROM_UpdateTemperature
 232          ********************************************************************************
 233          *
 234          * Summary:
 235          *  Updates and stores the temperature value. This function should be called
 236          *  before EEPROM writes if the temperature may have been changed by more than
 237          *  10 degrees Celsius.
 238          *
 239          * Parameters:
C51 COMPILER V9.51   EEPROM                                                                08/14/2026 10:16:39 PAGE 5   

 240          *  None
 241          *
 242          * Return:
 243          *  Status of operation, 0 if operation complete, non-zero value if error
 244          *  was detected.
 245          *
 246          *******************************************************************************/
 247          uint8 EEPROM_UpdateTemperature(void) 
 248          {
 249   1          return ((uint8)CySetTemp());
 250   1      }
 251          
 252          
 253          /*******************************************************************************
 254          * Function Name: EEPROM_EraseSector
 255          ********************************************************************************
 256          *
 257          * Summary:
 258          *  Erase an EEPROM sector (64 rows). This function blocks until the erase
 259          *  operation is complete. Using this API helps to erase the EEPROM sector at
 260          *  a time. This is faster than using individual writes but affects a cycle
 261          *  recourse of the whole EEPROM row.
 262          *
 263          * Parameters:
 264          *  sectorNumber:  The sector number to erase.
 265          *
 266          * Return:
 267          *  CYRET_SUCCESS, if the operation was successful.
 268          *  CYRET_BAD_PARAM, if the parameter sectorNumber is out of range.
 269          *  CYRET_LOCKED, if the SPC is being used.
 270          *  CYRET_UNKNOWN, if there was an SPC error.
 271          *
 272          *******************************************************************************/
 273          cystatus EEPROM_EraseSector(uint8 sectorNumber) 
 274          {
 275   1          cystatus status;
 276   1          
 277   1          CySpcStart();
 278   1      
 279   1          if(sectorNumber < (uint8) EEPROM_SECTORS_NUMBER)
 280   1          {
 281   2              /* See if we can get SPC. */
 282   2              if(CySpcLock() == CYRET_SUCCESS)
 283   2              {
 284   3                  if(CySpcEraseSector(CY_SPC_FIRST_EE_ARRAYID, sectorNumber) == CYRET_STARTED)
 285   3                  {
 286   4                      /* Plan for failure */
 287   4                      status = CYRET_UNKNOWN;
 288   4      
 289   4                      while(CY_SPC_BUSY)
 290   4                      {
 291   5                          /* Wait until SPC becomes idle */
 292   5                      }
 293   4      
 294   4                      /* SPC is idle now */
 295   4                      if(CY_SPC_STATUS_SUCCESS == CY_SPC_READ_STATUS)
 296   4                      {
 297   5                          status = CYRET_SUCCESS;
 298   5                      }
 299   4                  }
 300   3                  else
 301   3                  {
C51 COMPILER V9.51   EEPROM                                                                08/14/2026 10:16:39 PAGE 6   

 302   4                      status = CYRET_UNKNOWN;
 303   4                  }
 304   3      
 305   3                  /* Unlock SPC so that someone else can use it. */
 306   3                  CySpcUnlock();
 307   3              }
 308   2              else
 309   2              {
 310   3                  status = CYRET_LOCKED;
 311   3              }
 312   2          }
 313   1          else
 314   1          {
 315   2              status = CYRET_BAD_PARAM;
 316   2          }
 317   1      
 318   1          return(status);
 319   1      }
 320          
 321          
 322          /*******************************************************************************
 323          * Function Name: EEPROM_Write
 324          ********************************************************************************
 325          *
 326          * Summary:
 327          *  Writes a row (16 bytes) of data to the EEPROM. This function blocks until
 328          *  the write operation is complete. Compared to functions that write one byte,
 329          *  this function allows writing a whole row (16 bytes) at a time. For
 330          *  a reliable write procedure to occur you should call the
 331          *  EEPROM_UpdateTemperature() function if the temperature of the
 332          *  silicon has changed for more than 10C since component was started.
 333          *
 334          * Parameters:
 335          *  rowData:    The address of the data to write to the EEPROM.
 336          *  rowNumber:  The row number to write.
 337          *
 338          * Return:
 339          *  CYRET_SUCCESS, if the operation was successful.
 340          *  CYRET_BAD_PARAM, if the parameter rowNumber is out of range.
 341          *  CYRET_LOCKED, if the SPC is being used.
 342          *  CYRET_UNKNOWN, if there was an SPC error.
 343          *
 344          *******************************************************************************/
 345          cystatus EEPROM_Write(const uint8 * rowData, uint8 rowNumber) 
 346          {
 347   1          cystatus status;
 348   1          
 349   1          CySpcStart();
 350   1      
 351   1          if(rowNumber < (uint8) CY_EEPROM_NUMBER_ROWS)
 352   1          {
 353   2              /* See if we can get SPC. */
 354   2              if(CySpcLock() == CYRET_SUCCESS)
 355   2              {
 356   3                  /* Plan for failure */
 357   3                  status = CYRET_UNKNOWN;
 358   3      
 359   3                  /* Command to load a row of data */
 360   3                  if(CySpcLoadRow(CY_SPC_FIRST_EE_ARRAYID, rowData, CYDEV_EEPROM_ROW_SIZE) == CYRET_STARTED)
 361   3                  {
 362   4                      while(CY_SPC_BUSY)
 363   4                      {
C51 COMPILER V9.51   EEPROM                                                                08/14/2026 10:16:39 PAGE 7   

 364   5                          /* Wait until SPC becomes idle */
 365   5                      }
 366   4      
 367   4                      /* SPC is idle now */
 368   4                      if(CY_SPC_STATUS_SUCCESS == CY_SPC_READ_STATUS)
 369   4                      {
 370   5                          status = CYRET_SUCCESS;
 371   5                      }
 372   4      
 373   4                      /* Command to erase and program the row. */
 374   4                      if(status == CYRET_SUCCESS)
 375   4                      {
 376   5                          if(CySpcWriteRow(CY_SPC_FIRST_EE_ARRAYID, (uint16)rowNumber, dieTemperature[0u],
 377   5                          dieTemperature[1u]) == CYRET_STARTED)
 378   5                          {
 379   6                              /* Plan for failure */
 380   6                              status = CYRET_UNKNOWN;
 381   6      
 382   6                              while(CY_SPC_BUSY)
 383   6                              {
 384   7                                  /* Wait until SPC becomes idle */
 385   7                              }
 386   6      
 387   6                              /* SPC is idle now */
 388   6                              if(CY_SPC_STATUS_SUCCESS == CY_SPC_READ_STATUS)
 389   6                              {
 390   7                                  status = CYRET_SUCCESS;
 391   7                              }
 392   6                          }
 393   5                          else
 394   5                          {
 395   6                              status = CYRET_UNKNOWN;
 396   6                          }
 397   5                      }
 398   4                      else
 399   4                      {
 400   5                          status = CYRET_UNKNOWN;
 401   5                      }
 402   4                  }
 403   3      
 404   3                  /* Unlock SPC so that someone else can use it. */
 405   3                  CySpcUnlock();
 406   3              }
 407   2              else
 408   2              {
 409   3                  status = CYRET_LOCKED;
 410   3              }
 411   2          }
 412   1          else
 413   1          {
 414   2              status = CYRET_BAD_PARAM;
 415   2          }
 416   1      
 417   1          return(status);
 418   1      }
 419          
 420          
 421          /*******************************************************************************
 422          * Function Name: EEPROM_StartWrite
 423          ********************************************************************************
 424          *
 425          * Summary:
C51 COMPILER V9.51   EEPROM                                                                08/14/2026 10:16:39 PAGE 8   

 426          *  Starts a write of a row (16 bytes) of data to the EEPROM.
 427          *  This function does not block. The function returns once the SPC has begun
 428          *  writing the data. This function must be used in combination with
 429          *  EEPROM_Query(). EEPROM_Query() must be called
 430          *  until it returns a status other than CYRET_STARTED. That indicates that the
 431          *  write has completed. Until EEPROM_Query() detects that
 432          *  the write is complete, the SPC is marked as locked to prevent another
 433          *  SPC operation from being performed. For a reliable write procedure to occur
 434          *  you should call EEPROM_UpdateTemperature() API if the temperature
 435          *  of the silicon has changed for more than 10C since component was started.
 436          *
 437          * Parameters:
 438          *  rowData:    The address of the data to write to the EEPROM.
 439          *  rowNumber:  The row number to write.
 440          *
 441          * Return:
 442          *  CYRET_STARTED, if the SPC command to write was successfully started.
 443          *  CYRET_BAD_PARAM, if the parameter rowNumber is out of range.
 444          *  CYRET_LOCKED, if the SPC is being used.
 445          *  CYRET_UNKNOWN, if there was an SPC error.
 446          *
 447          * Side effects:
 448          *  After calling this API, the device should not be powered down, reset or switched
 449          *  to low power modes until EEPROM operation is complete. 
 450          *  Ignoring this recommendation may lead to data corruption or silicon
 451          *  unexpected behavior.
 452          *
 453          *******************************************************************************/
 454          cystatus EEPROM_StartWrite(const uint8 * rowData, uint8 rowNumber) \
 455          
 456          {
 457   1          cystatus status;
 458   1          
 459   1          CySpcStart();
 460   1      
 461   1          if(rowNumber < (uint8) CY_EEPROM_NUMBER_ROWS)
 462   1          {
 463   2              /* See if we can get SPC. */
 464   2              if(CySpcLock() == CYRET_SUCCESS)
 465   2              {
 466   3                  /* Plan for failure */
 467   3                  status = CYRET_UNKNOWN;
 468   3      
 469   3                  /* Command to load a row of data */
 470   3                  if(CySpcLoadRow(CY_SPC_FIRST_EE_ARRAYID, rowData, CYDEV_EEPROM_ROW_SIZE) == CYRET_STARTED)
 471   3                  {
 472   4                      while(CY_SPC_BUSY)
 473   4                      {
 474   5                          /* Wait until SPC becomes idle */
 475   5                      }
 476   4      
 477   4                      /* SPC is idle now */
 478   4                      if(CY_SPC_STATUS_SUCCESS == CY_SPC_READ_STATUS)
 479   4                      {
 480   5                          status = CYRET_SUCCESS;
 481   5                      }
 482   4      
 483   4                      /* Command to erase and program the row. */
 484   4                      if(status == CYRET_SUCCESS)
 485   4                      {
 486   5                          if(CySpcWriteRow(CY_SPC_FIRST_EE_ARRAYID, (uint16)rowNumber, dieTemperature[0u],
 487   5                          dieTemperature[1u]) == CYRET_STARTED)
C51 COMPILER V9.51   EEPROM                                                                08/14/2026 10:16:39 PAGE 9   

 488   5                          {
 489   6                              status = CYRET_STARTED;
 490   6                          }
 491   5                          else
 492   5                          {
 493   6                              status = CYRET_UNKNOWN;
 494   6                          }
 495   5                      }
 496   4                      else
 497   4                      {
 498   5                          status = CYRET_UNKNOWN;
 499   5                      }
 500   4                  }
 501   3              }
 502   2              else
 503   2              {
 504   3                  status = CYRET_LOCKED;
 505   3              }
 506   2          }
 507   1          else
 508   1          {
 509   2              status = CYRET_BAD_PARAM;
 510   2          }
 511   1      
 512   1          return(status);
 513   1      }
 514          
 515          
 516          /*******************************************************************************
 517          * Function Name: EEPROM_StartErase
 518          ********************************************************************************
 519          *
 520          * Summary:
 521          *  Starts the EEPROM sector erase. This function does not block.
 522          *  The function returns once the SPC has begun writing the data. This function
 523          *  must be used in combination with EEPROM_Query().
 524          *  EEPROM_Query() must be called until it returns a status
 525          *  other than CYRET_STARTED. That indicates the erase has been completed.
 526          *  Until EEPROM_Query() detects that the erase is
 527          *  complete, the SPC is marked as locked to prevent another SPC operation
 528          *  from being performed.
 529          *
 530          * Parameters:
 531          *  sectorNumber:  The sector number to erase.
 532          *
 533          * Return:
 534          *  CYRET_STARTED, if the SPC command to erase was successfully started.
 535          *  CYRET_BAD_PARAM, if the parameter sectorNumber is out of range.
 536          *  CYRET_LOCKED, if the SPC is being used.
 537          *  CYRET_UNKNOWN, if there was an SPC error.
 538          *
 539          * Side effects:
 540          *  After calling this API, the device should not be powered down, reset or switched
 541          *  to low power modes until EEPROM operation is complete.
 542          *  Ignoring this recommendation may lead to data corruption or silicon
 543          *  unexpected behavior.
 544          *
 545          *******************************************************************************/
 546          cystatus EEPROM_StartErase(uint8 sectorNumber) 
 547          {
 548   1          cystatus status;
 549   1          
C51 COMPILER V9.51   EEPROM                                                                08/14/2026 10:16:39 PAGE 10  

 550   1          CySpcStart();
 551   1      
 552   1          if(sectorNumber < (uint8) CY_EEPROM_NUMBER_ARRAYS)
 553   1          {
 554   2              /* See if we can get SPC. */
 555   2              if(CySpcLock() == CYRET_SUCCESS)
 556   2              {
 557   3                  /* Plan for failure */
 558   3                  status = CYRET_UNKNOWN;
 559   3      
 560   3                  /* Command to load a row of data */
 561   3                  if(CySpcEraseSector(CY_SPC_FIRST_EE_ARRAYID, sectorNumber) == CYRET_STARTED)
 562   3                  {
 563   4                      status = CYRET_SUCCESS;
 564   4                  }
 565   3              }
 566   2              else
 567   2              {
 568   3                  status = CYRET_LOCKED;
 569   3              }
 570   2          }
 571   1          else
 572   1          {
 573   2              status = CYRET_BAD_PARAM;
 574   2          }
 575   1      
 576   1          return(status);
 577   1      }
 578          
 579          
 580          /*******************************************************************************
 581          * Function Name: EEPROM_Query
 582          ********************************************************************************
 583          *
 584          * Summary:
 585          *  Checks the status of an earlier call to EEPROM_StartWrite() or
 586          *  EEPROM_StartErase().
 587          *  This function must be called until it returns a value other than
 588          *  CYRET_STARTED. Once that occurs, the write or erase has been completed and
 589          *  the SPC is unlocked.
 590          *
 591          * Parameters:
 592          *  None
 593          *
 594          * Return:
 595          *  CYRET_STARTED, if the SPC command is still processing.
 596          *  CYRET_SUCCESS, if the operation was completed successfully.
 597          *  CYRET_UNKNOWN, if there was an SPC error.
 598          *
 599          *******************************************************************************/
 600          cystatus EEPROM_Query(void) 
 601          {
 602   1          cystatus status;
 603   1          
 604   1          CySpcStart();
 605   1      
 606   1          /* Check if SPC is idle */
 607   1          if(CY_SPC_IDLE)
 608   1          {
 609   2              /* SPC is idle now */
 610   2              if(CY_SPC_STATUS_SUCCESS == CY_SPC_READ_STATUS)
 611   2              {
C51 COMPILER V9.51   EEPROM                                                                08/14/2026 10:16:39 PAGE 11  

 612   3                  status = CYRET_SUCCESS;
 613   3              }
 614   2              else
 615   2              {
 616   3                  status = CYRET_UNKNOWN;
 617   3              }
 618   2      
 619   2              /* Unlock SPC so that someone else can use it. */
 620   2              CySpcUnlock();
 621   2          }
 622   1          else
 623   1          {
 624   2              status = CYRET_STARTED;
 625   2          }
 626   1      
 627   1          return(status);
 628   1      }
 629          
 630          
 631          /*******************************************************************************
 632          * Function Name: EEPROM_ByteWritePos
 633          ********************************************************************************
 634          *
 635          * Summary:
 636          *  Writes a byte of data to the EEPROM. This is a blocking call. It will not
 637          *  return until the write operation succeeds or fails.
 638          *
 639          * Parameters:
 640          *  dataByte:   The byte of data to write to the EEPROM.
 641          *  rowNumber:  The EEPROM row number to program.
 642          *  byteNumber: The byte number within the row to program.
 643          *
 644          * Return:
 645          *  CYRET_SUCCESS, if the operation was successful.
 646          *  CYRET_BAD_PARAM, if the parameter rowNumber or byteNumber is out of range.
 647          *  CYRET_LOCKED, if the SPC is being used.
 648          *  CYRET_UNKNOWN, if there was an SPC error.
 649          *
 650          *******************************************************************************/
 651          cystatus EEPROM_ByteWritePos(uint8 dataByte, uint8 rowNumber, uint8 byteNumber) \
 652          
 653          {
 654   1          cystatus status;
 655   1      
 656   1          /* Start SPC */
 657   1          CySpcStart();
 658   1      
 659   1          if((rowNumber < (uint8) CY_EEPROM_NUMBER_ROWS) && (byteNumber < (uint8) SIZEOF_EEPROM_ROW))
 660   1          {
 661   2              /* See if we can get SPC. */
 662   2              if(CySpcLock() == CYRET_SUCCESS)
 663   2              {
 664   3                  /* Plan for failure */
 665   3                  status = CYRET_UNKNOWN;
 666   3      
 667   3                  /* Command to load byte of data */
 668   3                  if(CySpcLoadMultiByte(CY_SPC_FIRST_EE_ARRAYID, (uint16)byteNumber, &dataByte,\
 669   3                                                                      EEPROM_SPC_BYTE_WRITE_SIZE) == CYRET_START
             -ED)
 670   3                  {
 671   4                      while(CY_SPC_BUSY)
 672   4                      {
C51 COMPILER V9.51   EEPROM                                                                08/14/2026 10:16:39 PAGE 12  

 673   5                          /* Wait until SPC becomes idle */
 674   5                      }
 675   4      
 676   4                      /* SPC is idle now */
 677   4                      if(CY_SPC_STATUS_SUCCESS == CY_SPC_READ_STATUS)
 678   4                      {
 679   5                          status = CYRET_SUCCESS;
 680   5                      }
 681   4      
 682   4                      /* Command to erase and program the row. */
 683   4                      if(status == CYRET_SUCCESS)
 684   4                      {
 685   5                          if(CySpcWriteRow(CY_SPC_FIRST_EE_ARRAYID, (uint16)rowNumber, dieTemperature[0u],
 686   5                          dieTemperature[1u]) == CYRET_STARTED)
 687   5                          {
 688   6                              /* Plan for failure */
 689   6                              status = CYRET_UNKNOWN;
 690   6      
 691   6                              while(CY_SPC_BUSY)
 692   6                              {
 693   7                                  /* Wait until SPC becomes idle */
 694   7                              }
 695   6      
 696   6                              /* SPC is idle now */
 697   6                              if(CY_SPC_STATUS_SUCCESS == CY_SPC_READ_STATUS)
 698   6                              {
 699   7                                  status = CYRET_SUCCESS;
 700   7                              }
 701   6                          }
 702   5                          else
 703   5                          {
 704   6                              status = CYRET_UNKNOWN;
 705   6                          }
 706   5                      }
 707   4                      else
 708   4                      {
 709   5                          status = CYRET_UNKNOWN;
 710   5                      }
 711   4                  }
 712   3      
 713   3                  /* Unlock SPC so that someone else can use it. */
 714   3                  CySpcUnlock();
 715   3              }
 716   2              else
 717   2              {
 718   3                  status = CYRET_LOCKED;
 719   3              }
 720   2          }
 721   1          else
 722   1          {
 723   2              status = CYRET_BAD_PARAM;
 724   2          }
 725   1      
 726   1          return(status);
 727   1      }
 728          
 729          
 730          /* [] END OF FILE */
C51 COMPILER V9.51   EEPROM                                                                08/14/2026 10:16:39 PAGE 13  

ASSEMBLY LISTING OF GENERATED OBJECT CODE


             ; FUNCTION EEPROM_Enable (BEGIN)
                                           ; SOURCE LINE # 33
                                           ; SOURCE LINE # 34
                                           ; SOURCE LINE # 36
                 E     CALL    CySetTemp
                                           ; SOURCE LINE # 39
                 E     CALL    CyEEPROM_Start
                                           ; SOURCE LINE # 40
                       RET     
             ; FUNCTION EEPROM_Enable (END)

             ; FUNCTION EEPROM_Start (BEGIN)
                                           ; SOURCE LINE # 57
                                           ; SOURCE LINE # 58
                                           ; SOURCE LINE # 59
                 R     CALL    EEPROM_Enable
                                           ; SOURCE LINE # 60
                       RET     
             ; FUNCTION EEPROM_Start (END)

             ; FUNCTION EEPROM_Stop (BEGIN)
                                           ; SOURCE LINE # 77
                                           ; SOURCE LINE # 78
                                           ; SOURCE LINE # 80
                 E     CALL    CyEEPROM_Stop
                                           ; SOURCE LINE # 81
                       RET     
             ; FUNCTION EEPROM_Stop (END)

             ; FUNCTION _EEPROM_WriteByte (BEGIN)
                                           ; SOURCE LINE # 106
                 R     MOV     DPTR,#dataByte
                       MOV     A,R7
                       MOVX    @DPTR,A
                       INC     DPTR
                       MOV     A,R4
                       MOVX    @DPTR,A
                       INC     DPTR
                       MOV     A,R5
                       MOVX    @DPTR,A
                                           ; SOURCE LINE # 107
                                           ; SOURCE LINE # 112
                 E     CALL    CySpcStart
                                           ; SOURCE LINE # 114
                       CLR     C
                 R     MOV     DPTR,#address
                       MOVX    A,@DPTR
                       SUBB    A,#08H
                 R     xJGE    ?C0004
                                           ; SOURCE LINE # 115
                                           ; SOURCE LINE # 116
                       MOVX    A,@DPTR
                       MOV     R4,A
                       INC     DPTR
                       MOVX    A,@DPTR
                       MOV     R5,A
                       MOV     A,R4
                       SWAP    A
                       MOV     R0,A
C51 COMPILER V9.51   EEPROM                                                                08/14/2026 10:16:39 PAGE 14  

                       ANL     A,#0F0H
                       XCH     A,R0
                       XRL     A,R0
                       MOV     R7,A
                       MOV     A,R5
                       SWAP    A
                       ANL     A,#0FH
                       ORL     A,R0
                 R     MOV     DPTR,#rowNumber
                       XCH     A,R7
                       MOVX    @DPTR,A
                       INC     DPTR
                       MOV     A,R7
                       MOVX    @DPTR,A
                                           ; SOURCE LINE # 117
                       MOVX    A,@DPTR
                       SWAP    A
                       MOV     R0,A
                       ANL     A,#0FH
                       XCH     A,R0
                       XRL     A,R0
                       MOV     R7,A
                 R     MOV     DPTR,#rowNumber
                       MOVX    A,@DPTR
                       SWAP    A
                       ANL     A,#0F0H
                       ORL     A,R0
                       MOV     R6,A
                       CLR     C
                       MOV     A,R5
                       SUBB    A,R7
                       MOV     R7,A
                       MOV     A,R4
                       SUBB    A,R6
                 R     MOV     DPTR,#byteNumber
                       MOVX    @DPTR,A
                       INC     DPTR
                       MOV     A,R7
                       MOVX    @DPTR,A
                                           ; SOURCE LINE # 118
                 E     CALL    CySpcLock
                       MOV     A,R7
                 R     xJNZ    ?C0005
                                           ; SOURCE LINE # 119
                                           ; SOURCE LINE # 120
                 R     MOV     DPTR,#byteNumber
                       MOVX    A,@DPTR
                       MOV     R4,A
                       INC     DPTR
                       MOVX    A,@DPTR
                       MOV     R5,A
                       MOV     R3,#01H
                 R     MOV     R2,#HIGH dataByte
                 R     MOV     R1,#LOW dataByte
                 E     MOV     DPTR,#?_CySpcLoadMultiByte?BYTE+06H
                       MOV     A,#01H
                       MOVX    @DPTR,A
                       MOV     R7,#040H
                 E     CALL    _CySpcLoadMultiByte
                 R     MOV     DPTR,#status
                       MOV     A,R7
                       MOVX    @DPTR,A
C51 COMPILER V9.51   EEPROM                                                                08/14/2026 10:16:39 PAGE 15  

                                           ; SOURCE LINE # 122
                       XRL     A,#07H
                 R     xJNZ    ?C0006
                                           ; SOURCE LINE # 123
                                           ; SOURCE LINE # 125
                       MOV     A,#0FFH
                       MOVX    @DPTR,A
             ?C0007:
                                           ; SOURCE LINE # 127
                       MOV     DPTR,#04722H
                       MOVX    A,@DPTR
                       ANL     A,#02H
                 R     xJZ     ?C0007
                                           ; SOURCE LINE # 128
                                           ; SOURCE LINE # 130
             ?C0008:
                                           ; SOURCE LINE # 132
                       MOV     DPTR,#04722H
                       MOVX    A,@DPTR
                       ANL     A,#02H
                 R     xJZ     ?C0010
                       MOVX    A,@DPTR
                       MOV     R7,A
                       RRC     A
                       RRC     A
                       ANL     A,#03FH
                       MOV     R7,A
                 R     xJMP    ?C0011
             ?C0010:
                       MOV     R7,#0FFH
             ?C0011:
                       MOV     A,R7
                 R     xJNZ    ?C0009
                                           ; SOURCE LINE # 133
                                           ; SOURCE LINE # 134
                 R     MOV     DPTR,#status
                       MOVX    @DPTR,A
                                           ; SOURCE LINE # 135
             ?C0009:
                                           ; SOURCE LINE # 137
                 R     MOV     DPTR,#status
                       MOVX    A,@DPTR
                 R     xJNZ    ?C0012
                                           ; SOURCE LINE # 138
                                           ; SOURCE LINE # 139
                       INC     DPTR
                       MOVX    A,@DPTR
                       MOV     R4,A
                       INC     DPTR
                       MOVX    A,@DPTR
                       MOV     R5,A
                 E     MOV     DPTR,#dieTemperature
                       MOVX    A,@DPTR
                       MOV     R3,A
                       INC     DPTR
                       MOVX    A,@DPTR
                 E     MOV     DPTR,#?_CySpcWriteRow?BYTE+04H
                       MOVX    @DPTR,A
                       MOV     R7,#040H
                 E     CALL    _CySpcWriteRow
                       MOV     A,R7
                       XRL     A,#07H
C51 COMPILER V9.51   EEPROM                                                                08/14/2026 10:16:39 PAGE 16  

                 R     xJNZ    ?C0013
                                           ; SOURCE LINE # 141
                                           ; SOURCE LINE # 143
                 R     MOV     DPTR,#status
                       MOV     A,#0FFH
                       MOVX    @DPTR,A
             ?C0014:
                                           ; SOURCE LINE # 145
                       MOV     DPTR,#04722H
                       MOVX    A,@DPTR
                       ANL     A,#02H
                 R     xJZ     ?C0014
                                           ; SOURCE LINE # 146
                                           ; SOURCE LINE # 148
             ?C0015:
                                           ; SOURCE LINE # 151
                       MOV     DPTR,#04722H
                       MOVX    A,@DPTR
                       ANL     A,#02H
                 R     xJZ     ?C0017
                       MOVX    A,@DPTR
                       MOV     R7,A
                       RRC     A
                       RRC     A
                       ANL     A,#03FH
                       MOV     R7,A
                 R     xJMP    ?C0018
             ?C0017:
                       MOV     R7,#0FFH
             ?C0018:
                       MOV     A,R7
                 R     xJNZ    ?C0021
                                           ; SOURCE LINE # 152
                                           ; SOURCE LINE # 153
                 R     MOV     DPTR,#status
                       MOVX    @DPTR,A
                                           ; SOURCE LINE # 154
                                           ; SOURCE LINE # 155
                 R     xJMP    ?C0021
             ?C0013:
                                           ; SOURCE LINE # 157
                                           ; SOURCE LINE # 158
                 R     MOV     DPTR,#status
                       MOV     A,#0FFH
                       MOVX    @DPTR,A
                                           ; SOURCE LINE # 159
                                           ; SOURCE LINE # 160
                 R     xJMP    ?C0021
             ?C0012:
                                           ; SOURCE LINE # 162
                                           ; SOURCE LINE # 163
                 R     MOV     DPTR,#status
                       MOV     A,#0FFH
                       MOVX    @DPTR,A
                                           ; SOURCE LINE # 164
                                           ; SOURCE LINE # 165
                 R     xJMP    ?C0021
             ?C0006:
                                           ; SOURCE LINE # 167
                                           ; SOURCE LINE # 168
                 R     MOV     DPTR,#status
                       MOVX    A,@DPTR
C51 COMPILER V9.51   EEPROM                                                                08/14/2026 10:16:39 PAGE 17  

                       XRL     A,#01H
                 R     xJZ     ?C0021
                                           ; SOURCE LINE # 169
                                           ; SOURCE LINE # 170
                       MOV     A,#0FFH
                       MOVX    @DPTR,A
                                           ; SOURCE LINE # 171
                                           ; SOURCE LINE # 172
             ?C0021:
                                           ; SOURCE LINE # 173
                 E     CALL    CySpcUnlock
                                           ; SOURCE LINE # 174
                 R     xJMP    ?C0024
             ?C0005:
                                           ; SOURCE LINE # 176
                                           ; SOURCE LINE # 177
                 R     MOV     DPTR,#status
                       MOV     A,#04H
                       MOVX    @DPTR,A
                                           ; SOURCE LINE # 178
                                           ; SOURCE LINE # 179
                 R     xJMP    ?C0024
             ?C0004:
                                           ; SOURCE LINE # 181
                                           ; SOURCE LINE # 182
                 R     MOV     DPTR,#status
                       MOV     A,#01H
                       MOVX    @DPTR,A
                                           ; SOURCE LINE # 183
             ?C0024:
                                           ; SOURCE LINE # 186
                 R     MOV     DPTR,#status
                       MOVX    A,@DPTR
                       MOV     R7,A
                                           ; SOURCE LINE # 187
             ?C0025:
                       RET     
             ; FUNCTION _EEPROM_WriteByte (END)

             ; FUNCTION _EEPROM_ReadByte (BEGIN)
                                           ; SOURCE LINE # 208
                 R     MOV     DPTR,#address
                       MOV     A,R6
                       MOVX    @DPTR,A
                       INC     DPTR
                       MOV     A,R7
                       MOVX    @DPTR,A
                                           ; SOURCE LINE # 209
                                           ; SOURCE LINE # 213
                 E     CALL    CyEnterCriticalSection
                 R     MOV     DPTR,#interruptState
                       MOV     A,R7
                       MOVX    @DPTR,A
                                           ; SOURCE LINE # 217
                 E     CALL    CyEEPROM_ReadReserve
                                           ; SOURCE LINE # 219
                 R     MOV     DPTR,#address+01H
                       MOVX    A,@DPTR
                       ADD     A,#00H
                       MOV     R7,A
                 R     MOV     DPTR,#address
                       MOVX    A,@DPTR
C51 COMPILER V9.51   EEPROM                                                                08/14/2026 10:16:39 PAGE 18  

                       ADDC    A,#080H
                       MOV     DPL,R7
                       MOV     DPH,A
                       MOVX    A,@DPTR
                 R     MOV     DPTR,#retByte
                       MOVX    @DPTR,A
                                           ; SOURCE LINE # 222
                 E     CALL    CyEEPROM_ReadRelease
                                           ; SOURCE LINE # 224
                 R     MOV     DPTR,#interruptState
                       MOVX    A,@DPTR
                       MOV     R7,A
                 E     CALL    _CyExitCriticalSection
                                           ; SOURCE LINE # 226
                 R     MOV     DPTR,#retByte
                       MOVX    A,@DPTR
                       MOV     R7,A
                                           ; SOURCE LINE # 227
             ?C0026:
                       RET     
             ; FUNCTION _EEPROM_ReadByte (END)

             ; FUNCTION EEPROM_UpdateTemperature (BEGIN)
                                           ; SOURCE LINE # 247
                                           ; SOURCE LINE # 248
                                           ; SOURCE LINE # 249
                 E     CALL    CySetTemp
                                           ; SOURCE LINE # 250
             ?C0027:
                       RET     
             ; FUNCTION EEPROM_UpdateTemperature (END)

             ; FUNCTION _EEPROM_EraseSector (BEGIN)
                                           ; SOURCE LINE # 273
                 R     MOV     DPTR,#sectorNumber
                       MOV     A,R7
                       MOVX    @DPTR,A
                                           ; SOURCE LINE # 274
                                           ; SOURCE LINE # 277
                 E     CALL    CySpcStart
                                           ; SOURCE LINE # 279
                 R     MOV     DPTR,#sectorNumber
                       MOVX    A,@DPTR
                       CLR     C
                       SUBB    A,#02H
                 R     xJGE    ?C0028
                                           ; SOURCE LINE # 280
                                           ; SOURCE LINE # 282
                 E     CALL    CySpcLock
                       MOV     A,R7
                 R     xJNZ    ?C0029
                                           ; SOURCE LINE # 283
                                           ; SOURCE LINE # 284
                 R     MOV     DPTR,#sectorNumber
                       MOVX    A,@DPTR
                       MOV     R5,A
                       MOV     R7,#040H
                 E     CALL    _CySpcEraseSector
                       MOV     A,R7
                       XRL     A,#07H
                 R     xJNZ    ?C0030
                                           ; SOURCE LINE # 285
C51 COMPILER V9.51   EEPROM                                                                08/14/2026 10:16:39 PAGE 19  

                                           ; SOURCE LINE # 287
                 R     MOV     DPTR,#status
                       MOV     A,#0FFH
                       MOVX    @DPTR,A
             ?C0031:
                                           ; SOURCE LINE # 289
                       MOV     DPTR,#04722H
                       MOVX    A,@DPTR
                       ANL     A,#02H
                 R     xJZ     ?C0031
                                           ; SOURCE LINE # 290
                                           ; SOURCE LINE # 292
             ?C0032:
                                           ; SOURCE LINE # 295
                       MOV     DPTR,#04722H
                       MOVX    A,@DPTR
                       ANL     A,#02H
                 R     xJZ     ?C0034
                       MOVX    A,@DPTR
                       MOV     R7,A
                       RRC     A
                       RRC     A
                       ANL     A,#03FH
                       MOV     R7,A
                 R     xJMP    ?C0035
             ?C0034:
                       MOV     R7,#0FFH
             ?C0035:
                       MOV     A,R7
                 R     xJNZ    ?C0036
                                           ; SOURCE LINE # 296
                                           ; SOURCE LINE # 297
                 R     MOV     DPTR,#status
                       MOVX    @DPTR,A
                                           ; SOURCE LINE # 298
                                           ; SOURCE LINE # 299
                 R     xJMP    ?C0036
             ?C0030:
                                           ; SOURCE LINE # 301
                                           ; SOURCE LINE # 302
                 R     MOV     DPTR,#status
                       MOV     A,#0FFH
                       MOVX    @DPTR,A
                                           ; SOURCE LINE # 303
             ?C0036:
                                           ; SOURCE LINE # 306
                 E     CALL    CySpcUnlock
                                           ; SOURCE LINE # 307
                 R     xJMP    ?C0038
             ?C0029:
                                           ; SOURCE LINE # 309
                                           ; SOURCE LINE # 310
                 R     MOV     DPTR,#status
                       MOV     A,#04H
                       MOVX    @DPTR,A
                                           ; SOURCE LINE # 311
                                           ; SOURCE LINE # 312
                 R     xJMP    ?C0038
             ?C0028:
                                           ; SOURCE LINE # 314
                                           ; SOURCE LINE # 315
                 R     MOV     DPTR,#status
C51 COMPILER V9.51   EEPROM                                                                08/14/2026 10:16:39 PAGE 20  

                       MOV     A,#01H
                       MOVX    @DPTR,A
                                           ; SOURCE LINE # 316
             ?C0038:
                                           ; SOURCE LINE # 318
                 R     MOV     DPTR,#status
                       MOVX    A,@DPTR
                       MOV     R7,A
                                           ; SOURCE LINE # 319
             ?C0039:
                       RET     
             ; FUNCTION _EEPROM_EraseSector (END)

             ; FUNCTION _EEPROM_Write (BEGIN)
                                           ; SOURCE LINE # 345
                 R     MOV     DPTR,#rowData
                       MOV     A,R3
                       MOVX    @DPTR,A
                       INC     DPTR
                       MOV     A,R2
                       MOVX    @DPTR,A
                       INC     DPTR
                       MOV     A,R1
                       MOVX    @DPTR,A
                       INC     DPTR
                       MOV     A,R5
                       MOVX    @DPTR,A
                                           ; SOURCE LINE # 346
                                           ; SOURCE LINE # 349
                 E     CALL    CySpcStart
                                           ; SOURCE LINE # 351
                 R     MOV     DPTR,#rowNumber
                       MOVX    A,@DPTR
                       CLR     C
                       SUBB    A,#080H
                 R     xJGE    ?C0040
                                           ; SOURCE LINE # 352
                                           ; SOURCE LINE # 354
                 E     CALL    CySpcLock
                       MOV     A,R7
                 R     xJNZ    ?C0041
                                           ; SOURCE LINE # 355
                                           ; SOURCE LINE # 357
                 R     MOV     DPTR,#status
                       MOV     A,#0FFH
                       MOVX    @DPTR,A
                                           ; SOURCE LINE # 360
                 R     MOV     DPTR,#rowData
                       MOVX    A,@DPTR
                       MOV     R3,A
                       INC     DPTR
                       MOVX    A,@DPTR
                       MOV     R2,A
                       INC     DPTR
                       MOVX    A,@DPTR
                       MOV     R1,A
                 E     MOV     DPTR,#?_CySpcLoadRow?BYTE+04H
                       CLR     A
                       MOVX    @DPTR,A
                       INC     DPTR
                       MOV     A,#010H
                       MOVX    @DPTR,A
C51 COMPILER V9.51   EEPROM                                                                08/14/2026 10:16:39 PAGE 21  

                       MOV     R7,#040H
                 E     CALL    _CySpcLoadRow
                       MOV     A,R7
                       XRL     A,#07H
                 R     xJNZ    ?C0042
                                           ; SOURCE LINE # 361
             ?C0043:
                                           ; SOURCE LINE # 362
                       MOV     DPTR,#04722H
                       MOVX    A,@DPTR
                       ANL     A,#02H
                 R     xJZ     ?C0043
                                           ; SOURCE LINE # 363
                                           ; SOURCE LINE # 365
             ?C0044:
                                           ; SOURCE LINE # 368
                       MOV     DPTR,#04722H
                       MOVX    A,@DPTR
                       ANL     A,#02H
                 R     xJZ     ?C0046
                       MOVX    A,@DPTR
                       MOV     R7,A
                       RRC     A
                       RRC     A
                       ANL     A,#03FH
                       MOV     R7,A
                 R     xJMP    ?C0047
             ?C0046:
                       MOV     R7,#0FFH
             ?C0047:
                       MOV     A,R7
                 R     xJNZ    ?C0045
                                           ; SOURCE LINE # 369
                                           ; SOURCE LINE # 370
                 R     MOV     DPTR,#status
                       MOVX    @DPTR,A
                                           ; SOURCE LINE # 371
             ?C0045:
                                           ; SOURCE LINE # 374
                 R     MOV     DPTR,#status
                       MOVX    A,@DPTR
                 R     xJNZ    ?C0048
                                           ; SOURCE LINE # 375
                                           ; SOURCE LINE # 376
                 R     MOV     DPTR,#rowNumber
                       MOVX    A,@DPTR
                       MOV     R5,A
                       MOV     R4,#00H
                 E     MOV     DPTR,#dieTemperature
                       MOVX    A,@DPTR
                       MOV     R3,A
                       INC     DPTR
                       MOVX    A,@DPTR
                 E     MOV     DPTR,#?_CySpcWriteRow?BYTE+04H
                       MOVX    @DPTR,A
                       MOV     R7,#040H
                 E     CALL    _CySpcWriteRow
                       MOV     A,R7
                       XRL     A,#07H
                 R     xJNZ    ?C0049
                                           ; SOURCE LINE # 378
                                           ; SOURCE LINE # 380
C51 COMPILER V9.51   EEPROM                                                                08/14/2026 10:16:39 PAGE 22  

                 R     MOV     DPTR,#status
                       MOV     A,#0FFH
                       MOVX    @DPTR,A
             ?C0050:
                                           ; SOURCE LINE # 382
                       MOV     DPTR,#04722H
                       MOVX    A,@DPTR
                       ANL     A,#02H
                 R     xJZ     ?C0050
                                           ; SOURCE LINE # 383
                                           ; SOURCE LINE # 385
             ?C0051:
                                           ; SOURCE LINE # 388
                       MOV     DPTR,#04722H
                       MOVX    A,@DPTR
                       ANL     A,#02H
                 R     xJZ     ?C0053
                       MOVX    A,@DPTR
                       MOV     R7,A
                       RRC     A
                       RRC     A
                       ANL     A,#03FH
                       MOV     R7,A
                 R     xJMP    ?C0054
             ?C0053:
                       MOV     R7,#0FFH
             ?C0054:
                       MOV     A,R7
                 R     xJNZ    ?C0042
                                           ; SOURCE LINE # 389
                                           ; SOURCE LINE # 390
                 R     MOV     DPTR,#status
                       MOVX    @DPTR,A
                                           ; SOURCE LINE # 391
                                           ; SOURCE LINE # 392
                 R     xJMP    ?C0042
             ?C0049:
                                           ; SOURCE LINE # 394
                                           ; SOURCE LINE # 395
                 R     MOV     DPTR,#status
                       MOV     A,#0FFH
                       MOVX    @DPTR,A
                                           ; SOURCE LINE # 396
                                           ; SOURCE LINE # 397
                 R     xJMP    ?C0042
             ?C0048:
                                           ; SOURCE LINE # 399
                                           ; SOURCE LINE # 400
                 R     MOV     DPTR,#status
                       MOV     A,#0FFH
                       MOVX    @DPTR,A
                                           ; SOURCE LINE # 401
                                           ; SOURCE LINE # 402
             ?C0042:
                                           ; SOURCE LINE # 405
                 E     CALL    CySpcUnlock
                                           ; SOURCE LINE # 406
                 R     xJMP    ?C0058
             ?C0041:
                                           ; SOURCE LINE # 408
                                           ; SOURCE LINE # 409
                 R     MOV     DPTR,#status
C51 COMPILER V9.51   EEPROM                                                                08/14/2026 10:16:39 PAGE 23  

                       MOV     A,#04H
                       MOVX    @DPTR,A
                                           ; SOURCE LINE # 410
                                           ; SOURCE LINE # 411
                 R     xJMP    ?C0058
             ?C0040:
                                           ; SOURCE LINE # 413
                                           ; SOURCE LINE # 414
                 R     MOV     DPTR,#status
                       MOV     A,#01H
                       MOVX    @DPTR,A
                                           ; SOURCE LINE # 415
             ?C0058:
                                           ; SOURCE LINE # 417
                 R     MOV     DPTR,#status
                       MOVX    A,@DPTR
                       MOV     R7,A
                                           ; SOURCE LINE # 418
             ?C0059:
                       RET     
             ; FUNCTION _EEPROM_Write (END)

             ; FUNCTION _EEPROM_StartWrite (BEGIN)
                                           ; SOURCE LINE # 454
                 R     MOV     DPTR,#rowData
                       MOV     A,R3
                       MOVX    @DPTR,A
                       INC     DPTR
                       MOV     A,R2
                       MOVX    @DPTR,A
                       INC     DPTR
                       MOV     A,R1
                       MOVX    @DPTR,A
                       INC     DPTR
                       MOV     A,R5
                       MOVX    @DPTR,A
                                           ; SOURCE LINE # 456
                                           ; SOURCE LINE # 459
                 E     CALL    CySpcStart
                                           ; SOURCE LINE # 461
                 R     MOV     DPTR,#rowNumber
                       MOVX    A,@DPTR
                       CLR     C
                       SUBB    A,#080H
                 R     xJGE    ?C0060
                                           ; SOURCE LINE # 462
                                           ; SOURCE LINE # 464
                 E     CALL    CySpcLock
                       MOV     A,R7
                 R     xJNZ    ?C0061
                                           ; SOURCE LINE # 465
                                           ; SOURCE LINE # 467
                 R     MOV     DPTR,#status
                       MOV     A,#0FFH
                       MOVX    @DPTR,A
                                           ; SOURCE LINE # 470
                 R     MOV     DPTR,#rowData
                       MOVX    A,@DPTR
                       MOV     R3,A
                       INC     DPTR
                       MOVX    A,@DPTR
                       MOV     R2,A
C51 COMPILER V9.51   EEPROM                                                                08/14/2026 10:16:39 PAGE 24  

                       INC     DPTR
                       MOVX    A,@DPTR
                       MOV     R1,A
                 E     MOV     DPTR,#?_CySpcLoadRow?BYTE+04H
                       CLR     A
                       MOVX    @DPTR,A
                       INC     DPTR
                       MOV     A,#010H
                       MOVX    @DPTR,A
                       MOV     R7,#040H
                 E     CALL    _CySpcLoadRow
                       MOV     A,R7
                       XRL     A,#07H
                 R     xJNZ    ?C0073
                                           ; SOURCE LINE # 471
             ?C0063:
                                           ; SOURCE LINE # 472
                       MOV     DPTR,#04722H
                       MOVX    A,@DPTR
                       ANL     A,#02H
                 R     xJZ     ?C0063
                                           ; SOURCE LINE # 473
                                           ; SOURCE LINE # 475
             ?C0064:
                                           ; SOURCE LINE # 478
                       MOV     DPTR,#04722H
                       MOVX    A,@DPTR
                       ANL     A,#02H
                 R     xJZ     ?C0066
                       MOVX    A,@DPTR
                       MOV     R7,A
                       RRC     A
                       RRC     A
                       ANL     A,#03FH
                       MOV     R7,A
                 R     xJMP    ?C0067
             ?C0066:
                       MOV     R7,#0FFH
             ?C0067:
                       MOV     A,R7
                 R     xJNZ    ?C0065
                                           ; SOURCE LINE # 479
                                           ; SOURCE LINE # 480
                 R     MOV     DPTR,#status
                       MOVX    @DPTR,A
                                           ; SOURCE LINE # 481
             ?C0065:
                                           ; SOURCE LINE # 484
                 R     MOV     DPTR,#status
                       MOVX    A,@DPTR
                 R     xJNZ    ?C0068
                                           ; SOURCE LINE # 485
                                           ; SOURCE LINE # 486
                 R     MOV     DPTR,#rowNumber
                       MOVX    A,@DPTR
                       MOV     R5,A
                       MOV     R4,#00H
                 E     MOV     DPTR,#dieTemperature
                       MOVX    A,@DPTR
                       MOV     R3,A
                       INC     DPTR
                       MOVX    A,@DPTR
C51 COMPILER V9.51   EEPROM                                                                08/14/2026 10:16:39 PAGE 25  

                 E     MOV     DPTR,#?_CySpcWriteRow?BYTE+04H
                       MOVX    @DPTR,A
                       MOV     R7,#040H
                 E     CALL    _CySpcWriteRow
                       MOV     A,R7
                 R     xJNE    A,#07H,?C0069
                                           ; SOURCE LINE # 488
                                           ; SOURCE LINE # 489
                 R     MOV     DPTR,#status
                       MOV     A,#07H
                       MOVX    @DPTR,A
                                           ; SOURCE LINE # 490
                 R     xJMP    ?C0073
             ?C0069:
                                           ; SOURCE LINE # 492
                                           ; SOURCE LINE # 493
                 R     MOV     DPTR,#status
                       MOV     A,#0FFH
                       MOVX    @DPTR,A
                                           ; SOURCE LINE # 494
                                           ; SOURCE LINE # 495
                 R     xJMP    ?C0073
             ?C0068:
                                           ; SOURCE LINE # 497
                                           ; SOURCE LINE # 498
                 R     MOV     DPTR,#status
                       MOV     A,#0FFH
                       MOVX    @DPTR,A
                                           ; SOURCE LINE # 499
                                           ; SOURCE LINE # 500
                                           ; SOURCE LINE # 501
                 R     xJMP    ?C0073
             ?C0061:
                                           ; SOURCE LINE # 503
                                           ; SOURCE LINE # 504
                 R     MOV     DPTR,#status
                       MOV     A,#04H
                       MOVX    @DPTR,A
                                           ; SOURCE LINE # 505
                                           ; SOURCE LINE # 506
                 R     xJMP    ?C0073
             ?C0060:
                                           ; SOURCE LINE # 508
                                           ; SOURCE LINE # 509
                 R     MOV     DPTR,#status
                       MOV     A,#01H
                       MOVX    @DPTR,A
                                           ; SOURCE LINE # 510
             ?C0073:
                                           ; SOURCE LINE # 512
                 R     MOV     DPTR,#status
                       MOVX    A,@DPTR
                       MOV     R7,A
                                           ; SOURCE LINE # 513
             ?C0074:
                       RET     
             ; FUNCTION _EEPROM_StartWrite (END)

             ; FUNCTION _EEPROM_StartErase (BEGIN)
                                           ; SOURCE LINE # 546
                 R     MOV     DPTR,#sectorNumber
                       MOV     A,R7
C51 COMPILER V9.51   EEPROM                                                                08/14/2026 10:16:39 PAGE 26  

                       MOVX    @DPTR,A
                                           ; SOURCE LINE # 547
                                           ; SOURCE LINE # 550
                 E     CALL    CySpcStart
                                           ; SOURCE LINE # 552
                 R     MOV     DPTR,#sectorNumber
                       MOVX    A,@DPTR
                       CLR     C
                       SUBB    A,#01H
                 R     xJGE    ?C0075
                                           ; SOURCE LINE # 553
                                           ; SOURCE LINE # 555
                 E     CALL    CySpcLock
                       MOV     A,R7
                 R     xJNZ    ?C0076
                                           ; SOURCE LINE # 556
                                           ; SOURCE LINE # 558
                 R     MOV     DPTR,#status
                       MOV     A,#0FFH
                       MOVX    @DPTR,A
                                           ; SOURCE LINE # 561
                 R     MOV     DPTR,#sectorNumber
                       MOVX    A,@DPTR
                       MOV     R5,A
                       MOV     R7,#040H
                 E     CALL    _CySpcEraseSector
                       MOV     A,R7
                 R     xJNE    A,#07H,?C0079
                                           ; SOURCE LINE # 562
                                           ; SOURCE LINE # 563
                       CLR     A
                 R     MOV     DPTR,#status
                       MOVX    @DPTR,A
                                           ; SOURCE LINE # 564
                                           ; SOURCE LINE # 565
                 R     xJMP    ?C0079
             ?C0076:
                                           ; SOURCE LINE # 567
                                           ; SOURCE LINE # 568
                 R     MOV     DPTR,#status
                       MOV     A,#04H
                       MOVX    @DPTR,A
                                           ; SOURCE LINE # 569
                                           ; SOURCE LINE # 570
                 R     xJMP    ?C0079
             ?C0075:
                                           ; SOURCE LINE # 572
                                           ; SOURCE LINE # 573
                 R     MOV     DPTR,#status
                       MOV     A,#01H
                       MOVX    @DPTR,A
                                           ; SOURCE LINE # 574
             ?C0079:
                                           ; SOURCE LINE # 576
                 R     MOV     DPTR,#status
                       MOVX    A,@DPTR
                       MOV     R7,A
                                           ; SOURCE LINE # 577
             ?C0080:
                       RET     
             ; FUNCTION _EEPROM_StartErase (END)

C51 COMPILER V9.51   EEPROM                                                                08/14/2026 10:16:39 PAGE 27  

             ; FUNCTION EEPROM_Query (BEGIN)
                                           ; SOURCE LINE # 600
                                           ; SOURCE LINE # 601
                                           ; SOURCE LINE # 604
                 E     CALL    CySpcStart
                                           ; SOURCE LINE # 607
                       MOV     DPTR,#04722H
                       MOVX    A,@DPTR
                       ANL     A,#02H
                 R     xJZ     ?C0081
                                           ; SOURCE LINE # 608
                                           ; SOURCE LINE # 610
                       MOVX    A,@DPTR
                       ANL     A,#02H
                 R     xJZ     ?C0083
                       MOVX    A,@DPTR
                       MOV     R7,A
                       RRC     A
                       RRC     A
                       ANL     A,#03FH
                       MOV     R7,A
                 R     xJMP    ?C0084
             ?C0083:
                       MOV     R7,#0FFH
             ?C0084:
                       MOV     A,R7
                 R     xJNZ    ?C0082
                                           ; SOURCE LINE # 611
                                           ; SOURCE LINE # 612
                 R     MOV     DPTR,#status
                       MOVX    @DPTR,A
                                           ; SOURCE LINE # 613
                 R     xJMP    ?C0085
             ?C0082:
                                           ; SOURCE LINE # 615
                                           ; SOURCE LINE # 616
                 R     MOV     DPTR,#status
                       MOV     A,#0FFH
                       MOVX    @DPTR,A
                                           ; SOURCE LINE # 617
             ?C0085:
                                           ; SOURCE LINE # 620
                 E     CALL    CySpcUnlock
                                           ; SOURCE LINE # 621
                 R     xJMP    ?C0086
             ?C0081:
                                           ; SOURCE LINE # 623
                                           ; SOURCE LINE # 624
                 R     MOV     DPTR,#status
                       MOV     A,#07H
                       MOVX    @DPTR,A
                                           ; SOURCE LINE # 625
             ?C0086:
                                           ; SOURCE LINE # 627
                 R     MOV     DPTR,#status
                       MOVX    A,@DPTR
                       MOV     R7,A
                                           ; SOURCE LINE # 628
             ?C0087:
                       RET     
             ; FUNCTION EEPROM_Query (END)

C51 COMPILER V9.51   EEPROM                                                                08/14/2026 10:16:39 PAGE 28  

             ; FUNCTION _EEPROM_ByteWritePos (BEGIN)
                                           ; SOURCE LINE # 651
                 R     MOV     DPTR,#dataByte
                       MOV     A,R7
                       MOVX    @DPTR,A
                       INC     DPTR
                       MOV     A,R5
                       MOVX    @DPTR,A
                       INC     DPTR
                       MOV     A,R3
                       MOVX    @DPTR,A
                                           ; SOURCE LINE # 653
                                           ; SOURCE LINE # 657
                 E     CALL    CySpcStart
                                           ; SOURCE LINE # 659
                 R     MOV     DPTR,#rowNumber
                       MOVX    A,@DPTR
                       CLR     C
                       SUBB    A,#080H
                 R     xJGE    ?C0088
                       INC     DPTR
                       MOVX    A,@DPTR
                       CLR     C
                       SUBB    A,#010H
                 R     xJGE    ?C0088
                                           ; SOURCE LINE # 660
                                           ; SOURCE LINE # 662
                 E     CALL    CySpcLock
                       MOV     A,R7
                 R     xJNZ    ?C0089
                                           ; SOURCE LINE # 663
                                           ; SOURCE LINE # 665
                 R     MOV     DPTR,#status
                       MOV     A,#0FFH
                       MOVX    @DPTR,A
                                           ; SOURCE LINE # 668
                 R     MOV     DPTR,#byteNumber
                       MOVX    A,@DPTR
                       MOV     R5,A
                       MOV     R4,#00H
                       MOV     R3,#01H
                 R     MOV     R2,#HIGH dataByte
                 R     MOV     R1,#LOW dataByte
                 E     MOV     DPTR,#?_CySpcLoadMultiByte?BYTE+06H
                       MOV     A,#01H
                       MOVX    @DPTR,A
                       MOV     R7,#040H
                 E     CALL    _CySpcLoadMultiByte
                       MOV     A,R7
                       XRL     A,#07H
                 R     xJNZ    ?C0090
                                           ; SOURCE LINE # 670
             ?C0091:
                                           ; SOURCE LINE # 671
                       MOV     DPTR,#04722H
                       MOVX    A,@DPTR
                       ANL     A,#02H
                 R     xJZ     ?C0091
                                           ; SOURCE LINE # 672
                                           ; SOURCE LINE # 674
             ?C0092:
                                           ; SOURCE LINE # 677
C51 COMPILER V9.51   EEPROM                                                                08/14/2026 10:16:39 PAGE 29  

                       MOV     DPTR,#04722H
                       MOVX    A,@DPTR
                       ANL     A,#02H
                 R     xJZ     ?C0094
                       MOVX    A,@DPTR
                       MOV     R7,A
                       RRC     A
                       RRC     A
                       ANL     A,#03FH
                       MOV     R7,A
                 R     xJMP    ?C0095
             ?C0094:
                       MOV     R7,#0FFH
             ?C0095:
                       MOV     A,R7
                 R     xJNZ    ?C0093
                                           ; SOURCE LINE # 678
                                           ; SOURCE LINE # 679
                 R     MOV     DPTR,#status
                       MOVX    @DPTR,A
                                           ; SOURCE LINE # 680
             ?C0093:
                                           ; SOURCE LINE # 683
                 R     MOV     DPTR,#status
                       MOVX    A,@DPTR
                 R     xJNZ    ?C0096
                                           ; SOURCE LINE # 684
                                           ; SOURCE LINE # 685
                 R     MOV     DPTR,#rowNumber
                       MOVX    A,@DPTR
                       MOV     R5,A
                       MOV     R4,#00H
                 E     MOV     DPTR,#dieTemperature
                       MOVX    A,@DPTR
                       MOV     R3,A
                       INC     DPTR
                       MOVX    A,@DPTR
                 E     MOV     DPTR,#?_CySpcWriteRow?BYTE+04H
                       MOVX    @DPTR,A
                       MOV     R7,#040H
                 E     CALL    _CySpcWriteRow
                       MOV     A,R7
                       XRL     A,#07H
                 R     xJNZ    ?C0097
                                           ; SOURCE LINE # 687
                                           ; SOURCE LINE # 689
                 R     MOV     DPTR,#status
                       MOV     A,#0FFH
                       MOVX    @DPTR,A
             ?C0098:
                                           ; SOURCE LINE # 691
                       MOV     DPTR,#04722H
                       MOVX    A,@DPTR
                       ANL     A,#02H
                 R     xJZ     ?C0098
                                           ; SOURCE LINE # 692
                                           ; SOURCE LINE # 694
             ?C0099:
                                           ; SOURCE LINE # 697
                       MOV     DPTR,#04722H
                       MOVX    A,@DPTR
                       ANL     A,#02H
C51 COMPILER V9.51   EEPROM                                                                08/14/2026 10:16:39 PAGE 30  

                 R     xJZ     ?C0101
                       MOVX    A,@DPTR
                       MOV     R7,A
                       RRC     A
                       RRC     A
                       ANL     A,#03FH
                       MOV     R7,A
                 R     xJMP    ?C0102
             ?C0101:
                       MOV     R7,#0FFH
             ?C0102:
                       MOV     A,R7
                 R     xJNZ    ?C0090
                                           ; SOURCE LINE # 698
                                           ; SOURCE LINE # 699
                 R     MOV     DPTR,#status
                       MOVX    @DPTR,A
                                           ; SOURCE LINE # 700
                                           ; SOURCE LINE # 701
                 R     xJMP    ?C0090
             ?C0097:
                                           ; SOURCE LINE # 703
                                           ; SOURCE LINE # 704
                 R     MOV     DPTR,#status
                       MOV     A,#0FFH
                       MOVX    @DPTR,A
                                           ; SOURCE LINE # 705
                                           ; SOURCE LINE # 706
                 R     xJMP    ?C0090
             ?C0096:
                                           ; SOURCE LINE # 708
                                           ; SOURCE LINE # 709
                 R     MOV     DPTR,#status
                       MOV     A,#0FFH
                       MOVX    @DPTR,A
                                           ; SOURCE LINE # 710
                                           ; SOURCE LINE # 711
             ?C0090:
                                           ; SOURCE LINE # 714
                 E     CALL    CySpcUnlock
                                           ; SOURCE LINE # 715
                 R     xJMP    ?C0106
             ?C0089:
                                           ; SOURCE LINE # 717
                                           ; SOURCE LINE # 718
                 R     MOV     DPTR,#status
                       MOV     A,#04H
                       MOVX    @DPTR,A
                                           ; SOURCE LINE # 719
                                           ; SOURCE LINE # 720
                 R     xJMP    ?C0106
             ?C0088:
                                           ; SOURCE LINE # 722
                                           ; SOURCE LINE # 723
                 R     MOV     DPTR,#status
                       MOV     A,#01H
                       MOVX    @DPTR,A
                                           ; SOURCE LINE # 724
             ?C0106:
                                           ; SOURCE LINE # 726
                 R     MOV     DPTR,#status
                       MOVX    A,@DPTR
C51 COMPILER V9.51   EEPROM                                                                08/14/2026 10:16:39 PAGE 31  

                       MOV     R7,A
                                           ; SOURCE LINE # 727
             ?C0107:
                       RET     
             ; FUNCTION _EEPROM_ByteWritePos (END)



MODULE INFORMATION:   STATIC OVERLAYABLE
   CODE SIZE        =   1418    ----
   CONSTANT SIZE    =   ----    ----
   XDATA SIZE       =   ----      31
   PDATA SIZE       =   ----    ----
   DATA SIZE        =   ----    ----
   IDATA SIZE       =   ----    ----
   BIT SIZE         =   ----    ----
   EDATA SIZE       =   ----    ----
   HDATA SIZE       =   ----    ----
   XDATA CONST SIZE =   ----    ----
   FAR CONST SIZE   =   ----    ----
END OF MODULE INFORMATION.


C51 COMPILATION COMPLETE.  0 WARNING(S),  0 ERROR(S)
