C51 COMPILER V9.51   RXI2S_STAGE_DMA                                                       08/14/2026 10:16:38 PAGE 1   


C51 COMPILER V9.51, COMPILATION OF MODULE RXI2S_STAGE_DMA
OBJECT MODULE PLACED IN .\DP8051\DP8051_Keil_951\Debug\RxI2S_Stage_dma.obj
COMPILER INVOKED BY: C:\Program Files (x86)\Cypress\PSoC Creator\4.2\PSoC Creator\import\keil\pk51\9.51\C51\BIN\c51.exe 
                    -Generated_Source\PSoC3\RxI2S_Stage_dma.c NOIV LARGE MODDP2 OMF2 VB(1) NOIP INCDIR(.,Generated_Source\PSoC3) FF(3) DB WL(
                    -2) PR(.\DP8051\DP8051_Keil_951\Debug/RxI2S_Stage_dma.lst) CD OT(5,SPEED) OA OJ(.\DP8051\DP8051_Keil_951\Debug\RxI2S_Stag
                    -e_dma.obj)

line level    source

   1          /***************************************************************************
   2          * File Name: RxI2S_Stage_dma.c  
   3          * Version 1.70
   4          *
   5          *  Description:
   6          *   Provides an API for the DMAC component. The API includes functions
   7          *   for the DMA controller, DMA channels and Transfer Descriptors.
   8          *
   9          *
  10          *   Note:
  11          *     This module requires the developer to finish or fill in the auto
  12          *     generated funcions and setup the dma channel and TD's.
  13          *
  14          ********************************************************************************
  15          * Copyright 2008-2010, Cypress Semiconductor Corporation.  All rights reserved.
  16          * You may use this file only in accordance with the license, terms, conditions, 
  17          * disclaimers, and limitations in the end user license agreement accompanying 
  18          * the software package with which this file was provided.
  19          ********************************************************************************/
  20          #include <CYLIB.H>
  21          #include <CYDMAC.H>
  22          #include <RxI2S_Stage_dma.H>
  23          
  24          
  25          
  26          /****************************************************************************
  27          * 
  28          * The following defines are available in Cyfitter.h
  29          * 
  30          * 
  31          * 
  32          * RxI2S_Stage__DRQ_CTL_REG
  33          * 
  34          * 
  35          * RxI2S_Stage__DRQ_NUMBER
  36          * 
  37          * Number of TD's used by this channel.
  38          * RxI2S_Stage__NUMBEROF_TDS
  39          * 
  40          * Priority of this channel.
  41          * RxI2S_Stage__PRIORITY
  42          * 
  43          * True if RxI2S_Stage_TERMIN_SEL is used.
  44          * RxI2S_Stage__TERMIN_EN
  45          * 
  46          * TERMIN interrupt line to signal terminate.
  47          * RxI2S_Stage__TERMIN_SEL
  48          * 
  49          * 
  50          * True if RxI2S_Stage_TERMOUT0_SEL is used.
  51          * RxI2S_Stage__TERMOUT0_EN
  52          * 
C51 COMPILER V9.51   RXI2S_STAGE_DMA                                                       08/14/2026 10:16:38 PAGE 2   

  53          * 
  54          * TERMOUT0 interrupt line to signal completion.
  55          * RxI2S_Stage__TERMOUT0_SEL
  56          * 
  57          * 
  58          * True if RxI2S_Stage_TERMOUT1_SEL is used.
  59          * RxI2S_Stage__TERMOUT1_EN
  60          * 
  61          * 
  62          * TERMOUT1 interrupt line to signal completion.
  63          * RxI2S_Stage__TERMOUT1_SEL
  64          * 
  65          ****************************************************************************/
  66          
  67          
  68          /* Zero based index of RxI2S_Stage dma channel */
  69          uint8 RxI2S_Stage_DmaHandle = DMA_INVALID_CHANNEL;
  70          
  71          /*********************************************************************
  72          * Function Name: uint8 RxI2S_Stage_DmaInitalize
  73          **********************************************************************
  74          * Summary:
  75          *   Allocates and initialises a channel of the DMAC to be used by the
  76          *   caller.
  77          *
  78          * Parameters:
  79          *   BurstCount.
  80          *       
  81          *       
  82          *   ReqestPerBurst.
  83          *       
  84          *       
  85          *   UpperSrcAddress.
  86          *       
  87          *       
  88          *   UpperDestAddress.
  89          *       
  90          *
  91          * Return:
  92          *   The channel that can be used by the caller for DMA activity.
  93          *   DMA_INVALID_CHANNEL (0xFF) if there are no channels left. 
  94          *
  95          *
  96          *******************************************************************/
  97          uint8 RxI2S_Stage_DmaInitialize(uint8 BurstCount, uint8 ReqestPerBurst, uint16 UpperSrcAddress, uint16 Upp
             -erDestAddress) 
  98          {
  99   1      
 100   1          /* Allocate a DMA channel. */
 101   1          RxI2S_Stage_DmaHandle = (uint8)RxI2S_Stage__DRQ_NUMBER;
 102   1      
 103   1          /* Configure the channel. */
 104   1          (void)CyDmaChSetConfiguration(RxI2S_Stage_DmaHandle,
 105   1                                        BurstCount,
 106   1                                        ReqestPerBurst,
 107   1                                        (uint8)RxI2S_Stage__TERMOUT0_SEL,
 108   1                                        (uint8)RxI2S_Stage__TERMOUT1_SEL,
 109   1                                        (uint8)RxI2S_Stage__TERMIN_SEL);
 110   1      
 111   1          /* Set the extended address for the transfers */
 112   1          (void)CyDmaChSetExtendedAddress(RxI2S_Stage_DmaHandle, UpperSrcAddress, UpperDestAddress);
 113   1      
C51 COMPILER V9.51   RXI2S_STAGE_DMA                                                       08/14/2026 10:16:38 PAGE 3   

 114   1          /* Set the priority for this channel */
 115   1          (void)CyDmaChPriority(RxI2S_Stage_DmaHandle, (uint8)RxI2S_Stage__PRIORITY);
 116   1          
 117   1          return RxI2S_Stage_DmaHandle;
 118   1      }
 119          
 120          /*********************************************************************
 121          * Function Name: void RxI2S_Stage_DmaRelease
 122          **********************************************************************
 123          * Summary:
 124          *   Frees the channel associated with RxI2S_Stage.
 125          *
 126          *
 127          * Parameters:
 128          *   void.
 129          *
 130          *
 131          *
 132          * Return:
 133          *   void.
 134          *
 135          *******************************************************************/
 136          void RxI2S_Stage_DmaRelease(void) 
 137          {
 138   1          /* Disable the channel */
 139   1          (void)CyDmaChDisable(RxI2S_Stage_DmaHandle);
 140   1      }
 141          
C51 COMPILER V9.51   RXI2S_STAGE_DMA                                                       08/14/2026 10:16:38 PAGE 4   

ASSEMBLY LISTING OF GENERATED OBJECT CODE


             ; FUNCTION _RxI2S_Stage_DmaInitialize (BEGIN)
                                           ; SOURCE LINE # 97
                 R     MOV     DPTR,#UpperSrcAddress
                       MOV     A,R2
                       MOVX    @DPTR,A
                       INC     DPTR
                       MOV     A,R3
                       MOVX    @DPTR,A
;---- Variable 'ReqestPerBurst' assigned to Register 'R6' ----
                       MOV     R6,AR5
;---- Variable 'BurstCount' assigned to Register 'R7' ----
                                           ; SOURCE LINE # 98
                                           ; SOURCE LINE # 101
                 R     MOV     DPTR,#RxI2S_Stage_DmaHandle
                       MOV     A,#04H
                       MOVX    @DPTR,A
                                           ; SOURCE LINE # 109
                       MOV     R5,AR7
                       MOV     R7,AR6
                       MOV     R3,AR7
                 E     MOV     DPTR,#?_CyDmaChSetConfiguration?BYTE+03H
                       MOVX    @DPTR,A
                       CLR     A
                       INC     DPTR
                       MOVX    @DPTR,A
                       INC     DPTR
                       MOVX    @DPTR,A
                       MOV     R7,#04H
                 E     CALL    _CyDmaChSetConfiguration
                                           ; SOURCE LINE # 112
                 R     MOV     DPTR,#RxI2S_Stage_DmaHandle
                       MOVX    A,@DPTR
                       MOV     R7,A
                 R     MOV     DPTR,#UpperSrcAddress
                       MOVX    A,@DPTR
                       MOV     R4,A
                       INC     DPTR
                       MOVX    A,@DPTR
                       MOV     R5,A
                       INC     DPTR
                       MOVX    A,@DPTR
                       MOV     R2,A
                       INC     DPTR
                       MOVX    A,@DPTR
                       MOV     R3,A
                 E     CALL    _CyDmaChSetExtendedAddress
                                           ; SOURCE LINE # 115
                 R     MOV     DPTR,#RxI2S_Stage_DmaHandle
                       MOVX    A,@DPTR
                       MOV     R7,A
                       MOV     R5,#01H
                 E     CALL    _CyDmaChPriority
                                           ; SOURCE LINE # 117
                 R     MOV     DPTR,#RxI2S_Stage_DmaHandle
                       MOVX    A,@DPTR
                       MOV     R7,A
                                           ; SOURCE LINE # 118
             ?C0001:
                       RET     
C51 COMPILER V9.51   RXI2S_STAGE_DMA                                                       08/14/2026 10:16:38 PAGE 5   

             ; FUNCTION _RxI2S_Stage_DmaInitialize (END)

             ; FUNCTION RxI2S_Stage_DmaRelease (BEGIN)
                                           ; SOURCE LINE # 136
                                           ; SOURCE LINE # 137
                                           ; SOURCE LINE # 139
                 R     MOV     DPTR,#RxI2S_Stage_DmaHandle
                       MOVX    A,@DPTR
                       MOV     R7,A
                 E     CALL    _CyDmaChDisable
                                           ; SOURCE LINE # 140
                       RET     
             ; FUNCTION RxI2S_Stage_DmaRelease (END)



MODULE INFORMATION:   STATIC OVERLAYABLE
   CODE SIZE        =     83    ----
   CONSTANT SIZE    =   ----    ----
   XDATA SIZE       =      1       6
   PDATA SIZE       =   ----    ----
   DATA SIZE        =   ----    ----
   IDATA SIZE       =   ----    ----
   BIT SIZE         =   ----    ----
   EDATA SIZE       =   ----    ----
   HDATA SIZE       =   ----    ----
   XDATA CONST SIZE =   ----    ----
   FAR CONST SIZE   =   ----    ----
END OF MODULE INFORMATION.


C51 COMPILATION COMPLETE.  0 WARNING(S),  0 ERROR(S)
