C51 COMPILER V9.51   USBFS_AUDIO                                                           08/17/2026 08:43:01 PAGE 1   


C51 COMPILER V9.51, COMPILATION OF MODULE USBFS_AUDIO
OBJECT MODULE PLACED IN .\DP8051\DP8051_Keil_951\Debug\USBFS_audio.obj
COMPILER INVOKED BY: C:\Program Files (x86)\Cypress\PSoC Creator\4.4\PSoC Creator\import\keil\pk51\9.51\C51\BIN\c51.exe 
                    -Generated_Source\PSoC3\USBFS_audio.c NOIV LARGE MODDP2 OMF2 VB(1) NOIP INCDIR(.,Generated_Source\PSoC3) FF(3) DB WL(2) P
                    -R(.\DP8051\DP8051_Keil_951\Debug/USBFS_audio.lst) CD OT(5,SPEED) OA OJ(.\DP8051\DP8051_Keil_951\Debug\USBFS_audio.obj)

line level    source

   1          /***************************************************************************//**
   2          * \file USBFS_audio.c
   3          * \version 3.20
   4          *
   5          * \brief
   6          *  This file contains the USB AUDIO Class request handler.
   7          *
   8          * Related Document:
   9          *  Universal Serial Bus Device Class Definition for Audio Devices Release 1.0
  10          *
  11          ********************************************************************************
  12          * \copyright
  13          * Copyright 2008-2016, Cypress Semiconductor Corporation.  All rights reserved.
  14          * You may use this file only in accordance with the license, terms, conditions,
  15          * disclaimers, and limitations in the end user license agreement accompanying
  16          * the software package with which this file was provided.
  17          *******************************************************************************/
  18          
  19          #include "USBFS_audio.h"
  20          #include "USBFS_pvt.h"
  21          
  22          
  23          #if defined(USBFS_ENABLE_AUDIO_CLASS)
  24          
  25          /***************************************
  26          * Custom Declarations
  27          ***************************************/
  28          
  29          /* `#START CUSTOM_DECLARATIONS` Place your declaration here */
  30          
  31          /* `#END` */
  32          
  33          
  34          #if !defined(USER_SUPPLIED_AUDIO_HANDLER)
  35          
  36          /***************************************
  37          *    AUDIO Variables
  38          ***************************************/
  39          
  40          #if defined(USBFS_ENABLE_AUDIO_STREAMING)
  41              /** Contains the current audio sample frequency. It is set by the host using a SET_CUR request to the 
             -endpoint.*/
  42              volatile uint8 USBFS_currentSampleFrequency[USBFS_MAX_EP][USBFS_SAMPLE_FREQ_LEN];
  43              /** Used as a flag for the user code, to inform it that the host has been sent a request 
  44               * to change the sample frequency. The sample frequency will be sent on the next OUT transaction. 
  45               * It contains the endpoint address when set. The following code is recommended for 
  46               * detecting new sample frequency in main code:
  47               * \snippet  /USBFS_sut_02.cydsn/main.c Detecting new Sample Frequency
  48               *     
  49               * The USBFS_transferState variable is checked to make sure that the transfer completes. */
  50              volatile uint8 USBFS_frequencyChanged;
  51              /** Contains the mute configuration set by the host.*/
  52              volatile uint8 USBFS_currentMute;
C51 COMPILER V9.51   USBFS_AUDIO                                                           08/17/2026 08:43:01 PAGE 2   

  53              /** Contains the volume level set by the host.*/
  54              volatile uint8 USBFS_currentVolume[USBFS_VOLUME_LEN];
  55              volatile uint8 USBFS_minimumVolume[USBFS_VOLUME_LEN] = {USBFS_VOL_MIN_LSB,
  56                                                                                            USBFS_VOL_MIN_MSB};
  57              volatile uint8 USBFS_maximumVolume[USBFS_VOLUME_LEN] = {USBFS_VOL_MAX_LSB,
  58                                                                                            USBFS_VOL_MAX_MSB};
  59              volatile uint8 USBFS_resolutionVolume[USBFS_VOLUME_LEN] = {USBFS_VOL_RES_LSB,
  60                                                                                               USBFS_VOL_RES_MSB};
  61          #endif /*  USBFS_ENABLE_AUDIO_STREAMING */
  62          
  63          
  64          /*******************************************************************************
  65          * Function Name: USBFS_DispatchAUDIOClassRqst
  66          ****************************************************************************//**
  67          *
  68          *  This routine dispatches class requests
  69          *
  70          * \return
  71          *  Results of Audio Class request handling: 
  72          *  - USBFS_TRUE  - request was handled without errors
  73          *  - USBFS_FALSE - error occurs during handling of request     
  74          *
  75          * \globalvars
  76          *   USBFS_currentSampleFrequency: Contains the current audio Sample
  77          *       Frequency. It is set by the Host using SET_CUR request to the endpoint.
  78          *   USBFS_frequencyChanged: This variable is used as a flag for the
  79          *       user code, to be aware that Host has been sent request for changing
  80          *       Sample Frequency. Sample frequency will be sent on the next OUT
  81          *       transaction. It is contains endpoint address when set. The following
  82          *       code is recommended for detecting new Sample Frequency in main code:
  83          *       
  84          *  \snippet  /USBFS_sut_02.cydsn/main.c Detecting new Sample Frequency
  85          *      
  86          *   USBFS_transferState variable is checked to be sure that transfer
  87          *              completes.
  88          *   USBFS_currentMute: Contains mute configuration set by Host.
  89          *   USBFS_currentVolume: Contains volume level set by Host.
  90          *
  91          * \reentrant
  92          *  No.
  93          *
  94          *******************************************************************************/
  95          uint8 USBFS_DispatchAUDIOClassRqst(void) 
  96          {
  97   1          uint8 requestHandled = USBFS_FALSE;
  98   1          
  99   1          uint8 RqstRcpt = (uint8)(USBFS_bmRequestTypeReg & USBFS_RQST_RCPT_MASK);
 100   1      #if defined(USBFS_ENABLE_AUDIO_STREAMING)
 101   1          uint8 wValueHi = (uint8) USBFS_wValueHiReg;
 102   1          uint8 epNumber = (uint8) USBFS_wIndexLoReg & USBFS_DIR_UNUSED;
 103   1      #endif /* (USBFS_ENABLE_AUDIO_STREAMING) */
 104   1          
 105   1          /* Check request direction: D2H or H2D. */
 106   1          if (0u != (USBFS_bmRequestTypeReg & USBFS_RQST_DIR_D2H))
 107   1          {
 108   2              /* Handle direction from device to host. */
 109   2              
 110   2              if (USBFS_RQST_RCPT_EP == RqstRcpt)
 111   2              {
 112   3                  /* Request recipient is to endpoint. */
 113   3                  switch (USBFS_bRequestReg)
 114   3                  {
C51 COMPILER V9.51   USBFS_AUDIO                                                           08/17/2026 08:43:01 PAGE 3   

 115   4                      case USBFS_GET_CUR:
 116   4                      #if defined(USBFS_ENABLE_AUDIO_STREAMING)
 117   4                          if (wValueHi == USBFS_SAMPLING_FREQ_CONTROL)
 118   4                          {
 119   5                               /* point Control Selector is Sampling Frequency */
 120   5                              USBFS_currentTD.wCount = USBFS_SAMPLE_FREQ_LEN;
 121   5                              USBFS_currentTD.pData  = USBFS_currentSampleFrequency[epNumber];
 122   5                              
 123   5                              requestHandled   = USBFS_InitControlRead();
 124   5                          }
 125   4                      #endif /* (USBFS_ENABLE_AUDIO_STREAMING) */
 126   4                      
 127   4                          /* `#START AUDIO_READ_REQUESTS` Place other request handler here */
 128   4      
 129   4                          /* `#END` */
 130   4                      
 131   4                      #ifdef USBFS_DISPATCH_AUDIO_CLASS_AUDIO_READ_REQUESTS_CALLBACK    
                                  USBFS_DispatchAUDIOClass_AUDIO_READ_REQUESTS_Callback();
                              #endif /* (USBFS_DISPATCH_AUDIO_CLASS_AUDIO_READ_REQUESTS_CALLBACK) */                   
 134   4                      break;
 135   4                      
 136   4                      default:
 137   4                          /* Do not handle this request unless callback is defined. */
 138   4                          break;
 139   4                  }
 140   3              
 141   3              }
 142   2              else if (USBFS_RQST_RCPT_IFC == RqstRcpt)
 143   2              {
 144   3                  /* Request recipient is interface or entity ID. */
 145   3                  switch (USBFS_bRequestReg)
 146   3                  {
 147   4                      case USBFS_GET_CUR:
 148   4                      #if defined(USBFS_ENABLE_AUDIO_STREAMING)
 149   4                          if (wValueHi == USBFS_MUTE_CONTROL)
 150   4                          {
 151   5                              /* `#START MUTE_CONTROL_GET_REQUEST` Place multi-channel handler here */
 152   5      
 153   5                              /* `#END` */
 154   5      
 155   5                          #ifdef USBFS_DISPATCH_AUDIO_CLASS_MUTE_CONTROL_GET_REQUEST_CALLBACK
                                      USBFS_DispatchAUDIOClass_MUTE_CONTROL_GET_REQUEST_Callback();
                                  #endif /* (USBFS_DISPATCH_AUDIO_CLASS_MUTE_CONTROL_GET_REQUEST_CALLBACK) */
 158   5      
 159   5                              /* Entity ID Control Selector is MUTE */
 160   5                              USBFS_currentTD.wCount = 1u;
 161   5                              USBFS_currentTD.pData  = &USBFS_currentMute;
 162   5                              
 163   5                              requestHandled = USBFS_InitControlRead();
 164   5                          }
 165   4                          else if (wValueHi == USBFS_VOLUME_CONTROL)
 166   4                          {
 167   5                              /* `#START VOLUME_CONTROL_GET_REQUEST` Place multi-channel handler here */
 168   5      
 169   5                              /* `#END` */
 170   5      
 171   5                          #ifdef USBFS_DISPATCH_AUDIO_CLASS_VOLUME_CONTROL_GET_REQUEST_CALLBACK
                                      USBFS_DispatchAUDIOClass_VOLUME_CONTROL_GET_REQUEST_Callback();
                                  #endif /* (USBFS_DISPATCH_AUDIO_CLASS_VOLUME_CONTROL_GET_REQUEST_CALLBACK) */
 174   5      
 175   5                              /* Entity ID Control Selector is VOLUME, */
 176   5                              USBFS_currentTD.wCount = USBFS_VOLUME_LEN;
C51 COMPILER V9.51   USBFS_AUDIO                                                           08/17/2026 08:43:01 PAGE 4   

 177   5                              USBFS_currentTD.pData  = USBFS_currentVolume;
 178   5                              
 179   5                              requestHandled = USBFS_InitControlRead();
 180   5                          }
 181   4                          else
 182   4                          {
 183   5                              /* `#START OTHER_GET_CUR_REQUESTS` Place other request handler here */
 184   5      
 185   5                              /* `#END` */
 186   5      
 187   5                          #ifdef USBFS_DISPATCH_AUDIO_CLASS_OTHER_GET_CUR_REQUESTS_CALLBACK
                                      USBFS_DispatchAUDIOClass_OTHER_GET_CUR_REQUESTS_Callback();
                                  #endif /* (USBFS_DISPATCH_AUDIO_CLASS_OTHER_GET_CUR_REQUESTS_CALLBACK) */
 190   5                          }
 191   4                          break;
 192   4                          
 193   4                      case USBFS_GET_MIN:
 194   4                          if (wValueHi == USBFS_VOLUME_CONTROL)
 195   4                          {
 196   5                              /* Entity ID Control Selector is VOLUME, */
 197   5                              USBFS_currentTD.wCount = USBFS_VOLUME_LEN;
 198   5                              USBFS_currentTD.pData  = &USBFS_minimumVolume[0];
 199   5                              
 200   5                              requestHandled = USBFS_InitControlRead();
 201   5                          }
 202   4                          break;
 203   4                          
 204   4                      case USBFS_GET_MAX:
 205   4                          if (wValueHi == USBFS_VOLUME_CONTROL)
 206   4                          {
 207   5                              /* Entity ID Control Selector is VOLUME, */
 208   5                              USBFS_currentTD.wCount = USBFS_VOLUME_LEN;
 209   5                              USBFS_currentTD.pData  = &USBFS_maximumVolume[0];
 210   5                              
 211   5                              requestHandled = USBFS_InitControlRead();
 212   5                          }
 213   4                          break;
 214   4                          
 215   4                      case USBFS_GET_RES:
 216   4                          if (wValueHi == USBFS_VOLUME_CONTROL)
 217   4                          {
 218   5                               /* Entity ID Control Selector is VOLUME, */
 219   5                              USBFS_currentTD.wCount = USBFS_VOLUME_LEN;
 220   5                              USBFS_currentTD.pData  = &USBFS_resolutionVolume[0];
 221   5                              
 222   5                              requestHandled   = USBFS_InitControlRead();
 223   5                          }
 224   4                          break;
 225   4                          
 226   4                      /* The contents of the status message is reserved for future use.
 227   4                      * For the time being, a null packet should be returned in the data stage of the
 228   4                      * control transfer, and the received null packet should be ACKed.
 229   4                      */
 230   4                      case USBFS_GET_STAT:
 231   4                          USBFS_currentTD.wCount = 0u;    
 232   4                          
 233   4                          requestHandled = USBFS_InitControlWrite();
 234   4      
 235   4                      #endif /* (USBFS_ENABLE_AUDIO_STREAMING) */
 236   4                      
 237   4                          /* `#START AUDIO_WRITE_REQUESTS` Place other request handler here */
 238   4      
C51 COMPILER V9.51   USBFS_AUDIO                                                           08/17/2026 08:43:01 PAGE 5   

 239   4                          /* `#END` */
 240   4                      
 241   4                      #ifdef USBFS_DISPATCH_AUDIO_CLASS_AUDIO_WRITE_REQUESTS_CALLBACK
                                  USBFS_DispatchAUDIOClass_AUDIO_WRITE_REQUESTS_Callback();
                              #endif /* (USBFS_DISPATCH_AUDIO_CLASS_AUDIO_WRITE_REQUESTS_CALLBACK) */
 244   4                          break;
 245   4                      
 246   4                      default:
 247   4                          /* Do not handle this request. */
 248   4                          break;
 249   4                  }
 250   3              }
 251   2              else
 252   2              {   
 253   3                  /* Do not handle other requests recipients. */
 254   3              }
 255   2          }
 256   1          else
 257   1          {
 258   2              /* Handle direction from host to device. */
 259   2              
 260   2              if (USBFS_RQST_RCPT_EP == RqstRcpt)
 261   2              {
 262   3                  /* Request recipient is endpoint. */
 263   3                  switch (USBFS_bRequestReg)
 264   3                  {
 265   4                      case USBFS_SET_CUR:
 266   4                      #if defined(USBFS_ENABLE_AUDIO_STREAMING)
 267   4                          if (wValueHi == USBFS_SAMPLING_FREQ_CONTROL)
 268   4                          {
 269   5                               /* point Control Selector is Sampling Frequency */
 270   5                              USBFS_currentTD.wCount = USBFS_SAMPLE_FREQ_LEN;
 271   5                              USBFS_currentTD.pData  = USBFS_currentSampleFrequency[epNumber];
 272   5                              USBFS_frequencyChanged = (uint8) epNumber;
 273   5                              
 274   5                              requestHandled   = USBFS_InitControlWrite();
 275   5                          }
 276   4                      #endif /* (USBFS_ENABLE_AUDIO_STREAMING) */
 277   4      
 278   4                          /* `#START AUDIO_SAMPLING_FREQ_REQUESTS` Place other request handler here */
 279   4      
 280   4                          /* `#END` */
 281   4      
 282   4                      #ifdef USBFS_DISPATCH_AUDIO_CLASS_AUDIO_SAMPLING_FREQ_REQUESTS_CALLBACK
                                  USBFS_DispatchAUDIOClass_AUDIO_SAMPLING_FREQ_REQUESTS_Callback();
                              #endif /* (USBFS_DISPATCH_AUDIO_CLASS_AUDIO_SAMPLING_FREQ_REQUESTS_CALLBACK) */
 285   4                          break;
 286   4                      
 287   4                      default:
 288   4                          /* Do not handle this request. */
 289   4                          break;
 290   4                  }
 291   3              }
 292   2              else if(USBFS_RQST_RCPT_IFC == RqstRcpt)
 293   2              {
 294   3                  /* Request recipient is interface or entity ID. */
 295   3                  switch (USBFS_bRequestReg)
 296   3                  {
 297   4                      case USBFS_SET_CUR:
 298   4                      #if defined(USBFS_ENABLE_AUDIO_STREAMING)
 299   4                          if (wValueHi == USBFS_MUTE_CONTROL)
 300   4                          {
C51 COMPILER V9.51   USBFS_AUDIO                                                           08/17/2026 08:43:01 PAGE 6   

 301   5                              /* `#START MUTE_SET_REQUEST` Place multi-channel handler here */
 302   5      
 303   5                              /* `#END` */
 304   5      
 305   5                          #ifdef USBFS_DISPATCH_AUDIO_CLASS_MUTE_SET_REQUEST_CALLBACK
                                      USBFS_DispatchAUDIOClass_MUTE_SET_REQUEST_Callback();
                                  #endif /* (USBFS_DISPATCH_AUDIO_CLASS_MUTE_SET_REQUEST_CALLBACK) */
 308   5      
 309   5                              /* Entity ID Control Selector is MUTE */
 310   5                              USBFS_currentTD.wCount = 1u;
 311   5                              USBFS_currentTD.pData  = &USBFS_currentMute;
 312   5                              
 313   5                              requestHandled = USBFS_InitControlWrite();
 314   5                          }
 315   4                          else if (wValueHi == USBFS_VOLUME_CONTROL)
 316   4                          {
 317   5                              /* `#START VOLUME_CONTROL_SET_REQUEST` Place multi-channel handler here */
 318   5      
 319   5                              /* `#END` */
 320   5      
 321   5                          #ifdef USBFS_DISPATCH_AUDIO_CLASS_VOLUME_CONTROL_SET_REQUEST_CALLBACK
                                      USBFS_DispatchAUDIOClass_VOLUME_CONTROL_SET_REQUEST_Callback();
                                  #endif /* (USBFS_DISPATCH_AUDIO_CLASS_VOLUME_CONTROL_SET_REQUEST_CALLBACK) */
 324   5      
 325   5                              /* Entity ID Control Selector is VOLUME */
 326   5                              USBFS_currentTD.wCount = USBFS_VOLUME_LEN;
 327   5                              USBFS_currentTD.pData  = USBFS_currentVolume;
 328   5                              
 329   5                              requestHandled = USBFS_InitControlWrite();
 330   5                          }
 331   4                          else
 332   4                          {
 333   5                              /* `#START OTHER_SET_CUR_REQUESTS` Place other request handler here */
 334   5      
 335   5                              /* `#END` */
 336   5      
 337   5                          #ifdef USBFS_DISPATCH_AUDIO_CLASS_OTHER_SET_CUR_REQUESTS_CALLBACK
                                      USBFS_DispatchAUDIOClass_OTHER_SET_CUR_REQUESTS_Callback();
                                  #endif /* (USBFS_DISPATCH_AUDIO_CLASS_OTHER_SET_CUR_REQUESTS_CALLBACK) */
 340   5                          }
 341   4                      #endif /*  USBFS_ENABLE_AUDIO_STREAMING */
 342   4                      
 343   4                      
 344   4                          /* `#START AUDIO_CONTROL_SEL_REQUESTS` Place other request handler here */
 345   4      
 346   4                          /* `#END` */
 347   4                          
 348   4                      #ifdef USBFS_DISPATCH_AUDIO_CLASS_AUDIO_CONTROL_SEL_REQUESTS_CALLBACK
                                  USBFS_DispatchAUDIOClass_AUDIO_CONTROL_SEL_REQUESTS_Callback();
                              #endif /* (USBFS_DISPATCH_AUDIO_CLASS_AUDIO_CONTROL_SEL_REQUESTS_CALLBACK) */
 351   4                      break;
 352   4      
 353   4                      default:
 354   4                          /* Do not handle this request. */
 355   4                      break;
 356   4                  }
 357   3              }
 358   2              else
 359   2              {
 360   3                  /* Do not handle other requests recipients. */
 361   3              }
 362   2          }
C51 COMPILER V9.51   USBFS_AUDIO                                                           08/17/2026 08:43:01 PAGE 7   

 363   1      
 364   1          return (requestHandled);
 365   1      }
 366          #endif /* (USER_SUPPLIED_AUDIO_HANDLER) */
 367          
 368          
 369          /*******************************************************************************
 370          * Additional user functions supporting AUDIO Requests
 371          ********************************************************************************/
 372          
 373          /* `#START AUDIO_FUNCTIONS` Place any additional functions here */
 374          
 375          /* `#END` */
 376          
 377          #endif  /* (USBFS_ENABLE_AUDIO_CLASS) */
 378          
 379          
 380          /* [] END OF FILE */
C51 COMPILER V9.51   USBFS_AUDIO                                                           08/17/2026 08:43:01 PAGE 8   

ASSEMBLY LISTING OF GENERATED OBJECT CODE


             ; FUNCTION USBFS_DispatchAUDIOClassRqst (BEGIN)
                                           ; SOURCE LINE # 95
                                           ; SOURCE LINE # 96
                                           ; SOURCE LINE # 97
                       CLR     A
                 R     MOV     DPTR,#requestHandled
                       MOVX    @DPTR,A
                                           ; SOURCE LINE # 99
                       MOV     DPTR,#06000H
                       MOVX    A,@DPTR
                       MOV     R6,A
                       ANL     A,#03H
                 R     MOV     DPTR,#RqstRcpt
                       MOVX    @DPTR,A
                                           ; SOURCE LINE # 101
                       MOV     DPTR,#06003H
                       MOVX    A,@DPTR
                 R     MOV     DPTR,#wValueHi
                       MOVX    @DPTR,A
                                           ; SOURCE LINE # 102
                       MOV     DPTR,#06004H
                       MOVX    A,@DPTR
                       ANL     A,#07FH
                 R     MOV     DPTR,#epNumber
                       MOVX    @DPTR,A
                                           ; SOURCE LINE # 106
                       MOV     A,R6
                       ANL     A,#080H
                 R     xJZ     ?C0001
                                           ; SOURCE LINE # 107
                                           ; SOURCE LINE # 110
                 R     MOV     DPTR,#RqstRcpt
                       MOVX    A,@DPTR
                       XRL     A,#02H
                 R     xJNZ    ?C0002
                                           ; SOURCE LINE # 111
                                           ; SOURCE LINE # 113
                       MOV     DPTR,#06001H
                       MOVX    A,@DPTR
                       ADD     A,#07FH
                 R     xJNZ    ?C0024
                                           ; SOURCE LINE # 114
                                           ; SOURCE LINE # 115
             ?C0004:
                                           ; SOURCE LINE # 117
                 R     MOV     DPTR,#wValueHi
                       MOVX    A,@DPTR
                       XRL     A,#01H
                 R     xJNZ    ?C0024
                                           ; SOURCE LINE # 118
                                           ; SOURCE LINE # 120
                 E     MOV     DPTR,#USBFS_currentTD
                       MOVX    @DPTR,A
                       INC     DPTR
                       MOV     A,#03H
                       MOVX    @DPTR,A
                                           ; SOURCE LINE # 121
                 R     MOV     DPTR,#epNumber
                       MOVX    A,@DPTR
C51 COMPILER V9.51   USBFS_AUDIO                                                           08/17/2026 08:43:01 PAGE 9   

                       MOV     B,#03H
                       MUL     AB
                 R     ADD     A,#LOW USBFS_currentSampleFrequency
                       MOV     R1,A
                 R     MOV     A,#HIGH USBFS_currentSampleFrequency
                       ADDC    A,B
                       MOV     R2,A
                 E     MOV     DPTR,#USBFS_currentTD+02H
                       MOV     A,#01H
                       MOVX    @DPTR,A
                       INC     DPTR
                       MOV     A,R2
                       MOVX    @DPTR,A
                       INC     DPTR
                       MOV     A,R1
                       MOVX    @DPTR,A
                                           ; SOURCE LINE # 123
                 E     CALL    USBFS_InitControlRead
                 R     MOV     DPTR,#requestHandled
                       MOV     A,R7
                       MOVX    @DPTR,A
                                           ; SOURCE LINE # 124
                                           ; SOURCE LINE # 134
                 R     xJMP    ?C0024
                                           ; SOURCE LINE # 136
                                           ; SOURCE LINE # 138
                                           ; SOURCE LINE # 139
                                           ; SOURCE LINE # 141
                 R     xJMP    ?C0024
             ?C0002:
                                           ; SOURCE LINE # 142
                 R     MOV     DPTR,#RqstRcpt
                       MOVX    A,@DPTR
                       XRL     A,#01H
                 R     xJNZ    ?C0024
                                           ; SOURCE LINE # 143
                                           ; SOURCE LINE # 145
                       MOV     DPTR,#06001H
                       MOVX    A,@DPTR
                       ADD     A,#07EH
                 R     xJZ     ?C0015
                       DEC     A
                 R     xJZ     ?C0017
                       DEC     A
                 R     xJZ     ?C0019
                       ADD     A,#085H
                 R     xJZ     ?C0021
                       ADD     A,#07EH
                 R     xJNZ    ?C0024
                                           ; SOURCE LINE # 146
                                           ; SOURCE LINE # 147
             ?C0010:
                                           ; SOURCE LINE # 149
                 R     MOV     DPTR,#wValueHi
                       MOVX    A,@DPTR
                 R     xJNE    A,#01H,?C0011
                                           ; SOURCE LINE # 150
                                           ; SOURCE LINE # 160
                 E     MOV     DPTR,#USBFS_currentTD
                       CLR     A
                       MOVX    @DPTR,A
                       INC     DPTR
C51 COMPILER V9.51   USBFS_AUDIO                                                           08/17/2026 08:43:01 PAGE 10  

                       INC     A
                       MOVX    @DPTR,A
                                           ; SOURCE LINE # 161
                 R     MOV     R2,#HIGH USBFS_currentMute
                 R     MOV     R1,#LOW USBFS_currentMute
                 E     MOV     DPTR,#USBFS_currentTD+02H
                       MOVX    @DPTR,A
                       INC     DPTR
                 R     MOV     A,#HIGH USBFS_currentMute
                       MOVX    @DPTR,A
                       INC     DPTR
                 R     MOV     A,#LOW USBFS_currentMute
                       MOVX    @DPTR,A
                                           ; SOURCE LINE # 163
                 E     CALL    USBFS_InitControlRead
                 R     MOV     DPTR,#requestHandled
                       MOV     A,R7
                       MOVX    @DPTR,A
                                           ; SOURCE LINE # 164
                 R     xJMP    ?C0024
             ?C0011:
                                           ; SOURCE LINE # 165
                 R     MOV     DPTR,#wValueHi
                       MOVX    A,@DPTR
                       XRL     A,#02H
                 R     xJNZ    ?C0024
                                           ; SOURCE LINE # 166
                                           ; SOURCE LINE # 176
                 E     MOV     DPTR,#USBFS_currentTD
                       MOVX    @DPTR,A
                       INC     DPTR
                       MOV     A,#02H
                       MOVX    @DPTR,A
                                           ; SOURCE LINE # 177
                       MOV     R3,#01H
                 R     MOV     R2,#HIGH USBFS_currentVolume
                 R     MOV     R1,#LOW USBFS_currentVolume
                 E     MOV     DPTR,#USBFS_currentTD+02H
                       DEC     A
                       MOVX    @DPTR,A
                       INC     DPTR
                 R     MOV     A,#HIGH USBFS_currentVolume
                       MOVX    @DPTR,A
                       INC     DPTR
                 R     MOV     A,#LOW USBFS_currentVolume
                       MOVX    @DPTR,A
                                           ; SOURCE LINE # 179
                 E     CALL    USBFS_InitControlRead
                 R     MOV     DPTR,#requestHandled
                       MOV     A,R7
                       MOVX    @DPTR,A
                                           ; SOURCE LINE # 180
                 R     xJMP    ?C0024
                                           ; SOURCE LINE # 182
                                           ; SOURCE LINE # 190
                                           ; SOURCE LINE # 191
                                           ; SOURCE LINE # 193
             ?C0015:
                                           ; SOURCE LINE # 194
                 R     MOV     DPTR,#wValueHi
                       MOVX    A,@DPTR
                       XRL     A,#02H
C51 COMPILER V9.51   USBFS_AUDIO                                                           08/17/2026 08:43:01 PAGE 11  

                 R     xJNZ    ?C0024
                                           ; SOURCE LINE # 195
                                           ; SOURCE LINE # 197
                 E     MOV     DPTR,#USBFS_currentTD
                       MOVX    @DPTR,A
                       INC     DPTR
                       MOV     A,#02H
                       MOVX    @DPTR,A
                                           ; SOURCE LINE # 198
                       MOV     R3,#01H
                 R     MOV     R2,#HIGH USBFS_minimumVolume
                 R     MOV     R1,#LOW USBFS_minimumVolume
                 E     MOV     DPTR,#USBFS_currentTD+02H
                       DEC     A
                       MOVX    @DPTR,A
                       INC     DPTR
                 R     MOV     A,#HIGH USBFS_minimumVolume
                       MOVX    @DPTR,A
                       INC     DPTR
                 R     MOV     A,#LOW USBFS_minimumVolume
                       MOVX    @DPTR,A
                                           ; SOURCE LINE # 200
                 E     CALL    USBFS_InitControlRead
                 R     MOV     DPTR,#requestHandled
                       MOV     A,R7
                       MOVX    @DPTR,A
                                           ; SOURCE LINE # 201
                                           ; SOURCE LINE # 202
                 R     xJMP    ?C0024
                                           ; SOURCE LINE # 204
             ?C0017:
                                           ; SOURCE LINE # 205
                 R     MOV     DPTR,#wValueHi
                       MOVX    A,@DPTR
                       XRL     A,#02H
                 R     xJNZ    ?C0024
                                           ; SOURCE LINE # 206
                                           ; SOURCE LINE # 208
                 E     MOV     DPTR,#USBFS_currentTD
                       MOVX    @DPTR,A
                       INC     DPTR
                       MOV     A,#02H
                       MOVX    @DPTR,A
                                           ; SOURCE LINE # 209
                       MOV     R3,#01H
                 R     MOV     R2,#HIGH USBFS_maximumVolume
                 R     MOV     R1,#LOW USBFS_maximumVolume
                 E     MOV     DPTR,#USBFS_currentTD+02H
                       DEC     A
                       MOVX    @DPTR,A
                       INC     DPTR
                 R     MOV     A,#HIGH USBFS_maximumVolume
                       MOVX    @DPTR,A
                       INC     DPTR
                 R     MOV     A,#LOW USBFS_maximumVolume
                       MOVX    @DPTR,A
                                           ; SOURCE LINE # 211
                 E     CALL    USBFS_InitControlRead
                 R     MOV     DPTR,#requestHandled
                       MOV     A,R7
                       MOVX    @DPTR,A
                                           ; SOURCE LINE # 212
C51 COMPILER V9.51   USBFS_AUDIO                                                           08/17/2026 08:43:01 PAGE 12  

                                           ; SOURCE LINE # 213
                 R     xJMP    ?C0024
                                           ; SOURCE LINE # 215
             ?C0019:
                                           ; SOURCE LINE # 216
                 R     MOV     DPTR,#wValueHi
                       MOVX    A,@DPTR
                       XRL     A,#02H
                 R     xJNZ    ?C0024
                                           ; SOURCE LINE # 217
                                           ; SOURCE LINE # 219
                 E     MOV     DPTR,#USBFS_currentTD
                       MOVX    @DPTR,A
                       INC     DPTR
                       MOV     A,#02H
                       MOVX    @DPTR,A
                                           ; SOURCE LINE # 220
                       MOV     R3,#01H
                 R     MOV     R2,#HIGH USBFS_resolutionVolume
                 R     MOV     R1,#LOW USBFS_resolutionVolume
                 E     MOV     DPTR,#USBFS_currentTD+02H
                       DEC     A
                       MOVX    @DPTR,A
                       INC     DPTR
                 R     MOV     A,#HIGH USBFS_resolutionVolume
                       MOVX    @DPTR,A
                       INC     DPTR
                 R     MOV     A,#LOW USBFS_resolutionVolume
                       MOVX    @DPTR,A
                                           ; SOURCE LINE # 222
                 E     CALL    USBFS_InitControlRead
                 R     MOV     DPTR,#requestHandled
                       MOV     A,R7
                       MOVX    @DPTR,A
                                           ; SOURCE LINE # 223
                                           ; SOURCE LINE # 224
                 R     xJMP    ?C0024
                                           ; SOURCE LINE # 230
             ?C0021:
                                           ; SOURCE LINE # 231
                       CLR     A
                 E     MOV     DPTR,#USBFS_currentTD
                       MOVX    @DPTR,A
                       INC     DPTR
                       MOVX    @DPTR,A
                                           ; SOURCE LINE # 233
                 E     CALL    USBFS_InitControlWrite
                 R     MOV     DPTR,#requestHandled
                       MOV     A,R7
                       MOVX    @DPTR,A
                                           ; SOURCE LINE # 244
                 R     xJMP    ?C0024
                                           ; SOURCE LINE # 246
                                           ; SOURCE LINE # 248
                                           ; SOURCE LINE # 249
                                           ; SOURCE LINE # 250
                 R     xJMP    ?C0024
                                           ; SOURCE LINE # 252
                                           ; SOURCE LINE # 254
                                           ; SOURCE LINE # 255
             ?C0001:
                                           ; SOURCE LINE # 257
C51 COMPILER V9.51   USBFS_AUDIO                                                           08/17/2026 08:43:01 PAGE 13  

                                           ; SOURCE LINE # 260
                 R     MOV     DPTR,#RqstRcpt
                       MOVX    A,@DPTR
                       XRL     A,#02H
                 R     xJNZ    ?C0025
                                           ; SOURCE LINE # 261
                                           ; SOURCE LINE # 263
                       MOV     DPTR,#06001H
                       MOVX    A,@DPTR
                       DEC     A
                 R     xJNZ    ?C0024
                                           ; SOURCE LINE # 264
                                           ; SOURCE LINE # 265
             ?C0027:
                                           ; SOURCE LINE # 267
                 R     MOV     DPTR,#wValueHi
                       MOVX    A,@DPTR
                       XRL     A,#01H
                 R     xJNZ    ?C0024
                                           ; SOURCE LINE # 268
                                           ; SOURCE LINE # 270
                 E     MOV     DPTR,#USBFS_currentTD
                       MOVX    @DPTR,A
                       INC     DPTR
                       MOV     A,#03H
                       MOVX    @DPTR,A
                                           ; SOURCE LINE # 271
                 R     MOV     DPTR,#epNumber
                       MOVX    A,@DPTR
                       MOV     B,#03H
                       MUL     AB
                 R     ADD     A,#LOW USBFS_currentSampleFrequency
                       MOV     R1,A
                 R     MOV     A,#HIGH USBFS_currentSampleFrequency
                       ADDC    A,B
                       MOV     R2,A
                 E     MOV     DPTR,#USBFS_currentTD+02H
                       MOV     A,#01H
                       MOVX    @DPTR,A
                       INC     DPTR
                       MOV     A,R2
                       MOVX    @DPTR,A
                       INC     DPTR
                       MOV     A,R1
                       MOVX    @DPTR,A
                                           ; SOURCE LINE # 272
                 R     MOV     DPTR,#epNumber
                       MOVX    A,@DPTR
                 R     MOV     DPTR,#USBFS_frequencyChanged
                       MOVX    @DPTR,A
                                           ; SOURCE LINE # 274
                 E     CALL    USBFS_InitControlWrite
                 R     MOV     DPTR,#requestHandled
                       MOV     A,R7
                       MOVX    @DPTR,A
                                           ; SOURCE LINE # 275
                                           ; SOURCE LINE # 285
                 R     xJMP    ?C0024
                                           ; SOURCE LINE # 287
                                           ; SOURCE LINE # 289
                                           ; SOURCE LINE # 290
                                           ; SOURCE LINE # 291
C51 COMPILER V9.51   USBFS_AUDIO                                                           08/17/2026 08:43:01 PAGE 14  

                 R     xJMP    ?C0024
             ?C0025:
                                           ; SOURCE LINE # 292
                 R     MOV     DPTR,#RqstRcpt
                       MOVX    A,@DPTR
                       XRL     A,#01H
                 R     xJNZ    ?C0024
                                           ; SOURCE LINE # 293
                                           ; SOURCE LINE # 295
                       MOV     DPTR,#06001H
                       MOVX    A,@DPTR
                       DEC     A
                 R     xJNZ    ?C0024
                                           ; SOURCE LINE # 296
                                           ; SOURCE LINE # 297
             ?C0033:
                                           ; SOURCE LINE # 299
                 R     MOV     DPTR,#wValueHi
                       MOVX    A,@DPTR
                 R     xJNE    A,#01H,?C0034
                                           ; SOURCE LINE # 300
                                           ; SOURCE LINE # 310
                 E     MOV     DPTR,#USBFS_currentTD
                       CLR     A
                       MOVX    @DPTR,A
                       INC     DPTR
                       INC     A
                       MOVX    @DPTR,A
                                           ; SOURCE LINE # 311
                 R     MOV     R2,#HIGH USBFS_currentMute
                 R     MOV     R1,#LOW USBFS_currentMute
                 E     MOV     DPTR,#USBFS_currentTD+02H
                       MOVX    @DPTR,A
                       INC     DPTR
                 R     MOV     A,#HIGH USBFS_currentMute
                       MOVX    @DPTR,A
                       INC     DPTR
                 R     MOV     A,#LOW USBFS_currentMute
                       MOVX    @DPTR,A
                                           ; SOURCE LINE # 313
                 E     CALL    USBFS_InitControlWrite
                 R     MOV     DPTR,#requestHandled
                       MOV     A,R7
                       MOVX    @DPTR,A
                                           ; SOURCE LINE # 314
                 R     xJMP    ?C0024
             ?C0034:
                                           ; SOURCE LINE # 315
                 R     MOV     DPTR,#wValueHi
                       MOVX    A,@DPTR
                 R     xJNE    A,#02H,?C0024
                                           ; SOURCE LINE # 316
                                           ; SOURCE LINE # 326
                 E     MOV     DPTR,#USBFS_currentTD
                       CLR     A
                       MOVX    @DPTR,A
                       INC     DPTR
                       MOV     A,#02H
                       MOVX    @DPTR,A
                                           ; SOURCE LINE # 327
                       MOV     R3,#01H
                 R     MOV     R2,#HIGH USBFS_currentVolume
C51 COMPILER V9.51   USBFS_AUDIO                                                           08/17/2026 08:43:01 PAGE 15  

                 R     MOV     R1,#LOW USBFS_currentVolume
                 E     MOV     DPTR,#USBFS_currentTD+02H
                       DEC     A
                       MOVX    @DPTR,A
                       INC     DPTR
                 R     MOV     A,#HIGH USBFS_currentVolume
                       MOVX    @DPTR,A
                       INC     DPTR
                 R     MOV     A,#LOW USBFS_currentVolume
                       MOVX    @DPTR,A
                                           ; SOURCE LINE # 329
                 E     CALL    USBFS_InitControlWrite
                 R     MOV     DPTR,#requestHandled
                       MOV     A,R7
                       MOVX    @DPTR,A
                                           ; SOURCE LINE # 330
                                           ; SOURCE LINE # 332
                                           ; SOURCE LINE # 340
                                           ; SOURCE LINE # 351
                                           ; SOURCE LINE # 353
                                           ; SOURCE LINE # 355
                                           ; SOURCE LINE # 356
                                           ; SOURCE LINE # 357
                                           ; SOURCE LINE # 359
                                           ; SOURCE LINE # 361
                                           ; SOURCE LINE # 362
             ?C0024:
                                           ; SOURCE LINE # 364
                 R     MOV     DPTR,#requestHandled
                       MOVX    A,@DPTR
                       MOV     R7,A
                                           ; SOURCE LINE # 365
             ?C0040:
                       RET     
             ; FUNCTION USBFS_DispatchAUDIOClassRqst (END)



MODULE INFORMATION:   STATIC OVERLAYABLE
   CODE SIZE        =    649    ----
   CONSTANT SIZE    =   ----    ----
   XDATA SIZE       =     37       4
   PDATA SIZE       =   ----    ----
   DATA SIZE        =   ----    ----
   IDATA SIZE       =   ----    ----
   BIT SIZE         =   ----    ----
   EDATA SIZE       =   ----    ----
   HDATA SIZE       =   ----    ----
   XDATA CONST SIZE =   ----    ----
   FAR CONST SIZE   =   ----    ----
END OF MODULE INFORMATION.


C51 COMPILATION COMPLETE.  0 WARNING(S),  0 ERROR(S)
