C51 COMPILER V9.51   SETTINGS01                                                            08/22/2026 15:13:55 PAGE 1   


C51 COMPILER V9.51, COMPILATION OF MODULE SETTINGS01
OBJECT MODULE PLACED IN .\DP8051\DP8051_Keil_951\Debug\settings01.obj
COMPILER INVOKED BY: C:\Program Files (x86)\Cypress\PSoC Creator\4.4\PSoC Creator\import\keil\pk51\9.51\C51\BIN\c51.exe 
                    -settings01.c NOIV LARGE MODDP2 OMF2 VB(1) NOIP INCDIR(.,Generated_Source\PSoC3) FF(3) DB WL(2) PR(.\DP8051\DP8051_Keil_9
                    -51\Debug/settings01.lst) CD OT(5,SPEED) OA OJ(.\DP8051\DP8051_Keil_951\Debug\settings01.obj)

line level    source

   1          // Copyright 2013 David Turnbull AE9RB
   2          //
   3          // Licensed under the Apache License, Version 2.0 (the "License");
   4          // you may not use this file except in compliance with the License.
   5          // You may obtain a copy of the License at
   6          //
   7          //     http://www.apache.org/licenses/LICENSE-2.0
   8          //
   9          // Unless required by applicable law or agreed to in writing, software
  10          // distributed under the License is distributed on an "AS IS" BASIS,
  11          // WITHOUT WARRANTIES OR CONDITIONS OF ANY KIND, either express or implied.
  12          // See the License for the specific language governing permissions and
  13          // limitations under the License.
  14          // 10/01/2016 Added support for Proficio
  15          // 02/18/2017 Added support for native CW
  16          // Copyright © 2015-2017 Omnia SDR
  17          
  18          // Variable naming conventions:     E_<variable> -> Externally defined global
  19          //                                  ff_<variable> -> Externally defined global stored in flash memory
  20          //                                  ee_<variable> -> Externally defined global to be stored in EEPROM memo
             -ry
  21          //                                  l_<variable> -> locally defined variable
  22          //                                  All UPPERCASE -> Define
  23          
  24          
  25          #include <basic-plus.h>
  26          #include "si5351a.h"
  27          
  28          #define XTAL_MIN (114.285 - 2)
  29          #define XTAL_MAX (114.285 + 2)
  30          
  31          uint8 buffer[CYDEV_EEPROM_ROW_SIZE];
  32          
  33          
  34          #define XTAL_DATA(mem) (*(reg32*)(mem+0))
  35          #define REVERSE_DATA(mem) (*(reg8*)(mem+4))
  36          
  37          #define PPM_INT 0
  38          #define PPM_DEC 1
  39          #define PPM_RECEIVED 0x03
  40          #define AUDIO_CHANNELS 2
  41          #define CALIBRATION_TEMPERATURE 3
  42          #define DELAY_LIMIT 200
  43          #define PPM_INT_SIGN 3
  44          #define PPM_DEC_SIGN 4
  45          
  46          
  47          void Settings_Init(){
  48   1          reg8  *RegPointer;
  49   1          int8_t int_sign = 0;
  50   1          int8_t dec_sign = 0;
  51   1          
  52   1          EEPROM_Start();
C51 COMPILER V9.51   SETTINGS01                                                            08/22/2026 15:13:55 PAGE 2   

  53   1          CyDelay(100);
  54   1          RegPointer = (reg8 *) (CYDEV_EE_BASE + 0u);
  55   1          ee_ppm_int = RegPointer[PPM_INT];
  56   1          ee_ppm_dec = RegPointer[PPM_DEC];
  57   1          int_sign = RegPointer[PPM_INT_SIGN];
  58   1          dec_sign = RegPointer[PPM_DEC_SIGN];
  59   1          
  60   1          if(int_sign == 1){
  61   2              ee_ppm_int = ee_ppm_int * -1;
  62   2          }
  63   1          if(dec_sign == 1){
  64   2              ee_ppm_dec = ee_ppm_dec * -1;
  65   2          }
  66   1          
  67   1          /*if(ee_ppm_int == 0){
  68   1              ee_ppm_int = -21;
  69   1          }
  70   1          if(ee_ppm_dec == 0){
  71   1              ee_ppm_dec = -50;
  72   1          }*/
  73   1          Audio_IQ_Channels = RegPointer[AUDIO_CHANNELS];
  74   1          Audio_IQ_Channels = 0;
  75   1      }
  76          
  77          int Set_PPM(void ) {
  78   1          volatile cystatus status = 0;
  79   1          reg8 *RegPointer;
  80   1          uint8_t i = 0;
  81   1          uint8_t freq_status =0;
  82   1                
  83   1          RegPointer = (reg8 *) (CYDEV_EE_BASE + 0u);
  84   1          status = EEPROM_QueryWrite();
  85   1          if(status != CYRET_STARTED){
  86   2              for (i=5; i < CYDEV_EEPROM_ROW_SIZE; i++) {
  87   3                  buffer[i] = 0;
  88   3              }
  89   2              if(ee_ppm_int < 0){
  90   3                  buffer[PPM_INT] = (ee_ppm_int * -1);
  91   3                  buffer[PPM_INT_SIGN] = 1;
  92   3              }else{
  93   3                  buffer[PPM_INT] = ee_ppm_int;
  94   3                  buffer[PPM_INT_SIGN] = 0;
  95   3              }
  96   2              if(ee_ppm_dec < 0){
  97   3                  buffer[PPM_DEC] = (ee_ppm_dec * -1);
  98   3                  buffer[PPM_DEC_SIGN] = 1;
  99   3              }else{
 100   3                  buffer[PPM_DEC] = ee_ppm_dec;
 101   3                  buffer[PPM_DEC_SIGN] = 0;
 102   3              }
 103   2              buffer[AUDIO_CHANNELS] = Audio_IQ_Channels;
 104   2              //CySetTemp();
 105   2              EEPROM_StartWrite(buffer, 0);
 106   2              //while((si5351aSetFrequency((E_current_LO_freq + 100)) != 0));
 107   2              //while((si5351aSetFrequency((E_current_LO_freq)) != 0));
 108   2              E_PPM_needs_updated = 0;
 109   2              E_PPM_needs_set = E_PPM_NEEDS_SET_STEP_1;
 110   2          }
 111   1          return status;
 112   1        }
 113          
 114          
C51 COMPILER V9.51   SETTINGS01                                                            08/22/2026 15:13:55 PAGE 3   

 115          
 116          void Settings_Main(){
 117   1          //volatile uint8 l_audio_channels;
 118   1          reg8 *RegPointer;
 119   1          cystatus  error = 0;
 120   1          //uint8 critical_section;
 121   1          volatile int8 l_calibration_int = 0;
 122   1          volatile int8 l_calibration_dec = 0;
 123   1          
 124   1          
 125   1          RegPointer = (reg8 *) (CYDEV_EE_BASE + 0u);
 126   1          l_calibration_int = ee_ppm_int;
 127   1          l_calibration_dec = ee_ppm_dec;
 128   1          if(E_PPM_needs_updated == PPM_RECEIVED){
 129   2              l_calibration_int = (E_calibration_int);
 130   2              l_calibration_dec = (E_calibration_dec);
 131   2              ee_ppm_int = (l_calibration_int);   
 132   2              ee_ppm_dec = (l_calibration_dec);
 133   2              Set_PPM();
 134   2          }
 135   1              
 136   1          /*l_audio_channels = RegPointer[AUDIO_CHANNELS];
 137   1          if(l_audio_channels != Audio_IQ_Channels){
 138   1              critical_section = CyEnterCriticalSection();
 139   1              error = EEPROM_ByteWritePos(Audio_IQ_Channels,0u,AUDIO_CHANNELS);
 140   1              CyExitCriticalSection(critical_section);
 141   1          }*/
 142   1      }    
 143          
 144          /*void Settings_Init(void) {
 145              float crystal_freq;
 146              EEPROM_Start();
 147              
 148              crystal_freq = ((float)swap32(*(reg32*)CYDEV_EE_BASE) / 0x01000000);
 149              
 150              if (
 151                  crystal_freq < XTAL_MIN || crystal_freq > XTAL_MAX ||
 152                  REVERSE_DATA(CYDEV_EE_BASE) > 3
 153              ) {
 154                  // New radio! Si570_Start() will compute xtal
 155                  // and it will immediately be stored in eeprom.
 156                  Si570_Xtal = 0;
 157                  Audio_IQ_Channels = 0;
 158              } else {
 159                  Si570_Xtal = XTAL_DATA(CYDEV_EE_BASE);
 160                  Audio_IQ_Channels = REVERSE_DATA(CYDEV_EE_BASE);
 161              }
 162              
 163          }
 164          
 165          void Settings_Main(void) {
 166              uint8 i;
 167              
 168              if (
 169                  XTAL_DATA(CYDEV_EE_BASE) != Si570_Xtal ||
 170                  REVERSE_DATA(CYDEV_EE_BASE) != Audio_IQ_Channels
 171              ) {
 172                  if (EEPROM_QueryWrite() != CYRET_STARTED) {
 173                      for (i=4; i < CYDEV_EEPROM_ROW_SIZE; i++) buffer[i] = 0;
 174                      XTAL_DATA(buffer) = Si570_Xtal;
 175                      REVERSE_DATA(buffer) = Audio_IQ_Channels;
 176                      CySetTemp();
C51 COMPILER V9.51   SETTINGS01                                                            08/22/2026 15:13:55 PAGE 4   

 177                      EEPROM_StartWrite(buffer, 0);
 178                  }
 179              }
 180          
 181          }*/
C51 COMPILER V9.51   SETTINGS01                                                            08/22/2026 15:13:55 PAGE 5   

ASSEMBLY LISTING OF GENERATED OBJECT CODE


             ; FUNCTION Settings_Init (BEGIN)
                                           ; SOURCE LINE # 47
                                           ; SOURCE LINE # 49
                       CLR     A
                 R     MOV     DPTR,#int_sign
                       MOVX    @DPTR,A
                                           ; SOURCE LINE # 50
                       INC     DPTR
                       MOVX    @DPTR,A
                                           ; SOURCE LINE # 52
                 E     CALL    EEPROM_Start
                                           ; SOURCE LINE # 53
                       CLR     A
                       MOV     R7,#064H
                       MOV     R6,A
                       MOV     R5,A
                       MOV     R4,A
                 E     CALL    _?CyDelay
                                           ; SOURCE LINE # 54
;---- Variable 'RegPointer' assigned to Register 'R2/R3' ----
                       MOV     R3,#00H
                       MOV     R2,#080H
                                           ; SOURCE LINE # 55
                       MOV     DPL,R3
                       MOV     DPH,R2
                       MOVX    A,@DPTR
                 E     MOV     DPTR,#ee_ppm_int
                       MOVX    @DPTR,A
                                           ; SOURCE LINE # 56
                       MOV     DPL,R3
                       MOV     DPH,R2
                       INC     DPTR
                       MOVX    A,@DPTR
                 E     MOV     DPTR,#ee_ppm_dec
                       MOVX    @DPTR,A
                                           ; SOURCE LINE # 57
                       MOV     DPL,R3
                       MOV     DPH,R2
                       INC     DPTR
                       INC     DPTR
                       INC     DPTR
                       MOVX    A,@DPTR
                 R     MOV     DPTR,#int_sign
                       MOVX    @DPTR,A
                                           ; SOURCE LINE # 58
                       MOV     A,R3
                       ADD     A,#04H
                       MOV     DPL,A
                       CLR     A
                       ADDC    A,R2
                       MOV     DPH,A
                       MOVX    A,@DPTR
                 R     MOV     DPTR,#dec_sign
                       MOVX    @DPTR,A
                                           ; SOURCE LINE # 60
                 R     MOV     DPTR,#int_sign
                       MOVX    A,@DPTR
                 R     xJNE    A,#01H,?C0001
                                           ; SOURCE LINE # 61
C51 COMPILER V9.51   SETTINGS01                                                            08/22/2026 15:13:55 PAGE 6   

                 E     MOV     DPTR,#ee_ppm_int
                       MOVX    A,@DPTR
                       MOV     R7,A
                       RLC     A
                       SUBB    A,ACC
                       MOV     R6,A
                       MOV     R4,#0FFH
                       MOV     R5,#0FFH
                 E     CALL    ?C?IMUL
                       MOV     A,R7
                       MOVX    @DPTR,A
                                           ; SOURCE LINE # 62
             ?C0001:
                                           ; SOURCE LINE # 63
                 R     MOV     DPTR,#dec_sign
                       MOVX    A,@DPTR
                 R     xJNE    A,#01H,?C0002
                                           ; SOURCE LINE # 64
                 E     MOV     DPTR,#ee_ppm_dec
                       MOVX    A,@DPTR
                       MOV     R7,A
                       RLC     A
                       SUBB    A,ACC
                       MOV     R6,A
                       MOV     R4,#0FFH
                       MOV     R5,#0FFH
                 E     CALL    ?C?IMUL
                       MOV     A,R7
                       MOVX    @DPTR,A
                                           ; SOURCE LINE # 65
             ?C0002:
                                           ; SOURCE LINE # 73
                       MOV     R6,AR2
                       MOV     R7,AR3
                       MOV     DPL,R7
                       MOV     DPH,R6
                       INC     DPTR
                       INC     DPTR
                       MOVX    A,@DPTR
                 E     MOV     DPTR,#Audio_IQ_Channels
                       MOVX    @DPTR,A
                                           ; SOURCE LINE # 74
                       CLR     A
                       MOVX    @DPTR,A
                                           ; SOURCE LINE # 75
                       RET     
             ; FUNCTION Settings_Init (END)

             ; FUNCTION Set_PPM (BEGIN)
                                           ; SOURCE LINE # 77
                                           ; SOURCE LINE # 78
                       CLR     A
                 R     MOV     DPTR,#status
                       MOVX    @DPTR,A
                                           ; SOURCE LINE # 80
                 R     MOV     DPTR,#i
                       MOVX    @DPTR,A
                                           ; SOURCE LINE # 81
                       INC     DPTR
                       MOVX    @DPTR,A
                                           ; SOURCE LINE # 83
                 R     MOV     DPTR,#RegPointer
C51 COMPILER V9.51   SETTINGS01                                                            08/22/2026 15:13:55 PAGE 7   

                       MOV     A,#080H
                       MOVX    @DPTR,A
                       INC     DPTR
                       CLR     A
                       MOVX    @DPTR,A
                                           ; SOURCE LINE # 84
                 E     CALL    EEPROM_Query
                 R     MOV     DPTR,#status
                       MOV     A,R7
                       MOVX    @DPTR,A
                                           ; SOURCE LINE # 85
                       MOVX    A,@DPTR
                       XRL     A,#07H
                 R     xJZ     ?C0004
                                           ; SOURCE LINE # 86
                 R     MOV     DPTR,#i
                       MOV     A,#05H
                       MOVX    @DPTR,A
             ?C0005:
                 R     MOV     DPTR,#i
                       MOVX    A,@DPTR
                       MOV     R7,A
                       CLR     C
                       SUBB    A,#010H
                 R     xJGE    ?C0006
                                           ; SOURCE LINE # 87
                 R     MOV     A,#LOW buffer
                       ADD     A,R7
                       MOV     DPL,A
                       CLR     A
                 R     ADDC    A,#HIGH buffer
                       MOV     DPH,A
                       CLR     A
                       MOVX    @DPTR,A
                                           ; SOURCE LINE # 88
                 R     MOV     DPTR,#i
                       MOVX    A,@DPTR
                       INC     A
                       MOVX    @DPTR,A
                 R     xJMP    ?C0005
             ?C0006:
                                           ; SOURCE LINE # 89
                 E     MOV     DPTR,#ee_ppm_int
                       MOVX    A,@DPTR
                       CLR     C
                       XRL     A,#080H
                       SUBB    A,#080H
                 R     xJGE    ?C0008
                                           ; SOURCE LINE # 90
                       MOVX    A,@DPTR
                       MOV     R7,A
                       RLC     A
                       SUBB    A,ACC
                       MOV     R6,A
                       MOV     R4,#0FFH
                       MOV     R5,#0FFH
                 E     CALL    ?C?IMUL
                 R     MOV     DPTR,#buffer
                       MOV     A,R7
                       MOVX    @DPTR,A
                                           ; SOURCE LINE # 91
                 R     MOV     DPTR,#buffer+03H
C51 COMPILER V9.51   SETTINGS01                                                            08/22/2026 15:13:55 PAGE 8   

                       MOV     A,#01H
                       MOVX    @DPTR,A
                                           ; SOURCE LINE # 92
                 R     xJMP    ?C0009
             ?C0008:
                                           ; SOURCE LINE # 93
                 E     MOV     DPTR,#ee_ppm_int
                       MOVX    A,@DPTR
                 R     MOV     DPTR,#buffer
                       MOVX    @DPTR,A
                                           ; SOURCE LINE # 94
                       CLR     A
                 R     MOV     DPTR,#buffer+03H
                       MOVX    @DPTR,A
                                           ; SOURCE LINE # 95
             ?C0009:
                                           ; SOURCE LINE # 96
                 E     MOV     DPTR,#ee_ppm_dec
                       MOVX    A,@DPTR
                       CLR     C
                       XRL     A,#080H
                       SUBB    A,#080H
                 R     xJGE    ?C0010
                                           ; SOURCE LINE # 97
                       MOVX    A,@DPTR
                       MOV     R7,A
                       RLC     A
                       SUBB    A,ACC
                       MOV     R6,A
                       MOV     R4,#0FFH
                       MOV     R5,#0FFH
                 E     CALL    ?C?IMUL
                 R     MOV     DPTR,#buffer+01H
                       MOV     A,R7
                       MOVX    @DPTR,A
                                           ; SOURCE LINE # 98
                 R     MOV     DPTR,#buffer+04H
                       MOV     A,#01H
                       MOVX    @DPTR,A
                                           ; SOURCE LINE # 99
                 R     xJMP    ?C0011
             ?C0010:
                                           ; SOURCE LINE # 100
                 E     MOV     DPTR,#ee_ppm_dec
                       MOVX    A,@DPTR
                 R     MOV     DPTR,#buffer+01H
                       MOVX    @DPTR,A
                                           ; SOURCE LINE # 101
                       CLR     A
                 R     MOV     DPTR,#buffer+04H
                       MOVX    @DPTR,A
                                           ; SOURCE LINE # 102
             ?C0011:
                                           ; SOURCE LINE # 103
                 E     MOV     DPTR,#Audio_IQ_Channels
                       MOVX    A,@DPTR
                 R     MOV     DPTR,#buffer+02H
                       MOVX    @DPTR,A
                                           ; SOURCE LINE # 105
                       MOV     R3,#01H
                 R     MOV     R2,#HIGH buffer
                 R     MOV     R1,#LOW buffer
C51 COMPILER V9.51   SETTINGS01                                                            08/22/2026 15:13:55 PAGE 9   

                       CLR     A
                       MOV     R5,A
                 E     CALL    _EEPROM_StartWrite
                                           ; SOURCE LINE # 108
                       CLR     A
                 E     MOV     DPTR,#E_PPM_needs_updated
                       MOVX    @DPTR,A
                                           ; SOURCE LINE # 109
                 E     MOV     DPTR,#E_PPM_needs_set
                       MOV     A,#02H
                       MOVX    @DPTR,A
                                           ; SOURCE LINE # 110
             ?C0004:
                                           ; SOURCE LINE # 111
                 R     MOV     DPTR,#status
                       MOVX    A,@DPTR
                       MOV     R7,A
                       MOV     R6,#00H
                                           ; SOURCE LINE # 112
             ?C0012:
                       RET     
             ; FUNCTION Set_PPM (END)

             ; FUNCTION Settings_Main (BEGIN)
                                           ; SOURCE LINE # 116
                                           ; SOURCE LINE # 119
                       CLR     A
                 R     MOV     DPTR,#error
                       MOVX    @DPTR,A
                                           ; SOURCE LINE # 121
                       INC     DPTR
                       MOVX    @DPTR,A
                                           ; SOURCE LINE # 122
                       INC     DPTR
                       MOVX    @DPTR,A
                                           ; SOURCE LINE # 125
                 R     MOV     DPTR,#RegPointer
                       MOV     A,#080H
                       MOVX    @DPTR,A
                       INC     DPTR
                       CLR     A
                       MOVX    @DPTR,A
                                           ; SOURCE LINE # 126
                 E     MOV     DPTR,#ee_ppm_int
                       MOVX    A,@DPTR
                 R     MOV     DPTR,#l_calibration_int
                       MOVX    @DPTR,A
                                           ; SOURCE LINE # 127
                 E     MOV     DPTR,#ee_ppm_dec
                       MOVX    A,@DPTR
                 R     MOV     DPTR,#l_calibration_dec
                       MOVX    @DPTR,A
                                           ; SOURCE LINE # 128
                 E     MOV     DPTR,#E_PPM_needs_updated
                       MOVX    A,@DPTR
                 R     xJNE    A,#03H,?C0014
                                           ; SOURCE LINE # 129
                 E     MOV     DPTR,#E_calibration_int
                       MOVX    A,@DPTR
                 R     MOV     DPTR,#l_calibration_int
                       MOVX    @DPTR,A
                                           ; SOURCE LINE # 130
C51 COMPILER V9.51   SETTINGS01                                                            08/22/2026 15:13:55 PAGE 10  

                 E     MOV     DPTR,#E_calibration_dec
                       MOVX    A,@DPTR
                 R     MOV     DPTR,#l_calibration_dec
                       MOVX    @DPTR,A
                                           ; SOURCE LINE # 131
                 R     MOV     DPTR,#l_calibration_int
                       MOVX    A,@DPTR
                 E     MOV     DPTR,#ee_ppm_int
                       MOVX    @DPTR,A
                                           ; SOURCE LINE # 132
                 R     MOV     DPTR,#l_calibration_dec
                       MOVX    A,@DPTR
                 E     MOV     DPTR,#ee_ppm_dec
                       MOVX    @DPTR,A
                                           ; SOURCE LINE # 133
                 R     CALL    Set_PPM
                                           ; SOURCE LINE # 134
                                           ; SOURCE LINE # 142
             ?C0014:
                       RET     
             ; FUNCTION Settings_Main (END)



MODULE INFORMATION:   STATIC OVERLAYABLE
   CODE SIZE        =    450    ----
   CONSTANT SIZE    =   ----    ----
   XDATA SIZE       =     16      12
   PDATA SIZE       =   ----    ----
   DATA SIZE        =   ----    ----
   IDATA SIZE       =   ----    ----
   BIT SIZE         =   ----    ----
   EDATA SIZE       =   ----    ----
   HDATA SIZE       =   ----    ----
   XDATA CONST SIZE =   ----    ----
   FAR CONST SIZE   =   ----    ----
END OF MODULE INFORMATION.


C51 COMPILATION COMPLETE.  0 WARNING(S),  0 ERROR(S)
