C51 COMPILER V9.51   CYFITTER_CFG                                                          03/06/2019 16:03:54 PAGE 1   


C51 COMPILER V9.51, COMPILATION OF MODULE CYFITTER_CFG
OBJECT MODULE PLACED IN .\DP8051\DP8051_Keil_951\Release\cyfitter_cfg.obj
COMPILER INVOKED BY: C:\Program Files (x86)\Cypress\PSoC Creator\4.2\PSoC Creator\import\keil\pk51\9.51\C51\BIN\c51.exe 
                    -Generated_Source\PSoC3\cyfitter_cfg.c NOIV LARGE MODDP2 OMF2 VB(1) NOIP INCDIR(.,Generated_Source\PSoC3) FF(3) DB DF(NDE
                    -BUG) WL(2) PR(.\DP8051\DP8051_Keil_951\Release/cyfitter_cfg.lst) CD OT(5,SIZE) OA OJ(.\DP8051\DP8051_Keil_951\Release\cy
                    -fitter_cfg.obj)

line level    source

   1          
   2          /*******************************************************************************
   3          * File Name: cyfitter_cfg.c
   4          * 
   5          * PSoC Creator  4.2
   6          *
   7          * Description:
   8          * This file contains device initialization code.
   9          * Except for the user defined sections in CyClockStartupError(), this file should not be modified.
  10          * This file is automatically generated by PSoC Creator.
  11          *
  12          ********************************************************************************
  13          * Copyright (c) 2007-2018 Cypress Semiconductor.  All rights reserved.
  14          * You may use this file only in accordance with the license, terms, conditions, 
  15          * disclaimers, and limitations in the end user license agreement accompanying 
  16          * the software package with which this file was provided.
  17          ********************************************************************************/
  18          
  19          #include <string.h>
  20          #include "cytypes.h"
  21          #include "cydevice_trm.h"
  22          #include "cyfitter.h"
  23          #include "CyLib.h"
  24          #include "cyfitter_cfg.h"
  25          
  26          
  27          #if defined(__C51__) || defined(__CX51__)
  28                  #define CYPACKED
  29                  #define CYPACKED_ATTR
  30                  #define CYALIGNED
  31                  
  32              #define CY_CFG_UNUSED
  33                  #define CY_CFG_MEMORY_BARRIER() do { } while (0)
  34          
  35          
  36          
  37                  #define CYMEMZERO(a,c) cymemzero((a),(c))
  38                  #define CYCONFIGCPY(d,s,c) cyconfigcpy((c),(s),(d))
  39                  #define CYCONFIGCPYCODE(d,s,c) cyconfigcpycode((c),(s),(d))
  40          #else
                      #error Unsupported toolchain
              #endif
  43          
  44          
  45          
  46          
  47          /* Clock startup error codes                                                   */
  48          #define CYCLOCKSTART_NO_ERROR    0u
  49          #define CYCLOCKSTART_XTAL_ERROR  1u
  50          #define CYCLOCKSTART_32KHZ_ERROR 2u
  51          #define CYCLOCKSTART_PLL_ERROR   3u
  52          #define CYCLOCKSTART_FLL_ERROR   4u
C51 COMPILER V9.51   CYFITTER_CFG                                                          03/06/2019 16:03:54 PAGE 2   

  53          #define CYCLOCKSTART_WCO_ERROR   5u
  54          
  55          
  56          #ifdef CY_NEED_CYCLOCKSTARTUPERROR
              /*******************************************************************************
              * Function Name: CyClockStartupError
              ********************************************************************************
              * Summary:
              *  If an error is encountered during clock configuration (crystal startup error,
              *  PLL lock error, etc.), the system will end up here.  Unless reimplemented by
              *  the customer, this function will stop in an infinite loop.
              *
              * Parameters:
              *   void
              *
              * Return:
              *   void
              *
              *******************************************************************************/
              CY_CFG_UNUSED
              static void CyClockStartupError(uint8 errorCode);
              CY_CFG_UNUSED
              static void CyClockStartupError(uint8 errorCode)
              {
                  /* To remove the compiler warning if errorCode not used.                */
                  errorCode = errorCode;
              
                  /* If we have a clock startup error (bad MHz crystal, PLL lock, etc.),  */
                  /* we will end up here to allow the customer to implement something to  */
                  /* deal with the clock condition.                                       */
              
              #ifdef CY_CFG_CLOCK_STARTUP_ERROR_CALLBACK
                  CY_CFG_Clock_Startup_ErrorCallback();
              #else
                  /*  If not using CY_CFG_CLOCK_STARTUP_ERROR_CALLBACK, place your clock startup code here. */
                  /* `#START CyClockStartupError` */
              
                  /* If we have a clock startup error (bad MHz crystal, PLL lock, etc.),  */
                  /* we will end up here to allow the customer to implement something to  */
                  /* deal with the clock condition.                                       */
              
                  /* `#END` */
              
                  while(1) {}
              #endif /* CY_CFG_CLOCK_STARTUP_ERROR_CALLBACK */
              }
              #endif
 100          
 101          
 102          /*******************************************************************************
 103          * Function Name: ClockSetup
 104          ********************************************************************************
 105          *
 106          * Summary:
 107          *  Performs the initialization of all of the clocks in the device based on the
 108          *  settings in the Clock tab of the DWR.  This includes enabling the requested
 109          *  clocks and setting the necessary dividers to produce the desired frequency. 
 110          *
 111          * Parameters:
 112          *  void
 113          *
 114          * Return:
C51 COMPILER V9.51   CYFITTER_CFG                                                          03/06/2019 16:03:54 PAGE 3   

 115          *  void
 116          *
 117          *******************************************************************************/
 118          static void ClockSetup(void);
 119          static void ClockSetup(void)
 120          {
 121   1              uint32 timeout;
 122   1      
 123   1      
 124   1              /* Configure Digital Clocks based on settings from Clock DWR */
 125   1              CY_SET_XTND_REG16((void CYFAR *)(CYREG_CLKDIST_DCFG0_CFG0), 0x5DBFu);
 126   1              CY_SET_REG8((void CYXDATA *)(CYREG_CLKDIST_DCFG0_CFG0 + 0x2u), 0x19u);
 127   1      
 128   1              /* Configure ILO based on settings from Clock DWR */
 129   1              CY_SET_REG8((void CYXDATA *)(CYREG_SLOWCLK_ILO_CR0), 0x06u);
 130   1      
 131   1              /* Configure XTAL based on settings from Clock DWR */
 132   1              CY_SET_XTND_REG16((void CYFAR *)(CYREG_FASTCLK_XMHZ_CFG0), 0x3317u);
 133   1              CY_SET_REG8((void CYXDATA *)(CYREG_FASTCLK_XMHZ_CSR), 0x05u);
 134   1              /* Wait up to 130000us for the XTAL to lock */
 135   1              CY_GET_REG8((void CYXDATA *)CYREG_FASTCLK_XMHZ_CSR);
 136   1              for (timeout = 130000u / 10u; (timeout > 0u) && ((CY_GET_REG8((void CYXDATA *)CYREG_FASTCLK_XMHZ_CSR) & 0
             -x80u) != 0u); timeout--)
 137   1              { 
 138   2                      
 139   2                      CyDelayCycles(10u * 48u); /* Delay 10us based on 48MHz clock */
 140   2              }
 141   1      
 142   1              /* Configure IMO based on settings from Clock DWR */
 143   1              CY_SET_REG8((void CYXDATA *)(CYREG_FASTCLK_IMO_CR), 0x52u);
 144   1              CY_SET_REG8((void CYXDATA *)(CYREG_IMO_TR1), (CY_GET_XTND_REG8((void CYFAR *)CYREG_FLSHID_CUST_TABLES_IMO
             -_USB)));
 145   1      
 146   1              /* Configure Bus/Master Clock based on settings from Clock DWR */
 147   1              CY_SET_XTND_REG16((void CYFAR *)(CYREG_CLKDIST_MSTR0), 0x0000u);
 148   1              CY_SET_REG8((void CYXDATA *)(CYREG_CLKDIST_MSTR0), 0x07u);
 149   1              CY_SET_REG8((void CYXDATA *)(CYREG_CLKDIST_BCFG0), 0x00u);
 150   1              CY_SET_REG8((void CYXDATA *)(CYREG_CLKDIST_BCFG2), 0x48u);
 151   1              CY_SET_REG8((void CYXDATA *)(CYREG_CLKDIST_MSTR0), 0x00u);
 152   1      
 153   1              /* Configure USB Clock based on settings from Clock DWR */
 154   1              CY_SET_REG8((void CYXDATA *)(CYREG_CLKDIST_UCFG), 0x00u);
 155   1              CY_SET_REG8((void CYXDATA *)(CYREG_CLKDIST_LD), 0x02u);
 156   1      
 157   1              CY_SET_REG8((void CYXDATA *)(CYREG_PM_ACT_CFG2), ((CY_GET_REG8((void CYXDATA *)CYREG_PM_ACT_CFG2) | 0x01u
             -)));
 158   1      }
 159          
 160          
 161          /* Analog API Functions */
 162          
 163          
 164          /*******************************************************************************
 165          * Function Name: AnalogSetDefault
 166          ********************************************************************************
 167          *
 168          * Summary:
 169          *  Sets up the analog portions of the chip to default values based on chip
 170          *  configuration options from the project.
 171          *
 172          * Parameters:
 173          *  void
C51 COMPILER V9.51   CYFITTER_CFG                                                          03/06/2019 16:03:54 PAGE 4   

 174          *
 175          * Return:
 176          *  void
 177          *
 178          *******************************************************************************/
 179          static void AnalogSetDefault(void);
 180          static void AnalogSetDefault(void)
 181          {
 182   1              uint8 bg_xover_inl_trim = CY_GET_XTND_REG8((void CYFAR *)(CYREG_FLSHID_MFG_CFG_BG_XOVER_INL_TRIM + 1u));
 183   1              CY_SET_REG8((void CYXDATA *)(CYREG_BG_DFT0), (bg_xover_inl_trim & 0x07u));
 184   1              CY_SET_REG8((void CYXDATA *)(CYREG_BG_DFT1), ((bg_xover_inl_trim >> 4) & 0x0Fu));
 185   1              CY_SET_REG8((void CYXDATA *)CYREG_PUMP_CR0, 0x44u);
 186   1      }
 187          
 188          
 189          /*******************************************************************************
 190          * Function Name: SetAnalogRoutingPumps
 191          ********************************************************************************
 192          *
 193          * Summary:
 194          * Enables or disables the analog pumps feeding analog routing switches.
 195          * Intended to be called at startup, based on the Vdda system configuration;
 196          * may be called during operation when the user informs us that the Vdda voltage
 197          * crossed the pump threshold.
 198          *
 199          * Parameters:
 200          *  enabled - 1 to enable the pumps, 0 to disable the pumps
 201          *
 202          * Return:
 203          *  void
 204          *
 205          *******************************************************************************/
 206          void SetAnalogRoutingPumps(uint8 enabled)
 207          {
 208   1              uint8 regValue = CY_GET_REG8((void CYXDATA *)CYREG_PUMP_CR0);
 209   1              if (enabled != 0u)
 210   1              {
 211   2                      regValue |= 0x00u;
 212   2              }
 213   1              else
 214   1              {
 215   2                      regValue &= (uint8)~0x00u;
 216   2              }
 217   1              CY_SET_REG8((void CYXDATA *)CYREG_PUMP_CR0, regValue);
 218   1      }
 219          
 220          
 221          
 222          
 223          /*******************************************************************************
 224          * Function Name: cyfitter_cfg
 225          ********************************************************************************
 226          * Summary:
 227          *  This function is called by the start-up code for the selected device. It
 228          *  performs all of the necessary device configuration based on the design
 229          *  settings.  This includes settings from the Design Wide Resources (DWR) such
 230          *  as Clocks and Pins as well as any component configuration that is necessary.
 231          *
 232          * Parameters:
 233          *   void
 234          *
 235          * Return:
C51 COMPILER V9.51   CYFITTER_CFG                                                          03/06/2019 16:03:54 PAGE 5   

 236          *   void
 237          *
 238          *******************************************************************************/
 239          
 240          void cyfitter_cfg(void)
 241          {
 242   1              /* IOPINS0_7 Address: CYREG_PRT12_DM0 Size (bytes): 8 */
 243   1              static const uint8 CYCODE BS_IOPINS0_7_VAL[] = {
 244   1                      0x00u, 0x01u, 0x01u, 0x00u, 0x01u, 0x00u, 0x00u, 0x00u};
 245   1      
 246   1              /* IOPINS0_8 Address: CYREG_PRT15_DR Size (bytes): 10 */
 247   1              static const uint8 CYCODE BS_IOPINS0_8_VAL[] = {
 248   1                      0x40u, 0x00u, 0x00u, 0x08u, 0x08u, 0x00u, 0x08u, 0x00u, 0xC0u, 0x00u};
 249   1      
 250   1              /* IOPINS0_1 Address: CYREG_PRT1_DM0 Size (bytes): 8 */
 251   1              static const uint8 CYCODE BS_IOPINS0_1_VAL[] = {
 252   1                      0x00u, 0x6Fu, 0x0Bu, 0x00u, 0x40u, 0x00u, 0x00u, 0x00u};
 253   1      
 254   1              /* IOPINS0_2 Address: CYREG_PRT2_DM0 Size (bytes): 8 */
 255   1              static const uint8 CYCODE BS_IOPINS0_2_VAL[] = {
 256   1                      0x00u, 0x40u, 0x60u, 0x00u, 0x60u, 0x00u, 0x00u, 0x00u};
 257   1      
 258   1              /* Enable/Disable Debug functionality based on settings from System DWR */
 259   1              CY_SET_XTND_REG8((void CYFAR *)CYREG_MLOGIC_DEBUG, (CY_GET_XTND_REG8((void CYFAR *)CYREG_MLOGIC_DEBUG) | 
             -0x05u));
 260   1      
 261   1              {
 262   2                      static const uint8 CYCODE cfg_byte_table[] = {
 263   2                              0x17u,
 264   2                              0x00u, 0x45u, 0x01u, /* Base address 0x004500 */
 265   2                              /* CYDEV_PICU_INTTYPE_PICU15_BASE */
 266   2                              0x7Eu, 0x02u, 
 267   2                              0x00u, 0x4Fu, 0x01u, /* Base address 0x004F00 */
 268   2                              /* CYREG_TMR0_CFG0 */
 269   2                              0x0Au, 0x4Bu, 
 270   2                              0x00u, 0x52u, 0x05u, /* Base address 0x005200 */
 271   2                              /* CYDEV_PRTDSI_PRT1_BASE */
 272   2                              0x09u, 0x40u, 0x0Cu, 0x20u, 
 273   2                              /* CYDEV_PRTDSI_PRT2_BASE */
 274   2                              0x10u, 0x20u, 0x11u, 0x20u, 
 275   2                              /* CYDEV_PRTDSI_PRT15_BASE */
 276   2                              0x7Cu, 0x40u, 
 277   2                              0x00u, 0x64u, 0x01u, /* Base address 0x006400 */
 278   2                              /* CYDEV_UWRK_UWRK8_B0_BASE + 0x00000070u */
 279   2                              0x7Du, 0x01u, 
 280   2                              0x01u, 0x05u, 0x01u, /* Base address 0x010500 */
 281   2                              /* CYDEV_UCFG_B0_P2_ROUTE_BASE + 0x00000080u */
 282   2                              0xEEu, 0x01u, 
 283   2                              0x01u, 0x09u, 0x01u, /* Base address 0x010900 */
 284   2                              /* CYDEV_UCFG_B0_P4_ROUTE_BASE + 0x00000080u */
 285   2                              0x9Cu, 0x80u, 
 286   2                              0x01u, 0x0Bu, 0x03u, /* Base address 0x010B00 */
 287   2                              /* CYDEV_UCFG_B0_P5_ROUTE_BASE + 0x00000080u */
 288   2                              0x9Cu, 0x80u, 0xAAu, 0x40u, 0xB4u, 0x01u, 
 289   2                              0x01u, 0x0Cu, 0x05u, /* Base address 0x010C00 */
 290   2                              /* CYDEV_UCFG_B0_P6_U1_BASE */
 291   2                              0xB8u, 0x80u, 0xBEu, 0x41u, 0xD8u, 0x04u, 0xDBu, 0x04u, 0xDFu, 0x01u, 
 292   2                              0x01u, 0x0Du, 0x06u, /* Base address 0x010D00 */
 293   2                              /* CYDEV_UCFG_B0_P6_ROUTE_BASE */
 294   2                              0x18u, 0x01u, 0x1Au, 0x80u, 0x58u, 0x80u, 0x68u, 0x02u, 
 295   2                              /* CYDEV_UCFG_B0_P6_ROUTE_BASE + 0x00000080u */
 296   2                              0x88u, 0x02u, 0xD6u, 0x08u, 
C51 COMPILER V9.51   CYFITTER_CFG                                                          03/06/2019 16:03:54 PAGE 6   

 297   2                              0x01u, 0x17u, 0x01u, /* Base address 0x011700 */
 298   2                              /* CYDEV_UCFG_B1_P3_ROUTE_BASE + 0x00000080u */
 299   2                              0xEEu, 0x0Au, 
 300   2                              0x01u, 0x19u, 0x02u, /* Base address 0x011900 */
 301   2                              /* CYDEV_UCFG_B1_P4_ROUTE_BASE + 0x00000080u */
 302   2                              0x9Cu, 0x80u, 0xEEu, 0x0Au, 
 303   2                              0x01u, 0x1Bu, 0x01u, /* Base address 0x011B00 */
 304   2                              /* CYDEV_UCFG_B1_P5_ROUTE_BASE + 0x00000080u */
 305   2                              0xB0u, 0x80u, 
 306   2                              0x01u, 0x40u, 0x04u, /* Base address 0x014000 */
 307   2                              /* CYDEV_UCFG_DSI0_BASE */
 308   2                              0x32u, 0x04u, 0x33u, 0x80u, 0x36u, 0x40u, 
 309   2                              /* CYDEV_UCFG_DSI0_BASE + 0x00000080u */
 310   2                              0xCCu, 0x70u, 
 311   2                              0x01u, 0x41u, 0x03u, /* Base address 0x014100 */
 312   2                              /* CYDEV_UCFG_DSI1_BASE + 0x00000080u */
 313   2                              0x96u, 0x08u, 0xA6u, 0x40u, 0xA7u, 0x80u, 
 314   2                              0x01u, 0x42u, 0x0Au, /* Base address 0x014200 */
 315   2                              /* CYDEV_UCFG_DSI2_BASE */
 316   2                              0x12u, 0x80u, 0x5Bu, 0x02u, 
 317   2                              /* CYDEV_UCFG_DSI2_BASE + 0x00000080u */
 318   2                              0x96u, 0x08u, 0x9Bu, 0x02u, 0xA6u, 0x40u, 0xA7u, 0x80u, 0xABu, 0x02u, 0xC4u, 0x10u, 0xD6u, 0x40u, 0xEEu
             -, 0x80u, 
 319   2                              0x01u, 0x43u, 0x03u, /* Base address 0x014300 */
 320   2                              /* CYDEV_UCFG_DSI3_BASE + 0x00000080u */
 321   2                              0xA6u, 0x40u, 0xA7u, 0x80u, 0xAEu, 0x84u, 
 322   2                              0x01u, 0x45u, 0x04u, /* Base address 0x014500 */
 323   2                              /* CYDEV_UCFG_DSI5_BASE */
 324   2                              0x64u, 0x04u, 
 325   2                              /* CYDEV_UCFG_DSI5_BASE + 0x00000080u */
 326   2                              0x88u, 0x04u, 0xD8u, 0x01u, 0xE4u, 0x01u, 
 327   2                              0x01u, 0x46u, 0x03u, /* Base address 0x014600 */
 328   2                              /* CYDEV_UCFG_DSI6_BASE + 0x00000080u */
 329   2                              0xA1u, 0x02u, 0xB5u, 0x02u, 0xECu, 0x08u, 
 330   2                              0x01u, 0x47u, 0x04u, /* Base address 0x014700 */
 331   2                              /* CYDEV_UCFG_DSI7_BASE */
 332   2                              0x08u, 0x08u, 0x0Fu, 0x40u, 
 333   2                              /* CYDEV_UCFG_DSI7_BASE + 0x00000080u */
 334   2                              0xA1u, 0x02u, 0xC2u, 0x0Cu, 
 335   2                              0x01u, 0x48u, 0x03u, /* Base address 0x014800 */
 336   2                              /* CYDEV_UCFG_DSI8_BASE + 0x00000080u */
 337   2                              0xAEu, 0x40u, 0xAFu, 0x80u, 0xEEu, 0x50u, 
 338   2                              0x01u, 0x4Cu, 0x07u, /* Base address 0x014C00 */
 339   2                              /* CYDEV_UCFG_DSI12_BASE */
 340   2                              0x0Fu, 0x40u, 0x61u, 0x02u, 
 341   2                              /* CYDEV_UCFG_DSI12_BASE + 0x00000080u */
 342   2                              0xA1u, 0x02u, 0xACu, 0x08u, 0xAFu, 0x40u, 0xC2u, 0x04u, 0xD8u, 0x02u, 
 343   2                              0x01u, 0x4Du, 0x02u, /* Base address 0x014D00 */
 344   2                              /* CYDEV_UCFG_DSI13_BASE + 0x00000080u */
 345   2                              0xB3u, 0x40u, 0xEAu, 0x04u, 
 346   2                              0x01u, 0x51u, 0x01u, /* Base address 0x015100 */
 347   2                              /* CYREG_IDMUX_IRQ_CTL0 */
 348   2                              0x00u, 0x3Au, 
 349   2                      };
 350   2                      /* BYTES: 214 */
 351   2      
 352   2      
 353   2                      CYPACKED typedef struct {
 354   2                              void CYFAR *address;
 355   2                              uint16 size;
 356   2                      } CYPACKED_ATTR cfg_memset_t;
 357   2      
C51 COMPILER V9.51   CYFITTER_CFG                                                          03/06/2019 16:03:54 PAGE 7   

 358   2                      static const cfg_memset_t CYCODE cfg_memset_list[] = {
 359   2                              /* address, size */
 360   2                              {(void CYFAR *)(CYREG_TMR0_CFG0), 12u},
 361   2                              {(void CYFAR *)(CYREG_PRT0_DR), 16u},
 362   2                              {(void CYFAR *)(CYREG_PRT3_DR), 64u},
 363   2                              {(void CYFAR *)(CYDEV_UCFG_B0_P0_U0_BASE), 4096u},
 364   2                              {(void CYFAR *)(CYDEV_UCFG_B1_P2_U0_BASE), 2048u},
 365   2                              {(void CYFAR *)(CYDEV_UCFG_DSI0_BASE), 2560u},
 366   2                              {(void CYFAR *)(CYDEV_UCFG_DSI12_BASE), 512u},
 367   2                              {(void CYFAR *)(CYREG_BCTL0_MDCLK_EN), 32u},
 368   2                      };
 369   2      
 370   2                      uint8 CYDATA i;
 371   2      
 372   2                      /* Zero out critical memory blocks before beginning configuration */
 373   2                      for (i = 0u; i < (sizeof(cfg_memset_list)/sizeof(cfg_memset_list[0])); i++)
 374   2                      {
 375   3                              const cfg_memset_t CYCODE * CYDATA ms = &cfg_memset_list[i];
 376   3                              CYMEMZERO(ms->address, ms->size);
 377   3                      }
 378   2      
 379   2                      cfg_write_bytes_code(cfg_byte_table);
 380   2      
 381   2                      /* Enable digital routing */
 382   2                      CY_SET_XTND_REG8((void CYFAR *)CYREG_BCTL0_BANK_CTL, CY_GET_XTND_REG8((void CYFAR *)CYREG_BCTL0_BANK_CTL
             -) | 0x02u);
 383   2                      CY_SET_XTND_REG8((void CYFAR *)CYREG_BCTL1_BANK_CTL, CY_GET_XTND_REG8((void CYFAR *)CYREG_BCTL1_BANK_CTL
             -) | 0x02u);
 384   2      
 385   2                      /* Enable UDB array */
 386   2                      CY_SET_REG8((void CYXDATA *)CYREG_PM_ACT_CFG0, CY_GET_REG8((void CYXDATA *)CYREG_PM_ACT_CFG0) | 0x40u);
 387   2                      CY_SET_REG8((void CYXDATA *)CYREG_PM_AVAIL_CR2, CY_GET_REG8((void CYXDATA *)CYREG_PM_AVAIL_CR2) | 0x10u)
             -;
 388   2              }
 389   1      
 390   1      
 391   1              /* Perform second pass device configuration. These items must be configured in specific order after the r
             -egular configuration is done. */
 392   1              CYCONFIGCPYCODE((void CYFAR *)(CYREG_PRT12_DM0), (const void CYCODE *)(BS_IOPINS0_7_VAL), 8u);
 393   1              CYCONFIGCPYCODE((void CYFAR *)(CYREG_PRT15_DR), (const void CYCODE *)(BS_IOPINS0_8_VAL), 10u);
 394   1              CYCONFIGCPYCODE((void CYFAR *)(CYREG_PRT1_DM0), (const void CYCODE *)(BS_IOPINS0_1_VAL), 8u);
 395   1              CYCONFIGCPYCODE((void CYFAR *)(CYREG_PRT2_DM0), (const void CYCODE *)(BS_IOPINS0_2_VAL), 8u);
 396   1              CY_SET_REG8((void CYXDATA *)(CYREG_INTC_CSR_EN), 0x01u);
 397   1              /* Switch Boost to the precision bandgap reference from its internal reference */
 398   1              CY_SET_REG8((void CYXDATA *)CYREG_BOOST_CR2, (CY_GET_REG8((void CYXDATA *)CYREG_BOOST_CR2) | 0x08u));
 399   1              if (CYDEV_CHIP_REV_ACTUAL < 5u)
 400   1              {
 401   2                      CY_SET_REG8((void CYXDATA *)CYREG_PWRSYS_WAKE_TR2, 0x3Au);
 402   2              }
 403   1      
 404   1      
 405   1              /* Set Flash Cycles based on max possible frequency in case a glitch occurs during ClockSetup(). */
 406   1              CY_SET_REG8((void CYXDATA *)(CYREG_CACHE_CR), (((CYDEV_INSTRUCT_CACHE_ENABLED) != 0) ? 0xF1u : 0xC0u));
 407   1              /* Setup clocks based on selections from Clock DWR */
 408   1              ClockSetup();
 409   1              /* Set Flash Cycles based on newly configured 24.00MHz Bus Clock. */
 410   1              CY_SET_REG8((void CYXDATA *)(CYREG_CACHE_CR), (((CYDEV_INSTRUCT_CACHE_ENABLED) != 0) ? 0xB1u : 0x80u));
 411   1      
 412   1              /* Perform basic analog initialization to defaults */
 413   1              AnalogSetDefault();
 414   1      
 415   1              /* Configure alternate active mode */
C51 COMPILER V9.51   CYFITTER_CFG                                                          03/06/2019 16:03:54 PAGE 8   

 416   1              CYCONFIGCPY((void CYFAR *)CYDEV_PM_STBY_BASE, (const void CYFAR *)CYDEV_PM_ACT_BASE, 14u);
 417   1              CY_SET_REG8((void CYXDATA *)CYREG_PM_STBY_CFG0, CY_GET_REG8((void CYXDATA *)CYREG_PM_STBY_CFG0) & (uint8)
             -~0x02u);        /* Disable CPU */
 418   1      }
C51 COMPILER V9.51   CYFITTER_CFG                                                          03/06/2019 16:03:54 PAGE 9   

ASSEMBLY LISTING OF GENERATED OBJECT CODE


             ; FUNCTION ClockSetup (BEGIN)
                                           ; SOURCE LINE # 119
                                           ; SOURCE LINE # 120
                                           ; SOURCE LINE # 125
                       MOV     R3,#00H
                       MOV     R2,#040H
                       MOV     R1,#080H
                       MOV     R5,#0BFH
                       MOV     R4,#05DH
                 E     CALL    _cywrite16
                                           ; SOURCE LINE # 126
                       MOV     DPTR,#04082H
                       MOV     A,#019H
                       MOVX    @DPTR,A
                                           ; SOURCE LINE # 129
                       MOV     DPTR,#04300H
                       MOV     A,#06H
                       MOVX    @DPTR,A
                                           ; SOURCE LINE # 132
                       MOV     R3,#00H
                       MOV     R2,#042H
                       MOV     R1,#012H
                       MOV     R5,#017H
                       MOV     R4,#033H
                 E     CALL    _cywrite16
                                           ; SOURCE LINE # 133
                       MOV     DPTR,#04210H
                       MOV     A,#05H
                       MOVX    @DPTR,A
                                           ; SOURCE LINE # 135
                       MOVX    A,@DPTR
                       MOV     R7,A
                                           ; SOURCE LINE # 136
                       CLR     A
                       MOV     R7,#0C8H
                       MOV     R6,#032H
                       MOV     R5,A
                       MOV     R4,A
                 R     MOV     DPTR,#timeout
                 E     CALL    ?C?LSTXDATA
             ?C0001:
                 R     MOV     DPTR,#timeout
                 E     CALL    ?C?LLDXDATA
                       SETB    C
                       MOV     A,R7
                       SUBB    A,#00H
                       MOV     A,R6
                       SUBB    A,#00H
                 R     xJLT    ?C0002
                       MOV     DPTR,#04210H
                       MOVX    A,@DPTR
                       ANL     A,#080H
                 R     xJZ     ?C0002
                                           ; SOURCE LINE # 137
                                           ; SOURCE LINE # 139
                       CLR     A
                       MOV     R7,#0E0H
                       MOV     R6,#01H
                       MOV     R5,A
C51 COMPILER V9.51   CYFITTER_CFG                                                          03/06/2019 16:03:54 PAGE 10  

                       MOV     R4,A
                 E     CALL    _CyDelayCycles
                                           ; SOURCE LINE # 140
                 R     MOV     DPTR,#timeout
                 E     CALL    ?C?LLDXDATA
                       MOV     A,#0FFH
                       MOV     R3,A
                       MOV     R2,A
                       MOV     R1,A
                       MOV     R0,A
                 E     CALL    ?C?LADD
                 R     MOV     DPTR,#timeout
                 E     CALL    ?C?LSTXDATA
                 R     xJMP    ?C0001
             ?C0002:
                                           ; SOURCE LINE # 143
                       MOV     DPTR,#04200H
                       MOV     A,#052H
                       MOVX    @DPTR,A
                                           ; SOURCE LINE # 144
                       MOV     R3,#0CH
                       MOV     R2,#01H
                       MOV     R1,#0FH
                 E     CALL    _cyread8
                       MOV     DPTR,#046A1H
                       MOV     A,R7
                       MOVX    @DPTR,A
                                           ; SOURCE LINE # 147
                       MOV     R3,#00H
                       MOV     R2,#040H
                       MOV     R1,#04H
                       CLR     A
                       MOV     R5,A
                       MOV     R4,A
                 E     CALL    _cywrite16
                                           ; SOURCE LINE # 148
                       MOV     DPTR,#04004H
                       MOV     A,#07H
                       MOVX    @DPTR,A
                                           ; SOURCE LINE # 149
                       MOV     DPTR,#04006H
                       CLR     A
                       MOVX    @DPTR,A
                                           ; SOURCE LINE # 150
                       MOV     DPTR,#04008H
                       MOV     A,#048H
                       MOVX    @DPTR,A
                                           ; SOURCE LINE # 151
                       MOV     DPTR,#04004H
                       CLR     A
                       MOVX    @DPTR,A
                                           ; SOURCE LINE # 154
                       MOV     DPTR,#04009H
                       MOVX    @DPTR,A
                                           ; SOURCE LINE # 155
                       MOV     DPTR,#04001H
                       MOV     A,#02H
                       MOVX    @DPTR,A
                                           ; SOURCE LINE # 157
                       MOV     DPTR,#043A2H
                       MOVX    A,@DPTR
                       ORL     A,#01H
C51 COMPILER V9.51   CYFITTER_CFG                                                          03/06/2019 16:03:54 PAGE 11  

                       MOVX    @DPTR,A
                                           ; SOURCE LINE # 158
                       RET     
             ; FUNCTION ClockSetup (END)

             ; FUNCTION AnalogSetDefault (BEGIN)
                                           ; SOURCE LINE # 180
                                           ; SOURCE LINE # 181
                                           ; SOURCE LINE # 182
                       MOV     R3,#0CH
                       MOV     R2,#01H
                       MOV     R1,#0CFH
                 E     CALL    _cyread8
;---- Variable 'bg_xover_inl_trim' assigned to Register 'R7' ----
                                           ; SOURCE LINE # 183
                       MOV     A,R7
                       ANL     A,#07H
                       MOV     DPTR,#0586EH
                       MOVX    @DPTR,A
                                           ; SOURCE LINE # 184
                       MOV     A,R7
                       SWAP    A
                       ANL     A,#0FH
                       INC     DPTR
                       MOVX    @DPTR,A
                                           ; SOURCE LINE # 185
                       MOV     DPTR,#05876H
                       MOV     A,#044H
                       MOVX    @DPTR,A
                                           ; SOURCE LINE # 186
                       RET     
             ; FUNCTION AnalogSetDefault (END)

             ; FUNCTION _SetAnalogRoutingPumps (BEGIN)
                                           ; SOURCE LINE # 206
;---- Variable 'enabled' assigned to Register 'R7' ----
                                           ; SOURCE LINE # 207
                                           ; SOURCE LINE # 208
                       MOV     DPTR,#05876H
                       MOVX    A,@DPTR
                       MOV     R6,A
;---- Variable 'regValue' assigned to Register 'R6' ----
                                           ; SOURCE LINE # 209
                       MOV     A,R7
                 R     xJZ     ?C0006
                                           ; SOURCE LINE # 210
                                           ; SOURCE LINE # 211
                       MOV     A,R6
                                           ; SOURCE LINE # 212
                 R     xJMP    ?C0007
             ?C0006:
                                           ; SOURCE LINE # 214
                                           ; SOURCE LINE # 215
                       MOV     A,R6
                                           ; SOURCE LINE # 216
             ?C0007:
                                           ; SOURCE LINE # 217
                       MOV     R7,AR6
                       MOV     DPTR,#05876H
                       MOV     A,R6
                       MOVX    @DPTR,A
                                           ; SOURCE LINE # 218
C51 COMPILER V9.51   CYFITTER_CFG                                                          03/06/2019 16:03:54 PAGE 12  

                       RET     
             ; FUNCTION _SetAnalogRoutingPumps (END)

             ; FUNCTION cyfitter_cfg (BEGIN)
                                           ; SOURCE LINE # 240
                                           ; SOURCE LINE # 241
                                           ; SOURCE LINE # 259
                       MOV     R3,#00H
                       MOV     R2,#046H
                       MOV     R1,#0E8H
                 E     CALL    _cyread8
                       MOV     A,R7
                       ORL     A,#05H
                       MOV     R5,A
                       MOV     R3,#00H
                       MOV     R2,#046H
                       MOV     R1,#0E8H
                 E     CALL    _cywrite8
                                           ; SOURCE LINE # 261
                                           ; SOURCE LINE # 373
                       CLR     A
                 R     MOV     i,A
             ?C0009:
                 R     MOV     A,i
                       CLR     C
                       SUBB    A,#08H
                 R     xJGE    ?C0010
                                           ; SOURCE LINE # 374
                                           ; SOURCE LINE # 375
                 R     MOV     A,i
                       MOV     B,#05H
                       MUL     AB
                 R     ADD     A,#LOW cfg_memset_list
                       MOV     DPL,A
                       CLR     A
                 R     ADDC    A,#HIGH cfg_memset_list
                       MOV     R7,DPL
                 R     MOV     ms,A
                 R     MOV     ms+01H,R7
                                           ; SOURCE LINE # 376
                       MOV     DPH,A
                 E     CALL    ?C?PLDCODE
                       MOV     DPL,R7
                 R     MOV     DPH,ms
                       MOV     A,#03H
                       MOVC    A,@A+DPTR
                       MOV     R4,A
                       MOV     A,#04H
                       MOVC    A,@A+DPTR
                       MOV     R5,A
                 E     CALL    _cymemzero
                                           ; SOURCE LINE # 377
                 R     INC     i
                 R     xJMP    ?C0009
             ?C0010:
                                           ; SOURCE LINE # 379
                 R     MOV     R6,#HIGH cfg_byte_table
                 R     MOV     R7,#LOW cfg_byte_table
                 E     CALL    _cfg_write_bytes_code
                                           ; SOURCE LINE # 382
                       MOV     R3,#01H
                       MOV     R2,#050H
C51 COMPILER V9.51   CYFITTER_CFG                                                          03/06/2019 16:03:54 PAGE 13  

                       MOV     R1,#03H
                 E     CALL    _cyread8
                       MOV     A,R7
                       ORL     A,#02H
                       MOV     R5,A
                       MOV     R3,#01H
                       MOV     R2,#050H
                       MOV     R1,#03H
                 E     CALL    _cywrite8
                                           ; SOURCE LINE # 383
                       MOV     R3,#01H
                       MOV     R2,#050H
                       MOV     R1,#013H
                 E     CALL    _cyread8
                       MOV     A,R7
                       ORL     A,#02H
                       MOV     R5,A
                       MOV     R3,#01H
                       MOV     R2,#050H
                       MOV     R1,#013H
                 E     CALL    _cywrite8
                                           ; SOURCE LINE # 386
                       MOV     DPTR,#043A0H
                       MOVX    A,@DPTR
                       ORL     A,#040H
                       MOVX    @DPTR,A
                                           ; SOURCE LINE # 387
                       MOV     DPTR,#043C2H
                       MOVX    A,@DPTR
                       ORL     A,#010H
                       MOVX    @DPTR,A
                                           ; SOURCE LINE # 388
                                           ; SOURCE LINE # 392
                 R     MOV     R4,#HIGH BS_IOPINS0_7_VAL
                 R     MOV     R5,#LOW BS_IOPINS0_7_VAL
                       MOV     R3,#00H
                       MOV     R2,#051H
                       MOV     R1,#0C2H
                       MOV     R7,#08H
                       MOV     R6,#00H
                 E     CALL    _cyconfigcpycode
                                           ; SOURCE LINE # 393
                 R     MOV     R4,#HIGH BS_IOPINS0_8_VAL
                 R     MOV     R5,#LOW BS_IOPINS0_8_VAL
                       MOV     R3,#00H
                       MOV     R2,#051H
                       MOV     R1,#0F0H
                       MOV     R7,#0AH
                       MOV     R6,#00H
                 E     CALL    _cyconfigcpycode
                                           ; SOURCE LINE # 394
                 R     MOV     R4,#HIGH BS_IOPINS0_1_VAL
                 R     MOV     R5,#LOW BS_IOPINS0_1_VAL
                       MOV     R3,#00H
                       MOV     R2,#051H
                       MOV     R1,#012H
                       MOV     R7,#08H
                       MOV     R6,#00H
                 E     CALL    _cyconfigcpycode
                                           ; SOURCE LINE # 395
                 R     MOV     R4,#HIGH BS_IOPINS0_2_VAL
                 R     MOV     R5,#LOW BS_IOPINS0_2_VAL
C51 COMPILER V9.51   CYFITTER_CFG                                                          03/06/2019 16:03:54 PAGE 14  

                       MOV     R3,#00H
                       MOV     R2,#051H
                       MOV     R1,#022H
                       MOV     R7,#08H
                       MOV     R6,#00H
                 E     CALL    _cyconfigcpycode
                                           ; SOURCE LINE # 396
                       MOV     DPTR,#044F4H
                       MOV     A,#01H
                       MOVX    @DPTR,A
                                           ; SOURCE LINE # 398
                       MOV     DPTR,#04322H
                       MOVX    A,@DPTR
                       ORL     A,#08H
                       MOVX    @DPTR,A
                                           ; SOURCE LINE # 399
                       MOV     DPTR,#046ECH
                       MOVX    A,@DPTR
                       CLR     C
                       SUBB    A,#05H
                 R     xJGE    ?C0012
                                           ; SOURCE LINE # 400
                                           ; SOURCE LINE # 401
                       MOV     DPTR,#04689H
                       MOV     A,#03AH
                       MOVX    @DPTR,A
                                           ; SOURCE LINE # 402
             ?C0012:
                                           ; SOURCE LINE # 406
                       MOV     DPTR,#04800H
                       MOV     A,#0F1H
                       MOVX    @DPTR,A
                                           ; SOURCE LINE # 408
                 R     CALL    ClockSetup
                                           ; SOURCE LINE # 410
                       MOV     DPTR,#04800H
                       MOV     A,#0B1H
                       MOVX    @DPTR,A
                                           ; SOURCE LINE # 413
                 R     CALL    AnalogSetDefault
                                           ; SOURCE LINE # 416
                       MOV     R3,#00H
                       MOV     R2,#043H
                       MOV     R1,#0A0H
                       PUSH    AR1
                       MOV     R1,#0B0H
                 E     MOV     DPTR,#?_cyconfigcpy?BYTE+05H
                 E     CALL    ?C?PSTXDATA
                       POP     AR1
                       MOV     R7,#0EH
                       MOV     R6,#00H
                 E     CALL    _cyconfigcpy
                                           ; SOURCE LINE # 417
                       MOV     DPTR,#043B0H
                       MOVX    A,@DPTR
                       ANL     A,#0FDH
                       MOVX    @DPTR,A
                                           ; SOURCE LINE # 418
                       RET     
             ; FUNCTION cyfitter_cfg (END)


C51 COMPILER V9.51   CYFITTER_CFG                                                          03/06/2019 16:03:54 PAGE 15  


MODULE INFORMATION:   STATIC OVERLAYABLE
   CODE SIZE        =    542    ----
   CONSTANT SIZE    =    288    ----
   XDATA SIZE       =   ----       4
   PDATA SIZE       =   ----    ----
   DATA SIZE        =   ----       3
   IDATA SIZE       =   ----    ----
   BIT SIZE         =   ----    ----
   EDATA SIZE       =   ----    ----
   HDATA SIZE       =   ----    ----
   XDATA CONST SIZE =   ----    ----
   FAR CONST SIZE   =   ----    ----
END OF MODULE INFORMATION.


C51 COMPILATION COMPLETE.  0 WARNING(S),  0 ERROR(S)
