Microchip MPLAB XC8 Compiler V2.45

Linker command line:

-W-3 \
  --edf=C:\Program Files\Microchip\xc8\v2.45\pic\dat\20230818022343_en.msgs \
  -cn -h+.ca/dist/Config_1/production\PSoC3-PCIe-MKIII.X.production.sym \
  --cmf=.ca/dist/Config_1/production\PSoC3-PCIe-MKIII.X.production.cmf -z \
  -Q16LF18326 -oC:\Users\Ron\AppData\Local\Temp\xcAsb58.\driver_tmp_3.o \
  --defsym=__MPLAB_BUILD=1 --fixupoverflow=error \
  -M.ca/dist/Config_1/production/PSoC3-PCIe-MKIII.X.production.map \
  --md=C:\Users\Ron\AppData\Local\Temp\xcAsb58.\driver_tmp_0.dat -E1 \
  -ver=XC8 Compiler --acfsm=1493 -ACODE=00h-07FFhx8 -ASTRCODE=00h-03FFFh \
  -ASTRING=00h-0FFhx64 -ACONST=00h-0FFhx64 -AENTRY=00h-0FFhx64 \
  -ACOMMON=070h-07Fh -ABANK0=020h-06Fh -ABANK1=0A0h-0EFh \
  -ABANK2=0120h-016Fh -ABANK3=01A0h-01EFh -ABANK4=0220h-026Fh \
  -ABANK5=02A0h-02EFh -ABANK6=0320h-036Fh -ABANK7=03A0h-03EFh \
  -ABANK8=0420h-046Fh -ABANK9=04A0h-04EFh -ABANK10=0520h-056Fh \
  -ABANK11=05A0h-05EFh -ABANK12=0620h-066Fh -ABANK13=06A0h-06EFh \
  -ABANK14=0720h-076Fh -ABANK15=07A0h-07EFh -ABANK16=0820h-086Fh \
  -ABANK17=08A0h-08EFh -ABANK18=0920h-096Fh -ABANK19=09A0h-09EFh \
  -ABANK20=0A20h-0A6Fh -ABANK21=0AA0h-0AEFh -ABANK22=0B20h-0B6Fh \
  -ABANK23=0BA0h-0BEFh -ABANK24=0C20h-0C6Fh -ABANK25=0CA0h-0CBFh \
  -ABIGRAM=02000h-027EFh \
  -ARAM=020h-06Fh,0A0h-0EFh,0120h-016Fh,01A0h-01EFh,0220h-026Fh,02A0h-02EFh,0320h-036Fh,03A0h-03EFh,0420h-046Fh,04A0h-04EFh,0520h-056Fh,05A0h-05EFh,0620h-066Fh,06A0h-06EFh,0720h-076Fh,07A0h-07EFh,0820h-086Fh,08A0h-08EFh,0920h-096Fh,09A0h-09EFh,0A20h-0A6Fh,0AA0h-0AEFh,0B20h-0B6Fh,0BA0h-0BEFh,0C20h-0C6Fh,0CA0h-0CBFh \
  -AABS1=020h-07Fh,0A0h-0EFh,0120h-016Fh,01A0h-01EFh,0220h-026Fh,02A0h-02EFh,0320h-036Fh,03A0h-03EFh,0420h-046Fh,04A0h-04EFh,0520h-056Fh,05A0h-05EFh,0620h-066Fh,06A0h-06EFh,0720h-076Fh,07A0h-07EFh,0820h-086Fh,08A0h-08EFh,0920h-096Fh,09A0h-09EFh,0A20h-0A6Fh,0AA0h-0AEFh,0B20h-0B6Fh,0BA0h-0BEFh,0C20h-0C6Fh,0CA0h-0CBFh \
  -ASFR0=00h-01Fh -ASFR1=080h-09Fh -ASFR2=0100h-011Fh -ASFR3=0180h-019Fh \
  -ASFR4=0200h-021Fh -ASFR5=0280h-029Fh -ASFR6=0300h-031Fh \
  -ASFR7=0380h-039Fh -ASFR8=0400h-041Fh -ASFR9=0480h-049Fh \
  -ASFR10=0500h-051Fh -ASFR11=0580h-059Fh -ASFR12=0600h-061Fh \
  -ASFR13=0680h-069Fh -ASFR14=0700h-071Fh -ASFR15=0780h-079Fh \
  -ASFR16=0800h-081Fh -ASFR17=0880h-089Fh -ASFR18=0900h-091Fh \
  -ASFR19=0980h-099Fh -ASFR20=0A00h-0A1Fh -ASFR21=0A80h-0A9Fh \
  -ASFR22=0B00h-0B1Fh -ASFR23=0B80h-0B9Fh -ASFR24=0C00h-0C1Fh \
  -ASFR25=0C80h-0C9Fh -ASFR26=0D00h-0D6Fh -ASFR27=0D80h-0DEFh \
  -ASFR28=0E00h-0E6Fh -ASFR29=0E80h-0EEFh -ASFR30=0F00h-0F6Fh \
  -ASFR31=0F80h-0FEFh -ACONFIG=08007h-0800Ah -DCONFIG=2 \
  -AIDLOC=08000h-08003h -DIDLOC=2 -AEEDATA=00h-0FFh/0F000h \
  -peeprom_data=EEDATA -DEEDATA=2 -DCODE=2 -DSTRCODE=2 -DSTRING=2 -DCONST=2 \
  -DENTRY=2 -preset_vec=00h,intentry=04h,init,end_init -ppowerup=CODE \
  -pcinit=CODE -pfunctab=ENTRY -k \
  C:\Users\Ron\AppData\Local\Temp\xcAsb58.\driver_tmp_15.o \
  .ca/dist/Config_1/production\PSoC3-PCIe-MKIII.X.production.o 

Object code version is 3.11

Machine type is 16LF18326



                Name                               Link     Load   Length Selector   Space Scale
C:\Users\Ron\AppData\Local\Temp\xcAsb58.\driver_tmp_15.o
                end_init                             25       25        2        8       0
                reset_vec                             0        0        2        0       0
                config                             8007     8007        4        0       4
                idloc                              8000     8000        4        0       5
.ca/dist/Config_1/production\PSoC3-PCIe-MKIII.X.production.o
                cinit                                27       27       4E        8       0
                intentry                              4        4       21        8       0
                config                             8007     8007        4        0       4
                idloc                              8000     8000        4        0       5
                text66                              862      862        3     10C4       0
                text65                              865      865        3     10CA       0
                text64                              9D9      9D9       19     13B2       0
                text63                              87C      87C        5     10F8       0
                text62                              913      913        B     1226       0
                text61                              868      868        3     10D0       0
                text60                              8AB      8AB        7     1156       0
                text59                              881      881        5     1102       0
                text58                              874      874        4     10E8       0
                text57                              8B2      8B2        7     1164       0
                text56                              967      967       11     12CE       0
                text55                              CCD      CCD       78     199A       0
                text54                              A0D      A0D       1D     141A       0
                text53                              886      886        5     110C       0
                text52                              91E      91E        B     123C       0
                text51                              86B      86B        3     10D6       0
                text50                              88B      88B        5     1116       0
                text49                              890      890        5     1120       0
                text48                              895      895        5     112A       0
                text47                              89A      89A        5     1134       0
                text46                              929      929        B     1252       0
                text45                              BAB      BAB       54     1756       0
                text44                              978      978       12     12F0       0
                text43                                2        2        1        0       0
                text42                              94C      94C        D     1298       0
                text40                              98A      98A       12     1314       0
                text39                              D45      D45       83     1A8A       0
                text38                              72F      72F       94        8       0
                text37                              DC8      DC8       86     1B90       0
                text36                              BFF      BFF       62     17FE       0
                text35                              B64      B64       47     16C8       0
                text34                              69A      69A       95        8       0
                text33                              A8B      A8B       23     1516       0
                text32                              A69      A69       22     14D2       0
                text31                              934      934        C     1268       0
                text30                              86E      86E        3     10DC       0
                text29                              959      959        E     12B2       0
                text28                              8C1      8C1        9     1182       0
                text27                              8CA      8CA        9     1194       0
                text26                              8D3      8D3        9     11A6       0
                text25                              8DC      8DC        9     11B8       0
                text24                              89F      89F        6     113E       0
                text23                              8A5      8A5        6     114A       0
                text22                              8E5      8E5        9     11CA       0
                text21                              8EE      8EE        9     11DC       0
                text20                              B26      B26       3E     164C       0
                text19                              AAE      AAE       26     155C       0
                text18                              7F3      7F3        D        8       0
                text17                              909      909        A     1212       0
                text16                              AFA      AFA       2C     15F4       0
                text15                              8B9      8B9        8     1172       0
                text14                              8F7      8F7        9     11EE       0
                text13                              99C      99C       14     1338       0
                text12                              878      878        4     10F0       0
                text11                              9C4      9C4       15     1388       0
                text10                              871      871        3     10E2       0
                text9                               A49      A49       20     1492       0
                text8                               48A      48A      210        8       0
                text7                               E4E      E4E      1B2     1C9C       0
                text6                               A2A      A2A       1F     1454       0
                text5                               7C3      7C3       30        8       0
                text4                               AD4      AD4       26     15A8       0
                text3                               9B0      9B0       14     1360       0
                text2                                75       75      415        8       0
                text1                               9F2      9F2       1B     13E4       0
                maintext                            C61      C61       6C     18C2       0
                cstackBANK0                          20       20       4F       20       1
                cstackCOMMON                         70       70        D       70       1
                cstackBANK1                          CA       CA       1D       A0       1
                clrtext                             940      940        C     1280       0
                bssBANK3                            1A0      1A0       30      1A0       1
                dataBANK2                           153      153        1      120       1
                bssBANK2                            120      120       31      120       1
                dataBANK1                            E7       E7        9       A0       1
                bssBANK1                             A0       A0       2A       A0       1
                bssBANK0                             6F       6F        1       20       1
                bssCOMMON                            7D       7D        1       70       1
                nvBANK2                             151      151        2      120       1
                idataBANK2                            3        3        1        6       0
                idataBANK1                          900      900        9     1200       0

TOTAL           Name                               Link     Load   Length     Space
        CLASS   CODE           
                end_init                             25       25        2         0
                cinit                                27       27       4E         0
                intentry                              4        4       21         0
                reset_vec                             0        0        2         0
                text66                              862      862        3         0
                text65                              865      865        3         0
                text64                              9D9      9D9       19         0
                text63                              87C      87C        5         0
                text62                              913      913        B         0
                text61                              868      868        3         0
                text60                              8AB      8AB        7         0
                text59                              881      881        5         0
                text58                              874      874        4         0
                text57                              8B2      8B2        7         0
                text56                              967      967       11         0
                text55                              CCD      CCD       78         0
                text54                              A0D      A0D       1D         0
                text53                              886      886        5         0
                text52                              91E      91E        B         0
                text51                              86B      86B        3         0
                text50                              88B      88B        5         0
                text49                              890      890        5         0
                text48                              895      895        5         0
                text47                              89A      89A        5         0
                text46                              929      929        B         0
                text45                              BAB      BAB       54         0
                text44                              978      978       12         0
                text43                                2        2        1         0
                text42                              94C      94C        D         0
                text40                              98A      98A       12         0
                text39                              D45      D45       83         0
                text38                              72F      72F       94         0
                text37                              DC8      DC8       86         0
                text36                              BFF      BFF       62         0
                text35                              B64      B64       47         0
                text34                              69A      69A       95         0
                text33                              A8B      A8B       23         0
                text32                              A69      A69       22         0
                text31                              934      934        C         0
                text30                              86E      86E        3         0
                text29                              959      959        E         0
                text28                              8C1      8C1        9         0
                text27                              8CA      8CA        9         0
                text26                              8D3      8D3        9         0
                text25                              8DC      8DC        9         0
                text24                              89F      89F        6         0
                text23                              8A5      8A5        6         0
                text22                              8E5      8E5        9         0
                text21                              8EE      8EE        9         0
                text20                              B26      B26       3E         0
                text19                              AAE      AAE       26         0
                text18                              7F3      7F3        D         0
                text17                              909      909        A         0
                text16                              AFA      AFA       2C         0
                text15                              8B9      8B9        8         0
                text14                              8F7      8F7        9         0
                text13                              99C      99C       14         0
                text12                              878      878        4         0
                text11                              9C4      9C4       15         0
                text10                              871      871        3         0
                text9                               A49      A49       20         0
                text8                               48A      48A      210         0
                text7                               E4E      E4E      1B2         0
                text6                               A2A      A2A       1F         0
                text5                               7C3      7C3       30         0
                text4                               AD4      AD4       26         0
                text3                               9B0      9B0       14         0
                text2                                75       75      415         0
                text1                               9F2      9F2       1B         0
                maintext                            C61      C61       6C         0
                clrtext                             940      940        C         0
                idataBANK2                            3        3        1         0
                idataBANK1                          900      900        9         0

        CLASS   STRCODE        

        CLASS   STRING         

        CLASS   CONST          

        CLASS   ENTRY          

        CLASS   COMMON         
                cstackCOMMON                         70       70        D         1
                bssCOMMON                            7D       7D        1         1

        CLASS   BANK0          
                cstackBANK0                          20       20       4F         1
                bssBANK0                             6F       6F        1         1

        CLASS   BANK1          
                cstackBANK1                          CA       CA       1D         1
                dataBANK1                            E7       E7        9         1
                bssBANK1                             A0       A0       2A         1

        CLASS   BANK2          
                dataBANK2                           153      153        1         1
                bssBANK2                            120      120       31         1
                nvBANK2                             151      151        2         1

        CLASS   BANK3          
                bssBANK3                            1A0      1A0       30         1

        CLASS   BANK4          

        CLASS   BANK5          

        CLASS   BANK6          

        CLASS   BANK7          

        CLASS   BANK8          

        CLASS   BANK9          

        CLASS   BANK10         

        CLASS   BANK11         

        CLASS   BANK12         

        CLASS   BANK13         

        CLASS   BANK14         

        CLASS   BANK15         

        CLASS   BANK16         

        CLASS   BANK17         

        CLASS   BANK18         

        CLASS   BANK19         

        CLASS   BANK20         

        CLASS   BANK21         

        CLASS   BANK22         

        CLASS   BANK23         

        CLASS   BANK24         

        CLASS   BANK25         

        CLASS   BIGRAM         

        CLASS   RAM            

        CLASS   ABS1           
                abs_s1                               7E       7E        2         1
                abs_s1                              AC0      AC0       30         1
                abs_s1                              B20      B20       50         1
                abs_s1                              BA0      BA0       50         1
                abs_s1                              C20      C20       50         1
                abs_s1                              CA0      CA0       20         1
                abs_s1                             26B0     26B0        0         1

        CLASS   SFR0           

        CLASS   SFR1           

        CLASS   SFR2           

        CLASS   SFR3           

        CLASS   SFR4           

        CLASS   SFR5           

        CLASS   SFR6           

        CLASS   SFR7           

        CLASS   SFR8           

        CLASS   SFR9           

        CLASS   SFR10          

        CLASS   SFR11          

        CLASS   SFR12          

        CLASS   SFR13          

        CLASS   SFR14          

        CLASS   SFR15          

        CLASS   SFR16          

        CLASS   SFR17          

        CLASS   SFR18          

        CLASS   SFR19          

        CLASS   SFR20          

        CLASS   SFR21          

        CLASS   SFR22          

        CLASS   SFR23          

        CLASS   SFR24          

        CLASS   SFR25          

        CLASS   SFR26          

        CLASS   SFR27          

        CLASS   SFR28          

        CLASS   SFR29          

        CLASS   SFR30          

        CLASS   SFR31          

        CLASS   CONFIG         
                config                             8007     8007        4         4

        CLASS   IDLOC          
                idloc                              8000     8000        4         5

        CLASS   EEDATA         

        CLASS   BANK31         

        CLASS   BANK30         

        CLASS   BANK29         

        CLASS   BANK28         

        CLASS   BANK27         

        CLASS   BANK26         

        CLASS   HEAP           

        CLASS   STACK          



SEGMENTS        Name                           Load    Length   Top    Selector   Space  Class     Delta

                reset_vec                      000000  000003  000003         0       0  CODE        2
                idataBANK2                     000003  000001  000004         6       0  CODE        2
                intentry                       000004  0007FC  000800         8       0  CODE        2
                cstackBANK0                    000020  000050  000070        20       1  BANK0       1
                cstackCOMMON                   000070  00000E  00007E        70       1  COMMON      1
                bssBANK1                       0000A0  000050  0000F0        A0       1  BANK1       1
                bssBANK2                       000120  000034  000154       120       1  BANK2       1
                bssBANK3                       0001A0  000030  0001D0       1A0       1  BANK3       1
                text66                         000862  000003  000865      10C4       0  CODE        2
                text65                         000865  000003  000868      10CA       0  CODE        2
                text61                         000868  000003  00086B      10D0       0  CODE        2
                text51                         00086B  000003  00086E      10D6       0  CODE        2
                text30                         00086E  000003  000871      10DC       0  CODE        2
                text10                         000871  000003  000874      10E2       0  CODE        2
                text58                         000874  000004  000878      10E8       0  CODE        2
                text12                         000878  000004  00087C      10F0       0  CODE        2
                text63                         00087C  000005  000881      10F8       0  CODE        2
                text59                         000881  000005  000886      1102       0  CODE        2
                text53                         000886  000005  00088B      110C       0  CODE        2
                text50                         00088B  000005  000890      1116       0  CODE        2
                text49                         000890  000005  000895      1120       0  CODE        2
                text48                         000895  000005  00089A      112A       0  CODE        2
                text47                         00089A  000005  00089F      1134       0  CODE        2
                text24                         00089F  000006  0008A5      113E       0  CODE        2
                text23                         0008A5  000006  0008AB      114A       0  CODE        2
                text60                         0008AB  000007  0008B2      1156       0  CODE        2
                text57                         0008B2  000007  0008B9      1164       0  CODE        2
                text15                         0008B9  000008  0008C1      1172       0  CODE        2
                text28                         0008C1  000009  0008CA      1182       0  CODE        2
                text27                         0008CA  000009  0008D3      1194       0  CODE        2
                text26                         0008D3  000009  0008DC      11A6       0  CODE        2
                text25                         0008DC  000009  0008E5      11B8       0  CODE        2
                text22                         0008E5  000009  0008EE      11CA       0  CODE        2
                text21                         0008EE  000009  0008F7      11DC       0  CODE        2
                text14                         0008F7  000009  000900      11EE       0  CODE        2
                idataBANK1                     000900  000009  000909      1200       0  CODE        2
                text17                         000909  00000A  000913      1212       0  CODE        2
                text62                         000913  00000B  00091E      1226       0  CODE        2
                text52                         00091E  00000B  000929      123C       0  CODE        2
                text46                         000929  00000B  000934      1252       0  CODE        2
                text31                         000934  00000C  000940      1268       0  CODE        2
                clrtext                        000940  00000C  00094C      1280       0  CODE        2
                text42                         00094C  00000D  000959      1298       0  CODE        2
                text29                         000959  00000E  000967      12B2       0  CODE        2
                text56                         000967  000011  000978      12CE       0  CODE        2
                text44                         000978  000012  00098A      12F0       0  CODE        2
                text40                         00098A  000012  00099C      1314       0  CODE        2
                text13                         00099C  000014  0009B0      1338       0  CODE        2
                text3                          0009B0  000014  0009C4      1360       0  CODE        2
                text11                         0009C4  000015  0009D9      1388       0  CODE        2
                text64                         0009D9  000019  0009F2      13B2       0  CODE        2
                text1                          0009F2  00001B  000A0D      13E4       0  CODE        2
                text54                         000A0D  00001D  000A2A      141A       0  CODE        2
                text6                          000A2A  00001F  000A49      1454       0  CODE        2
                text9                          000A49  000020  000A69      1492       0  CODE        2
                text32                         000A69  000022  000A8B      14D2       0  CODE        2
                text33                         000A8B  000023  000AAE      1516       0  CODE        2
                text19                         000AAE  000026  000AD4      155C       0  CODE        2
                text4                          000AD4  000026  000AFA      15A8       0  CODE        2
                text16                         000AFA  00002C  000B26      15F4       0  CODE        2
                text20                         000B26  00003E  000B64      164C       0  CODE        2
                text35                         000B64  000047  000BAB      16C8       0  CODE        2
                text45                         000BAB  000054  000BFF      1756       0  CODE        2
                text36                         000BFF  000062  000C61      17FE       0  CODE        2
                maintext                       000C61  00006C  000CCD      18C2       0  CODE        2
                text55                         000CCD  000078  000D45      199A       0  CODE        2
                text39                         000D45  000083  000DC8      1A8A       0  CODE        2
                text37                         000DC8  000086  000E4E      1B90       0  CODE        2
                text7                          000E4E  0001B2  001000      1C9C       0  CODE        2


UNUSED ADDRESS RANGES

        Name                Unused          Largest block    Delta
        BANK10           00520-0056F              50           1
        BANK11           005A0-005EF              50           1
        BANK12           00620-0066F              50           1
        BANK13           006A0-006EF              50           1
        BANK14           00720-0076F              50           1
        BANK15           007A0-007EF              50           1
        BANK16           00820-0086F              50           1
        BANK17           008A0-008EF              50           1
        BANK18           00920-0096F              50           1
        BANK19           009A0-009EF              50           1
        BANK2            00154-0016F              1C           1
        BANK20           00A20-00A6F              50           1
        BANK21           00AA0-00ABF              20           1
        BANK3            001D0-001EF              20           1
        BANK4            00220-0026F              50           1
        BANK5            002A0-002EF              50           1
        BANK6            00320-0036F              50           1
        BANK7            003A0-003EF              50           1
        BANK8            00420-0046F              50           1
        BANK9            004A0-004EF              50           1
        BIGRAM           02000-027EF             7F0           1
        CODE             00800-00861              62           2
                         01000-03FFF             800
        CONST            00800-00861              62           2
                         01000-03FFF             100
        EEDATA           0F000-0F0FF             100           2
        ENTRY            00800-00861              62           2
                         01000-03FFF             100
        RAM              00154-0016F              1C           1
                         001D0-001EF              20
                         00220-0026F              50
                         002A0-002EF              50
                         00320-0036F              50
                         003A0-003EF              50
                         00420-0046F              50
                         004A0-004EF              50
                         00520-0056F              50
                         005A0-005EF              50
                         00620-0066F              50
                         006A0-006EF              50
                         00720-0076F              50
                         007A0-007EF              50
                         00820-0086F              50
                         008A0-008EF              50
                         00920-0096F              50
                         009A0-009EF              50
                         00A20-00A6F              50
                         00AA0-00ABF              20
        SFR0             00000-0001F              20           1
        SFR1             00080-0009F              20           1
        SFR10            00500-0051F              20           1
        SFR11            00580-0059F              20           1
        SFR12            00600-0061F              20           1
        SFR13            00680-0069F              20           1
        SFR14            00700-0071F              20           1
        SFR15            00780-0079F              20           1
        SFR16            00800-0081F              20           1
        SFR17            00880-0089F              20           1
        SFR18            00900-0091F              20           1
        SFR19            00980-0099F              20           1
        SFR2             00100-0011F              20           1
        SFR20            00A00-00A1F              20           1
        SFR21            00A80-00A9F              20           1
        SFR22            00B00-00B1F              20           1
        SFR23            00B80-00B9F              20           1
        SFR24            00C00-00C1F              20           1
        SFR25            00C80-00C9F              20           1
        SFR26            00D00-00D6F              70           1
        SFR27            00D80-00DEF              70           1
        SFR28            00E00-00E6F              70           1
        SFR29            00E80-00EEF              70           1
        SFR3             00180-0019F              20           1
        SFR30            00F00-00F6F              70           1
        SFR31            00F80-00FEF              70           1
        SFR4             00200-0021F              20           1
        SFR5             00280-0029F              20           1
        SFR6             00300-0031F              20           1
        SFR7             00380-0039F              20           1
        SFR8             00400-0041F              20           1
        SFR9             00480-0049F              20           1
        STRCODE          00800-00861              62           2
                         01000-03FFF            3000
        STRING           00800-00861              62           2
                         01000-03FFF             100

                                  Symbol Table

?__Umul8_16                                cstackBANK0  00020
?___aldiv                                  cstackBANK1  000CA
?___fladd                                  cstackBANK0  00048
?___flmul                                  cstackBANK0  0002E
?___flsub                                  cstackBANK0  0005C
?___fltol                                  cstackBANK0  00064
?___lmul                                   cstackBANK0  00020
?___xxtofl                                 cstackBANK0  00020
CMD_dequeue@param1                         cstackBANK0  00027
CMD_dequeue@param2                         cstackBANK0  00024
CMD_dequeue@ret                            cstackBANK0  00028
CMD_queue_add@command                      cstackCOMMON 0007A
CMD_queue_add@param1                       cstackCOMMON 00074
CMD_queue_add@param2                       cstackCOMMON 00075
CW_Config@param1                           cstackBANK1  000E6
CW_Config@param2                           cstackBANK1  000E4
CW_Config@scan_msg                         cstackBANK1  000E5
CW_Config@wpm                              cstackBANK1  000E0
CW_Initialize@wpm                          cstackBANK1  000DC
DATAEE_WriteByte@GIEBitValue               cstackBANK0  00023
DATAEE_WriteByte@bAdd                      cstackBANK0  00020
DATAEE_WriteByte@bData                     cstackBANK0  00022
I2C1_SlaveSendTxData@data                  cstackCOMMON 00070
I2C1_SlaveSetAddrIntHandler@handler        cstackBANK0  00020
I2C1_SlaveSetBusColIntHandler@handler      cstackBANK0  00020
I2C1_SlaveSetIsrHandler@handler            cstackBANK0  00020
I2C1_SlaveSetReadIntHandler@handler        cstackBANK0  00020
I2C1_SlaveSetSlaveAddr@slaveAddr           cstackBANK0  00020
I2C1_SlaveSetSlaveMask@maskAddr            cstackBANK0  00020
I2C1_SlaveSetWrColIntHandler@handler       cstackBANK0  00020
I2C1_SlaveSetWriteIntHandler@handler       cstackBANK0  00020
I2C1_Write@data                            cstackCOMMON 00071
TMR0_SetInterruptHandler@InterruptHandler  cstackBANK0  00020
_ANSELA                                    (abs)        0018C
_ANSELC                                    (abs)        0018E
_CMD_Queue                                 bssBANK3     001A0
_CMD_add_queue_busy                        bssBANK0     0006F
_CMD_dequeue                               text39       00D45
_CMD_dequeue_busy                          bssBANK1     000B7
_CMD_queue_add                             text55       00CCD
_CMD_queue_count                           bssBANK1     000B6
_CMD_queue_front                           dataBANK1    000E9
_CMD_queue_rear                            dataBANK1    000E7
_CW_Config                                 text34       0069A
_CW_Initialize                             text33       00A8B
_DATAEE_WriteByte                          text32       00A69
_I2C1_Initialize                           text31       00934
_I2C1_Isr                                  text45       00BAB
_I2C1_Open                                 text20       00B26
_I2C1_Read                                 text65       00865
_I2C1_SlaveAddrCallBack                    text62       00913
_I2C1_SlaveAddrInterruptHandler            bssBANK2     00148
_I2C1_SlaveBusColInterruptHandler          bssBANK2     00146
_I2C1_SlaveClearIrq                        text61       00868
_I2C1_SlaveDefAddrInterruptHandler         text63       0087C
_I2C1_SlaveDefBusColInterruptHandler       (abs)        00000
_I2C1_SlaveDefRdInterruptHandler           text53       00886
_I2C1_SlaveDefWrColInterruptHandler        (abs)        00000
_I2C1_SlaveDefWrInterruptHandler           text47       0089A
_I2C1_SlaveEnableIrq                       text30       0086E
_I2C1_SlaveGetRxData                       text66       00862
_I2C1_SlaveIsAddr                          text60       008AB
_I2C1_SlaveIsRead                          text59       00881
_I2C1_SlaveIsRxBufFull                     text58       00874
_I2C1_SlaveIsTxBufEmpty                    text57       008B2
_I2C1_SlaveOpen                            text29       00959
_I2C1_SlaveRdCallBack                      text52       0091E
_I2C1_SlaveRdInterruptHandler              bssBANK2     0014C
_I2C1_SlaveReleaseClock                    text51       0086B
_I2C1_SlaveSendTxData                      text50       0088B
_I2C1_SlaveSetAddrIntHandler               text28       008C1
_I2C1_SlaveSetBusColIntHandler             text27       008CA
_I2C1_SlaveSetIsrHandler                   text26       008D3
_I2C1_SlaveSetReadIntHandler               text25       008DC
_I2C1_SlaveSetSlaveAddr                    text24       0089F
_I2C1_SlaveSetSlaveMask                    text23       008A5
_I2C1_SlaveSetWrColIntHandler              text22       008E5
_I2C1_SlaveSetWriteIntHandler              text21       008EE
_I2C1_SlaveWrCallBack                      text46       00929
_I2C1_SlaveWrColInterruptHandler           bssBANK2     00144
_I2C1_SlaveWrInterruptHandler              bssBANK2     0014A
_I2C1_Write                                text49       00890
_I2C_Initialize                            text19       00AAE
_I2C_SlaveAddressCallbackHandler           text64       009D9
_I2C_SlaveCollisionCallbackHandler         (abs)        00000
_I2C_SlaveReceiveCallbackHandler           text54       00A0D
_I2C_SlaveTransmitCallbackHandler          text48       00895
_INLVLA                                    (abs)        0038C
_INLVLC                                    (abs)        0038E
_INTCONbits                                (abs)        0000B
_INTERRUPT_InterruptManager                intentry     00004
_LATA                                      (abs)        0010C
_LATAbits                                  (abs)        0010C
_LATC                                      (abs)        0010E
_LATCbits                                  (abs)        0010E
_LineDataIndex                             bssBANK1     000BC
_LineDataRow                               bssBANK1     000C5
_Line_Data                                 (abs)        026B0
_MSSP1_InterruptHandler                    bssBANK2     0014E
_NCO1ACCH                                  (abs)        00499
_NCO1ACCL                                  (abs)        00498
_NCO1ACCU                                  (abs)        0049A
_NCO1CLK                                   (abs)        0049F
_NCO1CON                                   (abs)        0049E
_NCO1CONbits                               (abs)        0049E
_NCO1INCH                                  (abs)        0049C
_NCO1INCL                                  (abs)        0049B
_NCO1INCU                                  (abs)        0049D
_NCO1_Initialize                           text18       007F3
_NVMADRH                                   (abs)        00892
_NVMADRL                                   (abs)        00891
_NVMCON1bits                               (abs)        00895
_NVMCON2                                   (abs)        00896
_NVMDATH                                   (abs)        00894
_NVMDATL                                   (abs)        00893
_ODCONA                                    (abs)        0028C
_ODCONC                                    (abs)        0028E
_OSCCON1                                   (abs)        00919
_OSCCON3                                   (abs)        0091B
_OSCEN                                     (abs)        0091D
_OSCFRQ                                    (abs)        0091F
_OSCILLATOR_Initialize                     text17       00909
_OSCTUNE                                   (abs)        0091E
_PIE0bits                                  (abs)        00090
_PIE1bits                                  (abs)        00091
_PIN_MANAGER_Initialize                    text16       00AFA
_PIR0bits                                  (abs)        00010
_PIR1bits                                  (abs)        00011
_PMD0                                      (abs)        00911
_PMD1                                      (abs)        00912
_PMD2                                      (abs)        00913
_PMD3                                      (abs)        00914
_PMD4                                      (abs)        00915
_PMD5                                      (abs)        00916
_PMD_Initialize                            text15       008B9
_PORTAbits                                 (abs)        0000C
_Queue_Overrun                             bssBANK1     000B5
_RC0PPS                                    (abs)        00EA0
_RC1PPS                                    (abs)        00EA1
_RC2PPS                                    (abs)        00EA2
_Return_Queue_count                        bssBANK1     000B4
_SLRCONA                                   (abs)        0030C
_SLRCONC                                   (abs)        0030E
_SSP1ADD                                   (abs)        00212
_SSP1BUF                                   (abs)        00211
_SSP1CLKPPS                                (abs)        00E20
_SSP1CON1                                  (abs)        00215
_SSP1CON1bits                              (abs)        00215
_SSP1CON2                                  (abs)        00216
_SSP1CON2bits                              (abs)        00216
_SSP1DATPPS                                (abs)        00E21
_SSP1MSK                                   (abs)        00213
_SSP1STAT                                  (abs)        00214
_SSP1STATbits                              (abs)        00214
_SYSTEM_Initialize                         text11       009C4
_Scan_Row_Index                            bssBANK1     000C0
_SlaveAddress                              bssBANK1     000C4
_SlaveInit                                 bssBANK1     000BF
_SlaveR_W                                  bssBANK1     000C3
_SlaveTransmit                             bssBANK1     000BE
_T0CON0                                    (abs)        00017
_T0CON0bits                                (abs)        00017
_T0CON1                                    (abs)        00018
_TMR0H                                     (abs)        00016
_TMR0L                                     (abs)        00015
_TMR0_DefaultInterruptHandler              text43       00002
_TMR0_ISR                                  text42       0094C
_TMR0_Initialize                           text13       0099C
_TMR0_InterruptHandler                     nvBANK2      00151
_TMR0_SetInterruptHandler                  text14       008F7
_TMR0_StartTimer                           text10       00871
_TRISA                                     (abs)        0008C
_TRISC                                     (abs)        0008E
_WDTCON                                    (abs)        00097
_WDT_Initialize                            text12       00878
_WPUA                                      (abs)        0020C
_WPUAbits                                  (abs)        0020C
_WPUC                                      (abs)        0020E
__H__absolute__                            __absolute__ 00000
__Habs1                                    abs1         00000
__Hbank0                                   bank0        00000
__Hbank1                                   bank1        00000
__Hbank10                                  bank10       00000
__Hbank11                                  bank11       00000
__Hbank12                                  bank12       00000
__Hbank13                                  bank13       00000
__Hbank14                                  bank14       00000
__Hbank15                                  bank15       00000
__Hbank16                                  bank16       00000
__Hbank17                                  bank17       00000
__Hbank18                                  bank18       00000
__Hbank19                                  bank19       00000
__Hbank2                                   bank2        00000
__Hbank20                                  bank20       00000
__Hbank21                                  bank21       00000
__Hbank22                                  bank22       00000
__Hbank23                                  bank23       00000
__Hbank24                                  bank24       00000
__Hbank25                                  bank25       00000
__Hbank26                                  bank26       00000
__Hbank27                                  bank27       00000
__Hbank28                                  bank28       00000
__Hbank29                                  bank29       00000
__Hbank3                                   bank3        00000
__Hbank30                                  bank30       00000
__Hbank31                                  bank31       00000
__Hbank4                                   bank4        00000
__Hbank5                                   bank5        00000
__Hbank6                                   bank6        00000
__Hbank7                                   bank7        00000
__Hbank8                                   bank8        00000
__Hbank9                                   bank9        00000
__Hbigram                                  bigram       00000
__HbssBANK0                                bssBANK0     00000
__HbssBANK1                                bssBANK1     00000
__HbssBANK2                                bssBANK2     00000
__HbssBANK3                                bssBANK3     00000
__HbssCOMMON                               bssCOMMON    00000
__Hcinit                                   cinit        00075
__Hclrtext                                 clrtext      00000
__Hcode                                    code         00000
__Hcommon                                  common       00000
__Hconfig                                  config       0800B
__HcstackBANK0                             cstackBANK0  00000
__HcstackBANK1                             cstackBANK1  00000
__HcstackCOMMON                            cstackCOMMON 00000
__HdataBANK1                               dataBANK1    00000
__HdataBANK2                               dataBANK2    00000
__Heeprom_data                             eeprom_data  00000
__Hend_init                                end_init     00027
__Hfunctab                                 functab      00000
__Hheap                                    heap         00000
__HidataBANK1                              idataBANK1   00000
__HidataBANK2                              idataBANK2   00000
__Hidloc                                   idloc        08004
__Hinit                                    init         00025
__Hintentry                                intentry     00025
__Hmaintext                                maintext     00000
__HnvBANK2                                 nvBANK2      00000
__Hpowerup                                 powerup      00000
__Hram                                     ram          00000
__Hreset_vec                               reset_vec    00002
__Hsfr0                                    sfr0         00000
__Hsfr1                                    sfr1         00000
__Hsfr10                                   sfr10        00000
__Hsfr11                                   sfr11        00000
__Hsfr12                                   sfr12        00000
__Hsfr13                                   sfr13        00000
__Hsfr14                                   sfr14        00000
__Hsfr15                                   sfr15        00000
__Hsfr16                                   sfr16        00000
__Hsfr17                                   sfr17        00000
__Hsfr18                                   sfr18        00000
__Hsfr19                                   sfr19        00000
__Hsfr2                                    sfr2         00000
__Hsfr20                                   sfr20        00000
__Hsfr21                                   sfr21        00000
__Hsfr22                                   sfr22        00000
__Hsfr23                                   sfr23        00000
__Hsfr24                                   sfr24        00000
__Hsfr25                                   sfr25        00000
__Hsfr26                                   sfr26        00000
__Hsfr27                                   sfr27        00000
__Hsfr28                                   sfr28        00000
__Hsfr29                                   sfr29        00000
__Hsfr3                                    sfr3         00000
__Hsfr30                                   sfr30        00000
__Hsfr31                                   sfr31        00000
__Hsfr4                                    sfr4         00000
__Hsfr5                                    sfr5         00000
__Hsfr6                                    sfr6         00000
__Hsfr7                                    sfr7         00000
__Hsfr8                                    sfr8         00000
__Hsfr9                                    sfr9         00000
__Hspace_0                                 (abs)        01000
__Hspace_1                                 (abs)        001D0
__Hspace_2                                 (abs)        00000
__Hspace_3                                 (abs)        00000
__Hspace_4                                 (abs)        10012
__Hstack                                   stack        00000
__Hstrings                                 strings      00000
__Htext                                    text         00000
__L__absolute__                            __absolute__ 00000
__Labs1                                    abs1         00000
__Lbank0                                   bank0        00000
__Lbank1                                   bank1        00000
__Lbank10                                  bank10       00000
__Lbank11                                  bank11       00000
__Lbank12                                  bank12       00000
__Lbank13                                  bank13       00000
__Lbank14                                  bank14       00000
__Lbank15                                  bank15       00000
__Lbank16                                  bank16       00000
__Lbank17                                  bank17       00000
__Lbank18                                  bank18       00000
__Lbank19                                  bank19       00000
__Lbank2                                   bank2        00000
__Lbank20                                  bank20       00000
__Lbank21                                  bank21       00000
__Lbank22                                  bank22       00000
__Lbank23                                  bank23       00000
__Lbank24                                  bank24       00000
__Lbank25                                  bank25       00000
__Lbank26                                  bank26       00000
__Lbank27                                  bank27       00000
__Lbank28                                  bank28       00000
__Lbank29                                  bank29       00000
__Lbank3                                   bank3        00000
__Lbank30                                  bank30       00000
__Lbank31                                  bank31       00000
__Lbank4                                   bank4        00000
__Lbank5                                   bank5        00000
__Lbank6                                   bank6        00000
__Lbank7                                   bank7        00000
__Lbank8                                   bank8        00000
__Lbank9                                   bank9        00000
__Lbigram                                  bigram       00000
__LbssBANK0                                bssBANK0     00000
__LbssBANK1                                bssBANK1     00000
__LbssBANK2                                bssBANK2     00000
__LbssBANK3                                bssBANK3     00000
__LbssCOMMON                               bssCOMMON    00000
__Lcinit                                   cinit        00027
__Lclrtext                                 clrtext      00000
__Lcode                                    code         00000
__Lcommon                                  common       00000
__Lconfig                                  config       00000
__LcstackBANK0                             cstackBANK0  00000
__LcstackBANK1                             cstackBANK1  00000
__LcstackCOMMON                            cstackCOMMON 00000
__LdataBANK1                               dataBANK1    00000
__LdataBANK2                               dataBANK2    00000
__Leeprom_data                             eeprom_data  00000
__Lend_init                                end_init     00025
__Lfunctab                                 functab      00000
__Lheap                                    heap         00000
__LidataBANK1                              idataBANK1   00000
__LidataBANK2                              idataBANK2   00000
__Lidloc                                   idloc        00000
__Linit                                    init         00025
__Lintentry                                intentry     00004
__Lmaintext                                maintext     00000
__LnvBANK2                                 nvBANK2      00000
__Lpowerup                                 powerup      00000
__Lram                                     ram          00000
__Lreset_vec                               reset_vec    00000
__Lsfr0                                    sfr0         00000
__Lsfr1                                    sfr1         00000
__Lsfr10                                   sfr10        00000
__Lsfr11                                   sfr11        00000
__Lsfr12                                   sfr12        00000
__Lsfr13                                   sfr13        00000
__Lsfr14                                   sfr14        00000
__Lsfr15                                   sfr15        00000
__Lsfr16                                   sfr16        00000
__Lsfr17                                   sfr17        00000
__Lsfr18                                   sfr18        00000
__Lsfr19                                   sfr19        00000
__Lsfr2                                    sfr2         00000
__Lsfr20                                   sfr20        00000
__Lsfr21                                   sfr21        00000
__Lsfr22                                   sfr22        00000
__Lsfr23                                   sfr23        00000
__Lsfr24                                   sfr24        00000
__Lsfr25                                   sfr25        00000
__Lsfr26                                   sfr26        00000
__Lsfr27                                   sfr27        00000
__Lsfr28                                   sfr28        00000
__Lsfr29                                   sfr29        00000
__Lsfr3                                    sfr3         00000
__Lsfr30                                   sfr30        00000
__Lsfr31                                   sfr31        00000
__Lsfr4                                    sfr4         00000
__Lsfr5                                    sfr5         00000
__Lsfr6                                    sfr6         00000
__Lsfr7                                    sfr7         00000
__Lsfr8                                    sfr8         00000
__Lsfr9                                    sfr9         00000
__Lspace_0                                 (abs)        00000
__Lspace_1                                 (abs)        00000
__Lspace_2                                 (abs)        00000
__Lspace_3                                 (abs)        00000
__Lspace_4                                 (abs)        00000
__Lstack                                   stack        00000
__Lstrings                                 strings      00000
__Ltext                                    text         00000
__S0                                       (abs)        01000
__S1                                       (abs)        001D0
__S3                                       (abs)        00000
__Umul8_16                                 text9        00A49
__Umul8_16@multiplicand                    cstackBANK0  00020
__Umul8_16@multiplier                      cstackBANK0  00028
__Umul8_16@product                         cstackBANK0  00024
__Umul8_16@word_mpld                       cstackBANK0  00026
___aldiv                                   text37       00DC8
___aldiv@counter                           cstackBANK1  000D2
___aldiv@dividend                          cstackBANK1  000CE
___aldiv@divisor                           cstackBANK1  000CA
___aldiv@quotient                          cstackBANK1  000D4
___aldiv@sign                              cstackBANK1  000D3
___bmul                                    text40       0098A
___bmul@multiplicand                       cstackBANK0  00020
___bmul@multiplier                         cstackBANK0  00023
___bmul@product                            cstackBANK0  00022
___fladd                                   text7        00E4E
___fladd@a                                 cstackBANK0  0004C
___fladd@aexp                              cstackBANK0  00059
___fladd@b                                 cstackBANK0  00048
___fladd@bexp                              cstackBANK0  0005A
___fladd@grs                               cstackBANK0  0005B
___fladd@signs                             cstackBANK0  00058
___flmul                                   text8        0048A
___flmul@a                                 cstackBANK0  00032
___flmul@aexp                              cstackBANK0  00040
___flmul@b                                 cstackBANK0  0002E
___flmul@bexp                              cstackBANK0  00041
___flmul@grs                               cstackBANK0  0003C
___flmul@prod                              cstackBANK0  00042
___flmul@sign                              cstackBANK0  0003B
___flmul@temp                              cstackBANK0  00046
___flsub                                   text6        00A2A
___flsub@a                                 cstackBANK0  0005C
___flsub@b                                 cstackBANK0  00060
___fltol                                   text36       00BFF
___fltol@exp1                              cstackBANK0  0006D
___fltol@f1                                cstackBANK0  00064
___fltol@sign1                             cstackBANK0  0006C
___heap_hi                                 (abs)        00000
___heap_lo                                 (abs)        00000
___int_sp                                  stack        00000
___int_stack_hi                            stack        00000
___int_stack_lo                            stack        00000
___latbits                                 (abs)        00003
___lmul                                    text5        007C3
___lmul@multiplicand                       cstackBANK0  00024
___lmul@multiplier                         cstackBANK0  00020
___lmul@product                            cstackBANK0  00028
___sp                                      stack        00000
___stack_hi                                stack        00000
___stack_lo                                stack        00000
___stackhi                                 (abs)        00000
___stacklo                                 (abs)        00000
___xxtofl                                  text38       0072F
___xxtofl@arg                              cstackBANK0  0002A
___xxtofl@exp                              cstackBANK0  00029
___xxtofl@sign                             cstackBANK0  00028
___xxtofl@val                              cstackBANK0  00020
__end_of_CMD_dequeue                       text39       00DC8
__end_of_CMD_queue_add                     text55       00D45
__end_of_CW_Config                         text34       0072F
__end_of_CW_Initialize                     text33       00AAE
__end_of_DATAEE_WriteByte                  text32       00A8B
__end_of_I2C1_Initialize                   text31       00940
__end_of_I2C1_Isr                          text45       00BFF
__end_of_I2C1_Open                         text20       00B64
__end_of_I2C1_Read                         text65       00868
__end_of_I2C1_SlaveAddrCallBack            text62       0091E
__end_of_I2C1_SlaveClearIrq                text61       0086B
__end_of_I2C1_SlaveDefAddrInterruptHandler text63       00881
__end_of_I2C1_SlaveDefRdInterruptHandler   text53       0088B
__end_of_I2C1_SlaveDefWrInterruptHandler   text47       0089F
__end_of_I2C1_SlaveEnableIrq               text30       00871
__end_of_I2C1_SlaveGetRxData               text66       00865
__end_of_I2C1_SlaveIsAddr                  text60       008B2
__end_of_I2C1_SlaveIsRead                  text59       00886
__end_of_I2C1_SlaveIsRxBufFull             text58       00878
__end_of_I2C1_SlaveIsTxBufEmpty            text57       008B9
__end_of_I2C1_SlaveOpen                    text29       00967
__end_of_I2C1_SlaveRdCallBack              text52       00929
__end_of_I2C1_SlaveReleaseClock            text51       0086E
__end_of_I2C1_SlaveSendTxData              text50       00890
__end_of_I2C1_SlaveSetAddrIntHandler       text28       008CA
__end_of_I2C1_SlaveSetBusColIntHandler     text27       008D3
__end_of_I2C1_SlaveSetIsrHandler           text26       008DC
__end_of_I2C1_SlaveSetReadIntHandler       text25       008E5
__end_of_I2C1_SlaveSetSlaveAddr            text24       008A5
__end_of_I2C1_SlaveSetSlaveMask            text23       008AB
__end_of_I2C1_SlaveSetWrColIntHandler      text22       008EE
__end_of_I2C1_SlaveSetWriteIntHandler      text21       008F7
__end_of_I2C1_SlaveWrCallBack              text46       00934
__end_of_I2C1_Write                        text49       00895
__end_of_I2C_Initialize                    text19       00AD4
__end_of_I2C_SlaveAddressCallbackHandler   text64       009F2
__end_of_I2C_SlaveReceiveCallbackHandler   text54       00A2A
__end_of_I2C_SlaveTransmitCallbackHandler  text48       0089A
__end_of_INTERRUPT_InterruptManager        intentry     00025
__end_of_NCO1_Initialize                   text18       00800
__end_of_OSCILLATOR_Initialize             text17       00913
__end_of_PIN_MANAGER_Initialize            text16       00B26
__end_of_PMD_Initialize                    text15       008C1
__end_of_SYSTEM_Initialize                 text11       009D9
__end_of_TMR0_DefaultInterruptHandler      text43       00003
__end_of_TMR0_ISR                          text42       00959
__end_of_TMR0_Initialize                   text13       009B0
__end_of_TMR0_SetInterruptHandler          text14       00900
__end_of_TMR0_StartTimer                   text10       00874
__end_of_WDT_Initialize                    text12       0087C
__end_of__Umul8_16                         text9        00A69
__end_of___aldiv                           text37       00E4E
__end_of___bmul                            text40       0099C
__end_of___fladd                           text7        01000
__end_of___flmul                           text8        0069A
__end_of___flsub                           text6        00A49
__end_of___fltol                           text36       00C61
__end_of___lmul                            text5        007F3
__end_of___xxtofl                          text38       007C3
__end_of__initialization                   cinit        00071
__end_of_cfg_set_speed                     text35       00BAB
__end_of_key_loop                          text2        0048A
__end_of_key_read                          text4        00AFA
__end_of_main                              maintext     00CCD
__end_of_micros                            text44       0098A
__end_of_tx_loop                           text1        00A0D
__end_of_tx_send                           text3        009C4
__end_ofi1___bmul                          text56       00978
__initialization                           cinit        00027
__pbssBANK0                                bssBANK0     0006F
__pbssBANK1                                bssBANK1     000A0
__pbssBANK2                                bssBANK2     00120
__pbssBANK3                                bssBANK3     001A0
__pbssBIGRAM                               (abs)        026B0
__pbssCOMMON                               bssCOMMON    0007D
__pcstackBANK0                             cstackBANK0  00020
__pcstackBANK1                             cstackBANK1  000CA
__pcstackCOMMON                            cstackCOMMON 00070
__pdataBANK1                               dataBANK1    000E7
__pdataBANK2                               dataBANK2    00153
__pidataBANK1                              idataBANK1   00900
__pidataBANK2                              idataBANK2   00003
__pintentry                                intentry     00004
__pmaintext                                maintext     00C61
__pnvBANK2                                 nvBANK2      00151
__ptext1                                   text1        009F2
__ptext10                                  text10       00871
__ptext11                                  text11       009C4
__ptext12                                  text12       00878
__ptext13                                  text13       0099C
__ptext14                                  text14       008F7
__ptext15                                  text15       008B9
__ptext16                                  text16       00AFA
__ptext17                                  text17       00909
__ptext18                                  text18       007F3
__ptext19                                  text19       00AAE
__ptext2                                   text2        00075
__ptext20                                  text20       00B26
__ptext21                                  text21       008EE
__ptext22                                  text22       008E5
__ptext23                                  text23       008A5
__ptext24                                  text24       0089F
__ptext25                                  text25       008DC
__ptext26                                  text26       008D3
__ptext27                                  text27       008CA
__ptext28                                  text28       008C1
__ptext29                                  text29       00959
__ptext3                                   text3        009B0
__ptext30                                  text30       0086E
__ptext31                                  text31       00934
__ptext32                                  text32       00A69
__ptext33                                  text33       00A8B
__ptext34                                  text34       0069A
__ptext35                                  text35       00B64
__ptext36                                  text36       00BFF
__ptext37                                  text37       00DC8
__ptext38                                  text38       0072F
__ptext39                                  text39       00D45
__ptext4                                   text4        00AD4
__ptext40                                  text40       0098A
__ptext42                                  text42       0094C
__ptext43                                  text43       00002
__ptext44                                  text44       00978
__ptext45                                  text45       00BAB
__ptext46                                  text46       00929
__ptext47                                  text47       0089A
__ptext48                                  text48       00895
__ptext49                                  text49       00890
__ptext5                                   text5        007C3
__ptext50                                  text50       0088B
__ptext51                                  text51       0086B
__ptext52                                  text52       0091E
__ptext53                                  text53       00886
__ptext54                                  text54       00A0D
__ptext55                                  text55       00CCD
__ptext56                                  text56       00967
__ptext57                                  text57       008B2
__ptext58                                  text58       00874
__ptext59                                  text59       00881
__ptext6                                   text6        00A2A
__ptext60                                  text60       008AB
__ptext61                                  text61       00868
__ptext62                                  text62       00913
__ptext63                                  text63       0087C
__ptext64                                  text64       009D9
__ptext65                                  text65       00865
__ptext66                                  text66       00862
__ptext7                                   text7        00E4E
__ptext8                                   text8        0048A
__ptext9                                   text9        00A49
_cfg                                       bssBANK1     000A0
_cfg_set_speed                             text35       00B64
_cfg_speed_micros                          bssBANK1     000AD
_cfg_speed_wpm                             bssBANK2     00138
_cmd_read                                  bssBANK1     000BA
_cursor_column                             bssBANK1     000C1
_cursor_row                                bssBANK1     000C2
_first_pass                                dataBANK1    000EF
_i2c1RdData                                bssBANK1     000C8
_i2c1SlaveAddr                             bssBANK1     000C7
_i2c1SlaveState                            bssBANK1     000C6
_i2c1WrData                                bssBANK1     000C9
_key_loop                                  text2        00075
_key_loop$1828                             cstackBANK1  000D6
_key_read                                  text4        00AD4
_main                                      maintext     00C61
_message                                   bssBANK2     00120
_micro_tick_A                              bssBANK2     00140
_micro_tick_B                              bssBANK2     0013C
_micros                                    text44       00978
_msg                                       bssBANK1     000BD
_msg_size_read                             bssBANK1     000BB
_param1                                    bssBANK1     000B9
_param2                                    bssBANK1     000B8
_tmpSlaveAddr                              bssCOMMON    0007D
_tx_loop                                   text1        009F2
_tx_send                                   text3        009B0
_tx_timer                                  bssBANK2     00134
btemp                                      (abs)        0007E
cfg_set_speed@wpm                          cstackBANK1  000D8
clear_ram0                                 clrtext      00940
end_of_initialization                      cinit        00071
i1___bmul                                  text56       00967
i1___bmul@multiplicand                     cstackCOMMON 00070
i1___bmul@multiplier                       cstackCOMMON 00073
i1___bmul@product                          cstackCOMMON 00072
int$flags                                  (abs)        0007E
intlevel0                                  functab      00000
intlevel1                                  functab      00000
intlevel2                                  functab      00000
intlevel3                                  functab      00000
intlevel4                                  functab      00000
intlevel5                                  functab      00000
key_loop@i                                 cstackBANK1  000DC
key_loop@k0                                cstackBANK1  000DB
key_loop@k1                                cstackBANK1  000DA
key_loop@last                              bssBANK1     000B3
key_loop@mark                              cstackBANK1  000CA
key_loop@mcode                             dataBANK1    000EB
key_loop@read_after                        bssBANK2     00130
key_loop@spacing                           dataBANK1    000ED
key_loop@staged                            bssBANK1     000B1
key_loop@start_after                       bssBANK1     000A9
key_loop@state                             dataBANK1    000EC
key_loop@ultimatic                         bssBANK1     000B2
key_read@k0                                cstackBANK0  00020
key_read@k1                                cstackBANK0  00021
reset_vec                                  reset_vec    00000
start                                      init         00025
start_initialization                       cinit        00027
tx_loop@mark                               cstackBANK0  00020
tx_send@mark                               cstackBANK0  00020
wtemp0                                     (abs)        0007E


MODULE INFORMATION

Module		Function		Class		Link	Load	Size
C:\Program Files\Microchip\xc8\v2.45\pic\sources\c99\common\aldiv.c
		___aldiv       		CODE           	0DC8	0000	134

C:\Program Files\Microchip\xc8\v2.45\pic\sources\c99\common\aldiv.c estimated size: 134

C:\Program Files\Microchip\xc8\v2.45\pic\sources\c99\common\Umul8.c
		___bmul        		CODE           	098A	0000	18

C:\Program Files\Microchip\xc8\v2.45\pic\sources\c99\common\Umul8.c estimated size: 18

mcc_generated_files/interrupt_manager.c
		_INTERRUPT_InterruptManager		CODE           	0004	0000	33

mcc_generated_files/interrupt_manager.c estimated size: 33

mcc_generated_files/tmr0.c
		_TMR0_SetInterruptHandler		CODE           	08F7	0000	9
		_TMR0_DefaultInterruptHandler		CODE           	0002	0000	1
		_TMR0_StartTimer		CODE           	0871	0000	3
		_TMR0_ISR      		CODE           	094C	0000	13
		_TMR0_Initialize		CODE           	099C	0000	20

mcc_generated_files/tmr0.c estimated size: 46

C:\Program Files\Microchip\xc8\v2.45\pic\sources\c99\common\Umul32.c
		___lmul        		CODE           	07C3	0000	48

C:\Program Files\Microchip\xc8\v2.45\pic\sources\c99\common\Umul32.c estimated size: 48

mcc_generated_files/pin_manager.c
		_PIN_MANAGER_Initialize		CODE           	0AFA	0000	44

mcc_generated_files/pin_manager.c estimated size: 44

mcc_generated_files/i2c1_slave.c
		_I2C1_Read     		CODE           	0865	0000	3
		_I2C1_SlaveSetReadIntHandler		CODE           	08DC	0000	9
		_I2C1_SlaveDefAddrInterruptHandler		CODE           	087C	0000	5
		_I2C1_SlaveSetAddrIntHandler		CODE           	08C1	0000	9
		_I2C1_SlaveIsRead		CODE           	0881	0000	5
		_I2C1_SlaveSetIsrHandler		CODE           	08D3	0000	9
		_I2C1_SlaveIsAddr		CODE           	08AB	0000	7
		_I2C1_SlaveEnableIrq		CODE           	086E	0000	3
		_I2C1_SlaveDefRdInterruptHandler		CODE           	0886	0000	5
		_I2C1_SlaveDefWrInterruptHandler		CODE           	089A	0000	5
		_I2C1_SlaveOpen		CODE           	0959	0000	14
		_I2C1_SlaveSendTxData		CODE           	088B	0000	5
		_I2C1_SlaveSetSlaveAddr		CODE           	089F	0000	6
		_I2C1_SlaveRdCallBack		CODE           	091E	0000	11
		_I2C1_SlaveWrCallBack		CODE           	0929	0000	11
		_I2C1_Isr      		CODE           	0BAB	0000	84
		_I2C1_Open     		CODE           	0B26	0000	62
		_I2C1_SlaveAddrCallBack		CODE           	0913	0000	11
		_I2C1_Initialize		CODE           	0934	0000	12
		_I2C1_Write    		CODE           	0890	0000	5
		_I2C1_SlaveSetWrColIntHandler		CODE           	08E5	0000	9
		_I2C1_SlaveIsTxBufEmpty		CODE           	08B2	0000	7
		_I2C1_SlaveIsRxBufFull		CODE           	0874	0000	4
		_I2C1_SlaveClearIrq		CODE           	0868	0000	3
		_I2C1_SlaveGetRxData		CODE           	0862	0000	3
		_I2C1_SlaveSetWriteIntHandler		CODE           	08EE	0000	9
		_I2C1_SlaveSetBusColIntHandler		CODE           	08CA	0000	9
		_I2C1_SlaveReleaseClock		CODE           	086B	0000	3
		_I2C1_SlaveSetSlaveMask		CODE           	08A5	0000	6

mcc_generated_files/i2c1_slave.c estimated size: 334

mcc_generated_files/nco1.c
		_NCO1_Initialize		CODE           	07F3	0000	13

mcc_generated_files/nco1.c estimated size: 13

C:\Program Files\Microchip\xc8\v2.45\pic\sources\c99\common\sprcmul.c
		___flmul       		CODE           	048A	0000	528

C:\Program Files\Microchip\xc8\v2.45\pic\sources\c99\common\sprcmul.c estimated size: 528

D:/Microchip/MPLABProjects/PSoC3-PCIe-MKIII.X/cw-gen.c
		_cfg_set_speed 		CODE           	0B64	0000	71
		_tx_loop       		CODE           	09F2	0000	27
		_key_read      		CODE           	0AD4	0000	38
		_tx_send       		CODE           	09B0	0000	20
		_key_loop      		CODE           	0075	0000	1045

D:/Microchip/MPLABProjects/PSoC3-PCIe-MKIII.X/cw-gen.c estimated size: 1201

D:/Microchip/MPLABProjects/PSoC3-PCIe-MKIII.X/main.c
		_CW_Initialize 		CODE           	0A8B	0000	35
		_micros        		CODE           	0978	0000	18
		_CMD_dequeue   		CODE           	0D45	0000	131
		_main          		CODE           	0C61	0000	108
		_CW_Config     		CODE           	069A	0000	149
		_I2C_SlaveTransmitCallbackHandler		CODE           	0895	0000	5
		_CMD_queue_add 		CODE           	0CCD	0000	120
		_I2C_Initialize		CODE           	0AAE	0000	38
		_I2C_SlaveReceiveCallbackHandler		CODE           	0A0D	0000	29
		_I2C_SlaveAddressCallbackHandler		CODE           	09D9	0000	25

D:/Microchip/MPLABProjects/PSoC3-PCIe-MKIII.X/main.c estimated size: 658

shared
		__initialization		CODE           	0027	0000	74
		i1___bmul      		CODE           	0967	0000	17

shared estimated size: 91

C:\Program Files\Microchip\xc8\v2.45\pic\sources\c99\common\xxtofl.c
		___xxtofl      		CODE           	072F	0000	148

C:\Program Files\Microchip\xc8\v2.45\pic\sources\c99\common\xxtofl.c estimated size: 148

mcc_generated_files/mcc.c
		_WDT_Initialize		CODE           	0878	0000	4
		_PMD_Initialize		CODE           	08B9	0000	8
		_OSCILLATOR_Initialize		CODE           	0909	0000	10
		_SYSTEM_Initialize		CODE           	09C4	0000	21

mcc_generated_files/mcc.c estimated size: 43

C:\Program Files\Microchip\xc8\v2.45\pic\sources\c99\common\Umul8_16.c
		__Umul8_16     		CODE           	0A49	0000	32

C:\Program Files\Microchip\xc8\v2.45\pic\sources\c99\common\Umul8_16.c estimated size: 32

mcc_generated_files/memory.c
		_DATAEE_WriteByte		CODE           	0A69	0000	34

mcc_generated_files/memory.c estimated size: 34

C:\Program Files\Microchip\xc8\v2.45\pic\sources\c99\common\sprcadd.c
		___flsub       		CODE           	0A2A	0000	31
		___fladd       		CODE           	0E4E	0000	434

C:\Program Files\Microchip\xc8\v2.45\pic\sources\c99\common\sprcadd.c estimated size: 465

C:\Program Files\Microchip\xc8\v2.45\pic\sources\c99\common\fltol.c
		___fltol       		CODE           	0BFF	0000	98

C:\Program Files\Microchip\xc8\v2.45\pic\sources\c99\common\fltol.c estimated size: 98

